Loading required package: Matrix
Loaded glmnet 4.1-8
Loaded lars 1.3

Estimating optimal shrinkage intensity lambda.var (variance vector): 0.9789 

Estimating optimal shrinkage intensity lambda (correlation matrix): 0.6552 

Estimating optimal shrinkage intensity lambda.var (variance vector): 0.8944 

Estimating optimal shrinkage intensity lambda (correlation matrix): 0.6369 

Estimating optimal shrinkage intensity lambda.var (variance vector): 0.7471 

Estimating optimal shrinkage intensity lambda (correlation matrix): 0.5103 

Estimating optimal shrinkage intensity lambda.var (variance vector): 0.8004 

Estimating optimal shrinkage intensity lambda (correlation matrix): 0.573 

Estimating optimal shrinkage intensity lambda.var (variance vector): 0.9923 

Estimating optimal shrinkage intensity lambda (correlation matrix): 0.5325 

Estimating optimal shrinkage intensity lambda.var (variance vector): 0.9399 

Estimating optimal shrinkage intensity lambda (correlation matrix): 0.6593 

Estimating optimal shrinkage intensity lambda.var (variance vector): 0.7308 

Estimating optimal shrinkage intensity lambda (correlation matrix): 0.6036 

Estimating optimal shrinkage intensity lambda.var (variance vector): 0.6491 

Estimating optimal shrinkage intensity lambda (correlation matrix): 0.5295 

Estimating optimal shrinkage intensity lambda.var (variance vector): 1 

Estimating optimal shrinkage intensity lambda (correlation matrix): 0.6762 

Estimating optimal shrinkage intensity lambda.var (variance vector): 0.8765 

Estimating optimal shrinkage intensity lambda (correlation matrix): 0.6719 

Estimating optimal shrinkage intensity lambda.var (variance vector): 0.6009 

Estimating optimal shrinkage intensity lambda (correlation matrix): 0.5461 

Estimating optimal shrinkage intensity lambda.var (variance vector): 0.9212 

Estimating optimal shrinkage intensity lambda (correlation matrix): 0.6868 

Estimating optimal shrinkage intensity lambda.var (variance vector): 0.4783 

Estimating optimal shrinkage intensity lambda (correlation matrix): 0.6336 

Estimating optimal shrinkage intensity lambda.var (variance vector): 0.9409 

Estimating optimal shrinkage intensity lambda (correlation matrix): 0.4844 

Estimating optimal shrinkage intensity lambda.var (variance vector): 1 

Estimating optimal shrinkage intensity lambda (correlation matrix): 0.6327 

Estimating optimal shrinkage intensity lambda.var (variance vector): 0.8733 

Estimating optimal shrinkage intensity lambda (correlation matrix): 0.767 

Estimating optimal shrinkage intensity lambda.var (variance vector): 0.9231 

Estimating optimal shrinkage intensity lambda (correlation matrix): 0.4324 

Estimating optimal shrinkage intensity lambda.var (variance vector): 1 

Estimating optimal shrinkage intensity lambda (correlation matrix): 0.6189 

Estimating optimal shrinkage intensity lambda.var (variance vector): 0.9944 

Estimating optimal shrinkage intensity lambda (correlation matrix): 0.5528 

[1] "Round 20"
Estimating optimal shrinkage intensity lambda.var (variance vector): 0.9267 

Estimating optimal shrinkage intensity lambda (correlation matrix): 0.6299 

Estimating optimal shrinkage intensity lambda.var (variance vector): 0.7109 

Estimating optimal shrinkage intensity lambda (correlation matrix): 0.6744 

Estimating optimal shrinkage intensity lambda.var (variance vector): 0.8936 

Estimating optimal shrinkage intensity lambda (correlation matrix): 0.5016 

Estimating optimal shrinkage intensity lambda.var (variance vector): 0.8821 

Estimating optimal shrinkage intensity lambda (correlation matrix): 0.4868 

Estimating optimal shrinkage intensity lambda.var (variance vector): 0.8757 

Estimating optimal shrinkage intensity lambda (correlation matrix): 0.6564 

Estimating optimal shrinkage intensity lambda.var (variance vector): 0.6273 

Estimating optimal shrinkage intensity lambda (correlation matrix): 0.6464 

Estimating optimal shrinkage intensity lambda.var (variance vector): 1 

Estimating optimal shrinkage intensity lambda (correlation matrix): 0.5101 

Estimating optimal shrinkage intensity lambda.var (variance vector): 0.9557 

Estimating optimal shrinkage intensity lambda (correlation matrix): 0.5846 

Estimating optimal shrinkage intensity lambda.var (variance vector): 0.8683 

Estimating optimal shrinkage intensity lambda (correlation matrix): 0.5741 

Estimating optimal shrinkage intensity lambda.var (variance vector): 1 

Estimating optimal shrinkage intensity lambda (correlation matrix): 0.5961 

Estimating optimal shrinkage intensity lambda.var (variance vector): 0.7477 

Estimating optimal shrinkage intensity lambda (correlation matrix): 0.6033 

Estimating optimal shrinkage intensity lambda.var (variance vector): 0.8201 

Estimating optimal shrinkage intensity lambda (correlation matrix): 0.4104 

Estimating optimal shrinkage intensity lambda.var (variance vector): 1 

Estimating optimal shrinkage intensity lambda (correlation matrix): 0.5977 

Estimating optimal shrinkage intensity lambda.var (variance vector): 0.7871 

Estimating optimal shrinkage intensity lambda (correlation matrix): 0.5628 

Estimating optimal shrinkage intensity lambda.var (variance vector): 0.5541 

Estimating optimal shrinkage intensity lambda (correlation matrix): 0.5412 

Estimating optimal shrinkage intensity lambda.var (variance vector): 0.7302 

Estimating optimal shrinkage intensity lambda (correlation matrix): 0.5281 

Estimating optimal shrinkage intensity lambda.var (variance vector): 1 

Estimating optimal shrinkage intensity lambda (correlation matrix): 0.6325 

Estimating optimal shrinkage intensity lambda.var (variance vector): 0.6097 

Estimating optimal shrinkage intensity lambda (correlation matrix): 0.5981 

Estimating optimal shrinkage intensity lambda.var (variance vector): 0.6471 

Estimating optimal shrinkage intensity lambda (correlation matrix): 0.6629 

Estimating optimal shrinkage intensity lambda.var (variance vector): 0.7081 

Estimating optimal shrinkage intensity lambda (correlation matrix): 0.5417 

[1] "Round 40"
Estimating optimal shrinkage intensity lambda.var (variance vector): 0.7249 

Estimating optimal shrinkage intensity lambda (correlation matrix): 0.6494 

Estimating optimal shrinkage intensity lambda.var (variance vector): 0.9382 

Estimating optimal shrinkage intensity lambda (correlation matrix): 0.5956 

Estimating optimal shrinkage intensity lambda.var (variance vector): 0.8 

Estimating optimal shrinkage intensity lambda (correlation matrix): 0.603 

Estimating optimal shrinkage intensity lambda.var (variance vector): 0.9483 

Estimating optimal shrinkage intensity lambda (correlation matrix): 0.5792 

Estimating optimal shrinkage intensity lambda.var (variance vector): 0.6889 

Estimating optimal shrinkage intensity lambda (correlation matrix): 0.5567 

Estimating optimal shrinkage intensity lambda.var (variance vector): 0.7126 

Estimating optimal shrinkage intensity lambda (correlation matrix): 0.6629 

Estimating optimal shrinkage intensity lambda.var (variance vector): 0.5706 

Estimating optimal shrinkage intensity lambda (correlation matrix): 0.555 

Estimating optimal shrinkage intensity lambda.var (variance vector): 0.9374 

Estimating optimal shrinkage intensity lambda (correlation matrix): 0.6258 

Estimating optimal shrinkage intensity lambda.var (variance vector): 0.8722 

Estimating optimal shrinkage intensity lambda (correlation matrix): 0.6336 

Estimating optimal shrinkage intensity lambda.var (variance vector): 0.8157 

Estimating optimal shrinkage intensity lambda (correlation matrix): 0.6382 

Estimating optimal shrinkage intensity lambda.var (variance vector): 0.9246 

Estimating optimal shrinkage intensity lambda (correlation matrix): 0.6648 

Estimating optimal shrinkage intensity lambda.var (variance vector): 0.7911 

Estimating optimal shrinkage intensity lambda (correlation matrix): 0.6614 

Estimating optimal shrinkage intensity lambda.var (variance vector): 1 

Estimating optimal shrinkage intensity lambda (correlation matrix): 0.6058 

Estimating optimal shrinkage intensity lambda.var (variance vector): 0.9248 

Estimating optimal shrinkage intensity lambda (correlation matrix): 0.5983 

Estimating optimal shrinkage intensity lambda.var (variance vector): 0.6492 

Estimating optimal shrinkage intensity lambda (correlation matrix): 0.4893 

Estimating optimal shrinkage intensity lambda.var (variance vector): 0.7954 

Estimating optimal shrinkage intensity lambda (correlation matrix): 0.6064 

Estimating optimal shrinkage intensity lambda.var (variance vector): 1 

Estimating optimal shrinkage intensity lambda (correlation matrix): 0.6125 

Estimating optimal shrinkage intensity lambda.var (variance vector): 0.7135 

Estimating optimal shrinkage intensity lambda (correlation matrix): 0.506 

Estimating optimal shrinkage intensity lambda.var (variance vector): 0.8245 

Estimating optimal shrinkage intensity lambda (correlation matrix): 0.5937 

Estimating optimal shrinkage intensity lambda.var (variance vector): 0.6307 

Estimating optimal shrinkage intensity lambda (correlation matrix): 0.5137 

[1] "Round 60"
Estimating optimal shrinkage intensity lambda.var (variance vector): 0.7219 

Estimating optimal shrinkage intensity lambda (correlation matrix): 0.5591 

Estimating optimal shrinkage intensity lambda.var (variance vector): 0.5556 

Estimating optimal shrinkage intensity lambda (correlation matrix): 0.6424 

Estimating optimal shrinkage intensity lambda.var (variance vector): 0.9618 

Estimating optimal shrinkage intensity lambda (correlation matrix): 0.6714 

Estimating optimal shrinkage intensity lambda.var (variance vector): 0.8727 

Estimating optimal shrinkage intensity lambda (correlation matrix): 0.6501 

Estimating optimal shrinkage intensity lambda.var (variance vector): 0.8737 

Estimating optimal shrinkage intensity lambda (correlation matrix): 0.6206 

Estimating optimal shrinkage intensity lambda.var (variance vector): 0.8305 

Estimating optimal shrinkage intensity lambda (correlation matrix): 0.5473 

Estimating optimal shrinkage intensity lambda.var (variance vector): 0.8625 

Estimating optimal shrinkage intensity lambda (correlation matrix): 0.5422 

Estimating optimal shrinkage intensity lambda.var (variance vector): 0.6985 

Estimating optimal shrinkage intensity lambda (correlation matrix): 0.5917 

Estimating optimal shrinkage intensity lambda.var (variance vector): 0.5651 

Estimating optimal shrinkage intensity lambda (correlation matrix): 0.4981 

Estimating optimal shrinkage intensity lambda.var (variance vector): 0.6963 

Estimating optimal shrinkage intensity lambda (correlation matrix): 0.5976 

Estimating optimal shrinkage intensity lambda.var (variance vector): 0.8875 

Estimating optimal shrinkage intensity lambda (correlation matrix): 0.6618 

Estimating optimal shrinkage intensity lambda.var (variance vector): 1 

Estimating optimal shrinkage intensity lambda (correlation matrix): 0.6297 

Estimating optimal shrinkage intensity lambda.var (variance vector): 0.9303 

Estimating optimal shrinkage intensity lambda (correlation matrix): 0.5949 

Estimating optimal shrinkage intensity lambda.var (variance vector): 0.8594 

Estimating optimal shrinkage intensity lambda (correlation matrix): 0.547 

Estimating optimal shrinkage intensity lambda.var (variance vector): 0.8184 

Estimating optimal shrinkage intensity lambda (correlation matrix): 0.5858 

Estimating optimal shrinkage intensity lambda.var (variance vector): 0.7794 

Estimating optimal shrinkage intensity lambda (correlation matrix): 0.5568 

Estimating optimal shrinkage intensity lambda.var (variance vector): 0.8732 

Estimating optimal shrinkage intensity lambda (correlation matrix): 0.5942 

Estimating optimal shrinkage intensity lambda.var (variance vector): 0.5564 

Estimating optimal shrinkage intensity lambda (correlation matrix): 0.5327 

Estimating optimal shrinkage intensity lambda.var (variance vector): 0.9252 

Estimating optimal shrinkage intensity lambda (correlation matrix): 0.5864 

Estimating optimal shrinkage intensity lambda.var (variance vector): 1 

Estimating optimal shrinkage intensity lambda (correlation matrix): 0.5908 

[1] "Round 80"
Estimating optimal shrinkage intensity lambda.var (variance vector): 1 

Estimating optimal shrinkage intensity lambda (correlation matrix): 0.4781 

Estimating optimal shrinkage intensity lambda.var (variance vector): 0.5653 

Estimating optimal shrinkage intensity lambda (correlation matrix): 0.6511 

Estimating optimal shrinkage intensity lambda.var (variance vector): 1 

Estimating optimal shrinkage intensity lambda (correlation matrix): 0.6746 

Estimating optimal shrinkage intensity lambda.var (variance vector): 0.7661 

Estimating optimal shrinkage intensity lambda (correlation matrix): 0.5297 

Estimating optimal shrinkage intensity lambda.var (variance vector): 0.8237 

Estimating optimal shrinkage intensity lambda (correlation matrix): 0.5 

Estimating optimal shrinkage intensity lambda.var (variance vector): 0.9447 

Estimating optimal shrinkage intensity lambda (correlation matrix): 0.4948 

Estimating optimal shrinkage intensity lambda.var (variance vector): 0.9326 

Estimating optimal shrinkage intensity lambda (correlation matrix): 0.5557 

Estimating optimal shrinkage intensity lambda.var (variance vector): 0.7085 

Estimating optimal shrinkage intensity lambda (correlation matrix): 0.4542 

Estimating optimal shrinkage intensity lambda.var (variance vector): 0.8602 

Estimating optimal shrinkage intensity lambda (correlation matrix): 0.6397 

Estimating optimal shrinkage intensity lambda.var (variance vector): 0.7885 

Estimating optimal shrinkage intensity lambda (correlation matrix): 0.6543 

Estimating optimal shrinkage intensity lambda.var (variance vector): 0.7916 

Estimating optimal shrinkage intensity lambda (correlation matrix): 0.645 

Estimating optimal shrinkage intensity lambda.var (variance vector): 1 

Estimating optimal shrinkage intensity lambda (correlation matrix): 0.6547 

Estimating optimal shrinkage intensity lambda.var (variance vector): 1 

Estimating optimal shrinkage intensity lambda (correlation matrix): 0.6021 

Estimating optimal shrinkage intensity lambda.var (variance vector): 0.6404 

Estimating optimal shrinkage intensity lambda (correlation matrix): 0.637 

Estimating optimal shrinkage intensity lambda.var (variance vector): 0.7125 

Estimating optimal shrinkage intensity lambda (correlation matrix): 0.5526 

Estimating optimal shrinkage intensity lambda.var (variance vector): 0.9965 

Estimating optimal shrinkage intensity lambda (correlation matrix): 0.6696 

Estimating optimal shrinkage intensity lambda.var (variance vector): 1 

Estimating optimal shrinkage intensity lambda (correlation matrix): 0.6409 

Estimating optimal shrinkage intensity lambda.var (variance vector): 0.8679 

Estimating optimal shrinkage intensity lambda (correlation matrix): 0.6658 

Estimating optimal shrinkage intensity lambda.var (variance vector): 0.7969 

Estimating optimal shrinkage intensity lambda (correlation matrix): 0.5184 

Estimating optimal shrinkage intensity lambda.var (variance vector): 0.7142 

Estimating optimal shrinkage intensity lambda (correlation matrix): 0.545 

[1] "Round 100"
Estimating optimal shrinkage intensity lambda.var (variance vector): 0.7205 

Estimating optimal shrinkage intensity lambda (correlation matrix): 0.7005 

[1] "data/Debi+lognormal_n50_p50_tau0.5_rho0.5_sigma0.5_Nsim100"
                        lambda        SE        PE       linf         FPR
bootstrap_mean     0.113204928 3.0649983 2.2854875 0.76935512 0.092954545
bootstrap_mean_std 0.006202905 0.1165498 0.1427816 0.01710732 0.005229668
                          FNR        TPR     sum_beta
bootstrap_mean     0.25666667 0.74333333 3.095397e-19
bootstrap_mean_std 0.01506067 0.01506067 1.276626e-18
Time difference of 24.72463 secs
[1] "Round 20"
[1] "Round 40"
[1] "Round 60"
[1] "Round 80"
[1] "Round 100"
[1] "data/Eric+lognormal_n50_p50_tau0.5_rho0.5_sigma0.5_Nsim100"
                        lambda        SE         PE       linf         FPR
bootstrap_mean     0.265666700 2.5746207 0.91406205 0.89218868 0.144318182
bootstrap_mean_std 0.007425107 0.1146078 0.03784858 0.02078547 0.007333417
                          FNR        TPR      sum_beta
bootstrap_mean     0.22666667 0.77333333 -6.883369e-08
bootstrap_mean_std 0.01544695 0.01544695  7.879883e-08
Time difference of 9.526351 mins
Estimating optimal shrinkage intensity lambda.var (variance vector): 0.9286 

Estimating optimal shrinkage intensity lambda (correlation matrix): 0.7359 

Estimating optimal shrinkage intensity lambda.var (variance vector): 0.866 

Estimating optimal shrinkage intensity lambda (correlation matrix): 0.6568 

Estimating optimal shrinkage intensity lambda.var (variance vector): 1 

Estimating optimal shrinkage intensity lambda (correlation matrix): 0.5155 

Estimating optimal shrinkage intensity lambda.var (variance vector): 0.9211 

Estimating optimal shrinkage intensity lambda (correlation matrix): 0.832 

Estimating optimal shrinkage intensity lambda.var (variance vector): 1 

Estimating optimal shrinkage intensity lambda (correlation matrix): 0.6604 

Estimating optimal shrinkage intensity lambda.var (variance vector): 0.8408 

Estimating optimal shrinkage intensity lambda (correlation matrix): 0.6439 

Estimating optimal shrinkage intensity lambda.var (variance vector): 0.8475 

Estimating optimal shrinkage intensity lambda (correlation matrix): 0.7375 

Estimating optimal shrinkage intensity lambda.var (variance vector): 0.8888 

Estimating optimal shrinkage intensity lambda (correlation matrix): 0.7062 

Estimating optimal shrinkage intensity lambda.var (variance vector): 0.8706 

Estimating optimal shrinkage intensity lambda (correlation matrix): 0.6879 

Estimating optimal shrinkage intensity lambda.var (variance vector): 0.8202 

Estimating optimal shrinkage intensity lambda (correlation matrix): 0.6926 

Estimating optimal shrinkage intensity lambda.var (variance vector): 0.9777 

Estimating optimal shrinkage intensity lambda (correlation matrix): 0.7467 

Estimating optimal shrinkage intensity lambda.var (variance vector): 0.9998 

Estimating optimal shrinkage intensity lambda (correlation matrix): 0.6668 

Estimating optimal shrinkage intensity lambda.var (variance vector): 0.9123 

Estimating optimal shrinkage intensity lambda (correlation matrix): 0.7376 

Estimating optimal shrinkage intensity lambda.var (variance vector): 0.834 

Estimating optimal shrinkage intensity lambda (correlation matrix): 0.6547 

Estimating optimal shrinkage intensity lambda.var (variance vector): 0.9609 

Estimating optimal shrinkage intensity lambda (correlation matrix): 0.6497 

Estimating optimal shrinkage intensity lambda.var (variance vector): 0.8572 

Estimating optimal shrinkage intensity lambda (correlation matrix): 0.6413 

Estimating optimal shrinkage intensity lambda.var (variance vector): 1 

Estimating optimal shrinkage intensity lambda (correlation matrix): 0.7299 

Estimating optimal shrinkage intensity lambda.var (variance vector): 0.9624 

Estimating optimal shrinkage intensity lambda (correlation matrix): 0.8048 

Estimating optimal shrinkage intensity lambda.var (variance vector): 0.9699 

Estimating optimal shrinkage intensity lambda (correlation matrix): 0.7461 

[1] "Round 20"
Estimating optimal shrinkage intensity lambda.var (variance vector): 0.7778 

Estimating optimal shrinkage intensity lambda (correlation matrix): 0.7562 

Estimating optimal shrinkage intensity lambda.var (variance vector): 0.9139 

Estimating optimal shrinkage intensity lambda (correlation matrix): 0.6503 

Estimating optimal shrinkage intensity lambda.var (variance vector): 0.889 

Estimating optimal shrinkage intensity lambda (correlation matrix): 0.7596 

Estimating optimal shrinkage intensity lambda.var (variance vector): 0.9644 

Estimating optimal shrinkage intensity lambda (correlation matrix): 0.7288 

Estimating optimal shrinkage intensity lambda.var (variance vector): 0.9588 

Estimating optimal shrinkage intensity lambda (correlation matrix): 0.7196 

Estimating optimal shrinkage intensity lambda.var (variance vector): 0.9955 

Estimating optimal shrinkage intensity lambda (correlation matrix): 0.668 

Estimating optimal shrinkage intensity lambda.var (variance vector): 0.9444 

Estimating optimal shrinkage intensity lambda (correlation matrix): 0.7004 

Estimating optimal shrinkage intensity lambda.var (variance vector): 0.9217 

Estimating optimal shrinkage intensity lambda (correlation matrix): 0.7706 

Estimating optimal shrinkage intensity lambda.var (variance vector): 0.9192 

Estimating optimal shrinkage intensity lambda (correlation matrix): 0.5584 

Estimating optimal shrinkage intensity lambda.var (variance vector): 1 

Estimating optimal shrinkage intensity lambda (correlation matrix): 0.5886 

Estimating optimal shrinkage intensity lambda.var (variance vector): 0.9234 

Estimating optimal shrinkage intensity lambda (correlation matrix): 0.8026 

Estimating optimal shrinkage intensity lambda.var (variance vector): 0.8313 

Estimating optimal shrinkage intensity lambda (correlation matrix): 0.698 

Estimating optimal shrinkage intensity lambda.var (variance vector): 0.9231 

Estimating optimal shrinkage intensity lambda (correlation matrix): 0.7823 

Estimating optimal shrinkage intensity lambda.var (variance vector): 0.9717 

Estimating optimal shrinkage intensity lambda (correlation matrix): 0.5583 

Estimating optimal shrinkage intensity lambda.var (variance vector): 0.831 

Estimating optimal shrinkage intensity lambda (correlation matrix): 0.6794 

Estimating optimal shrinkage intensity lambda.var (variance vector): 0.9794 

Estimating optimal shrinkage intensity lambda (correlation matrix): 0.5201 

Estimating optimal shrinkage intensity lambda.var (variance vector): 0.9013 

Estimating optimal shrinkage intensity lambda (correlation matrix): 0.7471 

Estimating optimal shrinkage intensity lambda.var (variance vector): 1 

Estimating optimal shrinkage intensity lambda (correlation matrix): 0.8 

Estimating optimal shrinkage intensity lambda.var (variance vector): 0.9786 

Estimating optimal shrinkage intensity lambda (correlation matrix): 0.7544 

Estimating optimal shrinkage intensity lambda.var (variance vector): 0.8185 

Estimating optimal shrinkage intensity lambda (correlation matrix): 0.7092 

[1] "Round 40"
Estimating optimal shrinkage intensity lambda.var (variance vector): 1 

Estimating optimal shrinkage intensity lambda (correlation matrix): 0.7935 

Estimating optimal shrinkage intensity lambda.var (variance vector): 0.8633 

Estimating optimal shrinkage intensity lambda (correlation matrix): 0.6783 

Estimating optimal shrinkage intensity lambda.var (variance vector): 0.8062 

Estimating optimal shrinkage intensity lambda (correlation matrix): 0.7358 

Estimating optimal shrinkage intensity lambda.var (variance vector): 0.9602 

Estimating optimal shrinkage intensity lambda (correlation matrix): 0.6236 

Estimating optimal shrinkage intensity lambda.var (variance vector): 0.8808 

Estimating optimal shrinkage intensity lambda (correlation matrix): 0.704 

Estimating optimal shrinkage intensity lambda.var (variance vector): 1 

Estimating optimal shrinkage intensity lambda (correlation matrix): 0.5921 

Estimating optimal shrinkage intensity lambda.var (variance vector): 0.9215 

Estimating optimal shrinkage intensity lambda (correlation matrix): 0.7142 

Estimating optimal shrinkage intensity lambda.var (variance vector): 0.9043 

Estimating optimal shrinkage intensity lambda (correlation matrix): 0.7599 

Estimating optimal shrinkage intensity lambda.var (variance vector): 1 

Estimating optimal shrinkage intensity lambda (correlation matrix): 0.8616 

Estimating optimal shrinkage intensity lambda.var (variance vector): 1 

Estimating optimal shrinkage intensity lambda (correlation matrix): 0.7232 

Estimating optimal shrinkage intensity lambda.var (variance vector): 1 

Estimating optimal shrinkage intensity lambda (correlation matrix): 0.6657 

Estimating optimal shrinkage intensity lambda.var (variance vector): 0.8478 

Estimating optimal shrinkage intensity lambda (correlation matrix): 0.7207 

Estimating optimal shrinkage intensity lambda.var (variance vector): 1 

Estimating optimal shrinkage intensity lambda (correlation matrix): 0.7574 

Estimating optimal shrinkage intensity lambda.var (variance vector): 1 

Estimating optimal shrinkage intensity lambda (correlation matrix): 0.6681 

Estimating optimal shrinkage intensity lambda.var (variance vector): 1 

Estimating optimal shrinkage intensity lambda (correlation matrix): 0.6275 

Estimating optimal shrinkage intensity lambda.var (variance vector): 0.8441 

Estimating optimal shrinkage intensity lambda (correlation matrix): 0.7936 

Estimating optimal shrinkage intensity lambda.var (variance vector): 1 

Estimating optimal shrinkage intensity lambda (correlation matrix): 0.4794 

Estimating optimal shrinkage intensity lambda.var (variance vector): 0.7768 

Estimating optimal shrinkage intensity lambda (correlation matrix): 0.6542 

Estimating optimal shrinkage intensity lambda.var (variance vector): 0.9277 

Estimating optimal shrinkage intensity lambda (correlation matrix): 0.7091 

Estimating optimal shrinkage intensity lambda.var (variance vector): 1 

Estimating optimal shrinkage intensity lambda (correlation matrix): 0.5616 

[1] "Round 60"
Estimating optimal shrinkage intensity lambda.var (variance vector): 0.9696 

Estimating optimal shrinkage intensity lambda (correlation matrix): 0.805 

Estimating optimal shrinkage intensity lambda.var (variance vector): 1 

Estimating optimal shrinkage intensity lambda (correlation matrix): 0.7774 

Estimating optimal shrinkage intensity lambda.var (variance vector): 0.7699 

Estimating optimal shrinkage intensity lambda (correlation matrix): 0.7435 

Estimating optimal shrinkage intensity lambda.var (variance vector): 0.8686 

Estimating optimal shrinkage intensity lambda (correlation matrix): 0.819 

Estimating optimal shrinkage intensity lambda.var (variance vector): 0.8096 

Estimating optimal shrinkage intensity lambda (correlation matrix): 0.7313 

Estimating optimal shrinkage intensity lambda.var (variance vector): 0.9918 

Estimating optimal shrinkage intensity lambda (correlation matrix): 0.6745 

Estimating optimal shrinkage intensity lambda.var (variance vector): 0.9912 

Estimating optimal shrinkage intensity lambda (correlation matrix): 0.5726 

Estimating optimal shrinkage intensity lambda.var (variance vector): 1 

Estimating optimal shrinkage intensity lambda (correlation matrix): 0.6458 

Estimating optimal shrinkage intensity lambda.var (variance vector): 0.9887 

Estimating optimal shrinkage intensity lambda (correlation matrix): 0.732 

Estimating optimal shrinkage intensity lambda.var (variance vector): 0.9434 

Estimating optimal shrinkage intensity lambda (correlation matrix): 0.7016 

Estimating optimal shrinkage intensity lambda.var (variance vector): 0.8546 

Estimating optimal shrinkage intensity lambda (correlation matrix): 0.7556 

Estimating optimal shrinkage intensity lambda.var (variance vector): 0.9268 

Estimating optimal shrinkage intensity lambda (correlation matrix): 0.8 

Estimating optimal shrinkage intensity lambda.var (variance vector): 0.9058 

Estimating optimal shrinkage intensity lambda (correlation matrix): 0.7173 

Estimating optimal shrinkage intensity lambda.var (variance vector): 0.7663 

Estimating optimal shrinkage intensity lambda (correlation matrix): 0.7446 

Estimating optimal shrinkage intensity lambda.var (variance vector): 1 

Estimating optimal shrinkage intensity lambda (correlation matrix): 0.657 

Estimating optimal shrinkage intensity lambda.var (variance vector): 1 

Estimating optimal shrinkage intensity lambda (correlation matrix): 0.7501 

Estimating optimal shrinkage intensity lambda.var (variance vector): 0.9791 

Estimating optimal shrinkage intensity lambda (correlation matrix): 0.6562 

Estimating optimal shrinkage intensity lambda.var (variance vector): 1 

Estimating optimal shrinkage intensity lambda (correlation matrix): 0.7334 

Estimating optimal shrinkage intensity lambda.var (variance vector): 1 

Estimating optimal shrinkage intensity lambda (correlation matrix): 0.7368 

Estimating optimal shrinkage intensity lambda.var (variance vector): 1 

Estimating optimal shrinkage intensity lambda (correlation matrix): 0.7573 

[1] "Round 80"
Estimating optimal shrinkage intensity lambda.var (variance vector): 0.8916 

Estimating optimal shrinkage intensity lambda (correlation matrix): 0.7064 

Estimating optimal shrinkage intensity lambda.var (variance vector): 0.812 

Estimating optimal shrinkage intensity lambda (correlation matrix): 0.7136 

Estimating optimal shrinkage intensity lambda.var (variance vector): 0.9503 

Estimating optimal shrinkage intensity lambda (correlation matrix): 0.7526 

Estimating optimal shrinkage intensity lambda.var (variance vector): 1 

Estimating optimal shrinkage intensity lambda (correlation matrix): 0.7726 

Estimating optimal shrinkage intensity lambda.var (variance vector): 0.8941 

Estimating optimal shrinkage intensity lambda (correlation matrix): 0.7391 

Estimating optimal shrinkage intensity lambda.var (variance vector): 0.9981 

Estimating optimal shrinkage intensity lambda (correlation matrix): 0.6951 

Estimating optimal shrinkage intensity lambda.var (variance vector): 0.8358 

Estimating optimal shrinkage intensity lambda (correlation matrix): 0.6415 

Estimating optimal shrinkage intensity lambda.var (variance vector): 0.9759 

Estimating optimal shrinkage intensity lambda (correlation matrix): 0.7081 

Estimating optimal shrinkage intensity lambda.var (variance vector): 1 

Estimating optimal shrinkage intensity lambda (correlation matrix): 0.6686 

Estimating optimal shrinkage intensity lambda.var (variance vector): 0.8798 

Estimating optimal shrinkage intensity lambda (correlation matrix): 0.8056 

Estimating optimal shrinkage intensity lambda.var (variance vector): 0.9541 

Estimating optimal shrinkage intensity lambda (correlation matrix): 0.859 

Estimating optimal shrinkage intensity lambda.var (variance vector): 1 

Estimating optimal shrinkage intensity lambda (correlation matrix): 0.7036 

Estimating optimal shrinkage intensity lambda.var (variance vector): 0.877 

Estimating optimal shrinkage intensity lambda (correlation matrix): 0.5819 

Estimating optimal shrinkage intensity lambda.var (variance vector): 1 

Estimating optimal shrinkage intensity lambda (correlation matrix): 0.7706 

Estimating optimal shrinkage intensity lambda.var (variance vector): 0.9357 

Estimating optimal shrinkage intensity lambda (correlation matrix): 0.5821 

Estimating optimal shrinkage intensity lambda.var (variance vector): 0.8422 

Estimating optimal shrinkage intensity lambda (correlation matrix): 0.7279 

Estimating optimal shrinkage intensity lambda.var (variance vector): 1 

Estimating optimal shrinkage intensity lambda (correlation matrix): 0.6448 

Estimating optimal shrinkage intensity lambda.var (variance vector): 0.9742 

Estimating optimal shrinkage intensity lambda (correlation matrix): 0.6312 

Estimating optimal shrinkage intensity lambda.var (variance vector): 0.9958 

Estimating optimal shrinkage intensity lambda (correlation matrix): 0.7387 

Estimating optimal shrinkage intensity lambda.var (variance vector): 0.8004 

Estimating optimal shrinkage intensity lambda (correlation matrix): 0.6806 

[1] "Round 100"
Estimating optimal shrinkage intensity lambda.var (variance vector): 0.9718 

Estimating optimal shrinkage intensity lambda (correlation matrix): 0.6727 

[1] "data/Debi+lognormal_n50_p200_tau0.5_rho0.5_sigma0.5_Nsim100"
                      lambda        SE        PE       linf         FPR
bootstrap_mean     0.2032722 5.4546466 8.5015569 1.03317194 0.050979381
bootstrap_mean_std 0.0141249 0.1513912 0.5868012 0.02047703 0.001591543
                          FNR        TPR    sum_beta
bootstrap_mean     0.38000000 0.62000000 2.57498e-19
bootstrap_mean_std 0.01642587 0.01642587 1.14713e-18
Time difference of 1.972678 mins
[1] "Round 20"
[1] "Round 40"
[1] "Round 60"
[1] "Round 80"
[1] "Round 100"
[1] "data/Eric+lognormal_n50_p200_tau0.5_rho0.5_sigma0.5_Nsim100"
                       lambda        SE         PE       linf         FPR
bootstrap_mean     0.38284417 4.3052424 1.44182039 1.13893995 0.065103093
bootstrap_mean_std 0.01837806 0.1374525 0.07550234 0.02347546 0.003749167
                          FNR        TPR      sum_beta
bootstrap_mean     0.38500000 0.61500000 -7.307209e-08
bootstrap_mean_std 0.01934607 0.01934607  8.902571e-08
Time difference of 2.977799 hours
