Loading required package: Matrix
Loaded glmnet 4.1-8
Loaded lars 1.3

Estimating optimal shrinkage intensity lambda.var (variance vector): 1 

Estimating optimal shrinkage intensity lambda (correlation matrix): 0.5576 

Estimating optimal shrinkage intensity lambda.var (variance vector): 1 

Estimating optimal shrinkage intensity lambda (correlation matrix): 0.5197 

Estimating optimal shrinkage intensity lambda.var (variance vector): 0.5936 

Estimating optimal shrinkage intensity lambda (correlation matrix): 0.5189 

Estimating optimal shrinkage intensity lambda.var (variance vector): 0.9266 

Estimating optimal shrinkage intensity lambda (correlation matrix): 0.5855 

Estimating optimal shrinkage intensity lambda.var (variance vector): 0.5982 

Estimating optimal shrinkage intensity lambda (correlation matrix): 0.4472 

Estimating optimal shrinkage intensity lambda.var (variance vector): 0.843 

Estimating optimal shrinkage intensity lambda (correlation matrix): 0.5871 

Estimating optimal shrinkage intensity lambda.var (variance vector): 0.8416 

Estimating optimal shrinkage intensity lambda (correlation matrix): 0.5494 

Estimating optimal shrinkage intensity lambda.var (variance vector): 0.585 

Estimating optimal shrinkage intensity lambda (correlation matrix): 0.3839 

Estimating optimal shrinkage intensity lambda.var (variance vector): 0.8015 

Estimating optimal shrinkage intensity lambda (correlation matrix): 0.4594 

Estimating optimal shrinkage intensity lambda.var (variance vector): 1 

Estimating optimal shrinkage intensity lambda (correlation matrix): 0.5476 

Estimating optimal shrinkage intensity lambda.var (variance vector): 0.7082 

Estimating optimal shrinkage intensity lambda (correlation matrix): 0.5485 

Estimating optimal shrinkage intensity lambda.var (variance vector): 0.9436 

Estimating optimal shrinkage intensity lambda (correlation matrix): 0.5174 

Estimating optimal shrinkage intensity lambda.var (variance vector): 0.82 

Estimating optimal shrinkage intensity lambda (correlation matrix): 0.5393 

Estimating optimal shrinkage intensity lambda.var (variance vector): 0.9721 

Estimating optimal shrinkage intensity lambda (correlation matrix): 0.461 

Estimating optimal shrinkage intensity lambda.var (variance vector): 1 

Estimating optimal shrinkage intensity lambda (correlation matrix): 0.5498 

Estimating optimal shrinkage intensity lambda.var (variance vector): 1 

Estimating optimal shrinkage intensity lambda (correlation matrix): 0.5325 

Estimating optimal shrinkage intensity lambda.var (variance vector): 0.7411 

Estimating optimal shrinkage intensity lambda (correlation matrix): 0.3545 

Estimating optimal shrinkage intensity lambda.var (variance vector): 0.8456 

Estimating optimal shrinkage intensity lambda (correlation matrix): 0.4711 

Estimating optimal shrinkage intensity lambda.var (variance vector): 0.6822 

Estimating optimal shrinkage intensity lambda (correlation matrix): 0.5478 

[1] "Round 20"
Estimating optimal shrinkage intensity lambda.var (variance vector): 0.6572 

Estimating optimal shrinkage intensity lambda (correlation matrix): 0.4824 

Estimating optimal shrinkage intensity lambda.var (variance vector): 0.656 

Estimating optimal shrinkage intensity lambda (correlation matrix): 0.5689 

Estimating optimal shrinkage intensity lambda.var (variance vector): 0.8523 

Estimating optimal shrinkage intensity lambda (correlation matrix): 0.6694 

Estimating optimal shrinkage intensity lambda.var (variance vector): 0.8154 

Estimating optimal shrinkage intensity lambda (correlation matrix): 0.4568 

Estimating optimal shrinkage intensity lambda.var (variance vector): 1 

Estimating optimal shrinkage intensity lambda (correlation matrix): 0.4557 

Estimating optimal shrinkage intensity lambda.var (variance vector): 0.4198 

Estimating optimal shrinkage intensity lambda (correlation matrix): 0.6224 

Estimating optimal shrinkage intensity lambda.var (variance vector): 0.4709 

Estimating optimal shrinkage intensity lambda (correlation matrix): 0.4854 

Estimating optimal shrinkage intensity lambda.var (variance vector): 0.7093 

Estimating optimal shrinkage intensity lambda (correlation matrix): 0.5869 

Estimating optimal shrinkage intensity lambda.var (variance vector): 0.9546 

Estimating optimal shrinkage intensity lambda (correlation matrix): 0.442 

Estimating optimal shrinkage intensity lambda.var (variance vector): 0.7667 

Estimating optimal shrinkage intensity lambda (correlation matrix): 0.524 

Estimating optimal shrinkage intensity lambda.var (variance vector): 0.9194 

Estimating optimal shrinkage intensity lambda (correlation matrix): 0.6285 

Estimating optimal shrinkage intensity lambda.var (variance vector): 0.7988 

Estimating optimal shrinkage intensity lambda (correlation matrix): 0.5335 

Estimating optimal shrinkage intensity lambda.var (variance vector): 0.9166 

Estimating optimal shrinkage intensity lambda (correlation matrix): 0.5096 

Estimating optimal shrinkage intensity lambda.var (variance vector): 0.7032 

Estimating optimal shrinkage intensity lambda (correlation matrix): 0.5367 

Estimating optimal shrinkage intensity lambda.var (variance vector): 0.4701 

Estimating optimal shrinkage intensity lambda (correlation matrix): 0.614 

Estimating optimal shrinkage intensity lambda.var (variance vector): 1 

Estimating optimal shrinkage intensity lambda (correlation matrix): 0.4792 

Estimating optimal shrinkage intensity lambda.var (variance vector): 0.4855 

Estimating optimal shrinkage intensity lambda (correlation matrix): 0.5499 

Estimating optimal shrinkage intensity lambda.var (variance vector): 0.7873 

Estimating optimal shrinkage intensity lambda (correlation matrix): 0.5028 

Estimating optimal shrinkage intensity lambda.var (variance vector): 0.9187 

Estimating optimal shrinkage intensity lambda (correlation matrix): 0.5443 

Estimating optimal shrinkage intensity lambda.var (variance vector): 1 

Estimating optimal shrinkage intensity lambda (correlation matrix): 0.5868 

[1] "Round 40"
Estimating optimal shrinkage intensity lambda.var (variance vector): 0.7338 

Estimating optimal shrinkage intensity lambda (correlation matrix): 0.6053 

Estimating optimal shrinkage intensity lambda.var (variance vector): 0.5635 

Estimating optimal shrinkage intensity lambda (correlation matrix): 0.4553 

Estimating optimal shrinkage intensity lambda.var (variance vector): 1 

Estimating optimal shrinkage intensity lambda (correlation matrix): 0.492 

Estimating optimal shrinkage intensity lambda.var (variance vector): 1 

Estimating optimal shrinkage intensity lambda (correlation matrix): 0.5557 

Estimating optimal shrinkage intensity lambda.var (variance vector): 0.541 

Estimating optimal shrinkage intensity lambda (correlation matrix): 0.506 

Estimating optimal shrinkage intensity lambda.var (variance vector): 0.8895 

Estimating optimal shrinkage intensity lambda (correlation matrix): 0.3666 

Estimating optimal shrinkage intensity lambda.var (variance vector): 0.5075 

Estimating optimal shrinkage intensity lambda (correlation matrix): 0.5619 

Estimating optimal shrinkage intensity lambda.var (variance vector): 0.555 

Estimating optimal shrinkage intensity lambda (correlation matrix): 0.5121 

Estimating optimal shrinkage intensity lambda.var (variance vector): 0.6366 

Estimating optimal shrinkage intensity lambda (correlation matrix): 0.5224 

Estimating optimal shrinkage intensity lambda.var (variance vector): 0.5913 

Estimating optimal shrinkage intensity lambda (correlation matrix): 0.5695 

Estimating optimal shrinkage intensity lambda.var (variance vector): 0.7396 

Estimating optimal shrinkage intensity lambda (correlation matrix): 0.5179 

Estimating optimal shrinkage intensity lambda.var (variance vector): 0.7343 

Estimating optimal shrinkage intensity lambda (correlation matrix): 0.6596 

Estimating optimal shrinkage intensity lambda.var (variance vector): 0.6854 

Estimating optimal shrinkage intensity lambda (correlation matrix): 0.4564 

Estimating optimal shrinkage intensity lambda.var (variance vector): 0.735 

Estimating optimal shrinkage intensity lambda (correlation matrix): 0.4683 

Estimating optimal shrinkage intensity lambda.var (variance vector): 0.9854 

Estimating optimal shrinkage intensity lambda (correlation matrix): 0.6417 

Estimating optimal shrinkage intensity lambda.var (variance vector): 0.7403 

Estimating optimal shrinkage intensity lambda (correlation matrix): 0.5269 

Estimating optimal shrinkage intensity lambda.var (variance vector): 1 

Estimating optimal shrinkage intensity lambda (correlation matrix): 0.4549 

Estimating optimal shrinkage intensity lambda.var (variance vector): 0.6639 

Estimating optimal shrinkage intensity lambda (correlation matrix): 0.51 

Estimating optimal shrinkage intensity lambda.var (variance vector): 0.8359 

Estimating optimal shrinkage intensity lambda (correlation matrix): 0.5636 

Estimating optimal shrinkage intensity lambda.var (variance vector): 0.8972 

Estimating optimal shrinkage intensity lambda (correlation matrix): 0.5438 

[1] "Round 60"
Estimating optimal shrinkage intensity lambda.var (variance vector): 0.9047 

Estimating optimal shrinkage intensity lambda (correlation matrix): 0.48 

Estimating optimal shrinkage intensity lambda.var (variance vector): 0.9612 

Estimating optimal shrinkage intensity lambda (correlation matrix): 0.5084 

Estimating optimal shrinkage intensity lambda.var (variance vector): 1 

Estimating optimal shrinkage intensity lambda (correlation matrix): 0.6599 

Estimating optimal shrinkage intensity lambda.var (variance vector): 0.8019 

Estimating optimal shrinkage intensity lambda (correlation matrix): 0.5008 

Estimating optimal shrinkage intensity lambda.var (variance vector): 0.5495 

Estimating optimal shrinkage intensity lambda (correlation matrix): 0.5056 

Estimating optimal shrinkage intensity lambda.var (variance vector): 0.4259 

Estimating optimal shrinkage intensity lambda (correlation matrix): 0.5449 

Estimating optimal shrinkage intensity lambda.var (variance vector): 0.8293 

Estimating optimal shrinkage intensity lambda (correlation matrix): 0.5527 

Estimating optimal shrinkage intensity lambda.var (variance vector): 0.7175 

Estimating optimal shrinkage intensity lambda (correlation matrix): 0.6254 

Estimating optimal shrinkage intensity lambda.var (variance vector): 1 

Estimating optimal shrinkage intensity lambda (correlation matrix): 0.3797 

Estimating optimal shrinkage intensity lambda.var (variance vector): 0.6764 

Estimating optimal shrinkage intensity lambda (correlation matrix): 0.5107 

Estimating optimal shrinkage intensity lambda.var (variance vector): 0.5673 

Estimating optimal shrinkage intensity lambda (correlation matrix): 0.4756 

Estimating optimal shrinkage intensity lambda.var (variance vector): 0.821 

Estimating optimal shrinkage intensity lambda (correlation matrix): 0.4779 

Estimating optimal shrinkage intensity lambda.var (variance vector): 1 

Estimating optimal shrinkage intensity lambda (correlation matrix): 0.5325 

Estimating optimal shrinkage intensity lambda.var (variance vector): 0.9834 

Estimating optimal shrinkage intensity lambda (correlation matrix): 0.49 

Estimating optimal shrinkage intensity lambda.var (variance vector): 0.8628 

Estimating optimal shrinkage intensity lambda (correlation matrix): 0.6956 

Estimating optimal shrinkage intensity lambda.var (variance vector): 0.8909 

Estimating optimal shrinkage intensity lambda (correlation matrix): 0.4852 

Estimating optimal shrinkage intensity lambda.var (variance vector): 0.8218 

Estimating optimal shrinkage intensity lambda (correlation matrix): 0.543 

Estimating optimal shrinkage intensity lambda.var (variance vector): 0.5551 

Estimating optimal shrinkage intensity lambda (correlation matrix): 0.6177 

Estimating optimal shrinkage intensity lambda.var (variance vector): 0.9464 

Estimating optimal shrinkage intensity lambda (correlation matrix): 0.646 

Estimating optimal shrinkage intensity lambda.var (variance vector): 0.6167 

Estimating optimal shrinkage intensity lambda (correlation matrix): 0.4995 

[1] "Round 80"
Estimating optimal shrinkage intensity lambda.var (variance vector): 0.5311 

Estimating optimal shrinkage intensity lambda (correlation matrix): 0.4672 

Estimating optimal shrinkage intensity lambda.var (variance vector): 0.6689 

Estimating optimal shrinkage intensity lambda (correlation matrix): 0.475 

Estimating optimal shrinkage intensity lambda.var (variance vector): 1 

Estimating optimal shrinkage intensity lambda (correlation matrix): 0.601 

Estimating optimal shrinkage intensity lambda.var (variance vector): 0.7664 

Estimating optimal shrinkage intensity lambda (correlation matrix): 0.4573 

Estimating optimal shrinkage intensity lambda.var (variance vector): 0.5814 

Estimating optimal shrinkage intensity lambda (correlation matrix): 0.5944 

Estimating optimal shrinkage intensity lambda.var (variance vector): 0.922 

Estimating optimal shrinkage intensity lambda (correlation matrix): 0.5401 

Estimating optimal shrinkage intensity lambda.var (variance vector): 0.5905 

Estimating optimal shrinkage intensity lambda (correlation matrix): 0.6268 

Estimating optimal shrinkage intensity lambda.var (variance vector): 0.9884 

Estimating optimal shrinkage intensity lambda (correlation matrix): 0.4547 

Estimating optimal shrinkage intensity lambda.var (variance vector): 0.7206 

Estimating optimal shrinkage intensity lambda (correlation matrix): 0.4772 

Estimating optimal shrinkage intensity lambda.var (variance vector): 0.7007 

Estimating optimal shrinkage intensity lambda (correlation matrix): 0.4679 

Estimating optimal shrinkage intensity lambda.var (variance vector): 0.8317 

Estimating optimal shrinkage intensity lambda (correlation matrix): 0.5905 

Estimating optimal shrinkage intensity lambda.var (variance vector): 0.8211 

Estimating optimal shrinkage intensity lambda (correlation matrix): 0.5306 

Estimating optimal shrinkage intensity lambda.var (variance vector): 0.6391 

Estimating optimal shrinkage intensity lambda (correlation matrix): 0.5465 

Estimating optimal shrinkage intensity lambda.var (variance vector): 0.6242 

Estimating optimal shrinkage intensity lambda (correlation matrix): 0.7359 

Estimating optimal shrinkage intensity lambda.var (variance vector): 0.9803 

Estimating optimal shrinkage intensity lambda (correlation matrix): 0.5819 

Estimating optimal shrinkage intensity lambda.var (variance vector): 0.821 

Estimating optimal shrinkage intensity lambda (correlation matrix): 0.5459 

Estimating optimal shrinkage intensity lambda.var (variance vector): 1 

Estimating optimal shrinkage intensity lambda (correlation matrix): 0.5484 

Estimating optimal shrinkage intensity lambda.var (variance vector): 0.7518 

Estimating optimal shrinkage intensity lambda (correlation matrix): 0.335 

Estimating optimal shrinkage intensity lambda.var (variance vector): 0.5685 

Estimating optimal shrinkage intensity lambda (correlation matrix): 0.6294 

Estimating optimal shrinkage intensity lambda.var (variance vector): 0.8918 

Estimating optimal shrinkage intensity lambda (correlation matrix): 0.5519 

[1] "Round 100"
Estimating optimal shrinkage intensity lambda.var (variance vector): 0.7766 

Estimating optimal shrinkage intensity lambda (correlation matrix): 0.496 

[1] "data/Debi+lognormal_n50_p30_tau0.5_rho0.5_sigma0.5_Nsim100"
                        lambda        SE        PE       linf         FPR
bootstrap_mean     0.081259607 2.2833984 1.4471476 0.71360311 0.127500000
bootstrap_mean_std 0.004539127 0.1279106 0.1004954 0.02080165 0.008680076
                         FNR       TPR      sum_beta
bootstrap_mean     0.1700000 0.8300000 -8.077306e-19
bootstrap_mean_std 0.0127525 0.0127525  1.205573e-18
Time difference of 14.89797 secs
[1] "Round 20"
[1] "Round 40"
[1] "Round 60"
[1] "Round 80"
[1] "Round 100"
[1] "data/Eric+lognormal_n50_p30_tau0.5_rho0.5_sigma0.5_Nsim100"
                        lambda         SE         PE       linf         FPR
bootstrap_mean     0.225877971 2.11907773 0.78628595 0.83330245 0.203750000
bootstrap_mean_std 0.006450392 0.08375863 0.03245147 0.01777765 0.009638802
                          FNR        TPR     sum_beta
bootstrap_mean     0.15666667 0.84333333 6.635881e-08
bootstrap_mean_std 0.01271725 0.01271725 4.947246e-08
Time difference of 6.810342 mins
