Loading required package: Matrix
Loaded glmnet 4.1-8
Loaded lars 1.3

Estimating optimal shrinkage intensity lambda.var (variance vector): 0.8639 

Estimating optimal shrinkage intensity lambda (correlation matrix): 0.221 

Estimating optimal shrinkage intensity lambda.var (variance vector): 0.8266 

Estimating optimal shrinkage intensity lambda (correlation matrix): 0.1989 

Estimating optimal shrinkage intensity lambda.var (variance vector): 0.9259 

Estimating optimal shrinkage intensity lambda (correlation matrix): 0.1796 

Estimating optimal shrinkage intensity lambda.var (variance vector): 0.8629 

Estimating optimal shrinkage intensity lambda (correlation matrix): 0.1952 

Estimating optimal shrinkage intensity lambda.var (variance vector): 0.7959 

Estimating optimal shrinkage intensity lambda (correlation matrix): 0.1656 

Estimating optimal shrinkage intensity lambda.var (variance vector): 0.8798 

Estimating optimal shrinkage intensity lambda (correlation matrix): 0.2019 

Estimating optimal shrinkage intensity lambda.var (variance vector): 0.7959 

Estimating optimal shrinkage intensity lambda (correlation matrix): 0.176 

Estimating optimal shrinkage intensity lambda.var (variance vector): 0.8528 

Estimating optimal shrinkage intensity lambda (correlation matrix): 0.2024 

Estimating optimal shrinkage intensity lambda.var (variance vector): 0.8091 

Estimating optimal shrinkage intensity lambda (correlation matrix): 0.2186 

Estimating optimal shrinkage intensity lambda.var (variance vector): 0.8268 

Estimating optimal shrinkage intensity lambda (correlation matrix): 0.2168 

Estimating optimal shrinkage intensity lambda.var (variance vector): 0.84 

Estimating optimal shrinkage intensity lambda (correlation matrix): 0.1638 

Estimating optimal shrinkage intensity lambda.var (variance vector): 0.8653 

Estimating optimal shrinkage intensity lambda (correlation matrix): 0.1689 

Estimating optimal shrinkage intensity lambda.var (variance vector): 0.8622 

Estimating optimal shrinkage intensity lambda (correlation matrix): 0.1811 

Estimating optimal shrinkage intensity lambda.var (variance vector): 0.8172 

Estimating optimal shrinkage intensity lambda (correlation matrix): 0.2317 

Estimating optimal shrinkage intensity lambda.var (variance vector): 0.81 

Estimating optimal shrinkage intensity lambda (correlation matrix): 0.1731 

Estimating optimal shrinkage intensity lambda.var (variance vector): 0.8506 

Estimating optimal shrinkage intensity lambda (correlation matrix): 0.2102 

Estimating optimal shrinkage intensity lambda.var (variance vector): 0.82 

Estimating optimal shrinkage intensity lambda (correlation matrix): 0.1722 

Estimating optimal shrinkage intensity lambda.var (variance vector): 0.7884 

Estimating optimal shrinkage intensity lambda (correlation matrix): 0.2135 

Estimating optimal shrinkage intensity lambda.var (variance vector): 0.8975 

Estimating optimal shrinkage intensity lambda (correlation matrix): 0.2014 

[1] "Round 20"
Estimating optimal shrinkage intensity lambda.var (variance vector): 0.7867 

Estimating optimal shrinkage intensity lambda (correlation matrix): 0.1961 

Estimating optimal shrinkage intensity lambda.var (variance vector): 0.8835 

Estimating optimal shrinkage intensity lambda (correlation matrix): 0.2129 

Estimating optimal shrinkage intensity lambda.var (variance vector): 0.7587 

Estimating optimal shrinkage intensity lambda (correlation matrix): 0.1969 

Estimating optimal shrinkage intensity lambda.var (variance vector): 0.8017 

Estimating optimal shrinkage intensity lambda (correlation matrix): 0.1668 

Estimating optimal shrinkage intensity lambda.var (variance vector): 0.8462 

Estimating optimal shrinkage intensity lambda (correlation matrix): 0.1948 

Estimating optimal shrinkage intensity lambda.var (variance vector): 0.7535 

Estimating optimal shrinkage intensity lambda (correlation matrix): 0.2156 

Estimating optimal shrinkage intensity lambda.var (variance vector): 0.835 

Estimating optimal shrinkage intensity lambda (correlation matrix): 0.198 

Estimating optimal shrinkage intensity lambda.var (variance vector): 0.816 

Estimating optimal shrinkage intensity lambda (correlation matrix): 0.184 

Estimating optimal shrinkage intensity lambda.var (variance vector): 0.8436 

Estimating optimal shrinkage intensity lambda (correlation matrix): 0.2317 

Estimating optimal shrinkage intensity lambda.var (variance vector): 0.8144 

Estimating optimal shrinkage intensity lambda (correlation matrix): 0.1626 

Estimating optimal shrinkage intensity lambda.var (variance vector): 0.8645 

Estimating optimal shrinkage intensity lambda (correlation matrix): 0.1888 

Estimating optimal shrinkage intensity lambda.var (variance vector): 0.836 

Estimating optimal shrinkage intensity lambda (correlation matrix): 0.1924 

Estimating optimal shrinkage intensity lambda.var (variance vector): 0.8724 

Estimating optimal shrinkage intensity lambda (correlation matrix): 0.2289 

Estimating optimal shrinkage intensity lambda.var (variance vector): 0.8771 

Estimating optimal shrinkage intensity lambda (correlation matrix): 0.2261 

Estimating optimal shrinkage intensity lambda.var (variance vector): 0.8061 

Estimating optimal shrinkage intensity lambda (correlation matrix): 0.1902 

Estimating optimal shrinkage intensity lambda.var (variance vector): 0.8501 

Estimating optimal shrinkage intensity lambda (correlation matrix): 0.188 

Estimating optimal shrinkage intensity lambda.var (variance vector): 0.79 

Estimating optimal shrinkage intensity lambda (correlation matrix): 0.209 

Estimating optimal shrinkage intensity lambda.var (variance vector): 0.8341 

Estimating optimal shrinkage intensity lambda (correlation matrix): 0.2376 

Estimating optimal shrinkage intensity lambda.var (variance vector): 0.774 

Estimating optimal shrinkage intensity lambda (correlation matrix): 0.1687 

Estimating optimal shrinkage intensity lambda.var (variance vector): 0.8615 

Estimating optimal shrinkage intensity lambda (correlation matrix): 0.2454 

[1] "Round 40"
Estimating optimal shrinkage intensity lambda.var (variance vector): 0.8491 

Estimating optimal shrinkage intensity lambda (correlation matrix): 0.1723 

Estimating optimal shrinkage intensity lambda.var (variance vector): 0.8583 

Estimating optimal shrinkage intensity lambda (correlation matrix): 0.1983 

Estimating optimal shrinkage intensity lambda.var (variance vector): 0.8307 

Estimating optimal shrinkage intensity lambda (correlation matrix): 0.1947 

Estimating optimal shrinkage intensity lambda.var (variance vector): 0.8362 

Estimating optimal shrinkage intensity lambda (correlation matrix): 0.1794 

Estimating optimal shrinkage intensity lambda.var (variance vector): 0.8178 

Estimating optimal shrinkage intensity lambda (correlation matrix): 0.2016 

Estimating optimal shrinkage intensity lambda.var (variance vector): 0.8252 

Estimating optimal shrinkage intensity lambda (correlation matrix): 0.1744 

Estimating optimal shrinkage intensity lambda.var (variance vector): 0.759 

Estimating optimal shrinkage intensity lambda (correlation matrix): 0.2201 

Estimating optimal shrinkage intensity lambda.var (variance vector): 0.8824 

Estimating optimal shrinkage intensity lambda (correlation matrix): 0.1765 

Estimating optimal shrinkage intensity lambda.var (variance vector): 0.8792 

Estimating optimal shrinkage intensity lambda (correlation matrix): 0.1926 

Estimating optimal shrinkage intensity lambda.var (variance vector): 0.8008 

Estimating optimal shrinkage intensity lambda (correlation matrix): 0.1613 

Estimating optimal shrinkage intensity lambda.var (variance vector): 0.7762 

Estimating optimal shrinkage intensity lambda (correlation matrix): 0.1713 

Estimating optimal shrinkage intensity lambda.var (variance vector): 0.8339 

Estimating optimal shrinkage intensity lambda (correlation matrix): 0.1825 

Estimating optimal shrinkage intensity lambda.var (variance vector): 0.845 

Estimating optimal shrinkage intensity lambda (correlation matrix): 0.1977 

Estimating optimal shrinkage intensity lambda.var (variance vector): 0.8352 

Estimating optimal shrinkage intensity lambda (correlation matrix): 0.1326 

Estimating optimal shrinkage intensity lambda.var (variance vector): 0.9466 

Estimating optimal shrinkage intensity lambda (correlation matrix): 0.173 

Estimating optimal shrinkage intensity lambda.var (variance vector): 0.8412 

Estimating optimal shrinkage intensity lambda (correlation matrix): 0.1401 

Estimating optimal shrinkage intensity lambda.var (variance vector): 0.8635 

Estimating optimal shrinkage intensity lambda (correlation matrix): 0.2067 

Estimating optimal shrinkage intensity lambda.var (variance vector): 0.7894 

Estimating optimal shrinkage intensity lambda (correlation matrix): 0.1836 

Estimating optimal shrinkage intensity lambda.var (variance vector): 0.7968 

Estimating optimal shrinkage intensity lambda (correlation matrix): 0.1736 

Estimating optimal shrinkage intensity lambda.var (variance vector): 0.8282 

Estimating optimal shrinkage intensity lambda (correlation matrix): 0.178 

[1] "Round 60"
Estimating optimal shrinkage intensity lambda.var (variance vector): 0.8262 

Estimating optimal shrinkage intensity lambda (correlation matrix): 0.1929 

Estimating optimal shrinkage intensity lambda.var (variance vector): 0.8883 

Estimating optimal shrinkage intensity lambda (correlation matrix): 0.1696 

Estimating optimal shrinkage intensity lambda.var (variance vector): 0.8163 

Estimating optimal shrinkage intensity lambda (correlation matrix): 0.2073 

Estimating optimal shrinkage intensity lambda.var (variance vector): 0.7789 

Estimating optimal shrinkage intensity lambda (correlation matrix): 0.1717 

Estimating optimal shrinkage intensity lambda.var (variance vector): 0.8147 

Estimating optimal shrinkage intensity lambda (correlation matrix): 0.1547 

Estimating optimal shrinkage intensity lambda.var (variance vector): 0.8021 

Estimating optimal shrinkage intensity lambda (correlation matrix): 0.2004 

Estimating optimal shrinkage intensity lambda.var (variance vector): 0.7848 

Estimating optimal shrinkage intensity lambda (correlation matrix): 0.1574 

Estimating optimal shrinkage intensity lambda.var (variance vector): 0.7703 

Estimating optimal shrinkage intensity lambda (correlation matrix): 0.1994 

Estimating optimal shrinkage intensity lambda.var (variance vector): 0.7986 

Estimating optimal shrinkage intensity lambda (correlation matrix): 0.17 

Estimating optimal shrinkage intensity lambda.var (variance vector): 0.8399 

Estimating optimal shrinkage intensity lambda (correlation matrix): 0.1861 

Estimating optimal shrinkage intensity lambda.var (variance vector): 0.8732 

Estimating optimal shrinkage intensity lambda (correlation matrix): 0.1737 

Estimating optimal shrinkage intensity lambda.var (variance vector): 0.8369 

Estimating optimal shrinkage intensity lambda (correlation matrix): 0.2084 

Estimating optimal shrinkage intensity lambda.var (variance vector): 0.8295 

Estimating optimal shrinkage intensity lambda (correlation matrix): 0.1799 

Estimating optimal shrinkage intensity lambda.var (variance vector): 0.8707 

Estimating optimal shrinkage intensity lambda (correlation matrix): 0.209 

Estimating optimal shrinkage intensity lambda.var (variance vector): 0.8202 

Estimating optimal shrinkage intensity lambda (correlation matrix): 0.1998 

Estimating optimal shrinkage intensity lambda.var (variance vector): 0.8874 

Estimating optimal shrinkage intensity lambda (correlation matrix): 0.2273 

Estimating optimal shrinkage intensity lambda.var (variance vector): 0.8378 

Estimating optimal shrinkage intensity lambda (correlation matrix): 0.2341 

Estimating optimal shrinkage intensity lambda.var (variance vector): 0.8422 

Estimating optimal shrinkage intensity lambda (correlation matrix): 0.2262 

Estimating optimal shrinkage intensity lambda.var (variance vector): 0.8211 

Estimating optimal shrinkage intensity lambda (correlation matrix): 0.2024 

Estimating optimal shrinkage intensity lambda.var (variance vector): 0.9262 

Estimating optimal shrinkage intensity lambda (correlation matrix): 0.1954 

[1] "Round 80"
Estimating optimal shrinkage intensity lambda.var (variance vector): 0.8554 

Estimating optimal shrinkage intensity lambda (correlation matrix): 0.2115 

Estimating optimal shrinkage intensity lambda.var (variance vector): 0.7967 

Estimating optimal shrinkage intensity lambda (correlation matrix): 0.1968 

Estimating optimal shrinkage intensity lambda.var (variance vector): 0.8402 

Estimating optimal shrinkage intensity lambda (correlation matrix): 0.1837 

Estimating optimal shrinkage intensity lambda.var (variance vector): 0.8177 

Estimating optimal shrinkage intensity lambda (correlation matrix): 0.2142 

Estimating optimal shrinkage intensity lambda.var (variance vector): 0.8318 

Estimating optimal shrinkage intensity lambda (correlation matrix): 0.1875 

Estimating optimal shrinkage intensity lambda.var (variance vector): 0.8467 

Estimating optimal shrinkage intensity lambda (correlation matrix): 0.1835 

Estimating optimal shrinkage intensity lambda.var (variance vector): 0.8128 

Estimating optimal shrinkage intensity lambda (correlation matrix): 0.1851 

Estimating optimal shrinkage intensity lambda.var (variance vector): 0.8631 

Estimating optimal shrinkage intensity lambda (correlation matrix): 0.1757 

Estimating optimal shrinkage intensity lambda.var (variance vector): 0.8153 

Estimating optimal shrinkage intensity lambda (correlation matrix): 0.2093 

Estimating optimal shrinkage intensity lambda.var (variance vector): 0.8533 

Estimating optimal shrinkage intensity lambda (correlation matrix): 0.2033 

Estimating optimal shrinkage intensity lambda.var (variance vector): 0.8234 

Estimating optimal shrinkage intensity lambda (correlation matrix): 0.1698 

Estimating optimal shrinkage intensity lambda.var (variance vector): 0.7109 

Estimating optimal shrinkage intensity lambda (correlation matrix): 0.1873 

Estimating optimal shrinkage intensity lambda.var (variance vector): 0.8426 

Estimating optimal shrinkage intensity lambda (correlation matrix): 0.1537 

Estimating optimal shrinkage intensity lambda.var (variance vector): 0.8713 

Estimating optimal shrinkage intensity lambda (correlation matrix): 0.1797 

Estimating optimal shrinkage intensity lambda.var (variance vector): 0.8656 

Estimating optimal shrinkage intensity lambda (correlation matrix): 0.2212 

Estimating optimal shrinkage intensity lambda.var (variance vector): 0.7838 

Estimating optimal shrinkage intensity lambda (correlation matrix): 0.1924 

Estimating optimal shrinkage intensity lambda.var (variance vector): 0.8388 

Estimating optimal shrinkage intensity lambda (correlation matrix): 0.2141 

Estimating optimal shrinkage intensity lambda.var (variance vector): 0.7913 

Estimating optimal shrinkage intensity lambda (correlation matrix): 0.2019 

Estimating optimal shrinkage intensity lambda.var (variance vector): 0.8469 

Estimating optimal shrinkage intensity lambda (correlation matrix): 0.2226 

Estimating optimal shrinkage intensity lambda.var (variance vector): 0.8063 

Estimating optimal shrinkage intensity lambda (correlation matrix): 0.1707 

[1] "Round 100"
Estimating optimal shrinkage intensity lambda.var (variance vector): 0.8635 

Estimating optimal shrinkage intensity lambda (correlation matrix): 0.1693 

[1] "data/Debi+lognormal_n550_p700_tau0.5_rho0.5_sigma0.5_Nsim100"
                        lambda       SE       PE     linf         FPR
bootstrap_mean     0.073559354 19094.85 3955.041 4.957382 0.054438040
bootstrap_mean_std 0.000712635 16566.74 3187.651 1.943245 0.007079861
                          FNR        TPR     sum_beta
bootstrap_mean     0.31000000 0.69000000 3.008526e-17
bootstrap_mean_std 0.03230918 0.03230918 3.142921e-17
Time difference of 3.384697 hours
