Loading required package: Matrix
Loaded glmnet 4.1-8
Loaded lars 1.3

Estimating optimal shrinkage intensity lambda.var (variance vector): 0.8993 

Estimating optimal shrinkage intensity lambda (correlation matrix): 0.2485 

Estimating optimal shrinkage intensity lambda.var (variance vector): 0.9065 

Estimating optimal shrinkage intensity lambda (correlation matrix): 0.2555 

[1] "data/Debi+lognormal_n400_p1000_tau0.5_rho0.5_sigma0.5_Nsim2"
                       lambda        SE       PE       linf        FPR
bootstrap_mean     0.08007805 3.5791346 6.441548 0.72153427 0.05331992
bootstrap_mean_std 0.01592331 0.3379812 1.792893 0.04456503 0.01207243
                         FNR       TPR     sum_beta
bootstrap_mean     0.1666667 0.8333333 1.978669e-18
bootstrap_mean_std 0.0000000 0.0000000 2.141299e-18
Time difference of 1.949999 mins
[1] "data/Eric+lognormal_n400_p1000_tau0.5_rho0.5_sigma0.5_Nsim2"
                       lambda        SE         PE       linf        FPR FNR
bootstrap_mean     0.12119169 0.9575027 0.39033535 0.52301317 0.05734406   0
bootstrap_mean_std 0.01433057 0.1612101 0.07236153 0.04489455 0.01509054   0
                   TPR      sum_beta
bootstrap_mean       1 -9.474042e-08
bootstrap_mean_std   0  1.241770e-07
Time difference of 3.653908 hours
