Loading required package: Matrix
Loaded glmnet 4.1-8
Loaded lars 1.3

[1] "estimated tau is 0.850782243536288"
Estimating optimal shrinkage intensity lambda.var (variance vector): 0.5248 

Estimating optimal shrinkage intensity lambda (correlation matrix): 0.3408 

Estimating optimal shrinkage intensity lambda.var (variance vector): 0.5111 

Estimating optimal shrinkage intensity lambda (correlation matrix): 0.327 

Estimating optimal shrinkage intensity lambda.var (variance vector): 0.5136 

Estimating optimal shrinkage intensity lambda (correlation matrix): 0.2898 

Estimating optimal shrinkage intensity lambda.var (variance vector): 0.5076 

Estimating optimal shrinkage intensity lambda (correlation matrix): 0.2814 

Estimating optimal shrinkage intensity lambda.var (variance vector): 0.4981 

Estimating optimal shrinkage intensity lambda (correlation matrix): 0.3343 

Estimating optimal shrinkage intensity lambda.var (variance vector): 0.5152 

Estimating optimal shrinkage intensity lambda (correlation matrix): 0.3212 

Estimating optimal shrinkage intensity lambda.var (variance vector): 0.4958 

Estimating optimal shrinkage intensity lambda (correlation matrix): 0.3415 

Estimating optimal shrinkage intensity lambda.var (variance vector): 0.5208 

Estimating optimal shrinkage intensity lambda (correlation matrix): 0.322 

Estimating optimal shrinkage intensity lambda.var (variance vector): 0.5074 

Estimating optimal shrinkage intensity lambda (correlation matrix): 0.3315 

Estimating optimal shrinkage intensity lambda.var (variance vector): 0.5102 

Estimating optimal shrinkage intensity lambda (correlation matrix): 0.2805 

Estimating optimal shrinkage intensity lambda.var (variance vector): 0.481 

Estimating optimal shrinkage intensity lambda (correlation matrix): 0.3245 

Estimating optimal shrinkage intensity lambda.var (variance vector): 0.515 

Estimating optimal shrinkage intensity lambda (correlation matrix): 0.3044 

Estimating optimal shrinkage intensity lambda.var (variance vector): 0.4879 

Estimating optimal shrinkage intensity lambda (correlation matrix): 0.294 

Estimating optimal shrinkage intensity lambda.var (variance vector): 0.4884 

Estimating optimal shrinkage intensity lambda (correlation matrix): 0.3409 

Estimating optimal shrinkage intensity lambda.var (variance vector): 0.5363 

Estimating optimal shrinkage intensity lambda (correlation matrix): 0.3138 

Estimating optimal shrinkage intensity lambda.var (variance vector): 0.5164 

Estimating optimal shrinkage intensity lambda (correlation matrix): 0.3155 

Estimating optimal shrinkage intensity lambda.var (variance vector): 0.4983 

Estimating optimal shrinkage intensity lambda (correlation matrix): 0.3466 

Estimating optimal shrinkage intensity lambda.var (variance vector): 0.5201 

Estimating optimal shrinkage intensity lambda (correlation matrix): 0.2631 

Estimating optimal shrinkage intensity lambda.var (variance vector): 0.4863 

Estimating optimal shrinkage intensity lambda (correlation matrix): 0.3086 

[1] "Round 20"
Estimating optimal shrinkage intensity lambda.var (variance vector): 0.5167 

Estimating optimal shrinkage intensity lambda (correlation matrix): 0.3016 

Estimating optimal shrinkage intensity lambda.var (variance vector): 0.498 

Estimating optimal shrinkage intensity lambda (correlation matrix): 0.2856 

Estimating optimal shrinkage intensity lambda.var (variance vector): 0.495 

Estimating optimal shrinkage intensity lambda (correlation matrix): 0.288 

Estimating optimal shrinkage intensity lambda.var (variance vector): 0.5112 

Estimating optimal shrinkage intensity lambda (correlation matrix): 0.3359 

Estimating optimal shrinkage intensity lambda.var (variance vector): 0.4958 

Estimating optimal shrinkage intensity lambda (correlation matrix): 0.3424 

Estimating optimal shrinkage intensity lambda.var (variance vector): 0.5165 

Estimating optimal shrinkage intensity lambda (correlation matrix): 0.3023 

Estimating optimal shrinkage intensity lambda.var (variance vector): 0.484 

Estimating optimal shrinkage intensity lambda (correlation matrix): 0.3364 

Estimating optimal shrinkage intensity lambda.var (variance vector): 0.5121 

Estimating optimal shrinkage intensity lambda (correlation matrix): 0.287 

Estimating optimal shrinkage intensity lambda.var (variance vector): 0.5267 

Estimating optimal shrinkage intensity lambda (correlation matrix): 0.2897 

Estimating optimal shrinkage intensity lambda.var (variance vector): 0.5161 

Estimating optimal shrinkage intensity lambda (correlation matrix): 0.3217 

Estimating optimal shrinkage intensity lambda.var (variance vector): 0.4933 

Estimating optimal shrinkage intensity lambda (correlation matrix): 0.3312 

Estimating optimal shrinkage intensity lambda.var (variance vector): 0.4793 

Estimating optimal shrinkage intensity lambda (correlation matrix): 0.3129 

Estimating optimal shrinkage intensity lambda.var (variance vector): 0.5147 

Estimating optimal shrinkage intensity lambda (correlation matrix): 0.3347 

Estimating optimal shrinkage intensity lambda.var (variance vector): 0.5053 

Estimating optimal shrinkage intensity lambda (correlation matrix): 0.2886 

Estimating optimal shrinkage intensity lambda.var (variance vector): 0.4942 

Estimating optimal shrinkage intensity lambda (correlation matrix): 0.2633 

Estimating optimal shrinkage intensity lambda.var (variance vector): 0.5534 

Estimating optimal shrinkage intensity lambda (correlation matrix): 0.2956 

Estimating optimal shrinkage intensity lambda.var (variance vector): 0.5022 

Estimating optimal shrinkage intensity lambda (correlation matrix): 0.2655 

Estimating optimal shrinkage intensity lambda.var (variance vector): 0.501 

Estimating optimal shrinkage intensity lambda (correlation matrix): 0.313 

Estimating optimal shrinkage intensity lambda.var (variance vector): 0.5037 

Estimating optimal shrinkage intensity lambda (correlation matrix): 0.3159 

Estimating optimal shrinkage intensity lambda.var (variance vector): 0.4948 

Estimating optimal shrinkage intensity lambda (correlation matrix): 0.3148 

[1] "Round 40"
Estimating optimal shrinkage intensity lambda.var (variance vector): 0.4966 

Estimating optimal shrinkage intensity lambda (correlation matrix): 0.2759 

Estimating optimal shrinkage intensity lambda.var (variance vector): 0.5307 

Estimating optimal shrinkage intensity lambda (correlation matrix): 0.3339 

Estimating optimal shrinkage intensity lambda.var (variance vector): 0.5105 

Estimating optimal shrinkage intensity lambda (correlation matrix): 0.329 

Estimating optimal shrinkage intensity lambda.var (variance vector): 0.5128 

Estimating optimal shrinkage intensity lambda (correlation matrix): 0.3305 

Estimating optimal shrinkage intensity lambda.var (variance vector): 0.4846 

Estimating optimal shrinkage intensity lambda (correlation matrix): 0.3913 

Estimating optimal shrinkage intensity lambda.var (variance vector): 0.5258 

Estimating optimal shrinkage intensity lambda (correlation matrix): 0.3314 

Estimating optimal shrinkage intensity lambda.var (variance vector): 0.5094 

Estimating optimal shrinkage intensity lambda (correlation matrix): 0.3322 

Estimating optimal shrinkage intensity lambda.var (variance vector): 0.4956 

Estimating optimal shrinkage intensity lambda (correlation matrix): 0.2735 

Estimating optimal shrinkage intensity lambda.var (variance vector): 0.532 

Estimating optimal shrinkage intensity lambda (correlation matrix): 0.3007 

Estimating optimal shrinkage intensity lambda.var (variance vector): 0.5391 

Estimating optimal shrinkage intensity lambda (correlation matrix): 0.3037 

Estimating optimal shrinkage intensity lambda.var (variance vector): 0.535 

Estimating optimal shrinkage intensity lambda (correlation matrix): 0.3247 

Estimating optimal shrinkage intensity lambda.var (variance vector): 0.5114 

Estimating optimal shrinkage intensity lambda (correlation matrix): 0.2968 

Estimating optimal shrinkage intensity lambda.var (variance vector): 0.5204 

Estimating optimal shrinkage intensity lambda (correlation matrix): 0.3083 

Estimating optimal shrinkage intensity lambda.var (variance vector): 0.5034 

Estimating optimal shrinkage intensity lambda (correlation matrix): 0.2937 

Estimating optimal shrinkage intensity lambda.var (variance vector): 0.5061 

Estimating optimal shrinkage intensity lambda (correlation matrix): 0.2775 

Estimating optimal shrinkage intensity lambda.var (variance vector): 0.4809 

Estimating optimal shrinkage intensity lambda (correlation matrix): 0.2355 

Estimating optimal shrinkage intensity lambda.var (variance vector): 0.4746 

Estimating optimal shrinkage intensity lambda (correlation matrix): 0.2832 

Estimating optimal shrinkage intensity lambda.var (variance vector): 0.4955 

Estimating optimal shrinkage intensity lambda (correlation matrix): 0.3238 

Estimating optimal shrinkage intensity lambda.var (variance vector): 0.5287 

Estimating optimal shrinkage intensity lambda (correlation matrix): 0.2737 

Estimating optimal shrinkage intensity lambda.var (variance vector): 0.5184 

Estimating optimal shrinkage intensity lambda (correlation matrix): 0.3261 

[1] "Round 60"
Estimating optimal shrinkage intensity lambda.var (variance vector): 0.4934 

Estimating optimal shrinkage intensity lambda (correlation matrix): 0.3122 

Estimating optimal shrinkage intensity lambda.var (variance vector): 0.5039 

Estimating optimal shrinkage intensity lambda (correlation matrix): 0.2509 

Estimating optimal shrinkage intensity lambda.var (variance vector): 0.5248 

Estimating optimal shrinkage intensity lambda (correlation matrix): 0.2724 

Estimating optimal shrinkage intensity lambda.var (variance vector): 0.5113 

Estimating optimal shrinkage intensity lambda (correlation matrix): 0.2822 

Estimating optimal shrinkage intensity lambda.var (variance vector): 0.5255 

Estimating optimal shrinkage intensity lambda (correlation matrix): 0.3355 

Estimating optimal shrinkage intensity lambda.var (variance vector): 0.5261 

Estimating optimal shrinkage intensity lambda (correlation matrix): 0.3304 

Estimating optimal shrinkage intensity lambda.var (variance vector): 0.529 

Estimating optimal shrinkage intensity lambda (correlation matrix): 0.2706 

Estimating optimal shrinkage intensity lambda.var (variance vector): 0.5209 

Estimating optimal shrinkage intensity lambda (correlation matrix): 0.3145 

Estimating optimal shrinkage intensity lambda.var (variance vector): 0.521 

Estimating optimal shrinkage intensity lambda (correlation matrix): 0.2815 

Estimating optimal shrinkage intensity lambda.var (variance vector): 0.5134 

Estimating optimal shrinkage intensity lambda (correlation matrix): 0.3537 

Estimating optimal shrinkage intensity lambda.var (variance vector): 0.5238 

Estimating optimal shrinkage intensity lambda (correlation matrix): 0.3168 

Estimating optimal shrinkage intensity lambda.var (variance vector): 0.5071 

Estimating optimal shrinkage intensity lambda (correlation matrix): 0.2879 

Estimating optimal shrinkage intensity lambda.var (variance vector): 0.5096 

Estimating optimal shrinkage intensity lambda (correlation matrix): 0.3632 

Estimating optimal shrinkage intensity lambda.var (variance vector): 0.5158 

Estimating optimal shrinkage intensity lambda (correlation matrix): 0.3517 

Estimating optimal shrinkage intensity lambda.var (variance vector): 0.505 

Estimating optimal shrinkage intensity lambda (correlation matrix): 0.3083 

Estimating optimal shrinkage intensity lambda.var (variance vector): 0.5026 

Estimating optimal shrinkage intensity lambda (correlation matrix): 0.2775 

Estimating optimal shrinkage intensity lambda.var (variance vector): 0.5432 

Estimating optimal shrinkage intensity lambda (correlation matrix): 0.2833 

Estimating optimal shrinkage intensity lambda.var (variance vector): 0.5063 

Estimating optimal shrinkage intensity lambda (correlation matrix): 0.3319 

Estimating optimal shrinkage intensity lambda.var (variance vector): 0.5137 

Estimating optimal shrinkage intensity lambda (correlation matrix): 0.3139 

Estimating optimal shrinkage intensity lambda.var (variance vector): 0.4998 

Estimating optimal shrinkage intensity lambda (correlation matrix): 0.2804 

[1] "Round 80"
Estimating optimal shrinkage intensity lambda.var (variance vector): 0.5378 

Estimating optimal shrinkage intensity lambda (correlation matrix): 0.3142 

Estimating optimal shrinkage intensity lambda.var (variance vector): 0.5235 

Estimating optimal shrinkage intensity lambda (correlation matrix): 0.3384 

Estimating optimal shrinkage intensity lambda.var (variance vector): 0.5369 

Estimating optimal shrinkage intensity lambda (correlation matrix): 0.2876 

Estimating optimal shrinkage intensity lambda.var (variance vector): 0.4995 

Estimating optimal shrinkage intensity lambda (correlation matrix): 0.3153 

Estimating optimal shrinkage intensity lambda.var (variance vector): 0.5089 

Estimating optimal shrinkage intensity lambda (correlation matrix): 0.3338 

Estimating optimal shrinkage intensity lambda.var (variance vector): 0.5251 

Estimating optimal shrinkage intensity lambda (correlation matrix): 0.3352 

Estimating optimal shrinkage intensity lambda.var (variance vector): 0.5226 

Estimating optimal shrinkage intensity lambda (correlation matrix): 0.3173 

Estimating optimal shrinkage intensity lambda.var (variance vector): 0.4926 

Estimating optimal shrinkage intensity lambda (correlation matrix): 0.2878 

Estimating optimal shrinkage intensity lambda.var (variance vector): 0.5282 

Estimating optimal shrinkage intensity lambda (correlation matrix): 0.3181 

Estimating optimal shrinkage intensity lambda.var (variance vector): 0.4926 

Estimating optimal shrinkage intensity lambda (correlation matrix): 0.3201 

Estimating optimal shrinkage intensity lambda.var (variance vector): 0.5323 

Estimating optimal shrinkage intensity lambda (correlation matrix): 0.3254 

Estimating optimal shrinkage intensity lambda.var (variance vector): 0.4905 

Estimating optimal shrinkage intensity lambda (correlation matrix): 0.2827 

Estimating optimal shrinkage intensity lambda.var (variance vector): 0.472 

Estimating optimal shrinkage intensity lambda (correlation matrix): 0.262 

Estimating optimal shrinkage intensity lambda.var (variance vector): 0.524 

Estimating optimal shrinkage intensity lambda (correlation matrix): 0.3339 

Estimating optimal shrinkage intensity lambda.var (variance vector): 0.5399 

Estimating optimal shrinkage intensity lambda (correlation matrix): 0.2868 

Estimating optimal shrinkage intensity lambda.var (variance vector): 0.5071 

Estimating optimal shrinkage intensity lambda (correlation matrix): 0.2948 

Estimating optimal shrinkage intensity lambda.var (variance vector): 0.4802 

Estimating optimal shrinkage intensity lambda (correlation matrix): 0.2573 

Estimating optimal shrinkage intensity lambda.var (variance vector): 0.5 

Estimating optimal shrinkage intensity lambda (correlation matrix): 0.312 

Estimating optimal shrinkage intensity lambda.var (variance vector): 0.5067 

Estimating optimal shrinkage intensity lambda (correlation matrix): 0.2784 

Estimating optimal shrinkage intensity lambda.var (variance vector): 0.5175 

Estimating optimal shrinkage intensity lambda (correlation matrix): 0.3173 

[1] "Round 100"
Estimating optimal shrinkage intensity lambda.var (variance vector): 0.5338 

Estimating optimal shrinkage intensity lambda (correlation matrix): 0.3278 

[1] "data/Debi+dirmult_n550_p700_tau0.850782243536288_rho0.5_sigma0.5_Nsim100"
                         lambda       SE       PE     linf         FPR
bootstrap_mean     0.0703887846 364783.8 198088.6 19.29684 0.031023055
bootstrap_mean_std 0.0007950567 339443.1 188844.7  9.90356 0.006672909
                          FNR        TPR      sum_beta
bootstrap_mean     0.81666667 0.18333333 -5.388485e-18
bootstrap_mean_std 0.02386597 0.02386597  3.200815e-17
Time difference of 1.869924 hours
