Loading required package: Matrix
Loaded glmnet 4.1-8
Loaded lars 1.3

Estimating optimal shrinkage intensity lambda.var (variance vector): 1 

Estimating optimal shrinkage intensity lambda (correlation matrix): 0.8346 

Estimating optimal shrinkage intensity lambda.var (variance vector): 0.9285 

Estimating optimal shrinkage intensity lambda (correlation matrix): 0.8092 

Estimating optimal shrinkage intensity lambda.var (variance vector): 1 

Estimating optimal shrinkage intensity lambda (correlation matrix): 0.7897 

Estimating optimal shrinkage intensity lambda.var (variance vector): 1 

Estimating optimal shrinkage intensity lambda (correlation matrix): 0.8111 

Estimating optimal shrinkage intensity lambda.var (variance vector): 1 

Estimating optimal shrinkage intensity lambda (correlation matrix): 0.7736 

Estimating optimal shrinkage intensity lambda.var (variance vector): 0.9608 

Estimating optimal shrinkage intensity lambda (correlation matrix): 0.7191 

Estimating optimal shrinkage intensity lambda.var (variance vector): 0.9128 

Estimating optimal shrinkage intensity lambda (correlation matrix): 0.7966 

Estimating optimal shrinkage intensity lambda.var (variance vector): 0.974 

Estimating optimal shrinkage intensity lambda (correlation matrix): 0.8197 

Estimating optimal shrinkage intensity lambda.var (variance vector): 1 

Estimating optimal shrinkage intensity lambda (correlation matrix): 0.7955 

Estimating optimal shrinkage intensity lambda.var (variance vector): 1 

Estimating optimal shrinkage intensity lambda (correlation matrix): 0.7996 

Estimating optimal shrinkage intensity lambda.var (variance vector): 0.9011 

Estimating optimal shrinkage intensity lambda (correlation matrix): 0.7914 

Estimating optimal shrinkage intensity lambda.var (variance vector): 0.9208 

Estimating optimal shrinkage intensity lambda (correlation matrix): 0.7987 

Estimating optimal shrinkage intensity lambda.var (variance vector): 0.9253 

Estimating optimal shrinkage intensity lambda (correlation matrix): 0.7847 

Estimating optimal shrinkage intensity lambda.var (variance vector): 1 

Estimating optimal shrinkage intensity lambda (correlation matrix): 0.7431 

Estimating optimal shrinkage intensity lambda.var (variance vector): 0.9822 

Estimating optimal shrinkage intensity lambda (correlation matrix): 0.7849 

Estimating optimal shrinkage intensity lambda.var (variance vector): 0.9771 

Estimating optimal shrinkage intensity lambda (correlation matrix): 0.7851 

Estimating optimal shrinkage intensity lambda.var (variance vector): 1 

Estimating optimal shrinkage intensity lambda (correlation matrix): 0.8035 

Estimating optimal shrinkage intensity lambda.var (variance vector): 0.9458 

Estimating optimal shrinkage intensity lambda (correlation matrix): 0.7977 

Estimating optimal shrinkage intensity lambda.var (variance vector): 0.992 

Estimating optimal shrinkage intensity lambda (correlation matrix): 0.7946 

[1] "Round 20"
Estimating optimal shrinkage intensity lambda.var (variance vector): 1 

Estimating optimal shrinkage intensity lambda (correlation matrix): 0.8027 

Estimating optimal shrinkage intensity lambda.var (variance vector): 0.9775 

Estimating optimal shrinkage intensity lambda (correlation matrix): 0.8091 

Estimating optimal shrinkage intensity lambda.var (variance vector): 0.9268 

Estimating optimal shrinkage intensity lambda (correlation matrix): 0.7698 

Estimating optimal shrinkage intensity lambda.var (variance vector): 1 

Estimating optimal shrinkage intensity lambda (correlation matrix): 0.7789 

Estimating optimal shrinkage intensity lambda.var (variance vector): 0.9043 

Estimating optimal shrinkage intensity lambda (correlation matrix): 0.7613 

Estimating optimal shrinkage intensity lambda.var (variance vector): 0.9614 

Estimating optimal shrinkage intensity lambda (correlation matrix): 0.7851 

Estimating optimal shrinkage intensity lambda.var (variance vector): 0.9254 

Estimating optimal shrinkage intensity lambda (correlation matrix): 0.831 

Estimating optimal shrinkage intensity lambda.var (variance vector): 0.9454 

Estimating optimal shrinkage intensity lambda (correlation matrix): 0.8011 

Estimating optimal shrinkage intensity lambda.var (variance vector): 0.9465 

Estimating optimal shrinkage intensity lambda (correlation matrix): 0.7749 

Estimating optimal shrinkage intensity lambda.var (variance vector): 0.92 

Estimating optimal shrinkage intensity lambda (correlation matrix): 0.8547 

Estimating optimal shrinkage intensity lambda.var (variance vector): 0.9424 

Estimating optimal shrinkage intensity lambda (correlation matrix): 0.7452 

Estimating optimal shrinkage intensity lambda.var (variance vector): 0.9752 

Estimating optimal shrinkage intensity lambda (correlation matrix): 0.7958 

Estimating optimal shrinkage intensity lambda.var (variance vector): 1 

Estimating optimal shrinkage intensity lambda (correlation matrix): 0.7252 

Estimating optimal shrinkage intensity lambda.var (variance vector): 1 

Estimating optimal shrinkage intensity lambda (correlation matrix): 0.7617 

Estimating optimal shrinkage intensity lambda.var (variance vector): 0.9797 

Estimating optimal shrinkage intensity lambda (correlation matrix): 0.81 

Estimating optimal shrinkage intensity lambda.var (variance vector): 1 

Estimating optimal shrinkage intensity lambda (correlation matrix): 0.7705 

Estimating optimal shrinkage intensity lambda.var (variance vector): 1 

Estimating optimal shrinkage intensity lambda (correlation matrix): 0.7965 

Estimating optimal shrinkage intensity lambda.var (variance vector): 0.944 

Estimating optimal shrinkage intensity lambda (correlation matrix): 0.7619 

Estimating optimal shrinkage intensity lambda.var (variance vector): 0.968 

Estimating optimal shrinkage intensity lambda (correlation matrix): 0.7653 

Estimating optimal shrinkage intensity lambda.var (variance vector): 1 

Estimating optimal shrinkage intensity lambda (correlation matrix): 0.7778 

[1] "Round 40"
Estimating optimal shrinkage intensity lambda.var (variance vector): 1 

Estimating optimal shrinkage intensity lambda (correlation matrix): 0.812 

Estimating optimal shrinkage intensity lambda.var (variance vector): 0.9745 

Estimating optimal shrinkage intensity lambda (correlation matrix): 0.8145 

Estimating optimal shrinkage intensity lambda.var (variance vector): 1 

Estimating optimal shrinkage intensity lambda (correlation matrix): 0.747 

Estimating optimal shrinkage intensity lambda.var (variance vector): 1 

Estimating optimal shrinkage intensity lambda (correlation matrix): 0.7793 

Estimating optimal shrinkage intensity lambda.var (variance vector): 1 

Estimating optimal shrinkage intensity lambda (correlation matrix): 0.7809 

Estimating optimal shrinkage intensity lambda.var (variance vector): 0.9319 

Estimating optimal shrinkage intensity lambda (correlation matrix): 0.7684 

Estimating optimal shrinkage intensity lambda.var (variance vector): 0.8786 

Estimating optimal shrinkage intensity lambda (correlation matrix): 0.8089 

Estimating optimal shrinkage intensity lambda.var (variance vector): 0.9844 

Estimating optimal shrinkage intensity lambda (correlation matrix): 0.8387 

Estimating optimal shrinkage intensity lambda.var (variance vector): 1 

Estimating optimal shrinkage intensity lambda (correlation matrix): 0.8135 

Estimating optimal shrinkage intensity lambda.var (variance vector): 0.9328 

Estimating optimal shrinkage intensity lambda (correlation matrix): 0.7504 

Estimating optimal shrinkage intensity lambda.var (variance vector): 0.9683 

Estimating optimal shrinkage intensity lambda (correlation matrix): 0.7906 

Estimating optimal shrinkage intensity lambda.var (variance vector): 1 

Estimating optimal shrinkage intensity lambda (correlation matrix): 0.763 

Estimating optimal shrinkage intensity lambda.var (variance vector): 0.9116 

Estimating optimal shrinkage intensity lambda (correlation matrix): 0.7795 

Estimating optimal shrinkage intensity lambda.var (variance vector): 0.9851 

Estimating optimal shrinkage intensity lambda (correlation matrix): 0.8002 

Estimating optimal shrinkage intensity lambda.var (variance vector): 1 

Estimating optimal shrinkage intensity lambda (correlation matrix): 0.8399 

Estimating optimal shrinkage intensity lambda.var (variance vector): 1 

Estimating optimal shrinkage intensity lambda (correlation matrix): 0.7447 

Estimating optimal shrinkage intensity lambda.var (variance vector): 0.9818 

Estimating optimal shrinkage intensity lambda (correlation matrix): 0.7522 

Estimating optimal shrinkage intensity lambda.var (variance vector): 0.9463 

Estimating optimal shrinkage intensity lambda (correlation matrix): 0.7986 

Estimating optimal shrinkage intensity lambda.var (variance vector): 0.9437 

Estimating optimal shrinkage intensity lambda (correlation matrix): 0.7936 

Estimating optimal shrinkage intensity lambda.var (variance vector): 0.8926 

Estimating optimal shrinkage intensity lambda (correlation matrix): 0.7518 

[1] "Round 60"
Estimating optimal shrinkage intensity lambda.var (variance vector): 1 

Estimating optimal shrinkage intensity lambda (correlation matrix): 0.8067 

Estimating optimal shrinkage intensity lambda.var (variance vector): 0.8978 

Estimating optimal shrinkage intensity lambda (correlation matrix): 0.7956 

Estimating optimal shrinkage intensity lambda.var (variance vector): 1 

Estimating optimal shrinkage intensity lambda (correlation matrix): 0.806 

Estimating optimal shrinkage intensity lambda.var (variance vector): 0.9893 

Estimating optimal shrinkage intensity lambda (correlation matrix): 0.7757 

Estimating optimal shrinkage intensity lambda.var (variance vector): 0.9835 

Estimating optimal shrinkage intensity lambda (correlation matrix): 0.8098 

Estimating optimal shrinkage intensity lambda.var (variance vector): 1 

Estimating optimal shrinkage intensity lambda (correlation matrix): 0.7548 

Estimating optimal shrinkage intensity lambda.var (variance vector): 0.9415 

Estimating optimal shrinkage intensity lambda (correlation matrix): 0.7577 

Estimating optimal shrinkage intensity lambda.var (variance vector): 1 

Estimating optimal shrinkage intensity lambda (correlation matrix): 0.7719 

Estimating optimal shrinkage intensity lambda.var (variance vector): 1 

Estimating optimal shrinkage intensity lambda (correlation matrix): 0.7313 

Estimating optimal shrinkage intensity lambda.var (variance vector): 0.9605 

Estimating optimal shrinkage intensity lambda (correlation matrix): 0.7643 

Estimating optimal shrinkage intensity lambda.var (variance vector): 0.9519 

Estimating optimal shrinkage intensity lambda (correlation matrix): 0.8088 

Estimating optimal shrinkage intensity lambda.var (variance vector): 1 

Estimating optimal shrinkage intensity lambda (correlation matrix): 0.7846 

Estimating optimal shrinkage intensity lambda.var (variance vector): 0.9546 

Estimating optimal shrinkage intensity lambda (correlation matrix): 0.7466 

Estimating optimal shrinkage intensity lambda.var (variance vector): 0.891 

Estimating optimal shrinkage intensity lambda (correlation matrix): 0.7887 

Estimating optimal shrinkage intensity lambda.var (variance vector): 1 

Estimating optimal shrinkage intensity lambda (correlation matrix): 0.7787 

Estimating optimal shrinkage intensity lambda.var (variance vector): 1 

Estimating optimal shrinkage intensity lambda (correlation matrix): 0.7954 

Estimating optimal shrinkage intensity lambda.var (variance vector): 0.8935 

Estimating optimal shrinkage intensity lambda (correlation matrix): 0.7634 

Estimating optimal shrinkage intensity lambda.var (variance vector): 0.9884 

Estimating optimal shrinkage intensity lambda (correlation matrix): 0.7848 

Estimating optimal shrinkage intensity lambda.var (variance vector): 1 

Estimating optimal shrinkage intensity lambda (correlation matrix): 0.8075 

Estimating optimal shrinkage intensity lambda.var (variance vector): 1 

Estimating optimal shrinkage intensity lambda (correlation matrix): 0.762 

[1] "Round 80"
Estimating optimal shrinkage intensity lambda.var (variance vector): 0.9479 

Estimating optimal shrinkage intensity lambda (correlation matrix): 0.7618 

Estimating optimal shrinkage intensity lambda.var (variance vector): 1 

Estimating optimal shrinkage intensity lambda (correlation matrix): 0.822 

Estimating optimal shrinkage intensity lambda.var (variance vector): 1 

Estimating optimal shrinkage intensity lambda (correlation matrix): 0.7942 

Estimating optimal shrinkage intensity lambda.var (variance vector): 1 

Estimating optimal shrinkage intensity lambda (correlation matrix): 0.7539 

Estimating optimal shrinkage intensity lambda.var (variance vector): 0.9408 

Estimating optimal shrinkage intensity lambda (correlation matrix): 0.7748 

Estimating optimal shrinkage intensity lambda.var (variance vector): 1 

Estimating optimal shrinkage intensity lambda (correlation matrix): 0.7968 

Estimating optimal shrinkage intensity lambda.var (variance vector): 0.9119 

Estimating optimal shrinkage intensity lambda (correlation matrix): 0.7843 

Estimating optimal shrinkage intensity lambda.var (variance vector): 1 

Estimating optimal shrinkage intensity lambda (correlation matrix): 0.7776 

Estimating optimal shrinkage intensity lambda.var (variance vector): 0.9074 

Estimating optimal shrinkage intensity lambda (correlation matrix): 0.7926 

Estimating optimal shrinkage intensity lambda.var (variance vector): 1 

Estimating optimal shrinkage intensity lambda (correlation matrix): 0.7989 

Estimating optimal shrinkage intensity lambda.var (variance vector): 0.9802 

Estimating optimal shrinkage intensity lambda (correlation matrix): 0.7878 

Estimating optimal shrinkage intensity lambda.var (variance vector): 0.9775 

Estimating optimal shrinkage intensity lambda (correlation matrix): 0.7743 

Estimating optimal shrinkage intensity lambda.var (variance vector): 0.9617 

Estimating optimal shrinkage intensity lambda (correlation matrix): 0.8035 

Estimating optimal shrinkage intensity lambda.var (variance vector): 0.963 

Estimating optimal shrinkage intensity lambda (correlation matrix): 0.7581 

Estimating optimal shrinkage intensity lambda.var (variance vector): 0.9998 

Estimating optimal shrinkage intensity lambda (correlation matrix): 0.8258 

Estimating optimal shrinkage intensity lambda.var (variance vector): 0.9944 

Estimating optimal shrinkage intensity lambda (correlation matrix): 0.7839 

Estimating optimal shrinkage intensity lambda.var (variance vector): 1 

Estimating optimal shrinkage intensity lambda (correlation matrix): 0.7674 

Estimating optimal shrinkage intensity lambda.var (variance vector): 1 

Estimating optimal shrinkage intensity lambda (correlation matrix): 0.7864 

Estimating optimal shrinkage intensity lambda.var (variance vector): 0.955 

Estimating optimal shrinkage intensity lambda (correlation matrix): 0.7639 

Estimating optimal shrinkage intensity lambda.var (variance vector): 1 

Estimating optimal shrinkage intensity lambda (correlation matrix): 0.767 

[1] "Round 100"
Estimating optimal shrinkage intensity lambda.var (variance vector): 0.9939 

Estimating optimal shrinkage intensity lambda (correlation matrix): 0.7766 

[1] "data/Debi+dirichlet_n550_p700_tau0.5_rho0.5_sigma0.5_Nsim100"
                       lambda          SE         PE        linf         FPR
bootstrap_mean     0.08572588 0.349148161 3.18064341 0.104168544 0.136383285
bootstrap_mean_std 0.00117318 0.002670421 0.03222088 0.003659221 0.001971801
                   FNR TPR     sum_beta
bootstrap_mean       0   1 5.373577e-20
bootstrap_mean_std   0   0 1.282528e-19
Time difference of 57.56831 mins
