Loading required package: Matrix
Loaded glmnet 4.1-8
Loaded lars 1.3

[1] "estimated tau is 0.850217617170752"
[1] "Round 2"
[1] "Round 4"
[1] "Round 6"
[1] "Round 8"
[1] "Round 10"
[1] "Round 12"
[1] "Round 14"
[1] "Round 16"
[1] "Round 18"
[1] "Round 20"
[1] "Round 22"
[1] "Round 24"
[1] "Round 26"
[1] "Round 28"
[1] "Round 30"
[1] "Round 32"
[1] "Round 34"
[1] "Round 36"
[1] "Round 38"
[1] "Round 40"
[1] "Round 42"
[1] "Round 44"
[1] "Round 46"
[1] "Round 48"
[1] "Round 50"
[1] "Round 52"
[1] "Round 54"
[1] "Round 56"
[1] "Round 58"
[1] "Round 60"
[1] "Round 62"
[1] "Round 64"
[1] "Round 66"
[1] "Round 68"
[1] "Round 70"
[1] "Round 72"
[1] "Round 74"
[1] "Round 76"
[1] "Round 78"
[1] "Round 80"
[1] "Round 82"
[1] "Round 84"
[1] "Round 86"
[1] "Round 88"
[1] "Round 90"
[1] "Round 92"
[1] "Round 94"
[1] "Round 96"
[1] "Round 98"
[1] "Round 100"
[1] "data/Coda+dirmult_n550_p700_tau0.850217617170752_rho0.5_sigma0.5_Nsim100"
                        lambda        SE         PE        linf         FPR FNR
bootstrap_mean     0.124412070 2.2432964 1.20356746 0.921472369 0.098645533   0
bootstrap_mean_std 0.001529403 0.0207485 0.01209691 0.005395054 0.002791154   0
                   TPR     sum_beta
bootstrap_mean       1 5.938455e-09
bootstrap_mean_std   0 1.929757e-08
Time difference of 7.727562 hours
Error: unexpected ',' in "("\n","
Execution halted
