Loading required package: Matrix
Loaded glmnet 4.1-8
Loaded lars 1.3

Estimating optimal shrinkage intensity lambda.var (variance vector): 0.8673 

Estimating optimal shrinkage intensity lambda (correlation matrix): 0.5036 

[1] "Round 2"
Estimating optimal shrinkage intensity lambda.var (variance vector): 0.9503 

Estimating optimal shrinkage intensity lambda (correlation matrix): 0.4329 

Estimating optimal shrinkage intensity lambda.var (variance vector): 0.8673 

Estimating optimal shrinkage intensity lambda (correlation matrix): 0.6493 

[1] "Round 4"
Estimating optimal shrinkage intensity lambda.var (variance vector): 0.9285 

Estimating optimal shrinkage intensity lambda (correlation matrix): 0.5264 

Estimating optimal shrinkage intensity lambda.var (variance vector): 0.8159 

Estimating optimal shrinkage intensity lambda (correlation matrix): 0.4731 

[1] "Round 6"
Estimating optimal shrinkage intensity lambda.var (variance vector): 0.9156 

Estimating optimal shrinkage intensity lambda (correlation matrix): 0.4422 

Estimating optimal shrinkage intensity lambda.var (variance vector): 0.8423 

Estimating optimal shrinkage intensity lambda (correlation matrix): 0.6197 

[1] "Round 8"
Estimating optimal shrinkage intensity lambda.var (variance vector): 1 

Estimating optimal shrinkage intensity lambda (correlation matrix): 0.3856 

Estimating optimal shrinkage intensity lambda.var (variance vector): 0.7573 

Estimating optimal shrinkage intensity lambda (correlation matrix): 0.533 

[1] "Round 10"
Estimating optimal shrinkage intensity lambda.var (variance vector): 0.9273 

Estimating optimal shrinkage intensity lambda (correlation matrix): 0.6232 

Estimating optimal shrinkage intensity lambda.var (variance vector): 0.8859 

Estimating optimal shrinkage intensity lambda (correlation matrix): 0.4208 

[1] "Round 12"
Estimating optimal shrinkage intensity lambda.var (variance vector): 0.7887 

Estimating optimal shrinkage intensity lambda (correlation matrix): 0.503 

Estimating optimal shrinkage intensity lambda.var (variance vector): 0.9005 

Estimating optimal shrinkage intensity lambda (correlation matrix): 0.3888 

[1] "Round 14"
Estimating optimal shrinkage intensity lambda.var (variance vector): 0.9391 

Estimating optimal shrinkage intensity lambda (correlation matrix): 0.5829 

Estimating optimal shrinkage intensity lambda.var (variance vector): 0.9632 

Estimating optimal shrinkage intensity lambda (correlation matrix): 0.4259 

[1] "Round 16"
Estimating optimal shrinkage intensity lambda.var (variance vector): 0.9131 

Estimating optimal shrinkage intensity lambda (correlation matrix): 0.4936 

Estimating optimal shrinkage intensity lambda.var (variance vector): 0.9213 

Estimating optimal shrinkage intensity lambda (correlation matrix): 0.5864 

[1] "Round 18"
Estimating optimal shrinkage intensity lambda.var (variance vector): 0.919 

Estimating optimal shrinkage intensity lambda (correlation matrix): 0.5445 

Estimating optimal shrinkage intensity lambda.var (variance vector): 0.9792 

Estimating optimal shrinkage intensity lambda (correlation matrix): 0.5153 

[1] "Round 20"
Estimating optimal shrinkage intensity lambda.var (variance vector): 0.8918 

Estimating optimal shrinkage intensity lambda (correlation matrix): 0.6482 

Estimating optimal shrinkage intensity lambda.var (variance vector): 0.8435 

Estimating optimal shrinkage intensity lambda (correlation matrix): 0.5979 

[1] "Round 22"
Estimating optimal shrinkage intensity lambda.var (variance vector): 0.862 

Estimating optimal shrinkage intensity lambda (correlation matrix): 0.4931 

Estimating optimal shrinkage intensity lambda.var (variance vector): 0.9744 

Estimating optimal shrinkage intensity lambda (correlation matrix): 0.6073 

[1] "Round 24"
Estimating optimal shrinkage intensity lambda.var (variance vector): 0.9531 

Estimating optimal shrinkage intensity lambda (correlation matrix): 0.5954 

Estimating optimal shrinkage intensity lambda.var (variance vector): 0.7581 

Estimating optimal shrinkage intensity lambda (correlation matrix): 0.6685 

[1] "Round 26"
Estimating optimal shrinkage intensity lambda.var (variance vector): 0.8243 

Estimating optimal shrinkage intensity lambda (correlation matrix): 0.494 

Estimating optimal shrinkage intensity lambda.var (variance vector): 0.9105 

Estimating optimal shrinkage intensity lambda (correlation matrix): 0.5884 

[1] "Round 28"
Estimating optimal shrinkage intensity lambda.var (variance vector): 1 

Estimating optimal shrinkage intensity lambda (correlation matrix): 0.4333 

Estimating optimal shrinkage intensity lambda.var (variance vector): 0.7367 

Estimating optimal shrinkage intensity lambda (correlation matrix): 0.5591 

[1] "Round 30"
Estimating optimal shrinkage intensity lambda.var (variance vector): 0.8515 

Estimating optimal shrinkage intensity lambda (correlation matrix): 0.4532 

Estimating optimal shrinkage intensity lambda.var (variance vector): 0.8433 

Estimating optimal shrinkage intensity lambda (correlation matrix): 0.5153 

[1] "Round 32"
Estimating optimal shrinkage intensity lambda.var (variance vector): 0.9029 

Estimating optimal shrinkage intensity lambda (correlation matrix): 0.5883 

Estimating optimal shrinkage intensity lambda.var (variance vector): 0.8654 

Estimating optimal shrinkage intensity lambda (correlation matrix): 0.5448 

[1] "Round 34"
Estimating optimal shrinkage intensity lambda.var (variance vector): 0.9101 

Estimating optimal shrinkage intensity lambda (correlation matrix): 0.5564 

Estimating optimal shrinkage intensity lambda.var (variance vector): 0.8591 

Estimating optimal shrinkage intensity lambda (correlation matrix): 0.5877 

[1] "Round 36"
Estimating optimal shrinkage intensity lambda.var (variance vector): 0.8302 

Estimating optimal shrinkage intensity lambda (correlation matrix): 0.6242 

Estimating optimal shrinkage intensity lambda.var (variance vector): 0.86 

Estimating optimal shrinkage intensity lambda (correlation matrix): 0.4904 

[1] "Round 38"
Estimating optimal shrinkage intensity lambda.var (variance vector): 1 

Estimating optimal shrinkage intensity lambda (correlation matrix): 0.5928 

Estimating optimal shrinkage intensity lambda.var (variance vector): 0.8197 

Estimating optimal shrinkage intensity lambda (correlation matrix): 0.4471 

[1] "Round 40"
Estimating optimal shrinkage intensity lambda.var (variance vector): 0.9067 

Estimating optimal shrinkage intensity lambda (correlation matrix): 0.5631 

Estimating optimal shrinkage intensity lambda.var (variance vector): 0.902 

Estimating optimal shrinkage intensity lambda (correlation matrix): 0.5884 

[1] "Round 42"
Estimating optimal shrinkage intensity lambda.var (variance vector): 0.89 

Estimating optimal shrinkage intensity lambda (correlation matrix): 0.4289 

Estimating optimal shrinkage intensity lambda.var (variance vector): 0.9249 

Estimating optimal shrinkage intensity lambda (correlation matrix): 0.5909 

[1] "Round 44"
Estimating optimal shrinkage intensity lambda.var (variance vector): 0.9106 

Estimating optimal shrinkage intensity lambda (correlation matrix): 0.5848 

Estimating optimal shrinkage intensity lambda.var (variance vector): 0.9182 

Estimating optimal shrinkage intensity lambda (correlation matrix): 0.5359 

[1] "Round 46"
Estimating optimal shrinkage intensity lambda.var (variance vector): 0.9717 

Estimating optimal shrinkage intensity lambda (correlation matrix): 0.6011 

Estimating optimal shrinkage intensity lambda.var (variance vector): 0.9567 

Estimating optimal shrinkage intensity lambda (correlation matrix): 0.6075 

[1] "Round 48"
Estimating optimal shrinkage intensity lambda.var (variance vector): 0.9251 

Estimating optimal shrinkage intensity lambda (correlation matrix): 0.3854 

Estimating optimal shrinkage intensity lambda.var (variance vector): 0.8849 

Estimating optimal shrinkage intensity lambda (correlation matrix): 0.6219 

[1] "Round 50"
Estimating optimal shrinkage intensity lambda.var (variance vector): 0.8998 

Estimating optimal shrinkage intensity lambda (correlation matrix): 0.5076 

Estimating optimal shrinkage intensity lambda.var (variance vector): 0.7909 

Estimating optimal shrinkage intensity lambda (correlation matrix): 0.4788 

[1] "Round 52"
Estimating optimal shrinkage intensity lambda.var (variance vector): 0.9047 

Estimating optimal shrinkage intensity lambda (correlation matrix): 0.5528 

Estimating optimal shrinkage intensity lambda.var (variance vector): 0.8374 

Estimating optimal shrinkage intensity lambda (correlation matrix): 0.6381 

[1] "Round 54"
Estimating optimal shrinkage intensity lambda.var (variance vector): 0.8249 

Estimating optimal shrinkage intensity lambda (correlation matrix): 0.6272 

Estimating optimal shrinkage intensity lambda.var (variance vector): 1 

Estimating optimal shrinkage intensity lambda (correlation matrix): 0.5079 

[1] "Round 56"
Estimating optimal shrinkage intensity lambda.var (variance vector): 0.9763 

Estimating optimal shrinkage intensity lambda (correlation matrix): 0.5535 

Estimating optimal shrinkage intensity lambda.var (variance vector): 0.7849 

Estimating optimal shrinkage intensity lambda (correlation matrix): 0.5281 

[1] "Round 58"
Estimating optimal shrinkage intensity lambda.var (variance vector): 0.9341 

Estimating optimal shrinkage intensity lambda (correlation matrix): 0.4948 

Estimating optimal shrinkage intensity lambda.var (variance vector): 0.8108 

Estimating optimal shrinkage intensity lambda (correlation matrix): 0.4877 

[1] "Round 60"
Estimating optimal shrinkage intensity lambda.var (variance vector): 0.8719 

Estimating optimal shrinkage intensity lambda (correlation matrix): 0.3946 

Estimating optimal shrinkage intensity lambda.var (variance vector): 0.9265 

Estimating optimal shrinkage intensity lambda (correlation matrix): 0.6855 

[1] "Round 62"
Estimating optimal shrinkage intensity lambda.var (variance vector): 0.8858 

Estimating optimal shrinkage intensity lambda (correlation matrix): 0.5427 

Estimating optimal shrinkage intensity lambda.var (variance vector): 0.9218 

Estimating optimal shrinkage intensity lambda (correlation matrix): 0.6084 

[1] "Round 64"
Estimating optimal shrinkage intensity lambda.var (variance vector): 0.95 

Estimating optimal shrinkage intensity lambda (correlation matrix): 0.5553 

Estimating optimal shrinkage intensity lambda.var (variance vector): 0.841 

Estimating optimal shrinkage intensity lambda (correlation matrix): 0.4253 

[1] "Round 66"
Estimating optimal shrinkage intensity lambda.var (variance vector): 0.9246 

Estimating optimal shrinkage intensity lambda (correlation matrix): 0.5497 

Estimating optimal shrinkage intensity lambda.var (variance vector): 0.9871 

Estimating optimal shrinkage intensity lambda (correlation matrix): 0.4191 

[1] "Round 68"
Estimating optimal shrinkage intensity lambda.var (variance vector): 0.6985 

Estimating optimal shrinkage intensity lambda (correlation matrix): 0.4615 

Estimating optimal shrinkage intensity lambda.var (variance vector): 1 

Estimating optimal shrinkage intensity lambda (correlation matrix): 0.4514 

[1] "Round 70"
Estimating optimal shrinkage intensity lambda.var (variance vector): 0.9281 

Estimating optimal shrinkage intensity lambda (correlation matrix): 0.5337 

Estimating optimal shrinkage intensity lambda.var (variance vector): 0.9376 

Estimating optimal shrinkage intensity lambda (correlation matrix): 0.5172 

[1] "Round 72"
Estimating optimal shrinkage intensity lambda.var (variance vector): 0.9161 

Estimating optimal shrinkage intensity lambda (correlation matrix): 0.5339 

Estimating optimal shrinkage intensity lambda.var (variance vector): 0.907 

Estimating optimal shrinkage intensity lambda (correlation matrix): 0.6235 

[1] "Round 74"
Estimating optimal shrinkage intensity lambda.var (variance vector): 0.8065 

Estimating optimal shrinkage intensity lambda (correlation matrix): 0.5809 

Estimating optimal shrinkage intensity lambda.var (variance vector): 1 

Estimating optimal shrinkage intensity lambda (correlation matrix): 0.3805 

[1] "Round 76"
Estimating optimal shrinkage intensity lambda.var (variance vector): 0.9879 

Estimating optimal shrinkage intensity lambda (correlation matrix): 0.5665 

Estimating optimal shrinkage intensity lambda.var (variance vector): 0.9264 

Estimating optimal shrinkage intensity lambda (correlation matrix): 0.557 

[1] "Round 78"
Estimating optimal shrinkage intensity lambda.var (variance vector): 0.8683 

Estimating optimal shrinkage intensity lambda (correlation matrix): 0.6007 

Estimating optimal shrinkage intensity lambda.var (variance vector): 0.8221 

Estimating optimal shrinkage intensity lambda (correlation matrix): 0.3829 

[1] "Round 80"
Estimating optimal shrinkage intensity lambda.var (variance vector): 0.776 

Estimating optimal shrinkage intensity lambda (correlation matrix): 0.5108 

Estimating optimal shrinkage intensity lambda.var (variance vector): 0.8711 

Estimating optimal shrinkage intensity lambda (correlation matrix): 0.559 

[1] "Round 82"
Estimating optimal shrinkage intensity lambda.var (variance vector): 0.9019 

Estimating optimal shrinkage intensity lambda (correlation matrix): 0.6299 

Estimating optimal shrinkage intensity lambda.var (variance vector): 0.8716 

Estimating optimal shrinkage intensity lambda (correlation matrix): 0.4211 

[1] "Round 84"
Estimating optimal shrinkage intensity lambda.var (variance vector): 0.7039 

Estimating optimal shrinkage intensity lambda (correlation matrix): 0.5455 

Estimating optimal shrinkage intensity lambda.var (variance vector): 0.8484 

Estimating optimal shrinkage intensity lambda (correlation matrix): 0.577 

[1] "Round 86"
Estimating optimal shrinkage intensity lambda.var (variance vector): 0.8898 

Estimating optimal shrinkage intensity lambda (correlation matrix): 0.533 

Estimating optimal shrinkage intensity lambda.var (variance vector): 0.8432 

Estimating optimal shrinkage intensity lambda (correlation matrix): 0.6798 

[1] "Round 88"
Estimating optimal shrinkage intensity lambda.var (variance vector): 0.8046 

Estimating optimal shrinkage intensity lambda (correlation matrix): 0.6081 

Estimating optimal shrinkage intensity lambda.var (variance vector): 0.8713 

Estimating optimal shrinkage intensity lambda (correlation matrix): 0.5644 

[1] "Round 90"
Estimating optimal shrinkage intensity lambda.var (variance vector): 0.8533 

Estimating optimal shrinkage intensity lambda (correlation matrix): 0.565 

Estimating optimal shrinkage intensity lambda.var (variance vector): 0.7433 

Estimating optimal shrinkage intensity lambda (correlation matrix): 0.5134 

[1] "Round 92"
Estimating optimal shrinkage intensity lambda.var (variance vector): 0.9241 

Estimating optimal shrinkage intensity lambda (correlation matrix): 0.5098 

Estimating optimal shrinkage intensity lambda.var (variance vector): 0.917 

Estimating optimal shrinkage intensity lambda (correlation matrix): 0.5023 

[1] "Round 94"
Estimating optimal shrinkage intensity lambda.var (variance vector): 0.8558 

Estimating optimal shrinkage intensity lambda (correlation matrix): 0.5401 

Estimating optimal shrinkage intensity lambda.var (variance vector): 0.9307 

Estimating optimal shrinkage intensity lambda (correlation matrix): 0.5502 

[1] "Round 96"
Estimating optimal shrinkage intensity lambda.var (variance vector): 0.892 

Estimating optimal shrinkage intensity lambda (correlation matrix): 0.6232 

Estimating optimal shrinkage intensity lambda.var (variance vector): 0.9328 

Estimating optimal shrinkage intensity lambda (correlation matrix): 0.5311 

[1] "Round 98"
Estimating optimal shrinkage intensity lambda.var (variance vector): 0.9086 

Estimating optimal shrinkage intensity lambda (correlation matrix): 0.4746 

Estimating optimal shrinkage intensity lambda.var (variance vector): 0.7423 

Estimating optimal shrinkage intensity lambda (correlation matrix): 0.6278 

[1] "Round 100"
Estimating optimal shrinkage intensity lambda.var (variance vector): 0.9209 

Estimating optimal shrinkage intensity lambda (correlation matrix): 0.5852 

[1] "data/Debi+lognormal_n100_p200_tau0.5_rho0.5_sigma0.5_Nsim100"
                        lambda         SE        PE       linf         FPR
bootstrap_mean     0.125487831 2.55655131 3.0882871 0.82909526 0.047164948
bootstrap_mean_std 0.004030053 0.08488379 0.2661605 0.01736274 0.001213579
                          FNR        TPR      sum_beta
bootstrap_mean     0.16166667 0.83833333 -1.665335e-18
bootstrap_mean_std 0.01195178 0.01195178  3.051201e-18
Time difference of 2.316864 mins
