Loading required package: Matrix
Loaded glmnet 4.1-8
Loaded lars 1.3

[1] "estimated tau is 0.807741427119347"
Estimating optimal shrinkage intensity lambda.var (variance vector): 0.7739 

Estimating optimal shrinkage intensity lambda (correlation matrix): 0.5435 

[1] "Round 2"
Estimating optimal shrinkage intensity lambda.var (variance vector): 0.7369 

Estimating optimal shrinkage intensity lambda (correlation matrix): 0.4915 

Estimating optimal shrinkage intensity lambda.var (variance vector): 0.8092 

Estimating optimal shrinkage intensity lambda (correlation matrix): 0.6334 

[1] "Round 4"
Estimating optimal shrinkage intensity lambda.var (variance vector): 0.761 

Estimating optimal shrinkage intensity lambda (correlation matrix): 0.5453 

Estimating optimal shrinkage intensity lambda.var (variance vector): 0.951 

Estimating optimal shrinkage intensity lambda (correlation matrix): 0.6338 

[1] "Round 6"
Estimating optimal shrinkage intensity lambda.var (variance vector): 0.8754 

Estimating optimal shrinkage intensity lambda (correlation matrix): 0.5772 

Estimating optimal shrinkage intensity lambda.var (variance vector): 0.7866 

Estimating optimal shrinkage intensity lambda (correlation matrix): 0.5935 

[1] "Round 8"
Estimating optimal shrinkage intensity lambda.var (variance vector): 0.8654 

Estimating optimal shrinkage intensity lambda (correlation matrix): 0.5494 

Estimating optimal shrinkage intensity lambda.var (variance vector): 0.8564 

Estimating optimal shrinkage intensity lambda (correlation matrix): 0.5837 

[1] "Round 10"
Estimating optimal shrinkage intensity lambda.var (variance vector): 0.9867 

Estimating optimal shrinkage intensity lambda (correlation matrix): 0.5364 

Estimating optimal shrinkage intensity lambda.var (variance vector): 0.728 

Estimating optimal shrinkage intensity lambda (correlation matrix): 0.5275 

[1] "Round 12"
Estimating optimal shrinkage intensity lambda.var (variance vector): 0.7636 

Estimating optimal shrinkage intensity lambda (correlation matrix): 0.5975 

Estimating optimal shrinkage intensity lambda.var (variance vector): 0.753 

Estimating optimal shrinkage intensity lambda (correlation matrix): 0.6469 

[1] "Round 14"
Estimating optimal shrinkage intensity lambda.var (variance vector): 0.7503 

Estimating optimal shrinkage intensity lambda (correlation matrix): 0.6045 

Estimating optimal shrinkage intensity lambda.var (variance vector): 0.6722 

Estimating optimal shrinkage intensity lambda (correlation matrix): 0.565 

[1] "Round 16"
Estimating optimal shrinkage intensity lambda.var (variance vector): 0.8016 

Estimating optimal shrinkage intensity lambda (correlation matrix): 0.6059 

Estimating optimal shrinkage intensity lambda.var (variance vector): 0.8852 

Estimating optimal shrinkage intensity lambda (correlation matrix): 0.5471 

[1] "Round 18"
Estimating optimal shrinkage intensity lambda.var (variance vector): 0.7663 

Estimating optimal shrinkage intensity lambda (correlation matrix): 0.6766 

Estimating optimal shrinkage intensity lambda.var (variance vector): 0.8255 

Estimating optimal shrinkage intensity lambda (correlation matrix): 0.5571 

[1] "Round 20"
Estimating optimal shrinkage intensity lambda.var (variance vector): 0.885 

Estimating optimal shrinkage intensity lambda (correlation matrix): 0.4754 

Estimating optimal shrinkage intensity lambda.var (variance vector): 0.822 

Estimating optimal shrinkage intensity lambda (correlation matrix): 0.6077 

[1] "Round 22"
Estimating optimal shrinkage intensity lambda.var (variance vector): 0.7712 

Estimating optimal shrinkage intensity lambda (correlation matrix): 0.4585 

Estimating optimal shrinkage intensity lambda.var (variance vector): 0.7171 

Estimating optimal shrinkage intensity lambda (correlation matrix): 0.6077 

[1] "Round 24"
Estimating optimal shrinkage intensity lambda.var (variance vector): 0.7058 

Estimating optimal shrinkage intensity lambda (correlation matrix): 0.5773 

Estimating optimal shrinkage intensity lambda.var (variance vector): 0.7591 

Estimating optimal shrinkage intensity lambda (correlation matrix): 0.5607 

[1] "Round 26"
Estimating optimal shrinkage intensity lambda.var (variance vector): 0.743 

Estimating optimal shrinkage intensity lambda (correlation matrix): 0.6148 

Estimating optimal shrinkage intensity lambda.var (variance vector): 0.8174 

Estimating optimal shrinkage intensity lambda (correlation matrix): 0.5772 

[1] "Round 28"
Estimating optimal shrinkage intensity lambda.var (variance vector): 0.7447 

Estimating optimal shrinkage intensity lambda (correlation matrix): 0.6535 

Estimating optimal shrinkage intensity lambda.var (variance vector): 0.8823 

Estimating optimal shrinkage intensity lambda (correlation matrix): 0.4652 

[1] "Round 30"
Estimating optimal shrinkage intensity lambda.var (variance vector): 0.8561 

Estimating optimal shrinkage intensity lambda (correlation matrix): 0.5865 

Estimating optimal shrinkage intensity lambda.var (variance vector): 0.7486 

Estimating optimal shrinkage intensity lambda (correlation matrix): 0.6871 

[1] "Round 32"
Estimating optimal shrinkage intensity lambda.var (variance vector): 0.7391 

Estimating optimal shrinkage intensity lambda (correlation matrix): 0.6367 

Estimating optimal shrinkage intensity lambda.var (variance vector): 0.9071 

Estimating optimal shrinkage intensity lambda (correlation matrix): 0.5818 

[1] "Round 34"
Estimating optimal shrinkage intensity lambda.var (variance vector): 0.8327 

Estimating optimal shrinkage intensity lambda (correlation matrix): 0.6161 

Estimating optimal shrinkage intensity lambda.var (variance vector): 0.8464 

Estimating optimal shrinkage intensity lambda (correlation matrix): 0.526 

[1] "Round 36"
Estimating optimal shrinkage intensity lambda.var (variance vector): 0.7762 

Estimating optimal shrinkage intensity lambda (correlation matrix): 0.5497 

Estimating optimal shrinkage intensity lambda.var (variance vector): 0.7527 

Estimating optimal shrinkage intensity lambda (correlation matrix): 0.4963 

[1] "Round 38"
Estimating optimal shrinkage intensity lambda.var (variance vector): 0.9329 

Estimating optimal shrinkage intensity lambda (correlation matrix): 0.6326 

Estimating optimal shrinkage intensity lambda.var (variance vector): 0.846 

Estimating optimal shrinkage intensity lambda (correlation matrix): 0.596 

[1] "Round 40"
Estimating optimal shrinkage intensity lambda.var (variance vector): 0.8054 

Estimating optimal shrinkage intensity lambda (correlation matrix): 0.5112 

Estimating optimal shrinkage intensity lambda.var (variance vector): 0.7837 

Estimating optimal shrinkage intensity lambda (correlation matrix): 0.5793 

[1] "Round 42"
Estimating optimal shrinkage intensity lambda.var (variance vector): 0.8401 

Estimating optimal shrinkage intensity lambda (correlation matrix): 0.5667 

Estimating optimal shrinkage intensity lambda.var (variance vector): 0.8706 

Estimating optimal shrinkage intensity lambda (correlation matrix): 0.5699 

[1] "Round 44"
Estimating optimal shrinkage intensity lambda.var (variance vector): 0.8133 

Estimating optimal shrinkage intensity lambda (correlation matrix): 0.5446 

Estimating optimal shrinkage intensity lambda.var (variance vector): 0.7676 

Estimating optimal shrinkage intensity lambda (correlation matrix): 0.5949 

[1] "Round 46"
Estimating optimal shrinkage intensity lambda.var (variance vector): 0.8254 

Estimating optimal shrinkage intensity lambda (correlation matrix): 0.5289 

Estimating optimal shrinkage intensity lambda.var (variance vector): 0.9011 

Estimating optimal shrinkage intensity lambda (correlation matrix): 0.5616 

[1] "Round 48"
Estimating optimal shrinkage intensity lambda.var (variance vector): 0.7314 

Estimating optimal shrinkage intensity lambda (correlation matrix): 0.5127 

Estimating optimal shrinkage intensity lambda.var (variance vector): 0.7943 

Estimating optimal shrinkage intensity lambda (correlation matrix): 0.4842 

[1] "Round 50"
Estimating optimal shrinkage intensity lambda.var (variance vector): 0.9335 

Estimating optimal shrinkage intensity lambda (correlation matrix): 0.5885 

Estimating optimal shrinkage intensity lambda.var (variance vector): 0.7227 

Estimating optimal shrinkage intensity lambda (correlation matrix): 0.4924 

[1] "Round 52"
Estimating optimal shrinkage intensity lambda.var (variance vector): 0.6555 

Estimating optimal shrinkage intensity lambda (correlation matrix): 0.6423 

Estimating optimal shrinkage intensity lambda.var (variance vector): 0.834 

Estimating optimal shrinkage intensity lambda (correlation matrix): 0.6482 

[1] "Round 54"
Estimating optimal shrinkage intensity lambda.var (variance vector): 0.7833 

Estimating optimal shrinkage intensity lambda (correlation matrix): 0.5802 

Estimating optimal shrinkage intensity lambda.var (variance vector): 0.7761 

Estimating optimal shrinkage intensity lambda (correlation matrix): 0.5556 

[1] "Round 56"
Estimating optimal shrinkage intensity lambda.var (variance vector): 0.8784 

Estimating optimal shrinkage intensity lambda (correlation matrix): 0.5723 

Estimating optimal shrinkage intensity lambda.var (variance vector): 0.7491 

Estimating optimal shrinkage intensity lambda (correlation matrix): 0.6033 

[1] "Round 58"
Estimating optimal shrinkage intensity lambda.var (variance vector): 0.9145 

Estimating optimal shrinkage intensity lambda (correlation matrix): 0.5733 

Estimating optimal shrinkage intensity lambda.var (variance vector): 0.8123 

Estimating optimal shrinkage intensity lambda (correlation matrix): 0.5807 

[1] "Round 60"
Estimating optimal shrinkage intensity lambda.var (variance vector): 0.7308 

Estimating optimal shrinkage intensity lambda (correlation matrix): 0.5748 

Estimating optimal shrinkage intensity lambda.var (variance vector): 0.7752 

Estimating optimal shrinkage intensity lambda (correlation matrix): 0.6097 

[1] "Round 62"
Estimating optimal shrinkage intensity lambda.var (variance vector): 0.929 

Estimating optimal shrinkage intensity lambda (correlation matrix): 0.5112 

Estimating optimal shrinkage intensity lambda.var (variance vector): 0.8059 

Estimating optimal shrinkage intensity lambda (correlation matrix): 0.5468 

[1] "Round 64"
Estimating optimal shrinkage intensity lambda.var (variance vector): 0.8095 

Estimating optimal shrinkage intensity lambda (correlation matrix): 0.6069 

Estimating optimal shrinkage intensity lambda.var (variance vector): 0.7868 

Estimating optimal shrinkage intensity lambda (correlation matrix): 0.618 

[1] "Round 66"
Estimating optimal shrinkage intensity lambda.var (variance vector): 0.7317 

Estimating optimal shrinkage intensity lambda (correlation matrix): 0.5085 

Estimating optimal shrinkage intensity lambda.var (variance vector): 0.8152 

Estimating optimal shrinkage intensity lambda (correlation matrix): 0.4911 

[1] "Round 68"
Estimating optimal shrinkage intensity lambda.var (variance vector): 0.6983 

Estimating optimal shrinkage intensity lambda (correlation matrix): 0.6328 

Estimating optimal shrinkage intensity lambda.var (variance vector): 0.8444 

Estimating optimal shrinkage intensity lambda (correlation matrix): 0.5306 

[1] "Round 70"
Estimating optimal shrinkage intensity lambda.var (variance vector): 0.823 

Estimating optimal shrinkage intensity lambda (correlation matrix): 0.4289 

Estimating optimal shrinkage intensity lambda.var (variance vector): 0.847 

Estimating optimal shrinkage intensity lambda (correlation matrix): 0.6533 

[1] "Round 72"
Estimating optimal shrinkage intensity lambda.var (variance vector): 0.8219 

Estimating optimal shrinkage intensity lambda (correlation matrix): 0.5725 

Estimating optimal shrinkage intensity lambda.var (variance vector): 0.8587 

Estimating optimal shrinkage intensity lambda (correlation matrix): 0.5783 

[1] "Round 74"
Estimating optimal shrinkage intensity lambda.var (variance vector): 0.8112 

Estimating optimal shrinkage intensity lambda (correlation matrix): 0.6823 

Estimating optimal shrinkage intensity lambda.var (variance vector): 0.7851 

Estimating optimal shrinkage intensity lambda (correlation matrix): 0.6145 

[1] "Round 76"
Estimating optimal shrinkage intensity lambda.var (variance vector): 0.7568 

Estimating optimal shrinkage intensity lambda (correlation matrix): 0.5257 

Estimating optimal shrinkage intensity lambda.var (variance vector): 0.7906 

Estimating optimal shrinkage intensity lambda (correlation matrix): 0.4916 

[1] "Round 78"
Estimating optimal shrinkage intensity lambda.var (variance vector): 0.7535 

Estimating optimal shrinkage intensity lambda (correlation matrix): 0.6638 

Estimating optimal shrinkage intensity lambda.var (variance vector): 0.7801 

Estimating optimal shrinkage intensity lambda (correlation matrix): 0.5984 

[1] "Round 80"
Estimating optimal shrinkage intensity lambda.var (variance vector): 0.8778 

Estimating optimal shrinkage intensity lambda (correlation matrix): 0.6291 

Estimating optimal shrinkage intensity lambda.var (variance vector): 0.8716 

Estimating optimal shrinkage intensity lambda (correlation matrix): 0.6106 

[1] "Round 82"
Estimating optimal shrinkage intensity lambda.var (variance vector): 0.7843 

Estimating optimal shrinkage intensity lambda (correlation matrix): 0.5565 

Estimating optimal shrinkage intensity lambda.var (variance vector): 0.9914 

Estimating optimal shrinkage intensity lambda (correlation matrix): 0.5386 

[1] "Round 84"
Estimating optimal shrinkage intensity lambda.var (variance vector): 0.8912 

Estimating optimal shrinkage intensity lambda (correlation matrix): 0.5677 

Estimating optimal shrinkage intensity lambda.var (variance vector): 0.7433 

Estimating optimal shrinkage intensity lambda (correlation matrix): 0.6192 

[1] "Round 86"
Estimating optimal shrinkage intensity lambda.var (variance vector): 0.7295 

Estimating optimal shrinkage intensity lambda (correlation matrix): 0.4603 

Estimating optimal shrinkage intensity lambda.var (variance vector): 0.8741 

Estimating optimal shrinkage intensity lambda (correlation matrix): 0.6185 

[1] "Round 88"
Estimating optimal shrinkage intensity lambda.var (variance vector): 0.8014 

Estimating optimal shrinkage intensity lambda (correlation matrix): 0.5855 

Estimating optimal shrinkage intensity lambda.var (variance vector): 0.731 

Estimating optimal shrinkage intensity lambda (correlation matrix): 0.6283 

[1] "Round 90"
Estimating optimal shrinkage intensity lambda.var (variance vector): 0.8039 

Estimating optimal shrinkage intensity lambda (correlation matrix): 0.5864 

Estimating optimal shrinkage intensity lambda.var (variance vector): 0.8535 

Estimating optimal shrinkage intensity lambda (correlation matrix): 0.568 

[1] "Round 92"
Estimating optimal shrinkage intensity lambda.var (variance vector): 0.8023 

Estimating optimal shrinkage intensity lambda (correlation matrix): 0.6056 

Estimating optimal shrinkage intensity lambda.var (variance vector): 0.7923 

Estimating optimal shrinkage intensity lambda (correlation matrix): 0.5177 

[1] "Round 94"
Estimating optimal shrinkage intensity lambda.var (variance vector): 0.7503 

Estimating optimal shrinkage intensity lambda (correlation matrix): 0.492 

Estimating optimal shrinkage intensity lambda.var (variance vector): 0.7121 

Estimating optimal shrinkage intensity lambda (correlation matrix): 0.5857 

[1] "Round 96"
Estimating optimal shrinkage intensity lambda.var (variance vector): 0.9105 

Estimating optimal shrinkage intensity lambda (correlation matrix): 0.6112 

Estimating optimal shrinkage intensity lambda.var (variance vector): 0.8732 

Estimating optimal shrinkage intensity lambda (correlation matrix): 0.5135 

[1] "Round 98"
Estimating optimal shrinkage intensity lambda.var (variance vector): 0.7799 

Estimating optimal shrinkage intensity lambda (correlation matrix): 0.5856 

Estimating optimal shrinkage intensity lambda.var (variance vector): 0.7733 

Estimating optimal shrinkage intensity lambda (correlation matrix): 0.5019 

[1] "Round 100"
Estimating optimal shrinkage intensity lambda.var (variance vector): 0.7378 

Estimating optimal shrinkage intensity lambda (correlation matrix): 0.5984 

[1] "data/Debi+dirmult_n100_p200_tau0.807741427119347_rho0.5_sigma0.5_Nsim100"
                        lambda         SE        PE       linf         FPR
bootstrap_mean     0.085846299 1.72832592 2.6030809 0.67868597 0.029896907
bootstrap_mean_std 0.003316932 0.09478804 0.1903025 0.02545978 0.001115937
                          FNR        TPR      sum_beta
bootstrap_mean     0.05166667 0.94833333 -1.110223e-18
bootstrap_mean_std 0.01077653 0.01077653  2.923566e-18
Time difference of 2.521358 mins
[1] "estimated tau is 0.808554915795081"
[1] "Round 2"
[1] "Round 4"
[1] "Round 6"
[1] "Round 8"
[1] "Round 10"
[1] "Round 12"
[1] "Round 14"
[1] "Round 16"
[1] "Round 18"
[1] "Round 20"
[1] "Round 22"
[1] "Round 24"
[1] "Round 26"
[1] "Round 28"
[1] "Round 30"
[1] "Round 32"
[1] "Round 34"
[1] "Round 36"
[1] "Round 38"
[1] "Round 40"
[1] "Round 42"
[1] "Round 44"
[1] "Round 46"
[1] "Round 48"
[1] "Round 50"
[1] "Round 52"
[1] "Round 54"
[1] "Round 56"
[1] "Round 58"
[1] "Round 60"
[1] "Round 62"
[1] "Round 64"
[1] "Round 66"
[1] "Round 68"
[1] "Round 70"
[1] "Round 72"
[1] "Round 74"
[1] "Round 76"
[1] "Round 78"
[1] "Round 80"
[1] "Round 82"
[1] "Round 84"
[1] "Round 86"
[1] "Round 88"
[1] "Round 90"
[1] "Round 92"
[1] "Round 94"
[1] "Round 96"
[1] "Round 98"
[1] "Round 100"
[1] "data/Eric+dirmult_n100_p200_tau0.808554915795081_rho0.5_sigma0.5_Nsim100"
                        lambda         SE         PE        linf         FPR
bootstrap_mean     0.270427548 2.30818357 0.86201406 0.819986343 0.066494845
bootstrap_mean_std 0.004750654 0.05285042 0.02087067 0.006540131 0.002655282
                           FNR         TPR     sum_beta
bootstrap_mean     0.178333333 0.821666667 1.041921e-07
bootstrap_mean_std 0.008943958 0.008943958 3.972896e-08
Time difference of 6.808623 mins
