Loading required package: Matrix
Loaded glmnet 4.1-8
Loaded lars 1.3

[1] "estimated tau is 1.43609724035735"
Estimating optimal shrinkage intensity lambda.var (variance vector): 0.4673 

Estimating optimal shrinkage intensity lambda (correlation matrix): 0.7446 

[1] "Round 2"
Estimating optimal shrinkage intensity lambda.var (variance vector): 0.4551 

Estimating optimal shrinkage intensity lambda (correlation matrix): 0.7232 

Estimating optimal shrinkage intensity lambda.var (variance vector): 0.4454 

Estimating optimal shrinkage intensity lambda (correlation matrix): 0.7627 

[1] "Round 4"
Estimating optimal shrinkage intensity lambda.var (variance vector): 0.4609 

Estimating optimal shrinkage intensity lambda (correlation matrix): 0.7092 

Estimating optimal shrinkage intensity lambda.var (variance vector): 0.4306 

Estimating optimal shrinkage intensity lambda (correlation matrix): 0.6197 

[1] "Round 6"
Estimating optimal shrinkage intensity lambda.var (variance vector): 0.4994 

Estimating optimal shrinkage intensity lambda (correlation matrix): 0.7556 

Estimating optimal shrinkage intensity lambda.var (variance vector): 0.4386 

Estimating optimal shrinkage intensity lambda (correlation matrix): 0.795 

[1] "Round 8"
Estimating optimal shrinkage intensity lambda.var (variance vector): 0.4629 

Estimating optimal shrinkage intensity lambda (correlation matrix): 0.7539 

Estimating optimal shrinkage intensity lambda.var (variance vector): 0.4468 

Estimating optimal shrinkage intensity lambda (correlation matrix): 0.6114 

[1] "Round 10"
Estimating optimal shrinkage intensity lambda.var (variance vector): 0.4566 

Estimating optimal shrinkage intensity lambda (correlation matrix): 0.8042 

Estimating optimal shrinkage intensity lambda.var (variance vector): 0.4501 

Estimating optimal shrinkage intensity lambda (correlation matrix): 0.747 

[1] "Round 12"
Estimating optimal shrinkage intensity lambda.var (variance vector): 0.4509 

Estimating optimal shrinkage intensity lambda (correlation matrix): 0.7599 

Estimating optimal shrinkage intensity lambda.var (variance vector): 0.4308 

Estimating optimal shrinkage intensity lambda (correlation matrix): 0.6603 

[1] "Round 14"
Estimating optimal shrinkage intensity lambda.var (variance vector): 0.4598 

Estimating optimal shrinkage intensity lambda (correlation matrix): 0.6409 

Estimating optimal shrinkage intensity lambda.var (variance vector): 0.3999 

Estimating optimal shrinkage intensity lambda (correlation matrix): 0.7987 

[1] "Round 16"
Estimating optimal shrinkage intensity lambda.var (variance vector): 0.4549 

Estimating optimal shrinkage intensity lambda (correlation matrix): 0.7941 

Estimating optimal shrinkage intensity lambda.var (variance vector): 0.4829 

Estimating optimal shrinkage intensity lambda (correlation matrix): 0.6878 

[1] "Round 18"
Estimating optimal shrinkage intensity lambda.var (variance vector): 0.4094 

Estimating optimal shrinkage intensity lambda (correlation matrix): 0.7933 

Estimating optimal shrinkage intensity lambda.var (variance vector): 0.4826 

Estimating optimal shrinkage intensity lambda (correlation matrix): 0.7201 

[1] "Round 20"
Estimating optimal shrinkage intensity lambda.var (variance vector): 0.4903 

Estimating optimal shrinkage intensity lambda (correlation matrix): 0.5837 

Estimating optimal shrinkage intensity lambda.var (variance vector): 0.4236 

Estimating optimal shrinkage intensity lambda (correlation matrix): 0.7116 

[1] "Round 22"
Estimating optimal shrinkage intensity lambda.var (variance vector): 0.4558 

Estimating optimal shrinkage intensity lambda (correlation matrix): 0.7552 

Estimating optimal shrinkage intensity lambda.var (variance vector): 0.4213 

Estimating optimal shrinkage intensity lambda (correlation matrix): 0.711 

[1] "Round 24"
Estimating optimal shrinkage intensity lambda.var (variance vector): 0.4518 

Estimating optimal shrinkage intensity lambda (correlation matrix): 0.7158 

Estimating optimal shrinkage intensity lambda.var (variance vector): 0.4366 

Estimating optimal shrinkage intensity lambda (correlation matrix): 0.7784 

[1] "Round 26"
Estimating optimal shrinkage intensity lambda.var (variance vector): 0.4449 

Estimating optimal shrinkage intensity lambda (correlation matrix): 0.8173 

Estimating optimal shrinkage intensity lambda.var (variance vector): 0.4287 

Estimating optimal shrinkage intensity lambda (correlation matrix): 0.6875 

[1] "Round 28"
Estimating optimal shrinkage intensity lambda.var (variance vector): 0.4424 

Estimating optimal shrinkage intensity lambda (correlation matrix): 0.7266 

Estimating optimal shrinkage intensity lambda.var (variance vector): 0.4704 

Estimating optimal shrinkage intensity lambda (correlation matrix): 0.8052 

[1] "Round 30"
Estimating optimal shrinkage intensity lambda.var (variance vector): 0.4152 

Estimating optimal shrinkage intensity lambda (correlation matrix): 0.8179 

Estimating optimal shrinkage intensity lambda.var (variance vector): 0.4329 

Estimating optimal shrinkage intensity lambda (correlation matrix): 0.7216 

[1] "Round 32"
Estimating optimal shrinkage intensity lambda.var (variance vector): 0.4726 

Estimating optimal shrinkage intensity lambda (correlation matrix): 0.788 

Estimating optimal shrinkage intensity lambda.var (variance vector): 0.4779 

Estimating optimal shrinkage intensity lambda (correlation matrix): 0.7227 

[1] "Round 34"
Estimating optimal shrinkage intensity lambda.var (variance vector): 0.4192 

Estimating optimal shrinkage intensity lambda (correlation matrix): 0.7119 

Estimating optimal shrinkage intensity lambda.var (variance vector): 0.4344 

Estimating optimal shrinkage intensity lambda (correlation matrix): 0.7123 

[1] "Round 36"
Estimating optimal shrinkage intensity lambda.var (variance vector): 0.373 

Estimating optimal shrinkage intensity lambda (correlation matrix): 0.7426 

Estimating optimal shrinkage intensity lambda.var (variance vector): 0.4384 

Estimating optimal shrinkage intensity lambda (correlation matrix): 0.7846 

[1] "Round 38"
Estimating optimal shrinkage intensity lambda.var (variance vector): 0.402 

Estimating optimal shrinkage intensity lambda (correlation matrix): 0.8211 

Estimating optimal shrinkage intensity lambda.var (variance vector): 0.4855 

Estimating optimal shrinkage intensity lambda (correlation matrix): 0.7062 

[1] "Round 40"
Estimating optimal shrinkage intensity lambda.var (variance vector): 0.4064 

Estimating optimal shrinkage intensity lambda (correlation matrix): 0.761 

Estimating optimal shrinkage intensity lambda.var (variance vector): 0.5063 

Estimating optimal shrinkage intensity lambda (correlation matrix): 0.8108 

[1] "Round 42"
Estimating optimal shrinkage intensity lambda.var (variance vector): 0.4399 

Estimating optimal shrinkage intensity lambda (correlation matrix): 0.7431 

Estimating optimal shrinkage intensity lambda.var (variance vector): 0.4685 

Estimating optimal shrinkage intensity lambda (correlation matrix): 0.7757 

[1] "Round 44"
Estimating optimal shrinkage intensity lambda.var (variance vector): 0.488 

Estimating optimal shrinkage intensity lambda (correlation matrix): 0.7059 

Estimating optimal shrinkage intensity lambda.var (variance vector): 0.4364 

Estimating optimal shrinkage intensity lambda (correlation matrix): 0.791 

[1] "Round 46"
Estimating optimal shrinkage intensity lambda.var (variance vector): 0.4408 

Estimating optimal shrinkage intensity lambda (correlation matrix): 0.7441 

Estimating optimal shrinkage intensity lambda.var (variance vector): 0.4478 

Estimating optimal shrinkage intensity lambda (correlation matrix): 0.7613 

[1] "Round 48"
Estimating optimal shrinkage intensity lambda.var (variance vector): 0.4723 

Estimating optimal shrinkage intensity lambda (correlation matrix): 0.6314 

Estimating optimal shrinkage intensity lambda.var (variance vector): 0.4847 

Estimating optimal shrinkage intensity lambda (correlation matrix): 0.7969 

[1] "Round 50"
Estimating optimal shrinkage intensity lambda.var (variance vector): 0.4439 

Estimating optimal shrinkage intensity lambda (correlation matrix): 0.7234 

Estimating optimal shrinkage intensity lambda.var (variance vector): 0.4799 

Estimating optimal shrinkage intensity lambda (correlation matrix): 0.8367 

[1] "Round 52"
Estimating optimal shrinkage intensity lambda.var (variance vector): 0.4715 

Estimating optimal shrinkage intensity lambda (correlation matrix): 0.7366 

Estimating optimal shrinkage intensity lambda.var (variance vector): 0.4668 

Estimating optimal shrinkage intensity lambda (correlation matrix): 0.6121 

[1] "Round 54"
Estimating optimal shrinkage intensity lambda.var (variance vector): 0.5075 

Estimating optimal shrinkage intensity lambda (correlation matrix): 0.7523 

Estimating optimal shrinkage intensity lambda.var (variance vector): 0.4623 

Estimating optimal shrinkage intensity lambda (correlation matrix): 0.7622 

[1] "Round 56"
Estimating optimal shrinkage intensity lambda.var (variance vector): 0.4988 

Estimating optimal shrinkage intensity lambda (correlation matrix): 0.775 

Estimating optimal shrinkage intensity lambda.var (variance vector): 0.4757 

Estimating optimal shrinkage intensity lambda (correlation matrix): 0.7478 

[1] "Round 58"
Estimating optimal shrinkage intensity lambda.var (variance vector): 0.4563 

Estimating optimal shrinkage intensity lambda (correlation matrix): 0.67 

Estimating optimal shrinkage intensity lambda.var (variance vector): 0.4649 

Estimating optimal shrinkage intensity lambda (correlation matrix): 0.7253 

[1] "Round 60"
Estimating optimal shrinkage intensity lambda.var (variance vector): 0.4458 

Estimating optimal shrinkage intensity lambda (correlation matrix): 0.7326 

Estimating optimal shrinkage intensity lambda.var (variance vector): 0.4181 

Estimating optimal shrinkage intensity lambda (correlation matrix): 0.7319 

[1] "Round 62"
Estimating optimal shrinkage intensity lambda.var (variance vector): 0.4303 

Estimating optimal shrinkage intensity lambda (correlation matrix): 0.815 

Estimating optimal shrinkage intensity lambda.var (variance vector): 0.4218 

Estimating optimal shrinkage intensity lambda (correlation matrix): 0.7039 

[1] "Round 64"
Estimating optimal shrinkage intensity lambda.var (variance vector): 0.4422 

Estimating optimal shrinkage intensity lambda (correlation matrix): 0.7552 

Estimating optimal shrinkage intensity lambda.var (variance vector): 0.4707 

Estimating optimal shrinkage intensity lambda (correlation matrix): 0.6811 

[1] "Round 66"
Estimating optimal shrinkage intensity lambda.var (variance vector): 0.4794 

Estimating optimal shrinkage intensity lambda (correlation matrix): 0.6932 

Estimating optimal shrinkage intensity lambda.var (variance vector): 0.4506 

Estimating optimal shrinkage intensity lambda (correlation matrix): 0.7143 

[1] "Round 68"
Estimating optimal shrinkage intensity lambda.var (variance vector): 0.449 

Estimating optimal shrinkage intensity lambda (correlation matrix): 0.749 

Estimating optimal shrinkage intensity lambda.var (variance vector): 0.4736 

Estimating optimal shrinkage intensity lambda (correlation matrix): 0.6527 

[1] "Round 70"
Estimating optimal shrinkage intensity lambda.var (variance vector): 0.4871 

Estimating optimal shrinkage intensity lambda (correlation matrix): 0.7995 

Estimating optimal shrinkage intensity lambda.var (variance vector): 0.4889 

Estimating optimal shrinkage intensity lambda (correlation matrix): 0.7742 

[1] "Round 72"
Estimating optimal shrinkage intensity lambda.var (variance vector): 0.4955 

Estimating optimal shrinkage intensity lambda (correlation matrix): 0.6946 

Estimating optimal shrinkage intensity lambda.var (variance vector): 0.4652 

Estimating optimal shrinkage intensity lambda (correlation matrix): 0.6595 

[1] "Round 74"
Estimating optimal shrinkage intensity lambda.var (variance vector): 0.4255 

Estimating optimal shrinkage intensity lambda (correlation matrix): 0.7223 

Estimating optimal shrinkage intensity lambda.var (variance vector): 0.4685 

Estimating optimal shrinkage intensity lambda (correlation matrix): 0.7689 

[1] "Round 76"
Estimating optimal shrinkage intensity lambda.var (variance vector): 0.489 

Estimating optimal shrinkage intensity lambda (correlation matrix): 0.8091 

Estimating optimal shrinkage intensity lambda.var (variance vector): 0.4258 

Estimating optimal shrinkage intensity lambda (correlation matrix): 0.6715 

[1] "Round 78"
Estimating optimal shrinkage intensity lambda.var (variance vector): 0.4253 

Estimating optimal shrinkage intensity lambda (correlation matrix): 0.6933 

Estimating optimal shrinkage intensity lambda.var (variance vector): 0.4562 

Estimating optimal shrinkage intensity lambda (correlation matrix): 0.7453 

[1] "Round 80"
Estimating optimal shrinkage intensity lambda.var (variance vector): 0.4677 

Estimating optimal shrinkage intensity lambda (correlation matrix): 0.7803 

Estimating optimal shrinkage intensity lambda.var (variance vector): 0.4577 

Estimating optimal shrinkage intensity lambda (correlation matrix): 0.7405 

[1] "Round 82"
Estimating optimal shrinkage intensity lambda.var (variance vector): 0.5097 

Estimating optimal shrinkage intensity lambda (correlation matrix): 0.7416 

Estimating optimal shrinkage intensity lambda.var (variance vector): 0.4658 

Estimating optimal shrinkage intensity lambda (correlation matrix): 0.7165 

[1] "Round 84"
Estimating optimal shrinkage intensity lambda.var (variance vector): 0.4608 

Estimating optimal shrinkage intensity lambda (correlation matrix): 0.6851 

Estimating optimal shrinkage intensity lambda.var (variance vector): 0.4802 

Estimating optimal shrinkage intensity lambda (correlation matrix): 0.6895 

[1] "Round 86"
Estimating optimal shrinkage intensity lambda.var (variance vector): 0.4908 

Estimating optimal shrinkage intensity lambda (correlation matrix): 0.7378 

Estimating optimal shrinkage intensity lambda.var (variance vector): 0.4659 

Estimating optimal shrinkage intensity lambda (correlation matrix): 0.7323 

[1] "Round 88"
Estimating optimal shrinkage intensity lambda.var (variance vector): 0.4605 

Estimating optimal shrinkage intensity lambda (correlation matrix): 0.7447 

Estimating optimal shrinkage intensity lambda.var (variance vector): 0.4773 

Estimating optimal shrinkage intensity lambda (correlation matrix): 0.7257 

[1] "Round 90"
Estimating optimal shrinkage intensity lambda.var (variance vector): 0.4447 

Estimating optimal shrinkage intensity lambda (correlation matrix): 0.7577 

Estimating optimal shrinkage intensity lambda.var (variance vector): 0.4919 

Estimating optimal shrinkage intensity lambda (correlation matrix): 0.7093 

[1] "Round 92"
Estimating optimal shrinkage intensity lambda.var (variance vector): 0.4651 

Estimating optimal shrinkage intensity lambda (correlation matrix): 0.7806 

Estimating optimal shrinkage intensity lambda.var (variance vector): 0.4422 

Estimating optimal shrinkage intensity lambda (correlation matrix): 0.6035 

[1] "Round 94"
Estimating optimal shrinkage intensity lambda.var (variance vector): 0.4434 

Estimating optimal shrinkage intensity lambda (correlation matrix): 0.6849 

Estimating optimal shrinkage intensity lambda.var (variance vector): 0.4639 

Estimating optimal shrinkage intensity lambda (correlation matrix): 0.653 

[1] "Round 96"
Estimating optimal shrinkage intensity lambda.var (variance vector): 0.4412 

Estimating optimal shrinkage intensity lambda (correlation matrix): 0.776 

Estimating optimal shrinkage intensity lambda.var (variance vector): 0.4566 

Estimating optimal shrinkage intensity lambda (correlation matrix): 0.7559 

[1] "Round 98"
Estimating optimal shrinkage intensity lambda.var (variance vector): 0.4432 

Estimating optimal shrinkage intensity lambda (correlation matrix): 0.7972 

Estimating optimal shrinkage intensity lambda.var (variance vector): 0.4552 

Estimating optimal shrinkage intensity lambda (correlation matrix): 0.7347 

[1] "Round 100"
Estimating optimal shrinkage intensity lambda.var (variance vector): 0.5148 

Estimating optimal shrinkage intensity lambda (correlation matrix): 0.7396 

[1] "data/Debi+dirmult_n100_p200_tau1.43609724035735_rho0.5_sigma0.5_Nsim100"
                        lambda         SE        PE       linf         FPR
bootstrap_mean     0.169051347 5.77873000 7.7172634 1.04319616 0.069536082
bootstrap_mean_std 0.007097655 0.09134048 0.4353419 0.01450606 0.001723664
                          FNR        TPR      sum_beta
bootstrap_mean     0.28666667 0.71333333 -3.041187e-19
bootstrap_mean_std 0.01554834 0.01554834  8.373772e-19
Time difference of 7.018226 mins
[1] "estimated tau is 1.43462414907093"
[1] "Round 2"
[1] "Round 4"
[1] "Round 6"
[1] "Round 8"
[1] "Round 10"
[1] "Round 12"
[1] "Round 14"
[1] "Round 16"
[1] "Round 18"
[1] "Round 20"
[1] "Round 22"
[1] "Round 24"
[1] "Round 26"
[1] "Round 28"
[1] "Round 30"
[1] "Round 32"
[1] "Round 34"
[1] "Round 36"
[1] "Round 38"
[1] "Round 40"
[1] "Round 42"
[1] "Round 44"
[1] "Round 46"
[1] "Round 48"
[1] "Round 50"
[1] "Round 52"
[1] "Round 54"
[1] "Round 56"
[1] "Round 58"
[1] "Round 60"
[1] "Round 62"
[1] "Round 64"
[1] "Round 66"
[1] "Round 68"
[1] "Round 70"
[1] "Round 72"
[1] "Round 74"
[1] "Round 76"
[1] "Round 78"
[1] "Round 80"
[1] "Round 82"
[1] "Round 84"
[1] "Round 86"
[1] "Round 88"
[1] "Round 90"
[1] "Round 92"
[1] "Round 94"
[1] "Round 96"
[1] "Round 98"
[1] "Round 100"
[1] "data/Eric+dirmult_n100_p200_tau1.43462414907093_rho0.5_sigma0.5_Nsim100"
                       lambda         SE         PE       linf         FPR
bootstrap_mean     0.68536502 5.71756504 3.58297654 1.27710621 0.056288660
bootstrap_mean_std 0.01782527 0.07656079 0.07926112 0.01191856 0.003569495
                          FNR        TPR      sum_beta
bootstrap_mean     0.43666667 0.56333333 -1.682740e-06
bootstrap_mean_std 0.01654501 0.01654501  2.566205e-07
Time difference of 12.66824 mins
[1] "estimated tau is 1.58651317048109"
Estimating optimal shrinkage intensity lambda.var (variance vector): 0.241 

Estimating optimal shrinkage intensity lambda (correlation matrix): 0.6875 

[1] "Round 2"
Estimating optimal shrinkage intensity lambda.var (variance vector): 0.2442 

Estimating optimal shrinkage intensity lambda (correlation matrix): 0.5832 

Estimating optimal shrinkage intensity lambda.var (variance vector): 0.2443 

Estimating optimal shrinkage intensity lambda (correlation matrix): 0.68 

[1] "Round 4"
Estimating optimal shrinkage intensity lambda.var (variance vector): 0.2461 

Estimating optimal shrinkage intensity lambda (correlation matrix): 0.6686 

Estimating optimal shrinkage intensity lambda.var (variance vector): 0.2536 

Estimating optimal shrinkage intensity lambda (correlation matrix): 0.689 

[1] "Round 6"
Estimating optimal shrinkage intensity lambda.var (variance vector): 0.2377 

Estimating optimal shrinkage intensity lambda (correlation matrix): 0.5951 

Estimating optimal shrinkage intensity lambda.var (variance vector): 0.249 

Estimating optimal shrinkage intensity lambda (correlation matrix): 0.6701 

[1] "Round 8"
Estimating optimal shrinkage intensity lambda.var (variance vector): 0.2367 

Estimating optimal shrinkage intensity lambda (correlation matrix): 0.6868 

Estimating optimal shrinkage intensity lambda.var (variance vector): 0.2509 

Estimating optimal shrinkage intensity lambda (correlation matrix): 0.6737 

[1] "Round 10"
Estimating optimal shrinkage intensity lambda.var (variance vector): 0.2437 

Estimating optimal shrinkage intensity lambda (correlation matrix): 0.694 

Estimating optimal shrinkage intensity lambda.var (variance vector): 0.2511 

Estimating optimal shrinkage intensity lambda (correlation matrix): 0.6525 

[1] "Round 12"
Estimating optimal shrinkage intensity lambda.var (variance vector): 0.2457 

Estimating optimal shrinkage intensity lambda (correlation matrix): 0.6377 

Estimating optimal shrinkage intensity lambda.var (variance vector): 0.2412 

Estimating optimal shrinkage intensity lambda (correlation matrix): 0.6154 

[1] "Round 14"
Estimating optimal shrinkage intensity lambda.var (variance vector): 0.2504 

Estimating optimal shrinkage intensity lambda (correlation matrix): 0.6841 

Estimating optimal shrinkage intensity lambda.var (variance vector): 0.2341 

Estimating optimal shrinkage intensity lambda (correlation matrix): 0.6531 

[1] "Round 16"
Estimating optimal shrinkage intensity lambda.var (variance vector): 0.2671 

Estimating optimal shrinkage intensity lambda (correlation matrix): 0.7073 

Estimating optimal shrinkage intensity lambda.var (variance vector): 0.2443 

Estimating optimal shrinkage intensity lambda (correlation matrix): 0.5961 

[1] "Round 18"
Estimating optimal shrinkage intensity lambda.var (variance vector): 0.2351 

Estimating optimal shrinkage intensity lambda (correlation matrix): 0.6778 

Estimating optimal shrinkage intensity lambda.var (variance vector): 0.2423 

Estimating optimal shrinkage intensity lambda (correlation matrix): 0.6254 

[1] "Round 20"
Estimating optimal shrinkage intensity lambda.var (variance vector): 0.2501 

Estimating optimal shrinkage intensity lambda (correlation matrix): 0.6909 

Estimating optimal shrinkage intensity lambda.var (variance vector): 0.2444 

Estimating optimal shrinkage intensity lambda (correlation matrix): 0.5883 

[1] "Round 22"
Estimating optimal shrinkage intensity lambda.var (variance vector): 0.2286 

Estimating optimal shrinkage intensity lambda (correlation matrix): 0.6163 

Estimating optimal shrinkage intensity lambda.var (variance vector): 0.25 

Estimating optimal shrinkage intensity lambda (correlation matrix): 0.6439 

[1] "Round 24"
Estimating optimal shrinkage intensity lambda.var (variance vector): 0.2374 

Estimating optimal shrinkage intensity lambda (correlation matrix): 0.6568 

Estimating optimal shrinkage intensity lambda.var (variance vector): 0.249 

Estimating optimal shrinkage intensity lambda (correlation matrix): 0.6853 

[1] "Round 26"
Estimating optimal shrinkage intensity lambda.var (variance vector): 0.2469 

Estimating optimal shrinkage intensity lambda (correlation matrix): 0.6178 

Estimating optimal shrinkage intensity lambda.var (variance vector): 0.2419 

Estimating optimal shrinkage intensity lambda (correlation matrix): 0.621 

[1] "Round 28"
Estimating optimal shrinkage intensity lambda.var (variance vector): 0.2342 

Estimating optimal shrinkage intensity lambda (correlation matrix): 0.6416 

Estimating optimal shrinkage intensity lambda.var (variance vector): 0.2362 

Estimating optimal shrinkage intensity lambda (correlation matrix): 0.6722 

[1] "Round 30"
Estimating optimal shrinkage intensity lambda.var (variance vector): 0.2517 

Estimating optimal shrinkage intensity lambda (correlation matrix): 0.6756 

Estimating optimal shrinkage intensity lambda.var (variance vector): 0.2364 

Estimating optimal shrinkage intensity lambda (correlation matrix): 0.6659 

[1] "Round 32"
Estimating optimal shrinkage intensity lambda.var (variance vector): 0.2657 

Estimating optimal shrinkage intensity lambda (correlation matrix): 0.6899 

Estimating optimal shrinkage intensity lambda.var (variance vector): 0.2422 

Estimating optimal shrinkage intensity lambda (correlation matrix): 0.6382 

[1] "Round 34"
Estimating optimal shrinkage intensity lambda.var (variance vector): 0.2477 

Estimating optimal shrinkage intensity lambda (correlation matrix): 0.6251 

Estimating optimal shrinkage intensity lambda.var (variance vector): 0.2367 

Estimating optimal shrinkage intensity lambda (correlation matrix): 0.6042 

[1] "Round 36"
Estimating optimal shrinkage intensity lambda.var (variance vector): 0.2406 

Estimating optimal shrinkage intensity lambda (correlation matrix): 0.6678 

Estimating optimal shrinkage intensity lambda.var (variance vector): 0.24 

Estimating optimal shrinkage intensity lambda (correlation matrix): 0.6039 

[1] "Round 38"
Estimating optimal shrinkage intensity lambda.var (variance vector): 0.2487 

Estimating optimal shrinkage intensity lambda (correlation matrix): 0.6255 

Estimating optimal shrinkage intensity lambda.var (variance vector): 0.2539 

Estimating optimal shrinkage intensity lambda (correlation matrix): 0.6767 

[1] "Round 40"
Estimating optimal shrinkage intensity lambda.var (variance vector): 0.2464 

Estimating optimal shrinkage intensity lambda (correlation matrix): 0.7131 

Estimating optimal shrinkage intensity lambda.var (variance vector): 0.252 

Estimating optimal shrinkage intensity lambda (correlation matrix): 0.6854 

[1] "Round 42"
Estimating optimal shrinkage intensity lambda.var (variance vector): 0.2397 

Estimating optimal shrinkage intensity lambda (correlation matrix): 0.6937 

Estimating optimal shrinkage intensity lambda.var (variance vector): 0.2416 

Estimating optimal shrinkage intensity lambda (correlation matrix): 0.6681 

[1] "Round 44"
Estimating optimal shrinkage intensity lambda.var (variance vector): 0.23 

Estimating optimal shrinkage intensity lambda (correlation matrix): 0.6679 

Estimating optimal shrinkage intensity lambda.var (variance vector): 0.2404 

Estimating optimal shrinkage intensity lambda (correlation matrix): 0.6696 

[1] "Round 46"
Estimating optimal shrinkage intensity lambda.var (variance vector): 0.2389 

Estimating optimal shrinkage intensity lambda (correlation matrix): 0.6716 

Estimating optimal shrinkage intensity lambda.var (variance vector): 0.2392 

Estimating optimal shrinkage intensity lambda (correlation matrix): 0.6362 

[1] "Round 48"
Estimating optimal shrinkage intensity lambda.var (variance vector): 0.2467 

Estimating optimal shrinkage intensity lambda (correlation matrix): 0.6837 

Estimating optimal shrinkage intensity lambda.var (variance vector): 0.2359 

Estimating optimal shrinkage intensity lambda (correlation matrix): 0.6398 

[1] "Round 50"
Estimating optimal shrinkage intensity lambda.var (variance vector): 0.2535 

Estimating optimal shrinkage intensity lambda (correlation matrix): 0.6774 

Estimating optimal shrinkage intensity lambda.var (variance vector): 0.24 

Estimating optimal shrinkage intensity lambda (correlation matrix): 0.609 

[1] "Round 52"
Estimating optimal shrinkage intensity lambda.var (variance vector): 0.2486 

Estimating optimal shrinkage intensity lambda (correlation matrix): 0.625 

Estimating optimal shrinkage intensity lambda.var (variance vector): 0.239 

Estimating optimal shrinkage intensity lambda (correlation matrix): 0.6161 

[1] "Round 54"
Estimating optimal shrinkage intensity lambda.var (variance vector): 0.2394 

Estimating optimal shrinkage intensity lambda (correlation matrix): 0.7035 

Estimating optimal shrinkage intensity lambda.var (variance vector): 0.2379 

Estimating optimal shrinkage intensity lambda (correlation matrix): 0.6258 

[1] "Round 56"
Estimating optimal shrinkage intensity lambda.var (variance vector): 0.2439 

Estimating optimal shrinkage intensity lambda (correlation matrix): 0.7129 

Estimating optimal shrinkage intensity lambda.var (variance vector): 0.2392 

Estimating optimal shrinkage intensity lambda (correlation matrix): 0.6425 

[1] "Round 58"
Estimating optimal shrinkage intensity lambda.var (variance vector): 0.2423 

Estimating optimal shrinkage intensity lambda (correlation matrix): 0.6928 

Estimating optimal shrinkage intensity lambda.var (variance vector): 0.2387 

Estimating optimal shrinkage intensity lambda (correlation matrix): 0.6666 

[1] "Round 60"
Estimating optimal shrinkage intensity lambda.var (variance vector): 0.2487 

Estimating optimal shrinkage intensity lambda (correlation matrix): 0.7006 

Estimating optimal shrinkage intensity lambda.var (variance vector): 0.2449 

Estimating optimal shrinkage intensity lambda (correlation matrix): 0.6262 

[1] "Round 62"
Estimating optimal shrinkage intensity lambda.var (variance vector): 0.2474 

Estimating optimal shrinkage intensity lambda (correlation matrix): 0.6735 

Estimating optimal shrinkage intensity lambda.var (variance vector): 0.2457 

Estimating optimal shrinkage intensity lambda (correlation matrix): 0.689 

[1] "Round 64"
Estimating optimal shrinkage intensity lambda.var (variance vector): 0.2465 

Estimating optimal shrinkage intensity lambda (correlation matrix): 0.6292 

Estimating optimal shrinkage intensity lambda.var (variance vector): 0.2436 

Estimating optimal shrinkage intensity lambda (correlation matrix): 0.6716 

[1] "Round 66"
Estimating optimal shrinkage intensity lambda.var (variance vector): 0.2471 

Estimating optimal shrinkage intensity lambda (correlation matrix): 0.6363 

Estimating optimal shrinkage intensity lambda.var (variance vector): 0.2474 

Estimating optimal shrinkage intensity lambda (correlation matrix): 0.6571 

[1] "Round 68"
Estimating optimal shrinkage intensity lambda.var (variance vector): 0.2405 

Estimating optimal shrinkage intensity lambda (correlation matrix): 0.6081 

Estimating optimal shrinkage intensity lambda.var (variance vector): 0.2359 

Estimating optimal shrinkage intensity lambda (correlation matrix): 0.6409 

[1] "Round 70"
Estimating optimal shrinkage intensity lambda.var (variance vector): 0.2442 

Estimating optimal shrinkage intensity lambda (correlation matrix): 0.6876 

Estimating optimal shrinkage intensity lambda.var (variance vector): 0.2363 

Estimating optimal shrinkage intensity lambda (correlation matrix): 0.6997 

[1] "Round 72"
Estimating optimal shrinkage intensity lambda.var (variance vector): 0.2523 

Estimating optimal shrinkage intensity lambda (correlation matrix): 0.6537 

Estimating optimal shrinkage intensity lambda.var (variance vector): 0.2397 

Estimating optimal shrinkage intensity lambda (correlation matrix): 0.692 

[1] "Round 74"
Estimating optimal shrinkage intensity lambda.var (variance vector): 0.2516 

Estimating optimal shrinkage intensity lambda (correlation matrix): 0.6929 

Estimating optimal shrinkage intensity lambda.var (variance vector): 0.2501 

Estimating optimal shrinkage intensity lambda (correlation matrix): 0.6754 

[1] "Round 76"
Estimating optimal shrinkage intensity lambda.var (variance vector): 0.2489 

Estimating optimal shrinkage intensity lambda (correlation matrix): 0.6015 

Estimating optimal shrinkage intensity lambda.var (variance vector): 0.2415 

Estimating optimal shrinkage intensity lambda (correlation matrix): 0.6338 

[1] "Round 78"
Estimating optimal shrinkage intensity lambda.var (variance vector): 0.2426 

Estimating optimal shrinkage intensity lambda (correlation matrix): 0.6982 

Estimating optimal shrinkage intensity lambda.var (variance vector): 0.2416 

Estimating optimal shrinkage intensity lambda (correlation matrix): 0.7083 

[1] "Round 80"
Estimating optimal shrinkage intensity lambda.var (variance vector): 0.2378 

Estimating optimal shrinkage intensity lambda (correlation matrix): 0.626 

Estimating optimal shrinkage intensity lambda.var (variance vector): 0.2357 

Estimating optimal shrinkage intensity lambda (correlation matrix): 0.6375 

[1] "Round 82"
Estimating optimal shrinkage intensity lambda.var (variance vector): 0.2597 

Estimating optimal shrinkage intensity lambda (correlation matrix): 0.6813 

Estimating optimal shrinkage intensity lambda.var (variance vector): 0.2447 

Estimating optimal shrinkage intensity lambda (correlation matrix): 0.6692 

[1] "Round 84"
Estimating optimal shrinkage intensity lambda.var (variance vector): 0.2307 

Estimating optimal shrinkage intensity lambda (correlation matrix): 0.6226 

Estimating optimal shrinkage intensity lambda.var (variance vector): 0.2396 

Estimating optimal shrinkage intensity lambda (correlation matrix): 0.6607 

[1] "Round 86"
Estimating optimal shrinkage intensity lambda.var (variance vector): 0.2436 

Estimating optimal shrinkage intensity lambda (correlation matrix): 0.6648 

Estimating optimal shrinkage intensity lambda.var (variance vector): 0.2527 

Estimating optimal shrinkage intensity lambda (correlation matrix): 0.6614 

[1] "Round 88"
Estimating optimal shrinkage intensity lambda.var (variance vector): 0.2426 

Estimating optimal shrinkage intensity lambda (correlation matrix): 0.6961 

Estimating optimal shrinkage intensity lambda.var (variance vector): 0.2538 

Estimating optimal shrinkage intensity lambda (correlation matrix): 0.6188 

[1] "Round 90"
Estimating optimal shrinkage intensity lambda.var (variance vector): 0.2465 

Estimating optimal shrinkage intensity lambda (correlation matrix): 0.6716 

Estimating optimal shrinkage intensity lambda.var (variance vector): 0.2396 

Estimating optimal shrinkage intensity lambda (correlation matrix): 0.6931 

[1] "Round 92"
Estimating optimal shrinkage intensity lambda.var (variance vector): 0.2398 

Estimating optimal shrinkage intensity lambda (correlation matrix): 0.603 

Estimating optimal shrinkage intensity lambda.var (variance vector): 0.2359 

Estimating optimal shrinkage intensity lambda (correlation matrix): 0.6022 

[1] "Round 94"
Estimating optimal shrinkage intensity lambda.var (variance vector): 0.2511 

Estimating optimal shrinkage intensity lambda (correlation matrix): 0.6467 

Estimating optimal shrinkage intensity lambda.var (variance vector): 0.2513 

Estimating optimal shrinkage intensity lambda (correlation matrix): 0.6773 

[1] "Round 96"
Estimating optimal shrinkage intensity lambda.var (variance vector): 0.2486 

Estimating optimal shrinkage intensity lambda (correlation matrix): 0.6404 

Estimating optimal shrinkage intensity lambda.var (variance vector): 0.2564 

Estimating optimal shrinkage intensity lambda (correlation matrix): 0.6014 

[1] "Round 98"
Estimating optimal shrinkage intensity lambda.var (variance vector): 0.2498 

Estimating optimal shrinkage intensity lambda (correlation matrix): 0.6595 

Estimating optimal shrinkage intensity lambda.var (variance vector): 0.2501 

Estimating optimal shrinkage intensity lambda (correlation matrix): 0.6955 

[1] "Round 100"
Estimating optimal shrinkage intensity lambda.var (variance vector): 0.2396 

Estimating optimal shrinkage intensity lambda (correlation matrix): 0.6633 

[1] "data/Debi+dirmult_n250_p400_tau1.58651317048109_rho0.5_sigma0.5_Nsim100"
                        lambda       SE        PE      linf        FPR
bootstrap_mean     0.112801216 28.92311 21.421244 1.2030577 0.05380711
bootstrap_mean_std 0.002745162 15.81876  7.905771 0.1034272 0.00385863
                          FNR        TPR     sum_beta
bootstrap_mean     0.14000000 0.86000000 1.658287e-18
bootstrap_mean_std 0.01703631 0.01703631 1.072849e-18
Time difference of 26.94521 mins
[1] "estimated tau is 1.58629499028237"
[1] "Round 2"
[1] "Round 4"
[1] "Round 6"
[1] "Round 8"
[1] "Round 10"
[1] "Round 12"
[1] "Round 14"
[1] "Round 16"
[1] "Round 18"
[1] "Round 20"
[1] "Round 22"
[1] "Round 24"
[1] "Round 26"
[1] "Round 28"
[1] "Round 30"
[1] "Round 32"
[1] "Round 34"
[1] "Round 36"
[1] "Round 38"
[1] "Round 40"
[1] "Round 42"
[1] "Round 44"
[1] "Round 46"
[1] "Round 48"
[1] "Round 50"
[1] "Round 52"
[1] "Round 54"
[1] "Round 56"
[1] "Round 58"
[1] "Round 60"
[1] "Round 62"
[1] "Round 64"
[1] "Round 66"
[1] "Round 68"
[1] "Round 70"
[1] "Round 72"
[1] "Round 74"
[1] "Round 76"
[1] "Round 78"
[1] "Round 80"
[1] "Round 82"
[1] "Round 84"
[1] "Round 86"
[1] "Round 88"
[1] "Round 90"
[1] "Round 92"
[1] "Round 94"
[1] "Round 96"
[1] "Round 98"
[1] "Round 100"
[1] "data/Eric+dirmult_n250_p400_tau1.58629499028237_rho0.5_sigma0.5_Nsim100"
                        lambda         SE         PE        linf         FPR
bootstrap_mean     0.530399083 5.00230667 3.60786167 1.215988146 0.033553299
bootstrap_mean_std 0.007390317 0.04165689 0.04748454 0.008581986 0.001637158
                           FNR         TPR      sum_beta
bootstrap_mean     0.323333333 0.676666667 -4.896021e-07
bootstrap_mean_std 0.008144321 0.008144321  1.878971e-07
Time difference of 23.02484 mins
