Loading required package: Matrix
Loaded glmnet 4.1-8
Loaded lars 1.3

[1] "estimated tau is 2.09055813297716"
Estimating optimal shrinkage intensity lambda.var (variance vector): 0.2668 

Estimating optimal shrinkage intensity lambda (correlation matrix): 0.8618 

[1] "Round 2"
Estimating optimal shrinkage intensity lambda.var (variance vector): 0.2612 

Estimating optimal shrinkage intensity lambda (correlation matrix): 0.8631 

Estimating optimal shrinkage intensity lambda.var (variance vector): 0.2958 

Estimating optimal shrinkage intensity lambda (correlation matrix): 0.8361 

[1] "Round 4"
Estimating optimal shrinkage intensity lambda.var (variance vector): 0.3215 

Estimating optimal shrinkage intensity lambda (correlation matrix): 0.7983 

Estimating optimal shrinkage intensity lambda.var (variance vector): 0.2813 

Estimating optimal shrinkage intensity lambda (correlation matrix): 0.8796 

[1] "Round 6"
Estimating optimal shrinkage intensity lambda.var (variance vector): 0.2797 

Estimating optimal shrinkage intensity lambda (correlation matrix): 0.8694 

Estimating optimal shrinkage intensity lambda.var (variance vector): 0.2723 

Estimating optimal shrinkage intensity lambda (correlation matrix): 0.7921 

[1] "Round 8"
Estimating optimal shrinkage intensity lambda.var (variance vector): 0.2601 

Estimating optimal shrinkage intensity lambda (correlation matrix): 0.8343 

Estimating optimal shrinkage intensity lambda.var (variance vector): 0.3008 

Estimating optimal shrinkage intensity lambda (correlation matrix): 0.8271 

[1] "Round 10"
Estimating optimal shrinkage intensity lambda.var (variance vector): 0.2937 

Estimating optimal shrinkage intensity lambda (correlation matrix): 0.8474 

Estimating optimal shrinkage intensity lambda.var (variance vector): 0.2713 

Estimating optimal shrinkage intensity lambda (correlation matrix): 0.8523 

[1] "Round 12"
Estimating optimal shrinkage intensity lambda.var (variance vector): 0.2713 

Estimating optimal shrinkage intensity lambda (correlation matrix): 0.856 

Estimating optimal shrinkage intensity lambda.var (variance vector): 0.2821 

Estimating optimal shrinkage intensity lambda (correlation matrix): 0.8588 

[1] "Round 14"
Estimating optimal shrinkage intensity lambda.var (variance vector): 0.2915 

Estimating optimal shrinkage intensity lambda (correlation matrix): 0.8163 

Estimating optimal shrinkage intensity lambda.var (variance vector): 0.2775 

Estimating optimal shrinkage intensity lambda (correlation matrix): 0.8301 

[1] "Round 16"
Estimating optimal shrinkage intensity lambda.var (variance vector): 0.275 

Estimating optimal shrinkage intensity lambda (correlation matrix): 0.8735 

Estimating optimal shrinkage intensity lambda.var (variance vector): 0.2593 

Estimating optimal shrinkage intensity lambda (correlation matrix): 0.8919 

[1] "Round 18"
Estimating optimal shrinkage intensity lambda.var (variance vector): 0.279 

Estimating optimal shrinkage intensity lambda (correlation matrix): 0.8797 

Estimating optimal shrinkage intensity lambda.var (variance vector): 0.3022 

Estimating optimal shrinkage intensity lambda (correlation matrix): 0.8299 

[1] "Round 20"
Estimating optimal shrinkage intensity lambda.var (variance vector): 0.2782 

Estimating optimal shrinkage intensity lambda (correlation matrix): 0.8408 

Estimating optimal shrinkage intensity lambda.var (variance vector): 0.2599 

Estimating optimal shrinkage intensity lambda (correlation matrix): 0.9002 

[1] "Round 22"
Estimating optimal shrinkage intensity lambda.var (variance vector): 0.2633 

Estimating optimal shrinkage intensity lambda (correlation matrix): 0.8799 

Estimating optimal shrinkage intensity lambda.var (variance vector): 0.2808 

Estimating optimal shrinkage intensity lambda (correlation matrix): 0.8562 

[1] "Round 24"
Estimating optimal shrinkage intensity lambda.var (variance vector): 0.2632 

Estimating optimal shrinkage intensity lambda (correlation matrix): 0.8404 

Estimating optimal shrinkage intensity lambda.var (variance vector): 0.2788 

Estimating optimal shrinkage inten[1] "Round 26"
Estimating optimal shrinkage intensity lambda.var (variance vector): 0.8477 

Estimating optimal shrinkage intensity lambda (correlation matrix): 0.264 

Estimating optimal shrinkage intensity lambda.var (variance vector): 0.8368 

Estimating optimal shrinkage intensity lambda (correlation matrix): 0.2305 

[1] "Round 28"
Estimating optimal shrinkage intensity lambda.var (variance vector): 0.9498 

Estimating optimal shrinkage intensity lambda (correlation matrix): 0.2504 

Estimating optimal shrinkage intensity lambda.var (variance vector): 0.7756 

Estimating optimal shrinkage intensity lambda (correlation matrix): 0.2627 

[1] "Round 30"
Estimating optimal shrinkage intensity lambda.var (variance vector): 0.9324 

Estimating optimal shrinkage intensity lambda (correlation matrix): 0.2572 

Estimating optimal shrinkage intensity lambda.var (variance vector): 0.7895 

Estimating optimal shrinkage intensity lambda (correlation matrix): 0.2501 

[1] "Round 32"
Estimating optimal shrinkage intensity lambda.var (variance vector): 0.8713 

Estimating optimal shrinkage intensity lambda (correlation matrix): 0.2211 

Estimating optimal shrinkage intensity lambda.var (variance vector): 0.7591 

Estimating optimal shrinkage intensity lambda (correlation matrix): 0.2664 

[1] "Round 34"
Estimating optimal shrinkage intensity lambda.var (variance vector): 0.869 

Estimating optimal shrinkage intensity lambda (correlation matrix): 0.2905 

Estimating optimal shrinkage intensity lambda.var (variance vector): 0.9225 

Estimating optimal shrinkage intensity lambda (correlation matrix): 0.2489 

[1] "Round 36"
Estimating optimal shrinkage intensity lambda.var (variance vector): 0.9561 

Estimating optimal shrinkage intensity lambda (correlation matrix): 0.3041 

Estimating optimal shrinkage intensity lambda.var (variance vector): 0.9654 

Estimating optimal shrinkage intensity lambda (correlation matrix): 0.2883 

[1] "Round 38"
Estimating optimal shrinkage intensity lambda.var (variance vector): 0.8164 

Estimating optimal shrinkage intensity lambda (correlation matrix): 0.2782 

Estimating optimal shrinkage intensity lambda.var (variance vector): 0.885 

Estimating optimal shrinkage intensity lambda (correlation matrix): 0.28 

[1] "Round 40"
Estimating optimal shrinkage intensity lambda.var (variance vector): 0.8623 

Estimating optimal shrinkage intensity lambda (correlation matrix): 0.2389 

Estimating optimal shrinkage intensity lambda.var (variance vector): 1 

Estimating optimal shrinkage intensity lambda (correlation matrix): 0.2813 

[1] "Round 42"
Estimating optimal shrinkage intensity lambda.var (variance vector): 0.7845 

Estimating optimal shrinkage intensity lambda (correlation matrix): 0.3097 

Estimating optimal shrinkage intensity lambda.var (variance vector): 0.9567 

Estimating optimal shrinkage intensity lambda (correlation matrix): 0.3367 

[1] "Round 44"
Estimating optimal shrinkage intensity lambda.var (variance vector): 0.8966 

Estimating optimal shrinkage intensity lambda (correlation matrix): 0.2511 

Estimating optimal shrinkage intensity lambda.var (variance vector): 0.8534 

Estimating optimal shrinkage intensity lambda (correlation matrix): 0.2904 

[1] "Round 46"
Estimating optimal shrinkage intensity lambda.var (variance vector): 0.8313 

Estimating optimal shrinkage intensity lambda (correlation matrix): 0.2585 

Estimating optimal shrinkage intensity lambda.var (variance vector): 0.9031 

Estimating optimal shrinkage intensity lambda (correlation matrix): 0.3161 

[1] "Round 48"
Estimating optimal shrinkage intensity lambda.var (variance vector): 0.8189 

Estimating optimal shrinkage intensity lambda (correlation matrix): 0.2574 

Estimating optimal shrinkage intensity lambda.var (variance vector): 0.8326 

Estimating optimal shrinkage intensity lambda (correlation matrix): 0.2482 

[1] "Round 50"
Estimating optimal shrinkage intensity lambda.var (variance vector): 0.9252 

Estimating optimal shrinkage intensity lambda (correlation matrix): 0.2587 

Estimating optimal shrinkage intensity lambda.var (variance vector): 0.9332 

Estimating optimal shrinkage intensity lambda (correlation matrix): 0.2444 

[1] "Round 52"
Estimating optimal shrinkage intensity lambda.var (variance vector): 0.8616 

Estimating optimal shrinkage intensity lambda (correlation matrix): 0.3262 

Estimating optimal shrinkage intensity lambda.var (variance vector): 0.8594 

Estimating optimal shrinkage intensity lambda (correlation matrix): 0.3055 

[1] "Round 54"
Estimating optimal shrinkage intensity lambda.var (variance vector): 0.8202 

Estimating optimal shrinkage intensity lambda (correlation matrix): 0.2625 

Estimating optimal shrinkage intensity lambda.var (variance vector): 0.8016 

Estimating optimal shrinkage intensity lambda (correlation matrix): 0.2408 

[1] "Round 56"
Estimating optimal shrinkage intensity lambda.var (variance vector): 0.9006 

Estimating optimal shrinkage intensity lambda (correlation matrix): 0.208 

Estimating optimal shrinkage intensity lambda.var (variance vector): 0.8454 

Estimating optimal shrinkage intensity lambda (correlation matrix): 0.2387 

[1] "Round 58"
Estimating optimal shrinkage intensity lambda.var (variance vector): 0.8634 

Estimating optimal shrinkage intensity lambda (correlation matrix): 0.2871 

Estimating optimal shrinkage intensity lambda.var (variance vector): 0.9701 

Estimating optimal shrinkage intensity lambda (correlation matrix): 0.2391 

[1] "Round 60"
Estimating optimal shrinkage intensity lambda.var (variance vector): 0.9009 

Estimating optimal shrinkage intensity lambda (correlation matrix): 0.247 

Estimating optimal shrinkage intensity lambda.var (variance vector): 0.8183 

Estimating optimal shrinkage intensity lambda (correlation matrix): 0.2536 

[1] "Round 62"
Estimating optimal shrinkage intensity lambda.var (variance vector): 0.9088 

Estimating optimal shrinkage intensity lambda (correlation matrix): 0.2788 

Estimating optimal shrinkage intensity lambda.var (variance vector): 0.8157 

Estimating optimal shrinkage intensity lambda (correlation matrix): 0.258 

[1] "Round 64"
Estimating optimal shrinkage intensity lambda.var (variance vector): 0.8996 

Estimating optimal shrinkage intensity lambda (correlation matrix): 0.2401 

Estimating optimal shrinkage intensity lambda.var (variance vector): 0.9495 

Estimating optimal shrinkage intensity lambda (correlation matrix): 0.2931 

[1] "Round 66"
Estimating optimal shrinkage intensity lambda.var (variance vector): 0.8338 

Estimating optimal shrinkage intensity lambda (correlation matrix): 0.27 

Estimating optimal shrinkage intensity lambda.var (variance vector): 0.859 

Estimating optimal shrinkage intensity lambda (correlation matrix): 0.2523 

[1] "Round 68"
Estimating optimal shrinkage intensity lambda.var (variance vector): 0.825 

Estimating optimal shrinkage intensity lambda (correlation matrix): 0.2945 

Estimating optimal shrinkage intensity lambda.var (variance vector): 0.9139 

Estimating optimal shrinkage intensity lambda (correlation matrix): 0.2895 

[1] "Round 70"
Estimating optimal shrinkage intensity lambda.var (variance vector): 0.8643 

Estimating optimal shrinkage intensity lambda (correlation matrix): 0.2313 

Estimating optimal shrinkage intensity lambda.var (variance vector): 0.8678 

Estimating optimal shrinkage intensity lambda (correlation matrix): 0.2216 

[1] "Round 72"
Estimating optimal shrinkage intensity lambda.var (variance vector): 0.8733 

Estimating optimal shrinkage intensity lambda (correlation matrix): 0.2531 

Estimating optimal shrinkage intensity lambda.var (variance vector): 0.9588 

Estimating optimal shrinkage intensity lambda (correlation matrix): 0.269 

[1] "Round 74"
Estimating optimal shrinkage intensity lambda.var (variance vector): 0.9749 

Estimating optimal shrinkage intensity lambda (correlation matrix): 0.2144 

Estimating optimal shrinkage intensity lambda.var (variance vector): 0.8888 

Estimating optimal shrinkage intensity lambda (correlation matrix): 0.2673 

[1] "Round 76"
Estimating optimal shrinkage intensity lambda.var (variance vector): 0.8621 

Estimating optimal shrinkage intensity lambda (correlation matrix): 0.2938 

Estimating optimal shrinkage intensity lambda.var (variance vector): 0.9269 

Estimating optimal shrinkage intensity lambda (correlation matrix): 0.2555 

[1] "Round 78"
Estimating optimal shrinkage intensity lambda.var (variance vector): 0.8281 

Estimating optimal shrinkage intensity lambda (correlation matrix): 0.2709 

Estimating optimal shrinkage intensity lambda.var (variance vector): 0.8968 

Estimating optimal shrinkage intensity lambda (correlation matrix): 0.2768 

[1] "Round 80"
Estimating optimal shrinkage intensity lambda.var (variance vector): 0.8601 

Estimating optimal shrinkage intensity lambda (correlation matrix): 0.2436 

Estimating optimal shrinkage intensity lambda.var (variance vector): 0.7702 

Estimating optimal shrinkage intensity lambda (correlation matrix): 0.2306 

[1] "Round 82"
Estimating optimal shrinkage intensity lambda.var (variance vector): 0.8597 

Estimating optimal shrinkage intensity lambda (correlation matrix): 0.3043 

Estimating optimal shrinkage intensity lambda.var (variance vector): 0.9006 

Estimating optimal shrinkage intensity lambda (correlation matrix): 0.2657 

[1] "Round 84"
Estimating optimal shrinkage intensity lambda.var (variance vector): 0.8437 

Estimating optimal shrinkage intensity lambda (correlation matrix): 0.2525 

ge intensity lambda (correlation matrix): 0.8766 

Estimating optimal shrinkage intensity lambda.var (variance vector): 0.2686 

Estimating optimal shrinkage intensity lambda (correlation matrix): 0.86 

[1] "Round 86"
Estimating optimal shrinkage intensity lambda.var (variance vector): 0.2796 

Estimating optimal shrinkage intensity lambda (correlation matrix): 0.8093 

Estimating optimal shrinkage intensity lambda.var (variance vector): 0.2903 

Estimating optimal shrinkage intensity lambda (correlation matrix): 0.8398 

[1] "Round 88"
Estimating optimal shrinkage intensity lambda.var (variance vector): 0.2853 

Estimating optimal shrinkage intensity lambda (correlation matrix): 0.8261 

Estimating optimal shrinkage intensity lambda.var (variance vector): 0.2895 

Estimating optimal shrinkage intensity lambda (correlation matrix): 0.8627 

[1] "Round 90"
Estimating optimal shrinkage intensity lambda.var (variance vector): 0.2731 

Estimating optimal shrinkage intensity lambda (correlation matrix): 0.8643 

Estimating optimal shrinkage intensity lambda.var (variance vector): 0.2843 

Estimating optimal shrinkage intensity lambda (correlation matrix): 0.8372 

[1] "Round 92"
Estimating optimal shrinkage intensity lambda.var (variance vector): 0.2702 

Estimating optimal shrinkage intensity lambda (correlation matrix): 0.8998 

Estimating optimal shrinkage intensity lambda.var (variance vector): 0.2628 

Estimating optimal shrinkage intensity lambda (correlation matrix): 0.8806 

[1] "Round 94"
Estimating optimal shrinkage intensity lambda.var (variance vector): 0.2863 

Estimating optimal shrinkage intensity lambda (correlation matrix): 0.8444 

Estimating optimal shrinkage intensity lambda.var (variance vector): 0.2905 

Estimating optimal shrinkage intensity lambda (correlation matrix): 0.8461 

[1] "Round 96"
Estimating optimal shrinkage intensity lambda.var (variance vector): 0.2872 

Estimating optimal shrinkage intensity lambda (correlation matrix): 0.8337 

Estimating optimal shrinkage intensity lambda.var (variance vector): 0.2587 

Estimating optimal shrinkage intensity lambda (correlation matrix): 0.8364 

[1] "Round 98"
Estimating optimal shrinkage intensity lambda.var (variance vector): 0.2967 

Estimating optimal shrinkage intensity lambda (correlation matrix): 0.8879 

Estimating optimal shrinkage intensity lambda.var (variance vector): 0.3059 

Estimating optimal shrinkage intensity lambda (correlation matrix): 0.8319 

[1] "Round 100"
Estimating optimal shrinkage intensity lambda.var (variance vector): 0.2853 

Estimating optimal shrinkage intensity lambda (correlation matrix): 0.8801 

[1] "data/Debi+dirmult_n100_p200_tau2.09055813297716_rho0.5_sigma0.5_Nsim100"
                        lambda       SE         PE       linf         FPR
bootstrap_mean     0.224525665 8.365615 12.4327059 1.14410052 0.063298969
bootstrap_mean_std 0.009848464 0.130467  0.6711735 0.01384774 0.001374727
                          FNR        TPR     sum_beta
bootstrap_mean     0.43000000 0.57000000 2.529579e-19
bootstrap_mean_std 0.01627141 0.01627141 8.632985e-19
Time difference of 5.467053 mins
[1] "estimated tau is 2.09017677301989"
[1] "Round 2"
[1] "Round 4"
[1] "Round 6"
[1] "Round 8"
[1] "Round 10"
[1] "Round 12"
[1] "Round 14"
[1] "Round 16"
[1] "Round 18"
[1] "Round 20"
[1] "Round 22"
[1] "Round 24"
[1] "Round 26"
[1] "Round 28"
[1] "Round 30"
[1] "Round 32"
[1] "Round 34"
[1] "Round 36"
[1] "Round 38"
[1] "Round 40"
[1] "Round 42"
[1] "Round 44"
[1] "Round 46"
[1] "Round 48"
[1] "Round 50"
[1] "Round 52"
[1] "Round 54"
[1] "Round 56"
[1] "Round 58"
[1] "Round 60"
[1] "Round 62"
[1] "Round 64"
[1] "Round 66"
[1] "Round 68"
[1] "Round 70"
[1] "Round 72"
[1] "Round 74"
[1] "Round 76"
[1] "Round 78"
[1] "Round 80"
[1] "Round 82"
[1] "Round 84"
[1] "Round 86"
[1] "Round 88"
[1] "Round 90"
[1] "Round 92"
[1] "Round 94"
[1] "Round 96"
[1] "Round 98"
[1] "Round 100"
[1] "data/Eric+dirmult_n100_p200_tau2.09017677301989_rho0.5_sigma0.5_Nsim100"
                       lambda         SE        PE        linf         FPR
bootstrap_mean     1.13832443 6.81604301 8.1871821 1.389044006 0.041288660
bootstrap_mean_std 0.03449192 0.05672905 0.2240771 0.006624518 0.002877448
                          FNR        TPR      sum_beta
bootstrap_mean     0.62000000 0.38000000 -5.179658e-06
bootstrap_mean_std 0.01881447 0.01881447  6.147274e-07
Time difference of 7.191558 mins
