Loading required package: Matrix
Loaded glmnet 4.1-8
Loaded lars 1.3

Estimating optimal shrinkage intensity lambda.var (variance vector): 0.7711 

Estimating optimal shrinkage intensity lambda (correlation matrix): 0.1931 

[1] "Round 2"
Estimating optimal shrinkage intensity lambda.var (variance vector): 0.8802 

Estimating optimal shrinkage intensity lambda (correlation matrix): 0.2193 

Estimating optimal shrinkage intensity lambda.var (variance vector): 0.7129 

Estimating optimal shrinkage intensity lambda (correlation matrix): 0.1841 

[1] "Round 4"
Estimating optimal shrinkage intensity lambda.var (variance vector): 0.9097 

Estimating optimal shrinkage intensity lambda (correlation matrix): 0.2088 

Estimating optimal shrinkage intensity lambda.var (variance vector): 0.822 

Estimating optimal shrinkage intensity lambda (correlation matrix): 0.2076 

[1] "Round 6"
Estimating optimal shrinkage intensity lambda.var (variance vector): 0.8194 

Estimating optimal shrinkage intensity lambda (correlation matrix): 0.2447 

Estimating optimal shrinkage intensity lambda.var (variance vector): 0.8234 

Estimating optimal shrinkage intensity lambda (correlation matrix): 0.2318 

[1] "Round 8"
Estimating optimal shrinkage intensity lambda.var (variance vector): 0.8735 

Estimating optimal shrinkage intensity lambda (correlation matrix): 0.1944 

Estimating optimal shrinkage intensity lambda.var (variance vector): 0.7937 

Estimating optimal shrinkage intensity lambda (correlation matrix): 0.21 

[1] "Round 10"
Estimating optimal shrinkage intensity lambda.var (variance vector): 0.7794 

Estimating optimal shrinkage intensity lambda (correlation matrix): 0.1863 

Estimating optimal shrinkage intensity lambda.var (variance vector): 0.9278 

Estimating optimal shrinkage intensity lambda (correlation matrix): 0.1915 

[1] "Round 12"
Estimating optimal shrinkage intensity lambda.var (variance vector): 0.7987 

Estimating optimal shrinkage intensity lambda (correlation matrix): 0.2014 

Estimating optimal shrinkage intensity lambda.var (variance vector): 0.8393 

Estimating optimal shrinkage intensity lambda (correlation matrix): 0.2181 

[1] "Round 14"
Estimating optimal shrinkage intensity lambda.var (variance vector): 0.7984 

Estimating optimal shrinkage intensity lambda (correlation matrix): 0.2252 

Estimating optimal shrinkage intensity lambda.var (variance vector): 0.8836 

Estimating optimal shrinkage intensity lambda (correlation matrix): 0.2334 

[1] "Round 16"
Estimating optimal shrinkage intensity lambda.var (variance vector): 0.8027 

Estimating optimal shrinkage intensity lambda (correlation matrix): 0.2001 

Estimating optimal shrinkage intensity lambda.var (variance vector): 0.8107 

Estimating optimal shrinkage intensity lambda (correlation matrix): 0.2255 

[1] "Round 18"
Estimating optimal shrinkage intensity lambda.var (variance vector): 0.7912 

Estimating optimal shrinkage intensity lambda (correlation matrix): 0.2273 

Estimating optimal shrinkage intensity lambda.var (variance vector): 0.7709 

Estimating optimal shrinkage intensity lambda (correlation matrix): 0.1777 

[1] "Round 20"
Estimating optimal shrinkage intensity lambda.var (variance vector): 0.8034 

Estimating optimal shrinkage intensity lambda (correlation matrix): 0.2186 

[1] "data/Debi+lognormal_n500_p500_tau0.5_rho0.5_sigma0.5_Nsim20"
                        lambda        SE       PE       linf         FPR
bootstrap_mean     0.070635710 17.572569 4.780182 0.57437998 0.034817814
bootstrap_mean_std 0.002265859  8.462278 1.574323 0.07505624 0.002887534
                          FNR        TPR     sum_beta
bootstrap_mean     0.09166667 0.90833333 8.998878e-19
bootstrap_mean_std 0.05335937 0.05335937 3.262694e-18
Time difference of 40.81672 mins
 [1]  10.134198   4.746583  67.760134   5.943674   6.074489   3.540719
 [7]   3.901592  10.323826   4.740439  18.035459   9.016704   6.908628
[13]   4.703965   4.213927   3.888384   7.533366   4.564427   4.095616
[19] 166.786646   4.538607
 [1]  5.189107  1.801575 11.658968  2.776614  2.228273  2.517840  1.735446
 [8]  4.621503  1.784023  3.946676  4.820808  2.556035  1.674576  1.665126
[15]  1.555325  6.844498  1.681305  1.858227 32.804583  1.883121
