Loading required package: Matrix
Loaded glmnet 4.1-8
Loaded lars 1.3

[1] "Round 2"
[1] "Round 4"
[1] "Round 6"
[1] "Round 8"
[1] "Round 10"
[1] "Round 12"
[1] "Round 14"
[1] "Round 16"
[1] "Round 18"
[1] "Round 20"
[1] "Round 22"
[1] "Round 24"
[1] "Round 26"
[1] "Round 28"
[1] "Round 30"
[1] "Round 32"
[1] "Round 34"
[1] "Round 36"
[1] "Round 38"
[1] "Round 40"
[1] "Round 42"
[1] "Round 44"
[1] "Round 46"
[1] "Round 48"
[1] "Round 50"
[1] "Round 52"
[1] "Round 54"
[1] "Round 56"
[1] "Round 58"
[1] "Round 60"
[1] "Round 62"
[1] "Round 64"
[1] "Round 66"
[1] "Round 68"
[1] "Round 70"
[1] "Round 72"
[1] "Round 74"
[1] "Round 76"
[1] "Round 78"
[1] "Round 80"
[1] "Round 82"
[1] "Round 84"
[1] "Round 86"
[1] "Round 88"
[1] "Round 90"
[1] "Round 92"
[1] "Round 94"
[1] "Round 96"
[1] "Round 98"
[1] "Round 100"
[1] "data/Eric+lognormal_n500_p500_tau0.5_rho0.5_sigma0.5_Nsim100"
                        lambda         SE          PE       linf         FPR
bootstrap_mean     0.133432018 0.80780335 0.368607124 0.51569911 0.033441296
bootstrap_mean_std 0.001203636 0.01559297 0.009979854 0.01110338 0.001500844
                   FNR TPR     sum_beta
bootstrap_mean       0   1 4.996166e-08
bootstrap_mean_std   0   0 3.660509e-08
Time difference of 2.846452 hours
  [1] 0.7151007 0.4637297 0.5796560 0.8099569 0.9401249 1.1702066 1.0174471
  [8] 0.8599878 0.8973868 0.7642181 0.7509618 0.5899092 0.7053649 0.6329613
 [15] 1.0451880 0.7670083 0.7009166 0.7782256 0.6587731 0.8000696 0.7742547
 [22] 0.7144719 0.7583906 1.0337068 0.7950248 0.6538721 0.7409098 0.8190468
 [29] 0.8992942 0.8389095 0.8061332 0.6672994 0.8441525 0.7102349 1.1174038
 [36] 0.6813573 0.7164349 0.9354143 0.8936540 0.8498030 1.5652573 0.7061442
 [43] 0.9781591 1.0623295 0.9066041 0.5206911 1.0962090 0.8339694 0.9264805
 [50] 0.8102087 0.6080580 0.7875872 0.9027128 0.9414458 0.6947141 0.6406596
 [57] 0.8734242 0.5661528 1.0380193 0.7281826 0.9187569 0.7622158 0.9727893
 [64] 0.8072673 0.9614711 0.8331200 0.8766510 0.7611200 0.7576249 0.7911027
 [71] 1.0414649 0.9223451 0.8521885 0.8473089 0.9864526 0.6527249 1.0444796
 [78] 0.8794607 0.7558544 0.7983589 0.7730942 0.7993524 0.7704306 0.8820462
 [85] 0.7969365 0.6688907 0.6100922 1.0542657 0.8065675 0.8951003 0.8608692
 [92] 0.5128799 0.6787759 0.9401446 0.9466297 0.8285751 1.1156938 0.8000599
 [99] 0.6574568 0.7857151
  [1] 0.3054953 0.2259168 0.2333393 0.3984430 0.4038883 0.5571773 0.4543549
  [8] 0.4064037 0.3165243 0.3263830 0.3784432 0.2982110 0.3609751 0.3133801
 [15] 0.4630993 0.3560101 0.3154329 0.3509043 0.2740872 0.3328526 0.3107443
 [22] 0.3117724 0.3152868 0.3752424 0.3509248 0.3211413 0.3444860 0.3967173
 [29] 0.4068258 0.3511615 0.4037922 0.3456963 0.3485813 0.3750008 0.4790898
 [36] 0.3079190 0.3679310 0.4410709 0.4243533 0.3890844 0.6006644 0.3062007
 [43] 0.4395309 0.4569648 0.3603655 0.3036939 0.4347934 0.3923451 0.4188949
 [50] 0.3467706 0.2780324 0.3759664 0.3787256 0.4004318 0.3099071 0.2813650
 [57] 0.3986618 0.2573478 0.4223331 0.2934731 0.3843556 0.3160294 0.4175164
 [64] 0.3803178 0.3831901 0.4208692 0.3942554 0.3462135 0.3654671 0.3405844
 [71] 0.4457762 0.3630571 0.4245895 0.3813681 0.4355928 0.3151613 0.4370707
 [78] 0.4287086 0.3025094 0.3949925 0.3902001 0.3457947 0.3474850 0.3917939
 [85] 0.3345927 0.3157439 0.2977406 0.4627392 0.3951178 0.3869148 0.3515819
 [92] 0.2845068 0.3415754 0.4490594 0.3936494 0.4441871 0.5129438 0.3643822
 [99] 0.2828374 0.3489750
