Loading required package: Matrix
Loaded glmnet 4.1-8
Loaded lars 1.3

Estimating optimal shrinkage intensity lambda.var (variance vector): 0.7711 

Estimating optimal shrinkage intensity lambda (correlation matrix): 0.1931 

[1] "Round 2"
Estimating optimal shrinkage intensity lambda.var (variance vector): 0.8802 

Estimating optimal shrinkage intensity lambda (correlation matrix): 0.2193 

Estimating optimal shrinkage intensity lambda.var (variance vector): 0.7129 

Estimating optimal shrinkage intensity lambda (correlation matrix): 0.1841 

[1] "Round 4"
Estimating optimal shrinkage intensity lambda.var (variance vector): 0.9097 

Estimating optimal shrinkage intensity lambda (correlation matrix): 0.2088 

Estimating optimal shrinkage intensity lambda.var (variance vector): 0.822 

Estimating optimal shrinkage intensity lambda (correlation matrix): 0.2076 

[1] "Round 6"
Estimating optimal shrinkage intensity lambda.var (variance vector): 0.8194 

Estimating optimal shrinkage intensity lambda (correlation matrix): 0.2447 

Estimating optimal shrinkage intensity lambda.var (variance vector): 0.8234 

Estimating optimal shrinkage intensity lambda (correlation matrix): 0.2318 

[1] "Round 8"
Estimating optimal shrinkage intensity lambda.var (variance vector): 0.8735 

Estimating optimal shrinkage intensity lambda (correlation matrix): 0.1944 

Estimating optimal shrinkage intensity lambda.var (variance vector): 0.7937 

Estimating optimal shrinkage intensity lambda (correlation matrix): 0.21 

[1] "Round 10"
Estimating optimal shrinkage intensity lambda.var (variance vector): 0.7794 

Estimating optimal shrinkage intensity lambda (correlation matrix): 0.1863 

Estimating optimal shrinkage intensity lambda.var (variance vector): 0.9278 

Estimating optimal shrinkage intensity lambda (correlation matrix): 0.1915 

[1] "Round 12"
Estimating optimal shrinkage intensity lambda.var (variance vector): 0.7987 

Estimating optimal shrinkage intensity lambda (correlation matrix): 0.2014 

Estimating optimal shrinkage intensity lambda.var (variance vector): 0.8393 

Estimating optimal shrinkage intensity lambda (correlation matrix): 0.2181 

[1] "Round 14"
Estimating optimal shrinkage intensity lambda.var (variance vector): 0.7984 

Estimating optimal shrinkage intensity lambda (correlation matrix): 0.2252 

Estimating optimal shrinkage intensity lambda.var (variance vector): 0.8836 

Estimating optimal shrinkage intensity lambda (correlation matrix): 0.2334 

[1] "Round 16"
Estimating optimal shrinkage intensity lambda.var (variance vector): 0.8027 

Estimating optimal shrinkage intensity lambda (correlation matrix): 0.2001 

Estimating optimal shrinkage intensity lambda.var (variance vector): 0.8107 

Estimating optimal shrinkage intensity lambda (correlation matrix): 0.2255 

[1] "Round 18"
Estimating optimal shrinkage intensity lambda.var (variance vector): 0.7912 

Estimating optimal shrinkage intensity lambda (correlation matrix): 0.2273 

Estimating optimal shrinkage intensity lambda.var (variance vector): 0.7709 

Estimating optimal shrinkage intensity lambda (correlation matrix): 0.1777 

[1] "Round 20"
Estimating optimal shrinkage intensity lambda.var (variance vector): 0.8034 

Estimating optimal shrinkage intensity lambda (correlation matrix): 0.2186 

           [,1]       [,2]        [,3]        [,4]        [,5]        [,6]
[1,] -0.1687783  0.5319219 -0.44646435 -0.04773119  0.06207172 -0.04123618
[2,] -0.4935488  0.4282651 -0.34889051 -0.03441896 -0.05001206 -0.17200916
[3,] -0.2299654  0.4336516 -0.27662461  0.02960785  0.02111194  0.08075797
[4,] -0.1998390  0.3469014 -0.14793554 -0.04030627 -0.09481803  0.08947138
[5,]  0.1807088 -0.7736612 -0.03342866  0.44320432  0.10632396 -1.34071912
[6,] -0.2796649  0.5924627 -0.24190316 -0.13587851 -0.07254830 -0.03118762
           [,7]        [,8]        [,9]       [,10]       [,11]
[1,] 0.14465959 -0.19887411  0.05196536  0.04622467 -0.03651210
[2,] 0.13806886 -0.29421674  0.03620094  0.03717110  0.07537050
[3,] 0.22088440 -0.22986293  0.01088508  0.13841205  0.01047889
[4,] 0.07234617 -0.29724083  0.15969421 -0.02394094  0.04012599
[5,] 0.73431697 -0.08309863  0.09642665 -0.17119234 -0.86037440
[6,] 0.17047145 -0.19933700 -0.02386462  0.10735349 -0.11907002
 [1] -0.266670224  0.412929374 -0.271129072 -0.001806625  0.044963071
 [6] -0.059021811  0.087950520 -0.126803730  0.117174035  0.003524568
[11] -0.026652052
 [1] 0.03977999 0.06852401 0.03676407 0.05486176 0.04016075 0.07299816
 [7] 0.04217026 0.04122485 0.02517284 0.02533249 0.05191999
[1] "data/Debi+lognormal_n500_p500_tau0.5_rho0.5_sigma0.5_Nsim20"
                        lambda        SE       PE       linf         FPR
bootstrap_mean     0.070635710 17.572569 4.780182 0.57437998 0.034817814
bootstrap_mean_std 0.002265859  8.462278 1.574323 0.07505624 0.002887534
                          FNR        TPR     sum_beta
bootstrap_mean     0.09166667 0.90833333 8.998878e-19
bootstrap_mean_std 0.05335937 0.05335937 3.262694e-18
Time difference of 25.71361 mins
 [1]  10.134198   4.746583  67.760134   5.943674   6.074489   3.540719
 [7]   3.901592  10.323826   4.740439  18.035459   9.016704   6.908628
[13]   4.703965   4.213927   3.888384   7.533366   4.564427   4.095616
[19] 166.786646   4.538607
 [1]  5.189107  1.801575 11.658968  2.776614  2.228273  2.517840  1.735446
 [8]  4.621503  1.784023  3.946676  4.820808  2.556035  1.674576  1.665126
[15]  1.555325  6.844498  1.681305  1.858227 32.804583  1.883121
