Loading required package: Matrix
Loaded glmnet 4.1-8
Loaded lars 1.3
!!!! generate seed every iteration
Estimating optimal shrinkage intensity lambda.var (variance vector): 0.8887 

Estimating optimal shrinkage intensity lambda (correlation matrix): 0.1946 

[1] "Round 2"
Estimating optimal shrinkage intensity lambda.var (variance vector): 0.8161 

Estimating optimal shrinkage intensity lambEstimating optimal shrinkage intensity lambda.var (variance vector): 0.7648 

Estimating optimal shrinkage intensity lambda (correlation matrix): 0.2337 

[1] "Round 4"
Estimating optimal shrinkage intensity lambda.var (variance vector): 0.7815 

Estimating optimal shrinkage intensity lambda (correlation matrix): 0.196 

Estimating optimal shrinkage intensity lambda.var (variance vector): 0.7457 

Estimating optimal shrinkage intensity lambda (correlation matrix): 0.2023 

[1] "Round 6"
Estimating optimal shrinkage intensity lambda.var (variance vector): 0.8563 

Estimating optimal shrinkage intensity lambda (correlation matrix): 0.2144 

Estimating optimal shrinkage intensity lambda.var (variance vector): 0.7887 

Estimating optimal shrinkage intensity lambda (correlation matrix): 0.1812 

[1] "Round 8"
Estimating optimal shrinkage intensity lambda.var (variance vector): 0.7543 

Estimating optimal shrinkage intensity lambda (correlation matrix): 0.2242 

Estimating optimal shrinkage intensity lambda.var (variance vector): 0.7875 

Estimating optimal shrinkage intensity lambda (correlation matrix): 0.2652 

[1] "Round 10"
Estimating optimal shrinkage intensity lambda.var (variance vector): 0.7857 

Estimating optimal shrinkage intensity lambda (correlation matrix): 0.1968 

Estimating optimal shrinkage intensity lambda.var (variance vector): 0.7848 

Estimating optimal shrinkage intensity lambda (correlation matrix): 0.2003 

[1] "Round 12"
Estimating optimal shrinkage intensity lambda.var (variance vector): 0.8211 

Estimating optimal shrinkage intensity lambda (correlation matrix): 0.2282 

Estimating optimal shrinkage intensity lambda.var (variance vector): 0.7376 

Estimating optimal shrinkage intensity lambda (correlation matrix): 0.2172 

[1] "Round 14"
Estimating optimal shrinkage intensity lambda.var (variance vector): 0.809 

Estimating optimal shrinkage intensity lambda (correlation matrix): 0.1617 

Estimating optimal shrinkage intensity lambda.var (variance vector): 0.7314 

Estimating optimal shrinkage intensity lambda (correlation matrix): 0.2148 

[1] "Round 16"
Estimating optimal shrinkage intensity lambda.var (variance vector): 0.8393 

Estimating optimal shrinkage intensity lambda (correlation matrix): 0.1761 

Estimating optimal shrinkage intensity lambda.var (variance vector): 0.7383 

Estimating optimal shrinkage intensity lambda (correlation matrix): 0.1811 

[1] "Round 18"
Estimating optimal shrinkage intensity lambda.var (variance vector): 0.7711 

Estimating optimal shrinkage intensity lambda (correlation matrix): 0.186 

Estimating optimal shrinkage intensity lambda.var (variance vector): 0.7426 

Estimating optimal shrinkage intensity lambda (correlation matrix): 0.2027 

[1] "Round 20"
Estimating optimal shrinkage intensity lambda.var (variance vector): 0.7704 

Estimating optimal shrinkage intensity lambda (correlation matrix): 0.2046 

Estimating optimal shrinkage intensity lambda.var (variance vector): 0.7724 

Estimating optimal shrinkage intensity lambda (correlation matrix): 0.1824 

[1] "Round 22"
Estimating optimal shrinkage intensity lambda.var (variance vector): 0.962 

Estimating optimal shrinkage intensity lambda (correlation matrix): 0.2061 

Estimating optimal shrinkage intensity lambda.var (variance vector): 0.7283 

Estimating optimal shrinkage intensity lambda (correlation matrix): 0.2079 

[1] "Round 24"
Estimating optimal shrinkage intensity lambda.var (variance vector): 0.7288 

Estimating optimal shrinkage intensity lambda (correlation matrix): 0.1931 

Estimating optimal shrinkage intensity lambda.var (variance vector): 0.7805 

Estimating optimal shrinkage intensity lambda (correlation matrix): 0.2094 

[1] "Round 26"
Estimating optimal shrinkage intensity lambda.var (variance vector): 0.8093 

Estimating optimal shrinkage intensity lambda (correlation matrix): 0.2061 

Estimating optimal shrinkage intensity lambda.var (variance vector): 0.8575 

Estimating optimal shrinkage intensity lambda (correlation matrix): 0.1876 

[1] "Round 28"
Estimating optimal shrinkage intensity lambda.var (variance vector): 0.8456 

Estimating optimal shrinkage intensity lambda (correlation matrix): 0.2 

Estimating optimal shrinkage intensity lambda.var (variance vector): 0.8539 

Estimating optimal shrinkage intensity lambda (correlation matrix): 0.1868 

[1] "Round 30"
Estimating optimal shrinkage intensity lambda.var (variance vector): 0.7587 

Estimating optimal shrinkage intensity lambda (correlation matrix): 0.1923 

Estimating optimal shrinkage intensity lambda.var (variance vector): 0.8817 

Estimating optimal shrinkage intensity lambda (correlation matrix): 0.202 

[1] "Round 32"
Estimating optimal shrinkage intensity lambda.var (variance vector): 0.6742 

Estimating optimal shrinkage intensity lambda (correlation matrix): 0.2249 

Estimating optimal shrinkage intensity lambda.var (variance vector): 0.7708 

Estimating optimal shrinkage intensity lambda (correlation matrix): 0.2002 

[1] "Round 34"
Estimating optimal shrinkage intensity lambda.var (variance vector): 0.7854 

Estimating optimal shrinkage intensity lambda (correlation matrix): 0.2254 

Estimating optimal shrinkage intensity lambda.var (variance vector): 0.8105 

Estimating optimal shrinkage intensity lambda (correlation matrix): 0.1631 

[1] "Round 36"
Estimating optimal shrinkage intensity lambda.var (variance vector): 0.7363 

Estimating optimal shrinkage intensity lambda (correlation matrix): 0.1922 

Estimating optimal shrinkage intensity lambda.var (variance vector): 0.8496 

Estimating optimal shrinkage intensity lambda (correlation matrix): 0.226 

[1] "Round 38"
Estimating optimal shrinkage intensity lambda.var (variance vector): 0.7455 

Estimating optimal shrinkage intensity lambda (correlation matrix): 0.2421 

Estimating optimal shrinkage intensity lambda.var (variance vector): 0.8021 

Estimating optimal shrinkage intensity lambda (correlation matrix): 0.216 

[1] "Round 40"
Estimating optimal shrinkage intensity lambda.var (variance vector): 0.8068 

Estimating optimal shrinkage intensity lambda (correlation matrix): 0.1975 

Estimating optimal shrinkage intensity lambda.var (variance vector): 0.8001 

Estimating optimal shrinkage intensity lambda (correlation matrix): 0.1959 

[1] "Round 42"
Estimating optimal shrinkage intensity lambda.var (variance vector): 0.8879 

Estimating optimal shrinkage intensity lambda (correlation matrix): 0.2077 

Estimating optimal shrinkage intensity lambda.var (variance vector): 0.8169 

Estimating optimal shrinkage intensity lambda (correlation matrix): 0.2093 

[1] "Round 44"
Estimating optimal shrinkage intensity lambda.var (variance vector): 0.8811 

Estimating optimal shrinkage intensity lambda (correlation matrix): 0.1847 

Estimating optimal shrinkage intensity lambda.var (variance vector): 0.8512 

Estimating optimal shrinkage intensity lambda (correlation matrix): 0.1958 

[1] "Round 46"
Estimating optimal shrinkage intensity lambda.var (variance vector): 0.8217 

Estimating optimal shrinkage intensity lambda (correlation matrix): 0.1995 

Estimating optimal shrinkage intensity lambda.var (variance vector): 0.8984 

Estimating optimal shrinkage intensity lambda (correlation matrix): 0.2306 

[1] "Round 48"
Estimating optimal shrinkage intensity lambda.var (variance vector): 0.686 

Estimating optimal shrinkage intensity lambda (correlation matrix): 0.2062 

Estimating optimal shrinkage intensity lambda.var (variance vector): 0.8221 

Estimating optimal shrinkage intensity lambda (correlation matrix): 0.1872 

[1] "Round 50"
Estimating optimal shrinkage intensity lambda.var (variance vector): 0.8027 

Estimating optimal shrinkage intensity lambda (correlation matrix): 0.2216 

Estimating optimal shrinkage intensity lambda.var (variance vector): 0.8383 

Estimating optimal shrinkage intensity lambda (correlation matrix): 0.1954 

[1] "Round 52"
Estimating optimal shrinkage intensity lambda.var (variance vector): 0.7752 

Estimating optimal shrinkage intensity lambda (correlation matrix): 0.2576 

Estimating optimal shrinkage intensity lambda.var (variance vector): 0.7091 

Estimating optimal shrinkage intensity lambda (correlation matrix): 0.1781 

[1] "Round 54"
Estimating optimal shrinkage intensity lambda.var (variance vector): 0.8952 

Estimating optimal shrinkage intensity lambda (correlation matrix): 0.1715 

Estimating optimal shrinkage intensity lambda.var (variance vector): 0.8892 

Estimating optimal shrinkage intensity lambda (correlation matrix): 0.2074 

[1] "Round 56"
Estimating optimal shrinkage intensity lambda.var (variance vector): 0.7566 

Estimating optimal shrinkage intensity lambda (correlation matrix): 0.2083 

Estimating optimal shrinkage intensity lambda.var (variance vector): 0.8296 

Estimating optimal shrinkage intensity lambda (correlation matrix): 0.2355 

[1] "Round 58"
Estimating optimal shrinkage intensity lambda.var (variance vector): 0.8003 

Estimating optimal shrinkage intensity lambda (correlation matrix): 0.2611 

Estimating optimal shrinkage intensity lambda.var (variance vector): 0.7964 

Estimating optimal shrinkage intensity lambda (correlation matrix): 0.2145 

[1] "Round 60"
Estimating optimal shrinkage intensity lambda.var (variance vector): 0.9142 

Estimating optimal shrinkage intensity lambda (correlation matrix): 0.1714 

Estimating optimal shrinkage intensity lambda.var (variance vector): 0.8 

Estimating optimal shrinkage intensity lambda (correlation matrix): 0.2111 

[1] "Round 62"
Estimating optimal shrinkage intensity lambda.var (variance vector): 0.7152 

Estimating optimal shrinkage intensity lambda (correlation matrix): 0.2019 

Estimating optimal shrinkage intensity lambda.var (variance vector): 0.874 

Estimating optimal shrinkage intensity lambda (correlation matrix): 0.2276 

[1] "Round 64"
Estimating optimal shrinkage intensity lambda.var (variance vector): 0.8009 

Estimating optimal shrinkage intensity lambda (correlation matrix): 0.192 

Estimating optimal shrinkage intensity lambda.var (variance vector): 0.8574 

Estimating optimal shrinkage intensity lambda (correlation matrix): 0.174 

[1] "Round 66"
Estimating optimal shrinkage intensity lambda.var (variance vector): 0.844 

Estimating optimal shrinkage intensity lambda (correlation matrix): 0.2281 

Estimating optimal shrinkage intensity lambda.var (variance vector): 0.8754 

Estimating optimal shrinkage intensity lambda (correlation matrix): 0.2162 

[1] "Round 68"
Estimating optimal shrinkage intensity lambda.var (variance vector): 0.7969 

Estimating optimal shrinkage intensity lambda (correlation matrix): 0.2459 

Estimating optimal shrinkage intensity lambda.var (variance vector): 0.8119 

Estimating optimal shrinkage intensity lambda (correlation matrix): 0.1924 

[1] "Round 70"
Estimating optimal shrinkage intensity lambda.var (variance vector): 0.7777 

Estimating optimal shrinkage intensity lambda (correlation matrix): 0.2239 

Estimating optimal shrinkage intensity lambda.var (variance vector): 0.7995 

Estimating optimal shrinkage intensity lambda (correlation matrix): 0.1939 

[1] "Round 72"
Estimating optimal shrinkage intensity lambda.var (variance vector): 0.8419 

Estimating optimal shrinkage intensity lambda (correlation matrix): 0.1911 

Estimating optimal shrinkage intensity lambda.var (variance vector): 0.8582 

Estimating optimal shrinkage intensity lambda (correlation matrix): 0.2285 

[1] "Round 74"
Estimating optimal shrinkage intensity lambda.var (variance vector): 0.7935 

Estimating optimal shrinkage intensity lambda (correlation matrix): 0.2034 

Estimating optimal shrinkage intensity lambda.var (variance vector): 0.7853 

Estimating optimal shrinkage intensity lambda (correlation matrix): 0.2151 

[1] "Round 76"
Estimating optimal shrinkage intensity lambda.var (variance vector): 0.7423 

Estimating optimal shrinkage intensity lambda (correlation matrix): 0.227 

Estimating optimal shrinkage intensity lambda.var (variance vector): 0.8112 

Estimating optimal shrinkage intensity lambda (correlation matrix): 0.2187 

[1] "Round 78"
Estimating optimal shrinkage intensity lambda.var (variance vector): 0.78 

Estimating optimal shrinkage intensity lambda (correlation matrix): 0.1762 

Estimating optimal shrinkage intensity lambda.var (variance vector): 0.7791 

Estimating optimal shrinkage intensity lambda (correlation matrix): 0.2006 

[1] "Round 80"
Estimating optimal shrinkage intensity lambda.var (variance vector): 0.7737 

Estimating optimal shrinkage intensity lambda (correlation matrix): 0.2167 

Estimating optimal shrinkage intensity lambda.var (variance vector): 0.8398 

Estimating optimal shrinkage intensity lambda (correlation matrix): 0.1829 

[1] "Round 82"
Estimating optimal shrinkage intensity lambda.var (variance vector): 0.865 

Estimating optimal shrinkage intensity lambda (correlation matrix): 0.2407 

Estimating optimal shrinkage intensity lambda.var (variance vector): 0.7746 

Estimating optimal shrinkage intensity lambda (correlation matrix): 0.188 

[1] "Round 84"
Estimating optimal shrinkage intensity lambda.var (variance vector): 0.7752 

Estimating optimal shrinkage intensity lambda (correlation matrix): 0.1785 

Estimating optimal shrinkage intensity lambda.var (variance vector): 0.8563 

Estimating optimal shrinkage intensity lambda (correlation matrix): 0.1747 

[1] "Round 86"
Estimating optimal shrinkage intensity lambda.var (variance vector): 0.8417 

Estimating optimal shrinkage intensity lambda (correlation matrix): 0.2771 

Estimating optimal shrinkage intensity lambda.var (variance vector): 0.816 

Estimating optimal shrinkage intensity lambda (correlation matrix): 0.2262 

[1] "Round 88"
Estimating optimal shrinkage intensity lambda.var (variance vector): 0.758 

Estimating optimal shrinkage intensity lambda (correlation matrix): 0.1985 

Estimating optimal shrinkage intensity lambda.var (variance vector): 0.8146 

Estimating optimal shrinkage intensity lambda (correlation matrix): 0.1801 

[1] "Round 90"
Estimating optimal shrinkage intensity lambda.var (variance vector): 0.8168 

Estimating optimal shrinkage intensity lambda (correlation matrix): 0.2291 

Estimating optimal shrinkage intensity lambda.var (variance vector): 0.8256 

Estimating optimal shrinkage intensity lambda (correlation matrix): 0.2197 

[1] "Round 92"
Estimating optimal shrinkage intensity lambda.var (variance vector): 0.8499 

Estimating optimal shrinkage intensity lambda (correlation matrix): 0.1769 

Estimating optimal shrinkage intensity lambda.var (variance vector): 0.7478 

Estimating optimal shrinkage intensity lambda (correlation matrix): 0.2068 

[1] "Round 94"
Estimating optimal shrinkage intensity lambda.var (variance vector): 0.8494 

Estimating optimal shrinkage intensity lambda (correlation matrix): 0.2011 

Estimating optimal shrinkage intensity lambda.var (variance vector): 0.8603 

Estimating optimal shrinkage intensity lambda (correlation matrix): 0.2433 

[1] "Round 96"
Estimating optimal shrinkage intensity lambda.var (variance vector): 0.8063 

Estimating optimal shrinkage intensity lambda (correlation matrix): 0.1854 

Estimating optimal shrinkage intensity lambda.var (variance vector): 0.8061 

Estimating optimal shrinkage intensity lambda (correlation matrix): 0.2246 

[1] "Round 98"
Estimating optimal shrinkage intensity lambda.var (variance vector): 0.7919 

Estimating optimal shrinkage intensity lambda (correlation matrix): 0.1954 

Estimating optimal shrinkage intensity lambda.var (variance vector): 0.8285 

Estimating optimal shrinkage intensity lambda (correlation matrix): 0.1932 

[1] "Round 100"
Estimating optimal shrinkage intensity lambda.var (variance vector): 0.8139 

Estimating optimal shrinkage intensity lambda (correlation matrix): 0.1714 

[1] "data/Debi+lognormal_n500_p500_tau0.5_rho0.5_sigma0.5_Nsim100"
                         lambda       SE       PE     linf         FPR
bootstrap_mean     0.0707734747 15752.30 3193.071 3.141621 0.036538462
bootstrap_mean_std 0.0008483961 15295.82 3061.361 1.759566 0.002356036
                          FNR        TPR      sum_beta
bootstrap_mean     0.20333333 0.79666667 -2.829957e-17
bootstrap_mean_std 0.03429423 0.03429423  2.512434e-17
Time difference of 1.324244 hours
  [1] 1.025847e+01 8.323140e+02 4.359967e+00 9.629974e+00 5.919785e+00
  [6] 5.028409e+00 1.748333e+03 4.575652e+00 3.118410e+00 6.820019e+00
 [11] 6.856317e+00 4.575032e+00 4.722731e+00 3.395417e+02 4.956040e+00
 [16] 2.490910e+02 1.529898e+06 2.592287e+01 6.155338e+00 6.338291e+00
 [21] 1.705213e+04 5.425480e+00 5.738112e+00 9.566638e+00 5.002161e+00
 [26] 6.234731e+00 1.416856e+01 6.831086e+00 1.827748e+01 8.404590e+00
 [31] 7.173767e+00 4.459074e+00 7.214225e+00 4.836118e+00 5.439433e+02
 [36] 9.763275e+00 4.290745e+00 4.600482e+00 4.446602e+00 7.265100e+00
 [41] 9.439734e+00 5.249255e+00 5.453220e+00 2.687234e+01 7.975289e+00
 [46] 7.946238e+00 3.534012e+00 6.146835e+00 1.852325e+01 4.683999e+00
 [51] 8.635858e+00 3.545016e+00 6.219205e+02 2.024733e+03 6.509697e+00
 [56] 4.754507e+00 3.544662e+00 3.653330e+00 4.995211e+00 7.219072e+02
 [61] 4.699366e+00 6.941920e+00 4.020659e+00 9.893899e+00 1.162063e+04
 [66] 4.448525e+00 4.977861e+00 3.511622e+00 1.131289e+01 4.436193e+00
 [71] 8.155549e+00 1.511644e+01 3.361077e+00 6.232209e+00 5.110870e+00
 [76] 3.714103e+00 4.313775e+00 2.522794e+02 7.153028e+00 5.595668e+00
 [81] 2.045034e+02 3.924324e+00 1.739765e+01 1.213695e+03 2.274765e+03
 [86] 2.549808e+00 4.313667e+00 7.835052e+00 1.099250e+03 3.455882e+00
 [91] 4.366907e+00 1.350573e+03 6.315014e+00 6.960670e+00 3.430634e+00
 [96] 2.163069e+01 3.841276e+00 7.942946e+00 9.620634e+00 2.591632e+03
  [1] 5.317688e+00 2.440986e+02 2.544500e+00 2.539103e+00 1.983096e+00
  [6] 2.462816e+00 3.728078e+02 2.257412e+00 2.768212e+00 4.193975e+00
 [11] 3.439336e+00 1.886430e+00 1.575700e+00 7.600410e+01 3.227615e+00
 [16] 4.974696e+01 3.061834e+05 5.851744e+00 3.040435e+00 2.486753e+00
 [21] 6.818848e+03 3.791793e+00 3.877225e+00 4.414259e+00 3.553480e+00
 [26] 2.306192e+00 4.061810e+00 3.973421e+00 4.623523e+00 2.616047e+00
 [31] 2.579010e+00 2.707216e+00 5.275031e+00 2.149868e+00 1.272197e+02
 [36] 2.907507e+00 2.415872e+00 4.058777e+00 2.216934e+00 2.342339e+00
 [41] 5.107033e+00 4.747226e+00 2.481196e+00 5.570650e+00 2.323776e+00
 [46] 3.578538e+00 1.457419e+00 1.871181e+00 4.427162e+00 2.793200e+00
 [51] 3.304962e+00 2.584514e+00 2.233178e+02 4.457961e+02 6.829947e+00
 [56] 3.296379e+00 1.407100e+00 2.011838e+00 2.905548e+00 1.336718e+02
 [61] 2.735276e+00 2.646724e+00 1.730864e+00 3.100839e+00 2.349503e+03
 [66] 2.556842e+00 2.466412e+00 1.618946e+00 3.472563e+00 1.486912e+00
 [71] 2.459497e+00 4.844633e+00 1.570502e+00 3.228113e+00 1.544717e+00
 [76] 1.666385e+00 1.780781e+00 7.683083e+01 2.754537e+00 1.880982e+00
 [81] 8.390197e+01 2.117813e+00 3.688825e+00 3.013604e+02 4.201206e+02
 [86] 1.296193e+00 4.633147e+00 4.957141e+00 2.030460e+02 1.661098e+00
 [91] 3.184987e+00 2.486181e+02 1.980082e+00 1.940804e+00 1.407642e+00
 [96] 5.035313e+00 1.513669e+00 2.582886e+00 4.517461e+00 7.025255e+02
