Loading required package: Matrix
Loaded glmnet 4.1-8
Loaded lars 1.3

 [1] NA NA NA NA NA NA NA NA NA NA NA
 [1] NA NA NA NA NA NA NA NA NA NA NA
[1] "data/Debi+lognormal_n500_p500_tau0.5_rho0.5_sigma0.5_Nsim20"
                   lambda SE PE linf FPR FNR TPR sum_beta
bootstrap_mean          0  0  0    0   0   0   0        0
bootstrap_mean_std      0  0  0    0   0   0   0        0
Time difference of 0.001004219 secs
[1] "Round 2"
 [1] NA NA NA NA NA NA NA NA NA NA NA
 [1] NA NA NA NA NA NA NA NA NA NA NA
[1] "data/Debi+lognormal_n500_p500_tau0.5_rho0.5_sigma0.5_Nsim20"
                   lambda SE PE linf FPR FNR TPR sum_beta
bootstrap_mean          0  0  0    0   0   0   0        0
bootstrap_mean_std      0  0  0    0   0   0   0        0
Time difference of 0.08967543 secs
 [1] NA NA NA NA NA NA NA NA NA NA NA
 [1] NA NA NA NA NA NA NA NA NA NA NA
[1] "data/Debi+lognormal_n500_p500_tau0.5_rho0.5_sigma0.5_Nsim20"
                   lambda SE PE linf FPR FNR TPR sum_beta
bootstrap_mean          0  0  0    0   0   0   0        0
bootstrap_mean_std      0  0  0    0   0   0   0        0
Time difference of 0.1135538 secs
[1] "Round 4"
 [1] NA NA NA NA NA NA NA NA NA NA NA
 [1] NA NA NA NA NA NA NA NA NA NA NA
[1] "data/Debi+lognormal_n500_p500_tau0.5_rho0.5_sigma0.5_Nsim20"
                   lambda SE PE linf FPR FNR TPR sum_beta
bootstrap_mean          0  0  0    0   0   0   0        0
bootstrap_mean_std      0  0  0    0   0   0   0        0
Time difference of 0.1406655 secs
 [1] NA NA NA NA NA NA NA NA NA NA NA
 [1] NA NA NA NA NA NA NA NA NA NA NA
[1] "data/Debi+lognormal_n500_p500_tau0.5_rho0.5_sigma0.5_Nsim20"
                   lambda SE PE linf FPR FNR TPR sum_beta
bootstrap_mean          0  0  0    0   0   0   0        0
bootstrap_mean_std      0  0  0    0   0   0   0        0
Time difference of 0.1846113 secs
[1] "Round 6"
 [1] NA NA NA NA NA NA NA NA NA NA NA
 [1] NA NA NA NA NA NA NA NA NA NA NA
[1] "data/Debi+lognormal_n500_p500_tau0.5_rho0.5_sigma0.5_Nsim20"
                   lambda SE PE linf FPR FNR TPR sum_beta
bootstrap_mean          0  0  0    0   0   0   0        0
bootstrap_mean_std      0  0  0    0   0   0   0        0
Time difference of 0.2028818 secs
 [1] NA NA NA NA NA NA NA NA NA NA NA
 [1] NA NA NA NA NA NA NA NA NA NA NA
[1] "data/Debi+lognormal_n500_p500_tau0.5_rho0.5_sigma0.5_Nsim20"
                   lambda SE PE linf FPR FNR TPR sum_beta
bootstrap_mean          0  0  0    0   0   0   0        0
bootstrap_mean_std      0  0  0    0   0   0   0        0
Time difference of 0.2159822 secs
[1] "Round 8"
 [1] NA NA NA NA NA NA NA NA NA NA NA
 [1] NA NA NA NA NA NA NA NA NA NA NA
[1] "data/Debi+lognormal_n500_p500_tau0.5_rho0.5_sigma0.5_Nsim20"
                   lambda SE PE linf FPR FNR TPR sum_beta
bootstrap_mean          0  0  0    0   0   0   0        0
bootstrap_mean_std      0  0  0    0   0   0   0        0
Time difference of 0.2318516 secs
 [1] NA NA NA NA NA NA NA NA NA NA NA
 [1] NA NA NA NA NA NA NA NA NA NA NA
[1] "data/Debi+lognormal_n500_p500_tau0.5_rho0.5_sigma0.5_Nsim20"
                   lambda SE PE linf FPR FNR TPR sum_beta
bootstrap_mean          0  0  0    0   0   0   0        0
bootstrap_mean_std      0  0  0    0   0   0   0        0
Time difference of 0.2868731 secs
[1] "Round 10"
 [1] NA NA NA NA NA NA NA NA NA NA NA
 [1] NA NA NA NA NA NA NA NA NA NA NA
[1] "data/Debi+lognormal_n500_p500_tau0.5_rho0.5_sigma0.5_Nsim20"
                   lambda SE PE linf FPR FNR TPR sum_beta
bootstrap_mean          0  0  0    0   0   0   0        0
bootstrap_mean_std      0  0  0    0   0   0   0        0
Time difference of 0.3119583 secs
 [1] NA NA NA NA NA NA NA NA NA NA NA
 [1] NA NA NA NA NA NA NA NA NA NA NA
[1] "data/Debi+lognormal_n500_p500_tau0.5_rho0.5_sigma0.5_Nsim20"
                   lambda SE PE linf FPR FNR TPR sum_beta
bootstrap_mean          0  0  0    0   0   0   0        0
bootstrap_mean_std      0  0  0    0   0   0   0        0
Time difference of 0.3870502 secs
[1] "Round 12"
 [1] NA NA NA NA NA NA NA NA NA NA NA
 [1] NA NA NA NA NA NA NA NA NA NA NA
[1] "data/Debi+lognormal_n500_p500_tau0.5_rho0.5_sigma0.5_Nsim20"
                   lambda SE PE linf FPR FNR TPR sum_beta
bootstrap_mean          0  0  0    0   0   0   0        0
bootstrap_mean_std      0  0  0    0   0   0   0        0
Time difference of 0.4030826 secs
 [1] NA NA NA NA NA NA NA NA NA NA NA
 [1] NA NA NA NA NA NA NA NA NA NA NA
[1] "data/Debi+lognormal_n500_p500_tau0.5_rho0.5_sigma0.5_Nsim20"
                   lambda SE PE linf FPR FNR TPR sum_beta
bootstrap_mean          0  0  0    0   0   0   0        0
bootstrap_mean_std      0  0  0    0   0   0   0        0
Time difference of 0.4142656 secs
[1] "Round 14"
 [1] NA NA NA NA NA NA NA NA NA NA NA
 [1] NA NA NA NA NA NA NA NA NA NA NA
[1] "data/Debi+lognormal_n500_p500_tau0.5_rho0.5_sigma0.5_Nsim20"
                   lambda SE PE linf FPR FNR TPR sum_beta
bootstrap_mean          0  0  0    0   0   0   0        0
bootstrap_mean_std      0  0  0    0   0   0   0        0
Time difference of 0.4233737 secs
 [1] NA NA NA NA NA NA NA NA NA NA NA
 [1] NA NA NA NA NA NA NA NA NA NA NA
[1] "data/Debi+lognormal_n500_p500_tau0.5_rho0.5_sigma0.5_Nsim20"
                   lambda SE PE linf FPR FNR TPR sum_beta
bootstrap_mean          0  0  0    0   0   0   0        0
bootstrap_mean_std      0  0  0    0   0   0   0        0
Time difference of 0.4991817 secs
[1] "Round 16"
 [1] NA NA NA NA NA NA NA NA NA NA NA
 [1] NA NA NA NA NA NA NA NA NA NA NA
[1] "data/Debi+lognormal_n500_p500_tau0.5_rho0.5_sigma0.5_Nsim20"
                   lambda SE PE linf FPR FNR TPR sum_beta
bootstrap_mean          0  0  0    0   0   0   0        0
bootstrap_mean_std      0  0  0    0   0   0   0        0
Time difference of 0.5223114 secs
 [1] NA NA NA NA NA NA NA NA NA NA NA
 [1] NA NA NA NA NA NA NA NA NA NA NA
[1] "data/Debi+lognormal_n500_p500_tau0.5_rho0.5_sigma0.5_Nsim20"
                   lambda SE PE linf FPR FNR TPR sum_beta
bootstrap_mean          0  0  0    0   0   0   0        0
bootstrap_mean_std      0  0  0    0   0   0   0        0
Time difference of 0.5953772 secs
[1] "Round 18"
 [1] NA NA NA NA NA NA NA NA NA NA NA
 [1] NA NA NA NA NA NA NA NA NA NA NA
[1] "data/Debi+lognormal_n500_p500_tau0.5_rho0.5_sigma0.5_Nsim20"
                   lambda SE PE linf FPR FNR TPR sum_beta
bootstrap_mean          0  0  0    0   0   0   0        0
bootstrap_mean_std      0  0  0    0   0   0   0        0
Time difference of 0.6117899 secs
Estimating optimal shrinkage intensity lambda.var (variance vector): 0.7711 

Estimating optimal shrinkage intensity lambda (correlation matrix): 0.1931 

 [1] NA NA NA NA NA NA NA NA NA NA NA
 [1] NA NA NA NA NA NA NA NA NA NA NA
[1] "data/Debi+lognormal_n500_p500_tau0.5_rho0.5_sigma0.5_Nsim20"
                        lambda        SE        PE       linf         FPR FNR
bootstrap_mean     0.003971494 0.5067099 0.2594553 0.02078355 0.002834008   0
bootstrap_mean_std 0.003971494 0.5067099 0.2594553 0.02078355 0.002834008   0
                    TPR      sum_beta
bootstrap_mean     0.05 -1.788934e-19
bootstrap_mean_std 0.05  1.788934e-19
Time difference of 1.441769 mins
[1] "Round 20"
Estimating optimal shrinkage intensity lambda.var (variance vector): 0.8802 

Estimating optimal shrinkage intensity lambda (correlation matrix): 0.2193 

 [1] NA NA NA NA NA NA NA NA NA NA NA
 [1] NA NA NA NA NA NA NA NA NA NA NA
[1] "data/Debi+lognormal_n500_p500_tau0.5_rho0.5_sigma0.5_Nsim20"
                        lambda        SE        PE       linf         FPR FNR
bootstrap_mean     0.008560927 0.7440390 0.3495341 0.03920995 0.005566802   0
bootstrap_mean_std 0.005909064 0.5481071 0.2701316 0.02704026 0.003832039   0
                          TPR     sum_beta
bootstrap_mean     0.10000000 1.707618e-19
bootstrap_mean_std 0.06882472 4.010560e-19
Time difference of 2.724868 mins
 [1]  0.000000  0.000000  0.000000  0.000000  0.000000  0.000000  0.000000
 [8]  0.000000  0.000000  0.000000  0.000000  0.000000  0.000000  0.000000
[15]  0.000000  0.000000  0.000000  0.000000 10.134198  4.746583
 [1] 0.000000 0.000000 0.000000 0.000000 0.000000 0.000000 0.000000 0.000000
 [9] 0.000000 0.000000 0.000000 0.000000 0.000000 0.000000 0.000000 0.000000
[17] 0.000000 0.000000 5.189107 1.801575
Error: unexpected '}' in "}"
Execution halted
