Loading required package: Matrix
Loaded glmnet 4.1-8
Loaded lars 1.3

[1] "estimated tau is 1.86455260236271"
Estimating optimal shrinkage intensity lambda.var (variance vector): 0.4178 

Estimating optimal shrinkage intensity lambda (correlation matrix): 0.791 

[1] "Round 2"
Estimating optimal shrinkage intensity lambda.var (variance vector): 0.4137 

Estimating optimal shrinkage intensity lambda (correlation matrix): 0.7931 

Estimating optimal shrinkage intensity lambda.var (variance vector): 0.4328 

Estimating optimal shrinkage intensity lambda (correlation matrix): 0.7867 

[1] "Round 4"
Estimating optimal shrinkage intensity lambda.var (variance vector): 0.4316 

Estimating optimal shrinkage intensity lambda (correlation matrix): 0.7674 

Estimating optimal shrinkage intensity lambda.var (variance vector): 0.4354 

Estimating optimal shrinkage intensity lambda (correlation matrix): 0.8105 

[1] "Round 6"
Estimating optimal shrinkage intensity lambda.var (variance vector): 0.4518 

Estimating optimal shrinkage intensity lambda (correlation matrix): 0.7739 

Estimating optimal shrinkage intensity lambda.var (variance vector): 0.4436 

Estimating optimal shrinkage intensity lambda (correlation matrix): 0.7968 

[1] "Round 8"
Estimating optimal shrinkage intensity lambda.var (variance vector): 0.4015 

Estimating optimal shrinkage intensity lambda (correlation matrix): 0.7937 

Estimating optimal shrinkage intensity lambda.var (variance vector): 0.3969 

Estimating optimal shrinkage intensity lambda (correlation matrix): 0.7942 

[1] "Round 10"
Estimating optimal shrinkage intensity lambda.var (variance vector): 0.4242 

Estimating optimal shrinkage intensity lambda (correlation matrix): 0.7834 

Estimating optimal shrinkage intensity lambda.var (variance vector): 0.4117 

Estimating optimal shrinkage intensity lambda (correlation matrix): 0.7674 

[1] "Round 12"
Estimating optimal shrinkage intensity lambda.var (variance vector): 0.4489 

Estimating optimal shrinkage intensity lambda (correlation matrix): 0.8088 

Estimating optimal shrinkage intensity lambda.var (variance vector): 0.4095 

Estimating optimal shrinkage intensity lambda (correlation matrix): 0.7759 

[1] "Round 14"
Estimating optimal shrinkage intensity lambda.var (variance vector): 0.4166 

Estimating optimal shrinkage intensity lambda (correlation matrix): 0.7794 

Estimating optimal shrinkage intensity lambda.var (variance vector): 0.4439 

Estimating optimal shrinkage intensity lambda (correlation matrix): 0.7757 

[1] "Round 16"
Estimating optimal shrinkage intensity lambda.var (variance vector): 0.4335 

Estimating optimal shrinkage intensity lambda (correlation matrix): 0.7889 

Estimating optimal shrinkage intensity lambda.var (variance vector): 0.4377 

Estimating optimal shrinkage intensity lambda (correlation matrix): 0.7729 

[1] "Round 18"
Estimating optimal shrinkage intensity lambda.var (variance vector): 0.4104 

Estimating optimal shrinkage intensity lambda (correlation matrix): 0.7994 

Estimating optimal shrinkage intensity lambda.var (variance vector): 0.4048 

Estimating optimal shrinkage intensity lambda (correlation matrix): 0.8211 

[1] "Round 20"
Estimating optimal shrinkage intensity lambda.var (variance vector): 0.4166 

Estimating optimal shrinkage intensity lambda (correlation matrix): 0.8094 

Estimating optimal shrinkage intensity lambda.var (variance vector): 0.4698 

Estimating optimal shrinkage intensity lambda (correlation matrix): 0.8092 

[1] "Round 22"
Estimating optimal shrinkage intensity lambda.var (variance vector): 0.4467 

Estimating optimal shrinkage intensity lambda (correlation matrix): 0.7847 

Estimating optimal shrinkage intensity lambda.var (variance vector): 0.397 

Estimating optimal shrinkage intensity lambda (correlation matrix): 0.8266 

[1] "Round 24"
Estimating optimal shrinkage intensity lambda.var (variance vector): 0.4181 

Estimating optimal shrinkage intensity lambda (correlation matrix): 0.8069 

Estimating optimal shrinkage intensity lambda.var (variance vector): 0.4278 

Estimating optimal shrinkage intensity lambda (correlation matrix): 0.8003 

[1] "Round 26"
Estimating optimal shrinkage intensity lambda.var (variance vector): 0.4412 

Estimating optimal shrinkage intensity lambda (correlation matrix): 0.8167 

Estimating optimal shrinkage intensity lambda.var (variance vector): 0.4498 

Estimating optimal shrinkage intensity lambda (correlation matrix): 0.7987 

[1] "Round 28"
Estimating optimal shrinkage intensity lambda.var (variance vector): 0.4486 

Estimating optimal shrinkage intensity lambda (correlation matrix): 0.7815 

Estimating optimal shrinkage intensity lambda.var (variance vector): 0.4081 

Estimating optimal shrinkage intensity lambda (correlation matrix): 0.8136 

[1] "Round 30"
Estimating optimal shrinkage intensity lambda.var (variance vector): 0.4256 

Estimating optimal shrinkage intensity lambda (correlation matrix): 0.7639 

Estimating optimal shrinkage intensity lambda.var (variance vector): 0.3987 

Estimating optimal shrinkage intensity lambda (correlation matrix): 0.8357 

[1] "Round 32"
Estimating optimal shrinkage intensity lambda.var (variance vector): 0.404 

Estimating optimal shrinkage intensity lambda (correlation matrix): 0.8097 

Estimating optimal shrinkage intensity lambda.var (variance vector): 0.4036 

Estimating optimal shrinkage intensity lambda (correlation matrix): 0.8038 

[1] "Round 34"
Estimating optimal shrinkage intensity lambda.var (variance vector): 0.4203 

Estimating optimal shrinkage intensity lambda (correlation matrix): 0.8065 

Estimating optimal shrinkage intensity lambda.var (variance vector): 0.422 

Estimating optimal shrinkage intensity lambda (correlation matrix): 0.8305 

[1] "Round 36"
Estimating optimal shrinkage intensity lambda.var (variance vector): 0.3841 

Estimating optimal shrinkage intensity lambda (correlation matrix): 0.8065 

Estimating optimal shrinkage intensity lambda.var (variance vector): 0.4376 

Estimating optimal shrinkage intensity lambda (correlation matrix): 0.785 

[1] "Round 38"
Estimating optimal shrinkage intensity lambda.var (variance vector): 0.4547 

Estimating optimal shrinkage intensity lambda (correlation matrix): 0.7617 

Estimating optimal shrinkage intensity lambda.var (variance vector): 0.4464 

Estimating optimal shrinkage intensity lambda (correlation matrix): 0.7852 

[1] "Round 40"
Estimating optimal shrinkage intensity lambda.var (variance vector): 0.4513 

Estimating optimal shrinkage intensity lambda (correlation matrix): 0.7767 

Estimating optimal shrinkage intensity lambda.var (variance vector): 0.4069 

Estimating optimal shrinkage intensity lambda (correlation matrix): 0.7948 

[1] "Round 42"
Estimating optimal shrinkage intensity lambda.var (variance vector): 0.4175 

Estimating optimal shrinkage intensity lambda (correlation matrix): 0.8178 

Estimating optimal shrinkage intensity lambda.var (variance vector): 0.4107 

Estimating optimal shrinkage intensity lambda (correlation matrix): 0.8267 

[1] "Round 44"
Estimating optimal shrinkage intensity lambda.var (variance vector): 0.4152 

Estimating optimal shrinkage intensity lambda (correlation matrix): 0.8014 

Estimating optimal shrinkage intensity lambda.var (variance vector): 0.4097 

Estimating optimal shrinkage intensity lambda (correlation matrix): 0.8097 

[1] "Round 46"
Estimating optimal shrinkage intensity lambda.var (variance vector): 0.4359 

Estimating optimal shrinkage intensity lambda (correlation matrix): 0.797 

Estimating optimal shrinkage intensity lambda.var (variance vector): 0.453 

Estimating optimal shrinkage intensity lambda (correlation matrix): 0.8094 

[1] "Round 48"
Estimating optimal shrinkage intensity lambda.var (variance vector): 0.4415 

Estimating optimal shrinkage intensity lambda (correlation matrix): 0.8086 

Estimating optimal shrinkage intensity lambda.var (variance vector): 0.4007 

Estimating optimal shrinkage intensity lambda (correlation matrix): 0.8154 

[1] "Round 50"
Estimating optimal shrinkage intensity lambda.var (variance vector): 0.4303 

Estimating optimal shrinkage intensity lambda (correlation matrix): 0.8187 

Estimating optimal shrinkage intensity lambda.var (variance vector): 0.4083 

Estimating optimal shrinkage intensity lambda (correlation matrix): 0.8181 

[1] "Round 52"
Estimating optimal shrinkage intensity lambda.var (variance vector): 0.4074 

Estimating optimal shrinkage intensity lambda (correlation matrix): 0.8116 

Estimating optimal shrinkage intensity lambda.var (variance vector): 0.4259 

Estimating optimal shrinkage intensity lambda (correlation matrix): 0.7948 

[1] "Round 54"
Estimating optimal shrinkage intensity lambda.var (variance vector): 0.4104 

Estimating optimal shrinkage intensity lambda (correlation matrix): 0.7945 

Estimating optimal shrinkage intensity lambda.var (variance vector): 0.4423 

Estimating optimal shrinkage intensity lambda (correlation matrix): 0.801 

[1] "Round 56"
Estimating optimal shrinkage intensity lambda.var (variance vector): 0.4328 

Estimating optimal shrinkage intensity lambda (correlation matrix): 0.8165 

Estimating optimal shrinkage intensity lambda.var (variance vector): 0.4537 

Estimating optimal shrinkage intensity lambda (correlation matrix): 0.7566 

[1] "Round 58"
Estimating optimal shrinkage intensity lambda.var (variance vector): 0.4454 

Estimating optimal shrinkage intensity lambda (correlation matrix): 0.7672 

Estimating optimal shrinkage intensity lambda.var (variance vector): 0.4316 

Estimating optimal shrinkage intensity lambda (correlation matrix): 0.8 

[1] "Round 60"
Estimating optimal shrinkage intensity lambda.var (variance vector): 0.4064 

Estimating optimal shrinkage intensity lambda (correlation matrix): 0.8131 

Estimating optimal shrinkage intensity lambda.var (variance vector): 0.4396 

Estimating optimal shrinkage intensity lambda (correlation matrix): 0.7857 

[1] "Round 62"
Estimating optimal shrinkage intensity lambda.var (variance vector): 0.4379 

Estimating optimal shrinkage intensity lambda (correlation matrix): 0.7794 

Estimating optimal shrinkage intensity lambda.var (variance vector): 0.413 

Estimating optimal shrinkage intensity lambda (correlation matrix): 0.8109 

[1] "Round 64"
Estimating optimal shrinkage intensity lambda.var (variance vector): 0.4282 

Estimating optimal shrinkage intensity lambda (correlation matrix): 0.7811 

Estimating optimal shrinkage intensity lambda.var (variance vector): 0.4354 

Estimating optimal shrinkage intensity lambda (correlation matrix): 0.8218 

[1] "Round 66"
Estimating optimal shrinkage intensity lambda.var (variance vector): 0.421 

Estimating optimal shrinkage intensity lambda (correlation matrix): 0.7795 

Estimating optimal shrinkage intensity lambda.var (variance vector): 0.44 

Estimating optimal shrinkage intensity lambda (correlation matrix): 0.8148 

[1] "Round 68"
Estimating optimal shrinkage intensity lambda.var (variance vector): 0.4021 

Estimating optimal shrinkage intensity lambda (correlation matrix): 0.7805 

Estimating optimal shrinkage intensity lambda.var (variance vector): 0.3997 

Estimating optimal shrinkage intensity lambda (correlation matrix): 0.8087 

[1] "Round 70"
Estimating optimal shrinkage intensity lambda.var (variance vector): 0.4488 

Estimating optimal shrinkage intensity lambda (correlation matrix): 0.7722 

Estimating optimal shrinkage intensity lambda.var (variance vector): 0.4214 

Estimating optimal shrinkage intensity lambda (correlation matrix): 0.811 

[1] "Round 72"
Estimating optimal shrinkage intensity lambda.var (variance vector): 0.4253 

Estimating optimal shrinkage intensity lambda (correlation matrix): 0.7874 

Estimating optimal shrinkage intensity lambda.var (variance vector): 0.4583 

Estimating optimal shrinkage intensity lambda (correlation matrix): 0.7859 

[1] "Round 74"
Estimating optimal shrinkage intensity lambda.var (variance vector): 0.4017 

Estimating optimal shrinkage intensity lambda (correlation matrix): 0.7977 

Estimating optimal shrinkage intensity lambda.var (variance vector): 0.4195 

Estimating optimal shrinkage intensity lambda (correlation matrix): 0.8306 

[1] "Round 76"
Estimating optimal shrinkage intensity lambda.var (variance vector): 0.4429 

Estimating optimal shrinkage intensity lambda (correlation matrix): 0.8086 

Estimating optimal shrinkage intensity lambda.var (variance vector): 0.423 

Estimating optimal shrinkage intensity lambda (correlation matrix): 0.7807 

[1] "Round 78"
Estimating optimal shrinkage intensity lambda.var (variance vector): 0.4151 

Estimating optimal shrinkage intensity lambda (correlation matrix): 0.7901 

Estimating optimal shrinkage intensity lambda.var (variance vector): 0.4261 

Estimating optimal shrinkage intensity lambda (correlation matrix): 0.7828 

[1] "Round 80"
Estimating optimal shrinkage intensity lambda.var (variance vector): 0.4077 

Estimating optimal shrinkage intensity lambda (correlation matrix): 0.7844 

Estimating optimal shrinkage intensity lambda.var (variance vector): 0.4432 

Estimating optimal shrinkage intensity lambda (correlation matrix): 0.8008 

[1] "Round 82"
Estimating optimal shrinkage intensity lambda.var (variance vector): 0.479 

Estimating optimal shrinkage intensity lambda (correlation matrix): 0.7947 

Estimating optimal shrinkage intensity lambda.var (variance vector): 0.4214 

Estimating optimal shrinkage intensity lambda (correlation matrix): 0.7873 

[1] "Round 84"
Estimating optimal shrinkage intensity lambda.var (variance vector): 0.4442 

Estimating optimal shrinkage intensity lambda (correlation matrix): 0.7859 

Estimating optimal shrinkage intensity lambda.var (variance vector): 0.4069 

Estimating optimal shrinkage intensity lambda (correlation matrix): 0.8037 

[1] "Round 86"
Estimating optimal shrinkage intensity lambda.var (variance vector): 0.4238 

Estimating optimal shrinkage intensity lambda (correlation matrix): 0.7904 

Estimating optimal shrinkage intensity lambda.var (variance vector): 0.4159 

Estimating optimal shrinkage intensity lambda (correlation matrix): 0.7882 

[1] "Round 88"
Estimating optimal shrinkage intensity lambda.var (variance vector): 0.4144 

Estimating optimal shrinkage intensity lambda (correlation matrix): 0.7882 

Estimating optimal shrinkage intensity lambda.var (variance vector): 0.4467 

Estimating optimal shrinkage intensity lambda (correlation matrix): 0.8145 

[1] "Round 90"
Estimating optimal shrinkage intensity lambda.var (variance vector): 0.4382 

Estimating optimal shrinkage intensity lambda (correlation matrix): 0.7556 

Estimating optimal shrinkage intensity lambda.var (variance vector): 0.4167 

Estimating optimal shrinkage intensity lambda (correlation matrix): 0.7858 

[1] "Round 92"
Estimating optimal shrinkage intensity lambda.var (variance vector): 0.4349 

Estimating optimal shrinkage intensity lambda (correlation matrix): 0.8351 

Estimating optimal shrinkage intensity lambda.var (variance vector): 0.447 

Estimating optimal shrinkage intensity lambda (correlation matrix): 0.8051 

[1] "Round 94"
Estimating optimal shrinkage intensity lambda.var (variance vector): 0.4273 

Estimating optimal shrinkage intensity lambda (correlation matrix): 0.7801 

Estimating optimal shrinkage intensity lambda.var (variance vector): 0.4213 

Estimating optimal shrinkage intensity lambda (correlation matrix): 0.7918 

[1] "Round 96"
Estimating optimal shrinkage intensity lambda.var (variance vector): 0.4355 

Estimating optimal shrinkage intensity lambda (correlation matrix): 0.7477 

Estimating optimal shrinkage intensity lambda.var (variance vector): 0.4462 

Estimating optimal shrinkage intensity lambda (correlation matrix): 0.8041 

[1] "Round 98"
Estimating optimal shrinkage intensity lambda.var (variance vector): 0.4078 

Estimating optimal shrinkage intensity lambda (correlation matrix): 0.7995 

Estimating optimal shrinkage intensity lambda.var (variance vector): 0.4154 

Estimating optimal shrinkage intensity lambda (correlation matrix): 0.8064 

[1] "Round 100"
Estimating optimal shrinkage intensity lambda.var (variance vector): 0.4423 

Estimating optimal shrinkage intensity lambda (correlation matrix): 0.797 

Error in write.table(sum_values, file = es, file = file_name_sum, quote = FALSE,  : 
  formal argument "file" matched by multiple actual arguments
In addition: Warning messages:
1: In min(gam[gam > eps], na.rm = TRUE) :
  no non-missing arguments to min; returning Inf
2: In min(gam[gam > eps], na.rm = TRUE) :
  no non-missing arguments to min; returning Inf
3: In min(gam[gam > eps], na.rm = TRUE) :
  no non-missing arguments to min; returning Inf
4: In min(gam[gam > eps], na.rm = TRUE) :
  no non-missing arguments to min; returning Inf
5: In min(gam[gam > eps], na.rm = TRUE) :
  no non-missing arguments to min; returning Inf
6: In min(gam[gam > eps], na.rm = TRUE) :
  no non-missing arguments to min; returning Inf
7: In min(gam[gam > eps], na.rm = TRUE) :
  no non-missing arguments to min; returning Inf
8: In min(gam[gam > eps], na.rm = TRUE) :
  no non-missing arguments to min; returning Inf
9: In min(gam[gam > eps], na.rm = TRUE) :
  no non-missing arguments to min; returning Inf
Execution halted
