Loading required package: Matrix
Loaded glmnet 4.1-8
Loaded lars 1.3

[1] "estimated tau is 2.089896047616"
Estimating optimal shrinkage intensity lambda.var (variance vector): 0.2668 

Estimating optimal shrinkage intensity lambda (correlation matrix): 0.8618 

[1] "Round 2"
Estimating optimal shrinkage intensity lambda.var (variance vector): 0.2612 

Estimating optimal shrinkage intensity lambda (correlation matrix): 0.8631 

Estimating optimal shrinkage intensity lambda.var (variance vector): 0.2958 

Estimating optimal shrinkage intensity lambda (correlation matrix): 0.8361 

[1] "Round 4"
Estimating optimal shrinkage intensity lambda.var (variance vector): 0.3215 

Estimating optimal shrinkage intensity lambda (correlation matrix): 0.7983 

Estimating optimal shrinkage intensity lambda.var (variance vector): 0.2813 

Estimating optimal shrinkage intensity lambda (correlation matrix): 0.8796 

[1] "Round 6"
Estimating optimal shrinkage intensity lambda.var (variance vector): 0.2797 

Estimating optimal shrinkage intensity lambda (correlation matrix): 0.8694 

Estimating optimal shrinkage intensity lambda.var (variance vector): 0.2723 

Estimating optimal shrinkage intensity lambda (correlation matrix): 0.7921 

[1] "Round 8"
Estimating optimal shrinkage intensity lambda.var (variance vector): 0.2601 

Estimating optimal shrinkage intensity lambda (correlation matrix): 0.8343 

Estimating optimal shrinkage intensity lambda.var (variance vector): 0.3008 

Estimating optimal shrinkage intensity lambda (correlation matrix): 0.8271 

[1] "Round 10"
Estimating optimal shrinkage intensity lambda.var (variance vector): 0.2937 

Estimating optimal shrinkage intensity lambda (correlation matrix): 0.8474 

Estimating optimal shrinkage intensity lambda.var (variance vector): 0.2713 

Estimating optimal shrinkage intensity lambda (correlation matrix): 0.8523 

[1] "Round 12"
Estimating optimal shrinkage intensity lambda.var (variance vector): 0.2713 

Estimating optimal shrinkage intensity lambda (correlation matrix): 0.856 

Estimating optimal shrinkage intensity lambda.var (variance vector): 0.2821 

Estimating optimal shrinkage intensity lambda (correlation matrix): 0.8588 

[1] "Round 14"
Estimating optimal shrinkage intensity lambda.var (variance vector): 0.2915 

Estimating optimal shrinkage intensity lambda (correlation matrix): 0.8163 

Estimating optimal shrinkage intensity lambda.var (variance vector): 0.2775 

Estimating optimal shrinkage intensity lambda (correlation matrix): 0.8301 

[1] "Round 16"
Estimating optimal shrinkage intensity lambda.var (variance vector): 0.275 

Estimating optimal shrinkage intensity lambda (correlation matrix): 0.8735 

Estimating optimal shrinkage intensity lambda.var (variance vector): 0.2593 

Estimating optimal shrinkage intensity lambda (correlation matrix): 0.8919 

[1] "Round 18"
Estimating optimal shrinkage intensity lambda.var (variance vector): 0.279 

Estimating optimal shrinkage intensity lambda (correlation matrix): 0.8797 

Estimating optimal shrinkage intensity lambda.var (variance vector): 0.3022 

Estimating optimal shrinkage intensity lambda (correlation matrix): 0.8299 

[1] "Round 20"
Estimating optimal shrinkage intensity lambda.var (variance vector): 0.2782 

Estimating optimal shrinkage intensity lambda (correlation matrix): 0.8408 

Estimating optimal shrinkage intensity lambda.var (variance vector): 0.2599 

Estimating optimal shrinkage intensity lambda (correlation matrix): 0.9002 

[1] "Round 22"
Estimating optimal shrinkage intensity lambda.var (variance vector): 0.2633 

Estimating optimal shrinkage intensity lambda (correlation matrix): 0.8799 

Estimating optimal shrinkage intensity lambda.var (variance vector): 0.2808 

Estimating optimal shrinkage intensity lambda (correlation matrix): 0.8562 

[1] "Round 24"
Estimating optimal shrinkage intensity lambda.var (variance vector): 0.2632 

Estimating optimal shrinkage intensity lambda (correlation matrix): 0.8404 

Estimating optimal shrinkage intensity lambda.var (variance vector): 0.2788 

Estimating optimal shrinkage intensity lambda (correlation matrix): 0.8708 

[1] "Round 26"
Estimating optimal shrinkage intensity lambda.var (variance vector): 0.27 

Estimating optimal shrinkage intensity lambda (correlation matrix): 0.9026 

Estimating optimal shrinkage intensity lambda.var (variance vector): 0.2675 

Estimating optimal shrinkage intensity lambda (correlation matrix): 0.8655 

[1] "Round 28"
Estimating optimal shrinkage intensity lambda.var (variance vector): 0.2792 

Estimating optimal shrinkage intensity lambda (correlation matrix): 0.8507 

Estimating optimal shrinkage intensity lambda.var (variance vector): 0.2926 

Estimating optimal shrinkage intensity lambda (correlation matrix): 0.8287 

[1] "Round 30"
Estimating optimal shrinkage intensity lambda.var (variance vector): 0.2664 

Estimating optimal shrinkage intensity lambda (correlation matrix): 0.8536 

Estimating optimal shrinkage intensity lambda.var (variance vector): 0.2811 

Estimating optimal shrinkage intensity lambda (correlation matrix): 0.8481 

[1] "Round 32"
Estimating optimal shrinkage intensity lambda.var (variance vector): 0.2647 

Estimating optimal shrinkage intensity lambda (correlation matrix): 0.8242 

Estimating optimal shrinkage intensity lambda.var (variance vector): 0.3173 

Estimating optimal shrinkage intensity lambda (correlation matrix): 0.8128 

[1] "Round 34"
Estimating optimal shrinkage intensity lambda.var (variance vector): 0.2594 

Estimating optimal shrinkage intensity lambda (correlation matrix): 0.8503 

Estimating optimal shrinkage intensity lambda.var (variance vector): 0.2899 

Estimating optimal shrinkage intensity lambda (correlation matrix): 0.8585 

[1] "Round 36"
Estimating optimal shrinkage intensity lambda.var (variance vector): 0.2878 

Estimating optimal shrinkage intensity lambda (correlation matrix): 0.8963 

Estimating optimal shrinkage intensity lambda.var (variance vector): 0.2836 

Estimating optimal shrinkage intensity lambda (correlation matrix): 0.848 

[1] "Round 38"
Estimating optimal shrinkage intensity lambda.var (variance vector): 0.2675 

Estimating optimal shrinkage intensity lambda (correlation matrix): 0.8087 

Estimating optimal shrinkage intensity lambda.var (variance vector): 0.2766 

Estimating optimal shrinkage intensity lambda (correlation matrix): 0.8394 

[1] "Round 40"
Estimating optimal shrinkage intensity lambda.var (variance vector): 0.3119 

Estimating optimal shrinkage intensity lambda (correlation matrix): 0.8634 

Estimating optimal shrinkage intensity lambda.var (variance vector): 0.2554 

Estimating optimal shrinkage intensity lambda (correlation matrix): 0.8892 

[1] "Round 42"
Estimating optimal shrinkage intensity lambda.var (variance vector): 0.2691 

Estimating optimal shrinkage intensity lambda (correlation matrix): 0.8662 

Estimating optimal shrinkage intensity lambda.var (variance vector): 0.2932 

Estimating optimal shrinkage intensity lambda (correlation matrix): 0.8812 

[1] "Round 44"
Estimating optimal shrinkage intensity lambda.var (variance vector): 0.2865 

Estimating optimal shrinkage intensity lambda (correlation matrix): 0.873 

Estimating optimal shrinkage intensity lambda.var (variance vector): 0.2525 

Estimating optimal shrinkage intensity lambda (correlation matrix): 0.8819 

[1] "Round 46"
Estimating optimal shrinkage intensity lambda.var (variance vector): 0.2752 

Estimating optimal shrinkage intensity lambda (correlation matrix): 0.8344 

Estimating optimal shrinkage intensity lambda.var (variance vector): 0.2929 

Estimating optimal shrinkage intensity lambda (correlation matrix): 0.8549 

[1] "Round 48"
Estimating optimal shrinkage intensity lambda.var (variance vector): 0.293 

Estimating optimal shrinkage intensity lambda (correlation matrix): 0.8461 

Estimating optimal shrinkage intensity lambda.var (variance vector): 0.3116 

Estimating optimal shrinkage intensity lambda (correlation matrix): 0.8551 

[1] "Round 50"
Estimating optimal shrinkage intensity lambda.var (variance vector): 0.2601 

Estimating optimal shrinkage intensity lambda (correlation matrix): 0.9044 

Estimating optimal shrinkage intensity lambda.var (variance vector): 0.2793 

Estimating optimal shrinkage intensity lambda (correlation matrix): 0.7694 

[1] "Round 52"
Estimating optimal shrinkage intensity lambda.var (variance vector): 0.258 

Estimating optimal shrinkage intensity lambda (correlation matrix): 0.8619 

Estimating optimal shrinkage intensity lambda.var (variance vector): 0.2957 

Estimating optimal shrinkage intensity lambda (correlation matrix): 0.8859 

[1] "Round 54"
Estimating optimal shrinkage intensity lambda.var (variance vector): 0.2844 

Estimating optimal shrinkage intensity lambda (correlation matrix): 0.8491 

Estimating optimal shrinkage intensity lambda.var (variance vector): 0.2594 

Estimating optimal shrinkage intensity lambda (correlation matrix): 0.8595 

[1] "Round 56"
Estimating optimal shrinkage intensity lambda.var (variance vector): 0.2801 

Estimating optimal shrinkage intensity lambda (correlation matrix): 0.8382 

Estimating optimal shrinkage intensity lambda.var (variance vector): 0.307 

Estimating optimal shrinkage intensity lambda (correlation matrix): 0.8558 

[1] "Round 58"
Estimating optimal shrinkage intensity lambda.var (variance vector): 0.2549 

Estimating optimal shrinkage intensity lambda (correlation matrix): 0.8988 

Estimating optimal shrinkage intensity lambda.var (variance vector): 0.2925 

Estimating optimal shrinkage intensity lambda (correlation matrix): 0.8016 

[1] "Round 60"
Estimating optimal shrinkage intensity lambda.var (variance vector): 0.2731 

Estimating optimal shrinkage intensity lambda (correlation matrix): 0.8634 

Estimating optimal shrinkage intensity lambda.var (variance vector): 0.2972 

Estimating optimal shrinkage intensity lambda (correlation matrix): 0.8996 

[1] "Round 62"
Estimating optimal shrinkage intensity lambda.var (variance vector): 0.3071 

Estimating optimal shrinkage intensity lambda (correlation matrix): 0.8454 

Estimating optimal shrinkage intensity lambda.var (variance vector): 0.2785 

Estimating optimal shrinkage intensity lambda (correlation matrix): 0.8525 

[1] "Round 64"
Estimating optimal shrinkage intensity lambda.var (variance vector): 0.2886 

Estimating optimal shrinkage intensity lambda (correlation matrix): 0.8563 

Estimating optimal shrinkage intensity lambda.var (variance vector): 0.2831 

Estimating optimal shrinkage intensity lambda (correlation matrix): 0.8887 

[1] "Round 66"
Estimating optimal shrinkage intensity lambda.var (variance vector): 0.2793 

Estimating optimal shrinkage intensity lambda (correlation matrix): 0.8342 

Estimating optimal shrinkage intensity lambda.var (variance vector): 0.2789 

Estimating optimal shrinkage intensity lambda (correlation matrix): 0.835 

[1] "Round 68"
Estimating optimal shrinkage intensity lambda.var (variance vector): 0.2907 

Estimating optimal shrinkage intensity lambda (correlation matrix): 0.904 

Estimating optimal shrinkage intensity lambda.var (variance vector): 0.2955 

Estimating optimal shrinkage intensity lambda (correlation matrix): 0.8385 

[1] "Round 70"
Estimating optimal shrinkage intensity lambda.var (variance vector): 0.3014 

Estimating optimal shrinkage intensity lambda (correlation matrix): 0.7869 

Estimating optimal shrinkage intensity lambda.var (variance vector): 0.2813 

Estimating optimal shrinkage intensity lambda (correlation matrix): 0.8317 

[1] "Round 72"
Estimating optimal shrinkage intensity lambda.var (variance vector): 0.2651 

Estimating optimal shrinkage intensity lambda (correlation matrix): 0.8805 

Estimating optimal shrinkage intensity lambda.var (variance vector): 0.3148 

Estimating optimal shrinkage intensity lambda (correlation matrix): 0.8199 

[1] "Round 74"
Estimating optimal shrinkage intensity lambda.var (variance vector): 0.2814 

Estimating optimal shrinkage intensity lambda (correlation matrix): 0.8039 

Estimating optimal shrinkage intensity lambda.var (variance vector): 0.2849 

Estimating optimal shrinkage intensity lambda (correlation matrix): 0.8803 

[1] "Round 76"
Estimating optimal shrinkage intensity lambda.var (variance vector): 0.2821 

Estimating optimal shrinkage intensity lambda (correlation matrix): 0.864 

Estimating optimal shrinkage intensity lambda.var (variance vector): 0.3057 

Estimating optimal shrinkage intensity lambda (correlation matrix): 0.8725 

[1] "Round 78"
Estimating optimal shrinkage intensity lambda.var (variance vector): 0.2824 

Estimating optimal shrinkage intensity lambda (correlation matrix): 0.8728 

Estimating optimal shrinkage intensity lambda.var (variance vector): 0.2446 

Estimating optimal shrinkage intensity lambda (correlation matrix): 0.8647 

[1] "Round 80"
Estimating optimal shrinkage intensity lambda.var (variance vector): 0.2866 

Estimating optimal shrinkage intensity lambda (correlation matrix): 0.8585 

Estimating optimal shrinkage intensity lambda.var (variance vector): 0.2913 

Estimating optimal shrinkage intensity lambda (correlation matrix): 0.7995 

[1] "Round 82"
Estimating optimal shrinkage intensity lambda.var (variance vector): 0.2686 

Estimating optimal shrinkage intensity lambda (correlation matrix): 0.8708 

Estimating optimal shrinkage intensity lambda.var (variance vector): 0.2752 

Estimating optimal shrinkage intensity lambda (correlation matrix): 0.8637 

[1] "Round 84"
Estimating optimal shrinkage intensity lambda.var (variance vector): 0.2855 

Estimating optimal shrinkage intensity lambda (correlation matrix): 0.8766 

Estimating optimal shrinkage intensity lambda.var (variance vector): 0.2686 

Estimating optimal shrinkage intensity lambda (correlation matrix): 0.86 

[1] "Round 86"
Estimating optimal shrinkage intensity lambda.var (variance vector): 0.2796 

Estimating optimal shrinkage intensity lambda (correlation matrix): 0.8093 

Estimating optimal shrinkage intensity lambda.var (variance vector): 0.2903 

Estimating optimal shrinkage intensity lambda (correlation matrix): 0.8398 

[1] "Round 88"
Estimating optimal shrinkage intensity lambda.var (variance vector): 0.2853 

Estimating optimal shrinkage intensity lambda (correlation matrix): 0.8261 

Estimating optimal shrinkage intensity lambda.var (variance vector): 0.2895 

Estimating optimal shrinkage intensity lambda (correlation matrix): 0.8627 

[1] "Round 90"
Estimating optimal shrinkage intensity lambda.var (variance vector): 0.2731 

Estimating optimal shrinkage intensity lambda (correlation matrix): 0.8643 

Estimating optimal shrinkage intensity lambda.var (variance vector): 0.2843 

Estimating optimal shrinkage intensity lambda (correlation matrix): 0.8372 

[1] "Round 92"
Estimating optimal shrinkage intensity lambda.var (variance vector): 0.2702 

Estimating optimal shrinkage intensity lambda (correlation matrix): 0.8998 

Estimating optimal shrinkage intensity lambda.var (variance vector): 0.2628 

Estimating optimal shrinkage intensity lambda (correlation matrix): 0.8806 

[1] "Round 94"
Estimating optimal shrinkage intensity lambda.var (variance vector): 0.2863 

Estimating optimal shrinkage intensity lambda (correlation matrix): 0.8444 

Estimating optimal shrinkage intensity lambda.var (variance vector): 0.2905 

Estimating optimal shrinkage intensity lambda (correlation matrix): 0.8461 

[1] "Round 96"
Estimating optimal shrinkage intensity lambda.var (variance vector): 0.2872 

Estimating optimal shrinkage intensity lambda (correlation matrix): 0.8337 

Estimating optimal shrinkage intensity lambda.var (variance vector): 0.2587 

Estimating optimal shrinkage intensity lambda (correlation matrix): 0.8364 

[1] "Round 98"
Estimating optimal shrinkage intensity lambda.var (variance vector): 0.2967 

Estimating optimal shrinkage intensity lambda (correlation matrix): 0.8879 

Estimating optimal shrinkage intensity lambda.var (variance vector): 0.3059 

Estimating optimal shrinkage intensity lambda (correlation matrix): 0.8319 

[1] "Round 100"
Estimating optimal shrinkage intensity lambda.var (variance vector): 0.2853 

Estimating optimal shrinkage intensity lambda (correlation matrix): 0.8801 

[1] "data/Debi+dirmult_n100_p200_tau2.089896047616_rho0.5_sigma0.5_Nsim100"
                       lambda        SE         PE       linf         FPR
bootstrap_mean     0.21832001 8.3383326 10.5022879 1.14706218 0.062932990
bootstrap_mean_std 0.01097585 0.1843451  0.8576834 0.02023438 0.001963567
                          FNR        TPR     sum_beta
bootstrap_mean     0.46800000 0.54050000 1.122149e-20
bootstrap_mean_std 0.06200646 0.06867609 4.561911e-19
Time difference of 5.601545 mins
[1] "estimated tau is 2.09083024367062"
[1] "Round 2"
[1] "Round 4"
[1] "Round 6"
[1] "Round 8"
[1] "Round 10"
[1] "Round 12"
[1] "Round 14"
[1] "Round 16"
[1] "Round 18"
[1] "Round 20"
[1] "Round 22"
[1] "Round 24"
[1] "Round 26"
[1] "Round 28"
[1] "Round 30"
[1] "Round 32"
[1] "Round 34"
[1] "Round 36"
[1] "Round 38"
[1] "Round 40"
[1] "Round 42"
[1] "Round 44"
[1] "Round 46"
[1] "Round 48"
[1] "Round 50"
[1] "Round 52"
[1] "Round 54"
[1] "Round 56"
[1] "Round 58"
[1] "Round 60"
[1] "Round 62"
[1] "Round 64"
[1] "Round 66"
[1] "Round 68"
[1] "Round 70"
[1] "Round 72"
[1] "Round 74"
[1] "Round 76"
[1] "Round 78"
[1] "Round 80"
[1] "Round 82"
[1] "Round 84"
[1] "Round 86"
[1] "Round 88"
[1] "Round 90"
[1] "Round 92"
[1] "Round 94"
[1] "Round 96"
[1] "Round 98"
[1] "Round 100"
[1] "data/Eric+dirmult_n100_p200_tau2.09083024367062_rho0.5_sigma0.5_Nsim100"
                       lambda       SE       PE         linf         FPR
bootstrap_mean     1.08783857 6.782703 7.892190 1.3999757655 0.038072165
bootstrap_mean_std 0.03194522 0.061021 0.192929 0.0003865659 0.003926212
                          FNR        TPR      sum_beta
bootstrap_mean     0.65633333 0.34683333 -4.218772e-06
bootstrap_mean_std 0.03810093 0.04380422  6.677676e-07
Time difference of 9.708213 mins
  [1] 7.401261 6.843128 6.883724 6.447394 7.787548 6.211682 6.441320 7.780000
  [9] 5.369340 6.437378 6.293091 5.400036 6.719570 7.226734 7.008372 6.328634
 [17] 7.485965 6.708731 7.208758 6.614039 7.145935 7.660798 7.192160 7.242249
 [25] 7.780000 6.398682 7.222912 7.090597 6.713794 7.447172 6.376887 7.012668
 [33] 6.731360 6.055790 6.738489 6.918690 6.451392 6.217638 6.352482 5.898053
 [41] 6.851795 6.948335 7.761573 6.722333 6.410494 7.779904 6.369866 7.747733
 [49] 7.671587 6.702242 6.879647 6.707837 6.170219 7.038380 6.493010 6.639798
 [57] 7.011730 7.466476 6.919750 5.690969 7.780000 6.675384 7.779879 7.036204
 [65] 6.679999 5.738593 6.924647 7.113243 6.695836 6.383594 6.910156 7.381432
 [73] 6.230748 6.612418 7.780000 7.780000 6.758928 6.786138 6.665951 5.883489
 [81] 6.817435 7.540417 6.345165 6.966506 6.548696 5.996158 6.336700 7.195367
 [89] 7.684466 6.467451 7.522206 7.066853 6.608654 5.953172 6.761241 6.791743
 [97] 7.018849 6.158363 6.847271 6.144327
  [1]  9.330271 12.784638  5.416718  6.278476 10.349646  9.258224  7.816988
  [8]  9.032107  5.585665  5.185186  7.872563  8.742479  9.392997  7.247252
 [15]  6.557080  7.598901 10.122753  9.665858  8.339409  7.491737  8.427006
 [22] 10.615751  9.671069 17.477334  9.999624  4.991758 14.651616  8.862678
 [29]  9.722116 10.963349  6.377669  7.649535  7.974682  4.561092  8.693491
 [36] 10.519657  6.505867  5.661009  7.980887  7.748279  8.393859  6.624528
 [43] 12.528094 10.372978  7.740149 12.294712 10.172405  7.361726 12.352574
 [50]  5.161866  8.679488  6.798636  7.816080  7.698650  7.043728  8.135660
 [57] 12.165606 10.527332  7.855673  6.511515  7.866667  7.176022 10.268156
 [64]  8.954584  7.563881  6.308382 10.421362  9.200119  6.621280  7.197382
 [71]  7.246162  8.958587  5.086723  6.772923  7.166538  5.941078  5.255222
 [78]  8.461660  7.984904  8.318519 11.649296  5.094256  5.861059  6.318008
 [85]  5.805055  7.265238  8.607751 10.248686  7.390115 10.020272  7.872654
 [92]  6.488703  6.105650  4.082455  6.537283  7.262537  8.942815  4.594434
 [99]  7.954241  8.492165
[1] "estimated tau is 1.93719373309423"
Estimating optimal shrinkage intensity lambda.var (variance vector): 0.4282 

Estimating optimal shrinkage intensity lambda (correlation matrix): 0.8705 

[1] "Round 2"
Estimating optimal shrinkage intensity lambda.var (variance vector): 0.4394 

Estimating optimal shrinkage intensity lambda (correlation matrix): 0.8089 

Estimating optimal shrinkage intensity lambda.var (variance vector): 0.4508 

Estimating optimal shrinkage intensity lambda (correlation matrix): 0.836 

[1] "Round 4"
Estimating optimal shrinkage intensity lambda.var (variance vector): 0.4547 

Estimating optimal shrinkage intensity lambda (correlation matrix): 0.8769 

Estimating optimal shrinkage intensity lambda.var (variance vector): 0.486 

Estimating optimal shrinkage intensity lambda (correlation matrix): 0.8705 

[1] "Round 6"
Estimating optimal shrinkage intensity lambda.var (variance vector): 0.4206 

Estimating optimal shrinkage intensity lambda (correlation matrix): 0.8312 

Estimating optimal shrinkage intensity lambda.var (variance vector): 0.4265 

Estimating optimal shrinkage intensity lambda (correlation matrix): 0.824 

[1] "Round 8"
Estimating optimal shrinkage intensity lambda.var (variance vector): 0.4431 

Estimating optimal shrinkage intensity lambda (correlation matrix): 0.8333 

Estimating optimal shrinkage intensity lambda.var (variance vector): 0.4948 

Estimating optimal shrinkage intensity lambda (correlation matrix): 0.8359 

[1] "Round 10"
Estimating optimal shrinkage intensity lambda.var (variance vector): 0.4506 

Estimating optimal shrinkage intensity lambda (correlation matrix): 0.8592 

Estimating optimal shrinkage intensity lambda.var (variance vector): 0.4251 

Estimating optimal shrinkage intensity lambda (correlation matrix): 0.8097 

[1] "Round 12"
Estimating optimal shrinkage intensity lambda.var (variance vector): 0.4538 

Estimating optimal shrinkage intensity lambda (correlation matrix): 0.857 

Estimating optimal shrinkage intensity lambda.var (variance vector): 0.4452 

Estimating optimal shrinkage intensity lambda (correlation matrix): 0.8751 

[1] "Round 14"
Estimating optimal shrinkage intensity lambda.var (variance vector): 0.4418 

Estimating optimal shrinkage intensity lambda (correlation matrix): 0.8813 

Estimating optimal shrinkage intensity lambda.var (variance vector): 0.4695 

Estimating optimal shrinkage intensity lambda (correlation matrix): 0.873 

[1] "Round 16"
Estimating optimal shrinkage intensity lambda.var (variance vector): 0.4519 

Estimating optimal shrinkage intensity lambda (correlation matrix): 0.8173 

Estimating optimal shrinkage intensity lambda.var (variance vector): 0.4487 

Estimating optimal shrinkage intensity lambda (correlation matrix): 0.8358 

[1] "Round 18"
Estimating optimal shrinkage intensity lambda.var (variance vector): 0.4303 

Estimating optimal shrinkage intensity lambda (correlation matrix): 0.8192 

Estimating optimal shrinkage intensity lambda.var (variance vector): 0.4475 

Estimating optimal shrinkage intensity lambda (correlation matrix): 0.8511 

[1] "Round 20"
Estimating optimal shrinkage intensity lambda.var (variance vector): 0.4925 

Estimating optimal shrinkage intensity lambda (correlation matrix): 0.8482 

Estimating optimal shrinkage intensity lambda.var (variance vector): 0.4502 

Estimating optimal shrinkage intensity lambda (correlation matrix): 0.8163 

[1] "Round 22"
Estimating optimal shrinkage intensity lambda.var (variance vector): 0.4675 

Estimating optimal shrinkage intensity lambda (correlation matrix): 0.8745 

Estimating optimal shrinkage intensity lambda.var (variance vector): 0.4731 

Estimating optimal shrinkage intensity lambda (correlation matrix): 0.8409 

[1] "Round 24"
Estimating optimal shrinkage intensity lambda.var (variance vector): 0.441 

Estimating optimal shrinkage intensity lambda (correlation matrix): 0.8164 

Estimating optimal shrinkage intensity lambda.var (variance vector): 0.4572 

Estimating optimal shrinkage intensity lambda (correlation matrix): 0.845 

[1] "Round 26"
Estimating optimal shrinkage intensity lambda.var (variance vector): 0.4589 

Estimating optimal shrinkage intensity lambda (correlation matrix): 0.8311 

Estimating optimal shrinkage intensity lambda.var (variance vector): 0.4368 

Estimating optimal shrinkage intensity lambda (correlation matrix): 0.837 

[1] "Round 28"
Estimating optimal shrinkage intensity lambda.var (variance vector): 0.4559 

Estimating optimal shrinkage intensity lambda (correlation matrix): 0.8484 

Estimating optimal shrinkage intensity lambda.var (variance vector): 0.4809 

Estimating optimal shrinkage intensity lambda (correlation matrix): 0.8202 

[1] "Round 30"
Estimating optimal shrinkage intensity lambda.var (variance vector): 0.4898 

Estimating optimal shrinkage intensity lambda (correlation matrix): 0.8665 

Estimating optimal shrinkage intensity lambda.var (variance vector): 0.4536 

Estimating optimal shrinkage intensity lambda (correlation matrix): 0.8245 

[1] "Round 32"
Estimating optimal shrinkage intensity lambda.var (variance vector): 0.4492 

Estimating optimal shrinkage intensity lambda (correlation matrix): 0.8278 

Estimating optimal shrinkage intensity lambda.var (variance vector): 0.4489 

Estimating optimal shrinkage intensity lambda (correlation matrix): 0.8601 

[1] "Round 34"
Estimating optimal shrinkage intensity lambda.var (variance vector): 0.4433 

Estimating optimal shrinkage intensity lambda (correlation matrix): 0.8843 

Estimating optimal shrinkage intensity lambda.var (variance vector): 0.4578 

Estimating optimal shrinkage intensity lambda (correlation matrix): 0.8221 

[1] "Round 36"
Estimating optimal shrinkage intensity lambda.var (variance vector): 0.414 

Estimating optimal shrinkage intensity lambda (correlation matrix): 0.864 

Estimating optimal shrinkage intensity lambda.var (variance vector): 0.4683 

Estimating optimal shrinkage intensity lambda (correlation matrix): 0.8692 

[1] "Round 38"
Estimating optimal shrinkage intensity lambda.var (variance vector): 0.4585 

Estimating optimal shrinkage intensity lambda (correlation matrix): 0.8514 

Estimating optimal shrinkage intensity lambda.var (variance vector): 0.4447 

Estimating optimal shrinkage intensity lambda (correlation matrix): 0.8641 

[1] "Round 40"
Estimating optimal shrinkage intensity lambda.var (variance vector): 0.44 

Estimating optimal shrinkage intensity lambda (correlation matrix): 0.8591 

Estimating optimal shrinkage intensity lambda.var (variance vector): 0.4362 

Estimating optimal shrinkage intensity lambda (correlation matrix): 0.8453 

[1] "Round 42"
Estimating optimal shrinkage intensity lambda.var (variance vector): 0.4499 

Estimating optimal shrinkage intensity lambda (correlation matrix): 0.8382 

Estimating optimal shrinkage intensity lambda.var (variance vector): 0.4482 

Estimating optimal shrinkage intensity lambda (correlation matrix): 0.8598 

[1] "Round 44"
Estimating optimal shrinkage intensity lambda.var (variance vector): 0.4626 

Estimating optimal shrinkage intensity lambda (correlation matrix): 0.8441 

Estimating optimal shrinkage intensity lambda.var (variance vector): 0.4208 

Estimating optimal shrinkage intensity lambda (correlation matrix): 0.8578 

[1] "Round 46"
Estimating optimal shrinkage intensity lambda.var (variance vector): 0.4465 

Estimating optimal shrinkage intensity lambda (correlation matrix): 0.8333 

Estimating optimal shrinkage intensity lambda.var (variance vector): 0.4332 

Estimating optimal shrinkage intensity lambda (correlation matrix): 0.849 

[1] "Round 48"
Estimating optimal shrinkage intensity lambda.var (variance vector): 0.4795 

Estimating optimal shrinkage intensity lambda (correlation matrix): 0.8457 

Estimating optimal shrinkage intensity lambda.var (variance vector): 0.4447 

Estimating optimal shrinkage intensity lambda (correlation matrix): 0.8672 

[1] "Round 50"
Estimating optimal shrinkage intensity lambda.var (variance vector): 0.4473 

Estimating optimal shrinkage intensity lambda (correlation matrix): 0.8567 

Estimating optimal shrinkage intensity lambda.var (variance vector): 0.4664 

Estimating optimal shrinkage intensity lambda (correlation matrix): 0.8452 

[1] "Round 52"
Estimating optimal shrinkage intensity lambda.var (variance vector): 0.4479 

Estimating optimal shrinkage intensity lambda (correlation matrix): 0.8496 

Estimating optimal shrinkage intensity lambda.var (variance vector): 0.4593 

Estimating optimal shrinkage intensity lambda (correlation matrix): 0.8554 

[1] "Round 54"
Estimating optimal shrinkage intensity lambda.var (variance vector): 0.4382 

Estimating optimal shrinkage intensity lambda (correlation matrix): 0.8479 

Estimating optimal shrinkage intensity lambda.var (variance vector): 0.4409 

Estimating optimal shrinkage intensity lambda (correlation matrix): 0.8431 

[1] "Round 56"
Estimating optimal shrinkage intensity lambda.var (variance vector): 0.4438 

Estimating optimal shrinkage intensity lambda (correlation matrix): 0.8404 

Estimating optimal shrinkage intensity lambda.var (variance vector): 0.4541 

Estimating optimal shrinkage intensity lambda (correlation matrix): 0.8445 

[1] "Round 58"
Estimating optimal shrinkage intensity lambda.var (variance vector): 0.4664 

Estimating optimal shrinkage intensity lambda (correlation matrix): 0.8648 

Estimating optimal shrinkage intensity lambda.var (variance vector): 0.4367 

Estimating optimal shrinkage intensity lambda (correlation matrix): 0.8645 

[1] "Round 60"
Estimating optimal shrinkage intensity lambda.var (variance vector): 0.4868 

Estimating optimal shrinkage intensity lambda (correlation matrix): 0.8759 

Estimating optimal shrinkage intensity lambda.var (variance vector): 0.4546 

Estimating optimal shrinkage intensity lambda (correlation matrix): 0.8535 

[1] "Round 62"
Estimating optimal shrinkage intensity lambda.var (variance vector): 0.4235 

Estimating optimal shrinkage intensity lambda (correlation matrix): 0.8309 

Estimating optimal shrinkage intensity lambda.var (variance vector): 0.4181 

Estimating optimal shrinkage intensity lambda (correlation matrix): 0.8461 

[1] "Round 64"
Estimating optimal shrinkage intensity lambda.var (variance vector): 0.4439 

Estimating optimal shrinkage intensity lambda (correlation matrix): 0.8751 

Estimating optimal shrinkage intensity lambda.var (variance vector): 0.469 

Estimating optimal shrinkage intensity lambda (correlation matrix): 0.8516 

[1] "Round 66"
Estimating optimal shrinkage intensity lambda.var (variance vector): 0.4412 

Estimating optimal shrinkage intensity lambda (correlation matrix): 0.8472 

Estimating optimal shrinkage intensity lambda.var (variance vector): 0.4324 

Estimating optimal shrinkage intensity lambda (correlation matrix): 0.8265 

[1] "Round 68"
Estimating optimal shrinkage intensity lambda.var (variance vector): 0.4482 

Estimating optimal shrinkage intensity lambda (correlation matrix): 0.8084 

Estimating optimal shrinkage intensity lambda.var (variance vector): 0.4258 

Estimating optimal shrinkage intensity lambda (correlation matrix): 0.8546 

[1] "Round 70"
Estimating optimal shrinkage intensity lambda.var (variance vector): 0.5033 

Estimating optimal shrinkage intensity lambda (correlation matrix): 0.8288 

Estimating optimal shrinkage intensity lambda.var (variance vector): 0.4636 

Estimating optimal shrinkage intensity lambda (correlation matrix): 0.8667 

[1] "Round 72"
Estimating optimal shrinkage intensity lambda.var (variance vector): 0.4309 

Estimating optimal shrinkage intensity lambda (correlation matrix): 0.8821 

Estimating optimal shrinkage intensity lambda.var (variance vector): 0.4389 

Estimating optimal shrinkage intensity lambda (correlation matrix): 0.8763 

[1] "Round 74"
Estimating optimal shrinkage intensity lambda.var (variance vector): 0.4447 

Estimating optimal shrinkage intensity lambda (correlation matrix): 0.8712 

Estimating optimal shrinkage intensity lambda.var (variance vector): 0.4999 

Estimating optimal shrinkage intensity lambda (correlation matrix): 0.8043 

[1] "Round 76"
Estimating optimal shrinkage intensity lambda.var (variance vector): 0.4659 

Estimating optimal shrinkage intensity lambda (correlation matrix): 0.8519 

Estimating optimal shrinkage intensity lambda.var (variance vector): 0.4629 

Estimating optimal shrinkage intensity lambda (correlation matrix): 0.8017 

[1] "Round 78"
Estimating optimal shrinkage intensity lambda.var (variance vector): 0.467 

Estimating optimal shrinkage intensity lambda (correlation matrix): 0.8609 

Estimating optimal shrinkage intensity lambda.var (variance vector): 0.4755 

Estimating optimal shrinkage intensity lambda (correlation matrix): 0.8517 

[1] "Round 80"
Estimating optimal shrinkage intensity lambda.var (variance vector): 0.4618 

Estimating optimal shrinkage intensity lambda (correlation matrix): 0.8442 

Estimating optimal shrinkage intensity lambda.var (variance vector): 0.4407 

Estimating optimal shrinkage intensity lambda (correlation matrix): 0.8257 

[1] "Round 82"
Estimating optimal shrinkage intensity lambda.var (variance vector): 0.4743 

Estimating optimal shrinkage intensity lambda (correlation matrix): 0.8579 

Estimating optimal shrinkage intensity lambda.var (variance vector): 0.444 

Estimating optimal shrinkage intensity lambda (correlation matrix): 0.8684 

[1] "Round 84"
Estimating optimal shrinkage intensity lambda.var (variance vector): 0.4569 

Estimating optimal shrinkage intensity lambda (correlation matrix): 0.8597 

Estimating optimal shrinkage intensity lambda.var (variance vector): 0.4639 

Estimating optimal shrinkage intensity lambda (correlation matrix): 0.8053 

[1] "Round 86"
Estimating optimal shrinkage intensity lambda.var (variance vector): 0.4614 

Estimating optimal shrinkage intensity lambda (correlation matrix): 0.8394 

Estimating optimal shrinkage intensity lambda.var (variance vector): 0.4336 

Estimating optimal shrinkage intensity lambda (correlation matrix): 0.8461 

[1] "Round 88"
Estimating optimal shrinkage intensity lambda.var (variance vector): 0.4194 

Estimating optimal shrinkage intensity lambda (correlation matrix): 0.8155 

Estimating optimal shrinkage intensity lambda.var (variance vector): 0.4753 

Estimating optimal shrinkage intensity lambda (correlation matrix): 0.8418 

[1] "Round 90"
Estimating optimal shrinkage intensity lambda.var (variance vector): 0.4453 

Estimating optimal shrinkage intensity lambda (correlation matrix): 0.8444 

Estimating optimal shrinkage intensity lambda.var (variance vector): 0.4442 

Estimating optimal shrinkage intensity lambda (correlation matrix): 0.8508 

[1] "Round 92"
Estimating optimal shrinkage intensity lambda.var (variance vector): 0.4395 

Estimating optimal shrinkage intensity lambda (correlation matrix): 0.862 

Estimating optimal shrinkage intensity lambda.var (variance vector): 0.4828 

Estimating optimal shrinkage intensity lambda (correlation matrix): 0.7896 

[1] "Round 94"
Estimating optimal shrinkage intensity lambda.var (variance vector): 0.4912 

Estimating optimal shrinkage intensity lambda (correlation matrix): 0.8368 

Estimating optimal shrinkage intensity lambda.var (variance vector): 0.4655 

Estimating optimal shrinkage intensity lambda (correlation matrix): 0.8697 

[1] "Round 96"
Estimating optimal shrinkage intensity lambda.var (variance vector): 0.4784 

Estimating optimal shrinkage intensity lambda (correlation matrix): 0.8294 

Estimating optimal shrinkage intensity lambda.var (variance vector): 0.4483 

Estimating optimal shrinkage intensity lambda (correlation matrix): 0.8584 

[1] "Round 98"
Estimating optimal shrinkage intensity lambda.var (variance vector): 0.4692 

Estimating optimal shrinkage intensity lambda (correlation matrix): 0.8033 

Estimating optimal shrinkage intensity lambda.var (variance vector): 0.4236 

Estimating optimal shrinkage intensity lambda (correlation matrix): 0.843 

[1] "Round 100"
Estimating optimal shrinkage intensity lambda.var (variance vector): 0.4063 

Estimating optimal shrinkage intensity lambda (correlation matrix): 0.8675 

[1] "data/Debi+dirmult_n250_p400_tau1.93719373309423_rho0.5_sigma0.5_Nsim100"
                        lambda         SE         PE       linf          FPR
bootstrap_mean     0.156760503 11.5380234 17.2334791 1.02016793 0.0430710660
bootstrap_mean_std 0.002554168  0.2250135  0.4557172 0.02464561 0.0008767876
                          FNR        TPR     sum_beta
bootstrap_mean     0.17216667 0.82966667 3.247186e-20
bootstrap_mean_std 0.02812074 0.02270163 4.613518e-19
Time difference of 38.08166 mins
[1] "estimated tau is 1.93648142339333"
[1] "Round 2"
[1] "Round 4"
[1] "Round 6"
[1] "Round 8"
[1] "Round 10"
[1] "Round 12"
[1] "Round 14"
[1] "Round 16"
[1] "Round 18"
[1] "Round 20"
[1] "Round 22"
[1] "Round 24"
[1] "Round 26"
[1] "Round 28"
[1] "Round 30"
[1] "Round 32"
[1] "Round 34"
[1] "Round 36"
[1] "Round 38"
[1] "Round 40"
[1] "Round 42"
[1] "Round 44"
[1] "Round 46"
[1] "Round 48"
[1] "Round 50"
[1] "Round 52"
[1] "Round 54"
[1] "Round 56"
[1] "Round 58"
[1] "Round 60"
[1] "Round 62"
[1] "Round 64"
[1] "Round 66"
[1] "Round 68"
[1] "Round 70"
[1] "Round 72"
[1] "Round 74"
[1] "Round 76"
[1] "Round 78"
[1] "Round 80"
[1] "Round 82"
[1] "Round 84"
[1] "Round 86"
[1] "Round 88"
[1] "Round 90"
[1] "Round 92"
[1] "Round 94"
[1] "Round 96"
[1] "Round 98"
[1] "Round 100"
[1] "data/Eric+dirmult_n250_p400_tau1.93648142339333_rho0.5_sigma0.5_Nsim100"
                       lambda         SE        PE      linf         FPR
bootstrap_mean     0.68968355 6.02270822 7.3077993 1.3479381 0.023482234
bootstrap_mean_std 0.01329085 0.05303786 0.2560424 0.0156462 0.002124864
                          FNR        TPR      sum_beta
bootstrap_mean     0.35866667 0.64333333 -1.073758e-06
bootstrap_mean_std 0.05655043 0.05543295  5.470272e-07
Time difference of 39.84023 mins
  [1] 5.852417 6.726183 6.739311 5.922919 5.818632 6.161068 5.601724 5.648839
  [9] 5.929079 6.800887 6.344668 4.605910 5.937689 5.361850 6.594487 5.563447
 [17] 6.212006 6.061389 5.724588 6.364901 5.273418 6.322280 6.459216 6.393557
 [25] 6.170128 6.509811 6.038363 5.808065 6.252416 6.652606 6.130111 6.955585
 [33] 5.468441 5.018660 6.452119 6.807260 6.789767 6.395886 5.695769 5.596106
 [41] 5.865633 5.834209 5.925698 5.667972 6.040610 6.006131 6.975536 5.599709
 [49] 4.880321 6.119423 6.254324 6.184909 5.913599 7.165117 5.987091 6.271193
 [57] 6.688746 5.988792 5.350251 6.192338 6.081865 6.469608 5.917881 5.701212
 [65] 6.244840 6.008895 5.839553 4.693335 5.680586 6.085752 5.734782 5.610473
 [73] 5.778158 6.414516 5.611749 6.023830 5.824933 6.765850 6.444939 6.048772
 [81] 5.973964 6.133944 5.988221 5.739394 5.630117 5.709371 6.530686 6.476826
 [89] 6.306430 6.475678 5.582146 5.814408 6.827757 5.951745 5.521398 5.526242
 [97] 6.234338 6.360955 5.864340 6.991373
  [1]  7.910249  6.967161  8.933541  7.443220  5.724129  7.413193  7.599509
  [8]  6.661426  8.019220  9.099304  6.629751  5.523671  6.328538  5.706745
 [15]  8.234921  6.302058  6.678392  9.211799  7.026131  8.634561  8.217933
 [22] 12.072884  8.198558  4.964833  8.409705  8.097134  8.278069  7.179539
 [29]  6.873353  8.371386  8.508876 11.139922  6.371104  6.111394  6.887873
 [36]  9.044058  8.534148  6.766570  5.162856  8.095915  7.457816  6.109241
 [43]  6.855583  8.024340  8.590580  5.505662  7.977646  5.851009  5.009843
 [50]  6.769497  7.350404  8.943140  5.894150 11.065747  6.493746  8.510018
 [57]  6.494843  4.925466  5.602254  9.746143  8.370731  8.308949  6.525760
 [64]  7.815514  9.141616  6.109748  7.340175  6.070455  8.074969  7.885976
 [71]  6.310044  6.638552  8.868770  8.147894  6.855138  8.284632  9.108169
 [78]  7.218374  5.749364  7.882740  6.581383  6.902590  7.074634  6.241031
 [85]  5.041920  6.176813 10.093493  8.807357  6.813330  9.334255  7.702892
 [92]  6.795031  8.218093  6.169742  6.444929  6.497159  7.369294  7.838745
 [99]  7.111156  9.907615
