Loading required package: Matrix
Loaded glmnet 4.1-8
Loaded lars 1.3

[1] "estimated tau is 1.43539483400344"
Estimating optimal shrinkage intensity lambda.var (variance vector): 0.4673 

Estimating optimal shrinkage intensity lambda (correlation matrix): 0.7446 

[1] "Round 2"
Estimating optimal shrinkage intensity lambda.var (variance vector): 0.4551 

Estimating optimal shrinkage intensity lambda (correlation matrix): 0.7232 

Estimating optimal shrinkage intensity lambda.var (variance vector): 0.4454 

Estimating optimal shrinkage intensity lambda (correlation matrix): 0.7627 

[1] "Round 4"
Estimating optimal shrinkage intensity lambda.var (variance vector): 0.4609 

Estimating optimal shrinkage intensity lambda (correlation matrix): 0.7092 

Estimating optimal shrinkage intensity lambda.var (variance vector): 0.4306 

Estimating optimal shrinkage intensity lambda (correlation matrix): 0.6197 

[1] "Round 6"
Estimating optimal shrinkage intensity lambda.var (variance vector): 0.4994 

Estimating optimal shrinkage intensity lambda (correlation matrix): 0.7556 

Estimating optimal shrinkage intensity lambda.var (variance vector): 0.4386 

Estimating optimal shrinkage intensity lambda (correlation matrix): 0.795 

[1] "Round 8"
Estimating optimal shrinkage intensity lambda.var (variance vector): 0.4629 

Estimating optimal shrinkage intensity lambda (correlation matrix): 0.7539 

Estimating optimal shrinkage intensity lambda.var (variance vector): 0.4468 

Estimating optimal shrinkage intensity lambda (correlation matrix): 0.6114 

[1] "Round 10"
Estimating optimal shrinkage intensity lambda.var (variance vector): 0.4566 

Estimating optimal shrinkage intensity lambda (correlation matrix): 0.8042 

Estimating optimal shrinkage intensity lambda.var (variance vector): 0.4501 

Estimating optimal shrinkage intensity lambda (correlation matrix): 0.747 

[1] "Round 12"
Estimating optimal shrinkage intensity lambda.var (variance vector): 0.4509 

Estimating optimal shrinkage intensity lambda (correlation matrix): 0.7599 

Estimating optimal shrinkage intensity lambda.var (variance vector): 0.4308 

Estimating optimal shrinkage intensity lambda (correlation matrix): 0.6603 

[1] "Round 14"
Estimating optimal shrinkage intensity lambda.var (variance vector): 0.4598 

Estimating optimal shrinkage intensity lambda (correlation matrix): 0.6409 

Estimating optimal shrinkage intensity lambda.var (variance vector): 0.3999 

Estimating optimal shrinkage intensity lambda (correlation matrix): 0.7987 

[1] "Round 16"
Estimating optimal shrinkage intensity lambda.var (variance vector): 0.4549 

Estimating optimal shrinkage intensity lambda (correlation matrix): 0.7941 

Estimating optimal shrinkage intensity lambda.var (variance vector): 0.4829 

Estimating optimal shrinkage intensity lambda (correlation matrix): 0.6878 

[1] "Round 18"
Estimating optimal shrinkage intensity lambda.var (variance vector): 0.4094 

Estimating optimal shrinkage intensity lambda (correlation matrix): 0.7933 

Estimating optimal shrinkage intensity lambda.var (variance vector): 0.4826 

Estimating optimal shrinkage intensity lambda (correlation matrix): 0.7201 

[1] "Round 20"
Estimating optimal shrinkage intensity lambda.var (variance vector): 0.4903 

Estimating optimal shrinkage intensity lambda (correlation matrix): 0.5837 

Estimating optimal shrinkage intensity lambda.var (variance vector): 0.4236 

Estimating optimal shrinkage intensity lambda (correlation matrix): 0.7116 

[1] "Round 22"
Estimating optimal shrinkage intensity lambda.var (variance vector): 0.4558 

Estimating optimal shrinkage intensity lambda (correlation matrix): 0.7552 

Estimating optimal shrinkage intensity lambda.var (variance vector): 0.4213 

Estimating optimal shrinkage intensity lambda (correlation matrix): 0.711 

[1] "Round 24"
Estimating optimal shrinkage intensity lambda.var (variance vector): 0.4518 

Estimating optimal shrinkage intensity lambda (correlation matrix): 0.7158 

Estimating optimal shrinkage intensity lambda.var (variance vector): 0.4366 

Estimating optimal shrinkage intensity lambda (correlation matrix): 0.7784 

[1] "Round 26"
Estimating optimal shrinkage intensity lambda.var (variance vector): 0.4449 

Estimating optimal shrinkage intensity lambda (correlation matrix): 0.8173 

Estimating optimal shrinkage intensity lambda.var (variance vector): 0.4287 

Estimating optimal shrinkage intensity lambda (correlation matrix): 0.6875 

[1] "Round 28"
Estimating optimal shrinkage intensity lambda.var (variance vector): 0.4424 

Estimating optimal shrinkage intensity lambda (correlation matrix): 0.7266 

Estimating optimal shrinkage intensity lambda.var (variance vector): 0.4704 

Estimating optimal shrinkage intensity lambda (correlation matrix): 0.8052 

[1] "Round 30"
Estimating optimal shrinkage intensity lambda.var (variance vector): 0.4152 

Estimating optimal shrinkage intensity lambda (correlation matrix): 0.8179 

Estimating optimal shrinkage intensity lambda.var (variance vector): 0.4329 

Estimating optimal shrinkage intensity lambda (correlation matrix): 0.7216 

[1] "Round 32"
Estimating optimal shrinkage intensity lambda.var (variance vector): 0.4726 

Estimating optimal shrinkage intensity lambda (correlation matrix): 0.788 

Estimating optimal shrinkage intensity lambda.var (variance vector): 0.4779 

Estimating optimal shrinkage intensity lambda (correlation matrix): 0.7227 

[1] "Round 34"
Estimating optimal shrinkage intensity lambda.var (variance vector): 0.4192 

Estimating optimal shrinkage intensity lambda (correlation matrix): 0.7119 

Estimating optimal shrinkage intensity lambda.var (variance vector): 0.4344 

Estimating optimal shrinkage intensity lambda (correlation matrix): 0.7123 

[1] "Round 36"
Estimating optimal shrinkage intensity lambda.var (variance vector): 0.373 

Estimating optimal shrinkage intensity lambda (correlation matrix): 0.7426 

Estimating optimal shrinkage intensity lambda.var (variance vector): 0.4384 

Estimating optimal shrinkage intensity lambda (correlation matrix): 0.7846 

[1] "Round 38"
Estimating optimal shrinkage intensity lambda.var (variance vector): 0.402 

Estimating optimal shrinkage intensity lambda (correlation matrix): 0.8211 

Estimating optimal shrinkage intensity lambda.var (variance vector): 0.4855 

Estimating optimal shrinkage intensity lambda (correlation matrix): 0.7062 

[1] "Round 40"
Estimating optimal shrinkage intensity lambda.var (variance vector): 0.4064 

Estimating optimal shrinkage intensity lambda (correlation matrix): 0.761 

Estimating optimal shrinkage intensity lambda.var (variance vector): 0.5063 

Estimating optimal shrinkage intensity lambda (correlation matrix): 0.8108 

[1] "Round 42"
Estimating optimal shrinkage intensity lambda.var (variance vector): 0.4399 

Estimating optimal shrinkage intensity lambda (correlation matrix): 0.7431 

Estimating optimal shrinkage intensity lambda.var (variance vector): 0.4685 

Estimating optimal shrinkage intensity lambda (correlation matrix): 0.7757 

[1] "Round 44"
Estimating optimal shrinkage intensity lambda.var (variance vector): 0.488 

Estimating optimal shrinkage intensity lambda (correlation matrix): 0.7059 

Estimating optimal shrinkage intensity lambda.var (variance vector): 0.4364 

Estimating optimal shrinkage intensity lambda (correlation matrix): 0.791 

[1] "Round 46"
Estimating optimal shrinkage intensity lambda.var (variance vector): 0.4408 

Estimating optimal shrinkage intensity lambda (correlation matrix): 0.7441 

Estimating optimal shrinkage intensity lambda.var (variance vector): 0.4478 

Estimating optimal shrinkage intensity lambda (correlation matrix): 0.7613 

[1] "Round 48"
Estimating optimal shrinkage intensity lambda.var (variance vector): 0.4723 

Estimating optimal shrinkage intensity lambda (correlation matrix): 0.6314 

Estimating optimal shrinkage intensity lambda.var (variance vector): 0.4847 

Estimating optimal shrinkage intensity lambda (correlation matrix): 0.7969 

[1] "Round 50"
Estimating optimal shrinkage intensity lambda.var (variance vector): 0.4439 

Estimating optimal shrinkage intensity lambda (correlation matrix): 0.7234 

Estimating optimal shrinkage intensity lambda.var (variance vector): 0.4799 

Estimating optimal shrinkage intensity lambda (correlation matrix): 0.8367 

[1] "Round 52"
Estimating optimal shrinkage intensity lambda.var (variance vector): 0.4715 

Estimating optimal shrinkage intensity lambda (correlation matrix): 0.7366 

Estimating optimal shrinkage intensity lambda.var (variance vector): 0.4668 

Estimating optimal shrinkage intensity lambda (correlation matrix): 0.6121 

[1] "Round 54"
Estimating optimal shrinkage intensity lambda.var (variance vector): 0.5075 

Estimating optimal shrinkage intensity lambda (correlation matrix): 0.7523 

Estimating optimal shrinkage intensity lambda.var (variance vector): 0.4623 

Estimating optimal shrinkage intensity lambda (correlation matrix): 0.7622 

[1] "Round 56"
Estimating optimal shrinkage intensity lambda.var (variance vector): 0.4988 

Estimating optimal shrinkage intensity lambda (correlation matrix): 0.775 

Estimating optimal shrinkage intensity lambda.var (variance vector): 0.4757 

Estimating optimal shrinkage intensity lambda (correlation matrix): 0.7478 

[1] "Round 58"
Estimating optimal shrinkage intensity lambda.var (variance vector): 0.4563 

Estimating optimal shrinkage intensity lambda (correlation matrix): 0.67 

Estimating optimal shrinkage intensity lambda.var (variance vector): 0.4649 

Estimating optimal shrinkage intensity lambda (correlation matrix): 0.7253 

[1] "Round 60"
Estimating optimal shrinkage intensity lambda.var (variance vector): 0.4458 

Estimating optimal shrinkage intensity lambda (correlation matrix): 0.7326 

Estimating optimal shrinkage intensity lambda.var (variance vector): 0.4181 

Estimating optimal shrinkage intensity lambda (correlation matrix): 0.7319 

[1] "Round 62"
Estimating optimal shrinkage intensity lambda.var (variance vector): 0.4303 

Estimating optimal shrinkage intensity lambda (correlation matrix): 0.815 

Estimating optimal shrinkage intensity lambda.var (variance vector): 0.4218 

Estimating optimal shrinkage intensity lambda (correlation matrix): 0.7039 

[1] "Round 64"
Estimating optimal shrinkage intensity lambda.var (variance vector): 0.4422 

Estimating optimal shrinkage intensity lambda (correlation matrix): 0.7552 

Estimating optimal shrinkage intensity lambda.var (variance vector): 0.4707 

Estimating optimal shrinkage intensity lambda (correlation matrix): 0.6811 

[1] "Round 66"
Estimating optimal shrinkage intensity lambda.var (variance vector): 0.4794 

Estimating optimal shrinkage intensity lambda (correlation matrix): 0.6932 

Estimating optimal shrinkage intensity lambda.var (variance vector): 0.4506 

Estimating optimal shrinkage intensity lambda (correlation matrix): 0.7143 

[1] "Round 68"
Estimating optimal shrinkage intensity lambda.var (variance vector): 0.449 

Estimating optimal shrinkage intensity lambda (correlation matrix): 0.749 

Estimating optimal shrinkage intensity lambda.var (variance vector): 0.4736 

Estimating optimal shrinkage intensity lambda (correlation matrix): 0.6527 

[1] "Round 70"
Estimating optimal shrinkage intensity lambda.var (variance vector): 0.4871 

Estimating optimal shrinkage intensity lambda (correlation matrix): 0.7995 

Estimating optimal shrinkage intensity lambda.var (variance vector): 0.4889 

Estimating optimal shrinkage intensity lambda (correlation matrix): 0.7742 

[1] "Round 72"
Estimating optimal shrinkage intensity lambda.var (variance vector): 0.4955 

Estimating optimal shrinkage intensity lambda (correlation matrix): 0.6946 

Estimating optimal shrinkage intensity lambda.var (variance vector): 0.4652 

Estimating optimal shrinkage intensity lambda (correlation matrix): 0.6595 

[1] "Round 74"
Estimating optimal shrinkage intensity lambda.var (variance vector): 0.4255 

Estimating optimal shrinkage intensity lambda (correlation matrix): 0.7223 

Estimating optimal shrinkage intensity lambda.var (variance vector): 0.4685 

Estimating optimal shrinkage intensity lambda (correlation matrix): 0.7689 

[1] "Round 76"
Estimating optimal shrinkage intensity lambda.var (variance vector): 0.489 

Estimating optimal shrinkage intensity lambda (correlation matrix): 0.8091 

Estimating optimal shrinkage intensity lambda.var (variance vector): 0.4258 

Estimating optimal shrinkage intensity lambda (correlation matrix): 0.6715 

[1] "Round 78"
Estimating optimal shrinkage intensity lambda.var (variance vector): 0.4253 

Estimating optimal shrinkage intensity lambda (correlation matrix): 0.6933 

Estimating optimal shrinkage intensity lambda.var (variance vector): 0.4562 

Estimating optimal shrinkage intensity lambda (correlation matrix): 0.7453 

[1] "Round 80"
Estimating optimal shrinkage intensity lambda.var (variance vector): 0.4677 

Estimating optimal shrinkage intensity lambda (correlation matrix): 0.7803 

Estimating optimal shrinkage intensity lambda.var (variance vector): 0.4577 

Estimating optimal shrinkage intensity lambda (correlation matrix): 0.7405 

[1] "Round 82"
Estimating optimal shrinkage intensity lambda.var (variance vector): 0.5097 

Estimating optimal shrinkage intensity lambda (correlation matrix): 0.7416 

Estimating optimal shrinkage intensity lambda.var (variance vector): 0.4658 

Estimating optimal shrinkage intensity lambda (correlation matrix): 0.7165 

[1] "Round 84"
Estimating optimal shrinkage intensity lambda.var (variance vector): 0.4608 

Estimating optimal shrinkage intensity lambda (correlation matrix): 0.6851 

Estimating optimal shrinkage intensity lambda.var (variance vector): 0.4802 

Estimating optimal shrinkage intensity lambda (correlation matrix): 0.6895 

[1] "Round 86"
Estimating optimal shrinkage intensity lambda.var (variance vector): 0.4908 

Estimating optimal shrinkage intensity lambda (correlation matrix): 0.7378 

Estimating optimal shrinkage intensity lambda.var (variance vector): 0.4659 

Estimating optimal shrinkage intensity lambda (correlation matrix): 0.7323 

[1] "Round 88"
Estimating optimal shrinkage intensity lambda.var (variance vector): 0.4605 

Estimating optimal shrinkage intensity lambda (correlation matrix): 0.7447 

Estimating optimal shrinkage intensity lambda.var (variance vector): 0.4773 

Estimating optimal shrinkage intensity lambda (correlation matrix): 0.7257 

[1] "Round 90"
Estimating optimal shrinkage intensity lambda.var (variance vector): 0.4447 

Estimating optimal shrinkage intensity lambda (correlation matrix): 0.7577 

Estimating optimal shrinkage intensity lambda.var (variance vector): 0.4919 

Estimating optimal shrinkage intensity lambda (correlation matrix): 0.7093 

[1] "Round 92"
Estimating optimal shrinkage intensity lambda.var (variance vector): 0.4651 

Estimating optimal shrinkage intensity lambda (correlation matrix): 0.7806 

Estimating optimal shrinkage intensity lambda.var (variance vector): 0.4422 

Estimating optimal shrinkage intensity lambda (correlation matrix): 0.6035 

[1] "Round 94"
Estimating optimal shrinkage intensity lambda.var (variance vector): 0.4434 

Estimating optimal shrinkage intensity lambda (correlation matrix): 0.6849 

Estimating optimal shrinkage intensity lambda.var (variance vector): 0.4639 

Estimating optimal shrinkage intensity lambda (correlation matrix): 0.653 

[1] "Round 96"
Estimating optimal shrinkage intensity lambda.var (variance vector): 0.4412 

Estimating optimal shrinkage intensity lambda (correlation matrix): 0.776 

Estimating optimal shrinkage intensity lambda.var (variance vector): 0.4566 

Estimating optimal shrinkage intensity lambda (correlation matrix): 0.7559 

[1] "Round 98"
Estimating optimal shrinkage intensity lambda.var (variance vector): 0.4432 

Estimating optimal shrinkage intensity lambda (correlation matrix): 0.7972 

Estimating optimal shrinkage intensity lambda.var (variance vector): 0.4552 

Estimating optimal shrinkage intensity lambda (correlation matrix): 0.7347 

[1] "Round 100"
Estimating optimal shrinkage intensity lambda.var (variance vector): 0.5148 

Estimating optimal shrinkage intensity lambda (correlation matrix): 0.7396 

[1] "data/Debi+dirmult_n100_p200_tau1.43539483400344_rho0.5_sigma0.5_Nsim100"
                       lambda        SE        PE       linf         FPR
bootstrap_mean     0.16714972 5.7232521 6.7384812 1.04517249 0.068262887
bootstrap_mean_std 0.01184266 0.1283144 0.3244924 0.02143681 0.002997356
                          FNR        TPR     sum_beta
bootstrap_mean     0.32583333 0.67450000 2.216109e-19
bootstrap_mean_std 0.03314702 0.03348787 4.644213e-19
Time difference of 9.78635 mins
[1] "estimated tau is 1.43665467304832"
[1] "Round 2"
[1] "Round 4"
[1] "Round 6"
[1] "Round 8"
[1] "Round 10"
[1] "Round 12"
[1] "Round 14"
[1] "Round 16"
[1] "Round 18"
[1] "Round 20"
[1] "Round 22"
[1] "Round 24"
[1] "Round 26"
[1] "Round 28"
[1] "Round 30"
[1] "Round 32"
[1] "Round 34"
[1] "Round 36"
[1] "Round 38"
[1] "Round 40"
[1] "Round 42"
[1] "Round 44"
[1] "Round 46"
[1] "Round 48"
[1] "Round 50"
[1] "Round 52"
[1] "Round 54"
[1] "Round 56"
[1] "Round 58"
[1] "Round 60"
[1] "Round 62"
[1] "Round 64"
[1] "Round 66"
[1] "Round 68"
[1] "Round 70"
[1] "Round 72"
[1] "Round 74"
[1] "Round 76"
[1] "Round 78"
[1] "Round 80"
[1] "Round 82"
[1] "Round 84"
[1] "Round 86"
[1] "Round 88"
[1] "Round 90"
[1] "Round 92"
[1] "Round 94"
[1] "Round 96"
[1] "Round 98"
[1] "Round 100"
[1] "data/Eric+dirmult_n100_p200_tau1.43665467304832_rho0.5_sigma0.5_Nsim100"
                      lambda         SE         PE       linf         FPR
bootstrap_mean     0.6813899 5.69447904 3.44337851 1.29546936 0.050257732
bootstrap_mean_std 0.0236125 0.09898504 0.06949148 0.02582732 0.004825173
                          FNR        TPR      sum_beta
bootstrap_mean     0.36950000 0.63116667 -7.705846e-07
bootstrap_mean_std 0.06619132 0.06464258  2.913107e-07
Time difference of 14.48977 mins
  [1] 5.904421 5.380080 6.508208 5.209725 6.077337 5.780789 6.081839 4.962028
  [9] 5.277306 5.783039 6.441357 5.916170 4.615908 6.796586 5.633967 6.371523
 [17] 5.139399 5.254531 6.522355 5.388944 4.033468 5.269875 4.977287 5.663316
 [25] 6.588737 6.348987 6.985376 5.977580 5.059938 6.551549 4.305870 5.702581
 [33] 5.564154 5.376524 4.438985 5.843763 4.930353 4.492681 6.744185 6.761617
 [41] 5.027142 6.415822 6.248372 4.937160 5.116327 6.751957 6.345701 5.713600
 [49] 6.519032 7.780000 5.523849 6.111755 5.789958 5.320521 5.199073 7.254109
 [57] 4.746285 5.280550 4.909695 5.913326 5.730311 4.086780 6.305589 6.402314
 [65] 4.691186 7.066637 7.139940 6.078917 4.823749 5.569170 6.295078 5.074036
 [73] 6.218553 4.952373 4.594493 4.583034 4.901835 5.742756 6.223743 6.853958
 [81] 5.548094 5.932564 5.598525 5.571076 5.332393 5.332055 5.740336 6.196634
 [89] 4.652511 5.597867 5.500515 5.265795 5.060602 6.735797 6.135577 4.936585
 [97] 5.784456 6.210851 6.638064 6.898435
  [1] 3.025607 3.166348 4.172467 2.934987 3.902926 3.591188 4.389992 3.040456
  [9] 4.557316 2.926652 5.406160 3.596415 3.186789 3.376196 3.535098 3.171564
 [17] 2.346593 3.550522 4.193039 2.465214 2.620748 3.418862 3.369099 3.335981
 [25] 3.902858 3.493323 4.282735 3.083516 2.829703 4.593575 3.433345 3.954253
 [33] 3.449314 3.068588 2.752234 3.072610 3.586412 3.493408 4.647947 4.144579
 [41] 3.102566 3.748996 4.188459 3.068245 3.299356 3.256409 4.290304 3.319721
 [49] 3.378296 5.486397 3.587138 3.788554 3.106058 2.384550 3.151515 5.819609
 [57] 2.951942 3.814004 2.639712 3.490772 3.186159 2.597251 3.537209 4.821835
 [65] 1.763968 4.883763 5.257763 3.373194 2.876640 3.161811 2.647947 2.492252
 [73] 3.234219 3.404452 3.223019 3.341750 2.547386 3.471072 3.813305 5.265047
 [81] 4.540081 4.212827 3.791765 3.957099 3.795825 2.985020 5.697307 3.932390
 [89] 2.686702 3.210081 4.193154 3.671073 2.950241 4.630570 4.146295 2.007045
 [97] 3.580690 3.275020 4.136446 4.925672
[1] "estimated tau is 1.58603183100338"
Estimating optimal shrinkage intensity lambda.var (variance vector): 0.241 

Estimating optimal shrinkage intensity lambda (correlation matrix): 0.6875 

[1] "Round 2"
Estimating optimal shrinkage intensity lambda.var (variance vector): 0.2442 

Estimating optimal shrinkage intensity lambda (correlation matrix): 0.5832 

Estimating optimal shrinkage intensity lambda.var (variance vector): 0.2443 

Estimating optimal shrinkage intensity lambda (correlation matrix): 0.68 

[1] "Round 4"
Estimating optimal shrinkage intensity lambda.var (variance vector): 0.2461 

Estimating optimal shrinkage intensity lambda (correlation matrix): 0.6686 

Estimating optimal shrinkage intensity lambda.var (variance vector): 0.2536 

Estimating optimal shrinkage intensity lambda (correlation matrix): 0.689 

[1] "Round 6"
Estimating optimal shrinkage intensity lambda.var (variance vector): 0.2377 

Estimating optimal shrinkage intensity lambda (correlation matrix): 0.5951 

Estimating optimal shrinkage intensity lambda.var (variance vector): 0.249 

Estimating optimal shrinkage intensity lambda (correlation matrix): 0.6701 

[1] "Round 8"
Estimating optimal shrinkage intensity lambda.var (variance vector): 0.2367 

Estimating optimal shrinkage intensity lambda (correlation matrix): 0.6868 

Estimating optimal shrinkage intensity lambda.var (variance vector): 0.2509 

Estimating optimal shrinkage intensity lambda (correlation matrix): 0.6737 

[1] "Round 10"
Estimating optimal shrinkage intensity lambda.var (variance vector): 0.2437 

Estimating optimal shrinkage intensity lambda (correlation matrix): 0.694 

Estimating optimal shrinkage intensity lambda.var (variance vector): 0.2511 

Estimating optimal shrinkage intensity lambda (correlation matrix): 0.6525 

[1] "Round 12"
Estimating optimal shrinkage intensity lambda.var (variance vector): 0.2457 

Estimating optimal shrinkage intensity lambda (correlation matrix): 0.6377 

Estimating optimal shrinkage intensity lambda.var (variance vector): 0.2412 

Estimating optimal shrinkage intensity lambda (correlation matrix): 0.6154 

[1] "Round 14"
Estimating optimal shrinkage intensity lambda.var (variance vector): 0.2504 

Estimating optimal shrinkage intensity lambda (correlation matrix): 0.6841 

Estimating optimal shrinkage intensity lambda.var (variance vector): 0.2341 

Estimating optimal shrinkage intensity lambda (correlation matrix): 0.6531 

[1] "Round 16"
Estimating optimal shrinkage intensity lambda.var (variance vector): 0.2671 

Estimating optimal shrinkage intensity lambda (correlation matrix): 0.7073 

Estimating optimal shrinkage intensity lambda.var (variance vector): 0.2443 

Estimating optimal shrinkage intensity lambda (correlation matrix): 0.5961 

[1] "Round 18"
Estimating optimal shrinkage intensity lambda.var (variance vector): 0.2351 

Estimating optimal shrinkage intensity lambda (correlation matrix): 0.6778 

Estimating optimal shrinkage intensity lambda.var (variance vector): 0.2423 

Estimating optimal shrinkage intensity lambda (correlation matrix): 0.6254 

[1] "Round 20"
Estimating optimal shrinkage intensity lambda.var (variance vector): 0.2501 

Estimating optimal shrinkage intensity lambda (correlation matrix): 0.6909 

Estimating optimal shrinkage intensity lambda.var (variance vector): 0.2444 

Estimating optimal shrinkage intensity lambda (correlation matrix): 0.5883 

[1] "Round 22"
Estimating optimal shrinkage intensity lambda.var (variance vector): 0.2286 

Estimating optimal shrinkage intensity lambda (correlation matrix): 0.6163 

Estimating optimal shrinkage intensity lambda.var (variance vector): 0.25 

Estimating optimal shrinkage intensity lambda (correlation matrix): 0.6439 

[1] "Round 24"
Estimating optimal shrinkage intensity lambda.var (variance vector): 0.2374 

Estimating optimal shrinkage intensity lambda (correlation matrix): 0.6568 

Estimating optimal shrinkage intensity lambda.var (variance vector): 0.249 

Estimating optimal shrinkage intensity lambda (correlation matrix): 0.6853 

[1] "Round 26"
Estimating optimal shrinkage intensity lambda.var (variance vector): 0.2469 

Estimating optimal shrinkage intensity lambda (correlation matrix): 0.6178 

Estimating optimal shrinkage intensity lambda.var (variance vector): 0.2419 

Estimating optimal shrinkage intensity lambda (correlation matrix): 0.621 

[1] "Round 28"
Estimating optimal shrinkage intensity lambda.var (variance vector): 0.2342 

Estimating optimal shrinkage intensity lambda (correlation matrix): 0.6416 

Estimating optimal shrinkage intensity lambda.var (variance vector): 0.2362 

Estimating optimal shrinkage intensity lambda (correlation matrix): 0.6722 

[1] "Round 30"
Estimating optimal shrinkage intensity lambda.var (variance vector): 0.2517 

Estimating optimal shrinkage intensity lambda (correlation matrix): 0.6756 

Estimating optimal shrinkage intensity lambda.var (variance vector): 0.2364 

Estimating optimal shrinkage intensity lambda (correlation matrix): 0.6659 

[1] "Round 32"
Estimating optimal shrinkage intensity lambda.var (variance vector): 0.2657 

Estimating optimal shrinkage intensity lambda (correlation matrix): 0.6899 

Estimating optimal shrinkage intensity lambda.var (variance vector): 0.2422 

Estimating optimal shrinkage intensity lambda (correlation matrix): 0.6382 

[1] "Round 34"
Estimating optimal shrinkage intensity lambda.var (variance vector): 0.2477 

Estimating optimal shrinkage intensity lambda (correlation matrix): 0.6251 

Estimating optimal shrinkage intensity lambda.var (variance vector): 0.2367 

Estimating optimal shrinkage intensity lambda (correlation matrix): 0.6042 

[1] "Round 36"
Estimating optimal shrinkage intensity lambda.var (variance vector): 0.2406 

Estimating optimal shrinkage intensity lambda (correlation matrix): 0.6678 

Estimating optimal shrinkage intensity lambda.var (variance vector): 0.24 

Estimating optimal shrinkage intensity lambda (correlation matrix): 0.6039 

[1] "Round 38"
Estimating optimal shrinkage intensity lambda.var (variance vector): 0.2487 

Estimating optimal shrinkage intensity lambda (correlation matrix): 0.6255 

Estimating optimal shrinkage intensity lambda.var (variance vector): 0.2539 

Estimating optimal shrinkage intensity lambda (correlation matrix): 0.6767 

[1] "Round 40"
Estimating optimal shrinkage intensity lambda.var (variance vector): 0.2464 

Estimating optimal shrinkage intensity lambda (correlation matrix): 0.7131 

Estimating optimal shrinkage intensity lambda.var (variance vector): 0.252 

Estimating optimal shrinkage intensity lambda (correlation matrix): 0.6854 

[1] "Round 42"
Estimating optimal shrinkage intensity lambda.var (variance vector): 0.2397 

Estimating optimal shrinkage intensity lambda (correlation matrix): 0.6937 

Estimating optimal shrinkage intensity lambda.var (variance vector): 0.2416 

Estimating optimal shrinkage intensity lambda (correlation matrix): 0.6681 

[1] "Round 44"
Estimating optimal shrinkage intensity lambda.var (variance vector): 0.23 

Estimating optimal shrinkage intensity lambda (correlation matrix): 0.6679 

Estimating optimal shrinkage intensity lambda.var (variance vector): 0.2404 

Estimating optimal shrinkage intensity lambda (correlation matrix): 0.6696 

[1] "Round 46"
Estimating optimal shrinkage intensity lambda.var (variance vector): 0.2389 

Estimating optimal shrinkage intensity lambda (correlation matrix): 0.6716 

Estimating optimal shrinkage intensity lambda.var (variance vector): 0.2392 

Estimating optimal shrinkage intensity lambda (correlation matrix): 0.6362 

[1] "Round 48"
Estimating optimal shrinkage intensity lambda.var (variance vector): 0.2467 

Estimating optimal shrinkage intensity lambda (correlation matrix): 0.6837 

Estimating optimal shrinkage intensity lambda.var (variance vector): 0.2359 

Estimating optimal shrinkage intensity lambda (correlation matrix): 0.6398 

[1] "Round 50"
Estimating optimal shrinkage intensity lambda.var (variance vector): 0.2535 

Estimating optimal shrinkage intensity lambda (correlation matrix): 0.6774 

Estimating optimal shrinkage intensity lambda.var (variance vector): 0.24 

Estimating optimal shrinkage intensity lambda (correlation matrix): 0.609 

[1] "Round 52"
Estimating optimal shrinkage intensity lambda.var (variance vector): 0.2486 

Estimating optimal shrinkage intensity lambda (correlation matrix): 0.625 

Estimating optimal shrinkage intensity lambda.var (variance vector): 0.239 

Estimating optimal shrinkage intensity lambda (correlation matrix): 0.6161 

[1] "Round 54"
Estimating optimal shrinkage intensity lambda.var (variance vector): 0.2394 

Estimating optimal shrinkage intensity lambda (correlation matrix): 0.7035 

Estimating optimal shrinkage intensity lambda.var (variance vector): 0.2379 

Estimating optimal shrinkage intensity lambda (correlation matrix): 0.6258 

[1] "Round 56"
Estimating optimal shrinkage intensity lambda.var (variance vector): 0.2439 

Estimating optimal shrinkage intensity lambda (correlation matrix): 0.7129 

Estimating optimal shrinkage intensity lambda.var (variance vector): 0.2392 

Estimating optimal shrinkage intensity lambda (correlation matrix): 0.6425 

[1] "Round 58"
Estimating optimal shrinkage intensity lambda.var (variance vector): 0.2423 

Estimating optimal shrinkage intensity lambda (correlation matrix): 0.6928 

Estimating optimal shrinkage intensity lambda.var (variance vector): 0.2387 

Estimating optimal shrinkage intensity lambda (correlation matrix): 0.6666 

[1] "Round 60"
Estimating optimal shrinkage intensity lambda.var (variance vector): 0.2487 

Estimating optimal shrinkage intensity lambda (correlation matrix): 0.7006 

Estimating optimal shrinkage intensity lambda.var (variance vector): 0.2449 

Estimating optimal shrinkage intensity lambda (correlation matrix): 0.6262 

[1] "Round 62"
Estimating optimal shrinkage intensity lambda.var (variance vector): 0.2474 

Estimating optimal shrinkage intensity lambda (correlation matrix): 0.6735 

Estimating optimal shrinkage intensity lambda.var (variance vector): 0.2457 

Estimating optimal shrinkage intensity lambda (correlation matrix): 0.689 

[1] "Round 64"
Estimating optimal shrinkage intensity lambda.var (variance vector): 0.2465 

Estimating optimal shrinkage intensity lambda (correlation matrix): 0.6292 

Estimating optimal shrinkage intensity lambda.var (variance vector): 0.2436 

Estimating optimal shrinkage intensity lambda (correlation matrix): 0.6716 

[1] "Round 66"
Estimating optimal shrinkage intensity lambda.var (variance vector): 0.2471 

Estimating optimal shrinkage intensity lambda (correlation matrix): 0.6363 

Estimating optimal shrinkage intensity lambda.var (variance vector): 0.2474 

Estimating optimal shrinkage intensity lambda (correlation matrix): 0.6571 

[1] "Round 68"
Estimating optimal shrinkage intensity lambda.var (variance vector): 0.2405 

Estimating optimal shrinkage intensity lambda (correlation matrix): 0.6081 

Estimating optimal shrinkage intensity lambda.var (variance vector): 0.2359 

Estimating optimal shrinkage intensity lambda (correlation matrix): 0.6409 

[1] "Round 70"
Estimating optimal shrinkage intensity lambda.var (variance vector): 0.2442 

Estimating optimal shrinkage intensity lambda (correlation matrix): 0.6876 

Estimating optimal shrinkage intensity lambda.var (variance vector): 0.2363 

Estimating optimal shrinkage intensity lambda (correlation matrix): 0.6997 

[1] "Round 72"
Estimating optimal shrinkage intensity lambda.var (variance vector): 0.2523 

Estimating optimal shrinkage intensity lambda (correlation matrix): 0.6537 

Estimating optimal shrinkage intensity lambda.var (variance vector): 0.2397 

Estimating optimal shrinkage intensity lambda (correlation matrix): 0.692 

[1] "Round 74"
Estimating optimal shrinkage intensity lambda.var (variance vector): 0.2516 

Estimating optimal shrinkage intensity lambda (correlation matrix): 0.6929 

Estimating optimal shrinkage intensity lambda.var (variance vector): 0.2501 

Estimating optimal shrinkage intensity lambda (correlation matrix): 0.6754 

[1] "Round 76"
Estimating optimal shrinkage intensity lambda.var (variance vector): 0.2489 

Estimating optimal shrinkage intensity lambda (correlation matrix): 0.6015 

Estimating optimal shrinkage intensity lambda.var (variance vector): 0.2415 

Estimating optimal shrinkage intensity lambda (correlation matrix): 0.6338 

[1] "Round 78"
Estimating optimal shrinkage intensity lambda.var (variance vector): 0.2426 

Estimating optimal shrinkage intensity lambda (correlation matrix): 0.6982 

Estimating optimal shrinkage intensity lambda.var (variance vector): 0.2416 

Estimating optimal shrinkage intensity lambda (correlation matrix): 0.7083 

[1] "Round 80"
Estimating optimal shrinkage intensity lambda.var (variance vector): 0.2378 

Estimating optimal shrinkage intensity lambda (correlation matrix): 0.626 

Estimating optimal shrinkage intensity lambda.var (variance vector): 0.2357 

Estimating optimal shrinkage intensity lambda (correlation matrix): 0.6375 

[1] "Round 82"
Estimating optimal shrinkage intensity lambda.var (variance vector): 0.2597 

Estimating optimal shrinkage intensity lambda (correlation matrix): 0.6813 

Estimating optimal shrinkage intensity lambda.var (variance vector): 0.2447 

Estimating optimal shrinkage intensity lambda (correlation matrix): 0.6692 

[1] "Round 84"
Estimating optimal shrinkage intensity lambda.var (variance vector): 0.2307 

Estimating optimal shrinkage intensity lambda (correlation matrix): 0.6226 

Estimating optimal shrinkage intensity lambda.var (variance vector): 0.2396 

Estimating optimal shrinkage intensity lambda (correlation matrix): 0.6607 

[1] "Round 86"
Estimating optimal shrinkage intensity lambda.var (variance vector): 0.2436 

Estimating optimal shrinkage intensity lambda (correlation matrix): 0.6648 

Estimating optimal shrinkage intensity lambda.var (variance vector): 0.2527 

Estimating optimal shrinkage intensity lambda (correlation matrix): 0.6614 

[1] "Round 88"
Estimating optimal shrinkage intensity lambda.var (variance vector): 0.2426 

Estimating optimal shrinkage intensity lambda (correlation matrix): 0.6961 

Estimating optimal shrinkage intensity lambda.var (variance vector): 0.2538 

Estimating optimal shrinkage intensity lambda (correlation matrix): 0.6188 

[1] "Round 90"
Estimating optimal shrinkage intensity lambda.var (variance vector): 0.2465 

Estimating optimal shrinkage intensity lambda (correlation matrix): 0.6716 

Estimating optimal shrinkage intensity lambda.var (variance vector): 0.2396 

Estimating optimal shrinkage intensity lambda (correlation matrix): 0.6931 

[1] "Round 92"
Estimating optimal shrinkage intensity lambda.var (variance vector): 0.2398 

Estimating optimal shrinkage intensity lambda (correlation matrix): 0.603 

Estimating optimal shrinkage intensity lambda.var (variance vector): 0.2359 

Estimating optimal shrinkage intensity lambda (correlation matrix): 0.6022 

[1] "Round 94"
Estimating optimal shrinkage intensity lambda.var (variance vector): 0.2511 

Estimating optimal shrinkage intensity lambda (correlation matrix): 0.6467 

Estimating optimal shrinkage intensity lambda.var (variance vector): 0.2513 

Estimating optimal shrinkage intensity lambda (correlation matrix): 0.6773 

[1] "Round 96"
Estimating optimal shrinkage intensity lambda.var (variance vector): 0.2486 

Estimating optimal shrinkage intensity lambda (correlation matrix): 0.6404 

Estimating optimal shrinkage intensity lambda.var (variance vector): 0.2564 

Estimating optimal shrinkage intensity lambda (correlation matrix): 0.6014 

[1] "Round 98"
Estimating optimal shrinkage intensity lambda.var (variance vector): 0.2498 

Estimating optimal shrinkage intensity lambda (correlation matrix): 0.6595 

Estimating optimal shrinkage intensity lambda.var (variance vector): 0.2501 

Estimating optimal shrinkage intensity lambda (correlation matrix): 0.6955 

[1] "Round 100"
Estimating optimal shrinkage intensity lambda.var (variance vector): 0.2396 

Estimating optimal shrinkage intensity lambda (correlation matrix): 0.6633 

[1] "data/Debi+dirmult_n250_p400_tau1.58603183100338_rho0.5_sigma0.5_Nsim100"
                        lambda        SE         PE       linf         FPR
bootstrap_mean     0.109390845 6.4383596 10.2249408 0.99973902 0.048814721
bootstrap_mean_std 0.003758499 0.1407777  0.5231717 0.02297321 0.001298477
                          FNR        TPR     sum_beta
bootstrap_mean     0.11816667 0.87683333 8.210663e-19
bootstrap_mean_std 0.07287764 0.07006593 5.481770e-19
Time difference of 58.4499 mins
[1] "estimated tau is 1.58643371968735"
[1] "Round 2"
[1] "Round 4"
[1] "Round 6"
[1] "Round 8"
[1] "Round 10"
[1] "Round 12"
[1] "Round 14"
[1] "Round 16"
[1] "Round 18"
[1] "Round 20"
[1] "Round 22"
[1] "Round 24"
[1] "Round 26"
[1] "Round 28"
[1] "Round 30"
[1] "Round 32"
[1] "Round 34"
[1] "Round 36"
[1] "Round 38"
[1] "Round 40"
[1] "Round 42"
[1] "Round 44"
[1] "Round 46"
[1] "Round 48"
[1] "Round 50"
[1] "Round 52"
[1] "Round 54"
[1] "Round 56"
[1] "Round 58"
[1] "Round 60"
[1] "Round 62"
[1] "Round 64"
[1] "Round 66"
[1] "Round 68"
[1] "Round 70"
[1] "Round 72"
[1] "Round 74"
[1] "Round 76"
[1] "Round 78"
[1] "Round 80"
[1] "Round 82"
[1] "Round 84"
[1] "Round 86"
[1] "Round 88"
[1] "Round 90"
[1] "Round 92"
[1] "Round 94"
[1] "Round 96"
[1] "Round 98"
[1] "Round 100"
[1] "data/Eric+dirmult_n250_p400_tau1.58643371968735_rho0.5_sigma0.5_Nsim100"
                       lambda         SE         PE        linf         FPR
bootstrap_mean     0.52767171 5.00177197 3.54916786 1.216215529 0.030484772
bootstrap_mean_std 0.01370684 0.03520432 0.05205782 0.009721079 0.002180164
                         FNR       TPR      sum_beta
bootstrap_mean     0.3333333 0.6666667 -3.987294e-08
bootstrap_mean_std 0.0000000 0.0000000  1.318826e-07
Time difference of 1.070528 hours
  [1] 4.408999 4.626460 4.661561 5.281289 4.378919 4.334790 5.484438 4.894709
  [9] 4.353741 4.655624 5.003234 5.773931 5.037594 4.859987 5.223367 4.899385
 [17] 4.937032 4.611198 4.894986 5.062751 5.028576 5.150004 4.881772 5.633000
 [25] 4.449403 5.567945 5.162345 5.210041 5.010224 5.573391 5.075677 4.700530
 [33] 5.155541 5.022348 5.186418 4.479971 5.046622 4.768784 6.289005 5.253261
 [41] 5.371038 4.938230 4.979444 5.012510 5.339177 5.173010 5.087014 4.888745
 [49] 5.904157 4.997073 4.353606 5.492388 4.813452 4.482928 4.466538 5.006211
 [57] 5.283369 5.145092 4.769139 4.861289 5.345661 4.516511 4.484238 5.866995
 [65] 5.607893 5.148212 5.475110 5.003496 5.042650 4.625913 4.546593 5.598384
 [73] 5.038653 4.892425 4.431669 4.464433 5.139023 5.069219 4.796588 4.386412
 [81] 4.995857 6.087121 4.512213 4.567658 5.283635 4.682524 5.363550 4.581187
 [89] 4.523493 5.280949 4.763909 5.079727 5.146011 5.833145 5.725617 4.645203
 [97] 5.027109 4.734938 4.913703 4.606629
  [1] 3.070890 3.444534 3.319080 3.312624 3.420568 2.644034 4.365221 3.873781
  [9] 2.948254 2.689206 3.768403 3.921483 3.574309 3.424363 2.934781 3.619225
 [17] 3.778585 2.862723 2.794140 3.786358 3.166675 4.192995 3.439002 4.531771
 [25] 2.740111 3.741458 3.765878 3.576030 3.370414 3.581344 3.574988 3.011776
 [33] 3.723316 3.756487 3.398323 3.423737 3.542364 3.482581 4.557876 4.281959
 [41] 3.525629 4.561092 4.280353 3.749402 3.280796 3.206853 4.165641 3.462680
 [49] 4.378546 4.111936 3.392207 4.859593 3.029320 3.379729 3.924710 4.162825
 [57] 4.188898 3.666078 4.432861 3.277426 3.561774 4.070380 3.585220 3.657124
 [65] 4.375080 3.730249 3.828214 3.808672 3.239429 3.430646 3.251383 4.008794
 [73] 3.560348 2.978742 3.321970 3.282171 3.258716 3.308711 2.863132 2.998078
 [81] 4.127715 3.814706 3.551830 3.074080 3.434728 3.258558 3.753741 3.593253
 [89] 3.399127 3.236458 3.288274 3.317153 3.345054 4.325256 4.696081 3.626071
 [97] 4.061941 3.434895 4.170072 3.711947
