Loading required package: Matrix
Loaded glmnet 4.1-8
Loaded lars 1.3

Estimating optimal shrinkage intensity lambda.var (variance vector): 0.9477 

Estimating optimal shrinkage intensity lambda (correlation matrix): 0.6435 

[1] "Round 2"
Estimating optimal shrinkage intensity lambda.var (variance vector): 1 

Estimating optimal shrinkage intensity lambda (correlation matrix): 0.5145 

Estimating optimal shrinkage intensity lambda.var (variance vector): 0.9119 

Estimating optimal shrinkage intensity lambda (correlation matrix): 0.7705 

[1] "Round 4"
Estimating optimal shrinkage intensity lambda.var (variance vector): 1 

Estimating optimal shrinkage intensity lambda (correlation matrix): 0.5752 

Estimating optimal shrinkage intensity lambda.var (variance vector): 0.9347 

Estimating optimal shrinkage intensity lambda (correlation matrix): 0.6241 

[1] "Round 6"
Estimating optimal shrinkage intensity lambda.var (variance vector): 0.866 

Estimating optimal shrinkage intensity lambda (correlation matrix): 0.5726 

Estimating optimal shrinkage intensity lambda.var (variance vector): 0.8404 

Estimating optimal shrinkage intensity lambda (correlation matrix): 0.7336 

[1] "Round 8"
Estimating optimal shrinkage intensity lambda.var (variance vector): 1 

Estimating optimal shrinkage intensity lambda (correlation matrix): 0.5104 

Estimating optimal shrinkage intensity lambda.var (variance vector): 0.7859 

Estimating optimal shrinkage intensity lambda (correlation matrix): 0.6939 

[1] "Round 10"
Estimating optimal shrinkage intensity lambda.var (variance vector): 0.9459 

Estimating optimal shrinkage intensity lambda (correlation matrix): 0.7379 

Estimating optimal shrinkage intensity lambda.var (variance vector): 0.977 

Estimating optimal shrinkage intensity lambda (correlation matrix): 0.4882 

[1] "Round 12"
Estimating optimal shrinkage intensity lambda.var (variance vector): 0.746 

Estimating optimal shrinkage intensity lambda (correlation matrix): 0.6306 

Estimating optimal shrinkage intensity lambda.var (variance vector): 0.9089 

Estimating optimal shrinkage intensity lambda (correlation matrix): 0.4715 

[1] "Round 14"
Estimating optimal shrinkage intensity lambda.var (variance vector): 0.9951 

Estimating optimal shrinkage intensity lambda (correlation matrix): 0.7115 

Estimating optimal shrinkage intensity lambda.var (variance vector): 1 

Estimating optimal shrinkage intensity lambda (correlation matrix): 0.5259 

[1] "Round 16"
Estimating optimal shrinkage intensity lambda.var (variance vector): 0.9671 

Estimating optimal shrinkage intensity lambda (correlation matrix): 0.5743 

Estimating optimal shrinkage intensity lambda.var (variance vector): 0.911 

Estimating optimal shrinkage intensity lambda (correlation matrix): 0.654 

[1] "Round 18"
Estimating optimal shrinkage intensity lambda.var (variance vector): 1 

Estimating optimal shrinkage intensity lambda (correlation matrix): 0.6676 

Estimating optimal shrinkage intensity lambda.var (variance vector): 1 

Estimating optimal shrinkage intensity lambda (correlation matrix): 0.5585 

[1] "Round 20"
Estimating optimal shrinkage intensity lambda.var (variance vector): 0.8947 

Estimating optimal shrinkage intensity lambda (correlation matrix): 0.773 

Estimating optimal shrinkage intensity lambda.var (variance vector): 0.8896 

Estimating optimal shrinkage intensity lambda (correlation matrix): 0.6982 

[1] "Round 22"
Estimating optimal shrinkage intensity lambda.var (variance vector): 0.8692 

Estimating optimal shrinkage intensity lambda (correlation matrix): 0.6289 

Estimating optimal shrinkage intensity lambda.var (variance vector): 0.9605 

Estimating optimal shrinkage intensity lambda (correlation matrix): 0.7815 

[1] "Round 24"
Estimating optimal shrinkage intensity lambda.var (variance vector): 0.9757 

Estimating optimal shrinkage intensity lambda (correlation matrix): 0.7324 

Estimating optimal shrinkage intensity lambda.var (variance vector): 0.8739 

Estimating optimal shrinkage intensity lambda (correlation matrix): 0.7845 

[1] "Round 26"
Estimating optimal shrinkage intensity lambda.var (variance vector): 0.9895 

Estimating optimal shrinkage intensity lambda (correlation matrix): 0.5523 

Estimating optimal shrinkage intensity lambda.var (variance vector): 0.8861 

Estimating optimal shrinkage intensity lambda (correlation matrix): 0.6782 

[1] "Round 28"
Estimating optimal shrinkage intensity lambda.var (variance vector): 1 

Estimating optimal shrinkage intensity lambda (correlation matrix): 0.5128 

Estimating optimal shrinkage intensity lambda.var (variance vector): 0.7802 

Estimating optimal shrinkage intensity lambda (correlation matrix): 0.6806 

[1] "Round 30"
Estimating optimal shrinkage intensity lambda.var (variance vector): 0.8208 

Estimating optimal shrinkage intensity lambda (correlation matrix): 0.618 

Estimating optimal shrinkage intensity lambda.var (variance vector): 0.9619 

Estimating optimal shrinkage intensity lambda (correlation matrix): 0.6548 

[1] "Round 32"
Estimating optimal shrinkage intensity lambda.var (variance vector): 1 

Estimating optimal shrinkage intensity lambda (correlation matrix): 0.6409 

Estimating optimal shrinkage intensity lambda.var (variance vector): 0.7966 

Estimating optimal shrinkage intensity lambda (correlation matrix): 0.623 

[1] "Round 34"
Estimating optimal shrinkage intensity lambda.var (variance vector): 0.9309 

Estimating optimal shrinkage intensity lambda (correlation matrix): 0.7106 

Estimating optimal shrinkage intensity lambda.var (variance vector): 0.9061 

Estimating optimal shrinkage intensity lambda (correlation matrix): 0.7336 

[1] "Round 36"
Estimating optimal shrinkage intensity lambda.var (variance vector): 0.8568 

Estimating optimal shrinkage intensity lambda (correlation matrix): 0.7305 

Estimating optimal shrinkage intensity lambda.var (variance vector): 0.9321 

Estimating optimal shrinkage intensity lambda (correlation matrix): 0.5827 

[1] "Round 38"
Estimating optimal shrinkage intensity lambda.var (variance vector): 1 

Estimating optimal shrinkage intensity lambda (correlation matrix): 0.6158 

Estimating optimal shrinkage intensity lambda.var (variance vector): 0.8817 

Estimating optimal shrinkage intensity lambda (correlation matrix): 0.467 

[1] "Round 40"
Estimating optimal shrinkage intensity lambda.var (variance vector): 0.8527 

Estimating optimal shrinkage intensity lambda (correlation matrix): 0.7007 

Estimating optimal shrinkage intensity lambda.var (variance vector): 1 

Estimating optimal shrinkage intensity lambda (correlation matrix): 0.7164 

[1] "Round 42"
Estimating optimal shrinkage intensity lambda.var (variance vector): 1 

Estimating optimal shrinkage intensity lambda (correlation matrix): 0.4737 

Estimating optimal shrinkage intensity lambda.var (variance vector): 0.981 

Estimating optimal shrinkage intensity lambda (correlation matrix): 0.6641 

[1] "Round 44"
Estimating optimal shrinkage intensity lambda.var (variance vector): 0.8812 

Estimating optimal shrinkage intensity lambda (correlation matrix): 0.7275 

Estimating optimal shrinkage intensity lambda.var (variance vector): 0.968 

Estimating optimal shrinkage intensity lambda (correlation matrix): 0.5561 

[1] "Round 46"
Estimating optimal shrinkage intensity lambda.var (variance vector): 0.9616 

Estimating optimal shrinkage intensity lambda (correlation matrix): 0.7008 

Estimating optimal shrinkage intensity lambda.var (variance vector): 0.9451 

Estimating optimal shrinkage intensity lambda (correlation matrix): 0.7094 

[1] "Round 48"
Estimating optimal shrinkage intensity lambda.var (variance vector): 0.9277 

Estimating optimal shrinkage intensity lambda (correlation matrix): 0.5102 

Estimating optimal shrinkage intensity lambda.var (variance vector): 0.8926 

Estimating optimal shrinkage intensity lambda (correlation matrix): 0.7257 

[1] "Round 50"
Estimating optimal shrinkage intensity lambda.var (variance vector): 0.9678 

Estimating optimal shrinkage intensity lambda (correlation matrix): 0.603 

Estimating optimal shrinkage intensity lambda.var (variance vector): 0.805 

Estimating optimal shrinkage intensity lambda (correlation matrix): 0.6643 

[1] "Round 52"
Estimating optimal shrinkage intensity lambda.var (variance vector): 1 

Estimating optimal shrinkage intensity lambda (correlation matrix): 0.6966 

Estimating optimal shrinkage intensity lambda.var (variance vector): 0.9105 

Estimating optimal shrinkage intensity lambda (correlation matrix): 0.6967 

[1] "Round 54"
Estimating optimal shrinkage intensity lambda.var (variance vector): 0.8549 

Estimating optimal shrinkage intensity lambda (correlation matrix): 0.6864 

Estimating optimal shrinkage intensity lambda.var (variance vector): 1 

Estimating optimal shrinkage intensity lambda (correlation matrix): 0.6155 

[1] "Round 56"
Estimating optimal shrinkage intensity lambda.var (variance vector): 0.9524 

Estimating optimal shrinkage intensity lambda (correlation matrix): 0.7241 

Estimating optimal shrinkage intensity lambda.var (variance vector): 0.8688 

Estimating optimal shrinkage intensity lambda (correlation matrix): 0.6056 

[1] "Round 58"
Estimating optimal shrinkage intensity lambda.var (variance vector): 1 

Estimating optimal shrinkage intensity lambda (correlation matrix): 0.5183 

Estimating optimal shrinkage intensity lambda.var (variance vector): 0.8397 

Estimating optimal shrinkage intensity lambda (correlation matrix): 0.6072 

[1] "Round 60"
Estimating optimal shrinkage intensity lambda.var (variance vector): 0.9109 

Estimating optimal shrinkage intensity lambda (correlation matrix): 0.5128 

Estimating optimal shrinkage intensity lambda.var (variance vector): 0.9062 

Estimating optimal shrinkage intensity lambda (correlation matrix): 0.7899 

[1] "Round 62"
Estimating optimal shrinkage intensity lambda.var (variance vector): 0.8904 

Estimating optimal shrinkage intensity lambda (correlation matrix): 0.6709 

Estimating optimal shrinkage intensity lambda.var (variance vector): 0.8748 

Estimating optimal shrinkage intensity lambda (correlation matrix): 0.7527 

[1] "Round 64"
Estimating optimal shrinkage intensity lambda.var (variance vector): 1 

Estimating optimal shrinkage intensity lambda (correlation matrix): 0.6471 

Estimating optimal shrinkage intensity lambda.var (variance vector): 0.8909 

Estimating optimal shrinkage intensity lambda (correlation matrix): 0.4926 

[1] "Round 66"
Estimating optimal shrinkage intensity lambda.var (variance vector): 0.9098 

Estimating optimal shrinkage intensity lambda (correlation matrix): 0.6294 

Estimating optimal shrinkage intensity lambda.var (variance vector): 0.9944 

Estimating optimal shrinkage intensity lambda (correlation matrix): 0.5171 

[1] "Round 68"
Estimating optimal shrinkage intensity lambda.var (variance vector): 0.7915 

Estimating optimal shrinkage intensity lambda (correlation matrix): 0.5723 

Estimating optimal shrinkage intensity lambda.var (variance vector): 1 

Estimating optimal shrinkage intensity lambda (correlation matrix): 0.5331 

[1] "Round 70"
Estimating optimal shrinkage intensity lambda.var (variance vector): 0.966 

Estimating optimal shrinkage intensity lambda (correlation matrix): 0.6582 

Estimating optimal shrinkage intensity lambda.var (variance vector): 0.9027 

Estimating optimal shrinkage intensity lambda (correlation matrix): 0.5693 

[1] "Round 72"
Estimating optimal shrinkage intensity lambda.var (variance vector): 1 

Estimating optimal shrinkage intensity lambda (correlation matrix): 0.6388 

Estimating optimal shrinkage intensity lambda.var (variance vector): 0.8705 

Estimating optimal shrinkage intensity lambda (correlation matrix): 0.7435 

[1] "Round 74"
Estimating optimal shrinkage intensity lambda.var (variance vector): 0.8075 

Estimating optimal shrinkage intensity lambda (correlation matrix): 0.711 

Estimating optimal shrinkage intensity lambda.var (variance vector): 1 

Estimating optimal shrinkage intensity lambda (correlation matrix): 0.4437 

[1] "Round 76"
Estimating optimal shrinkage intensity lambda.var (variance vector): 0.9182 

Estimating optimal shrinkage intensity lambda (correlation matrix): 0.6153 

Estimating optimal shrinkage intensity lambda.var (variance vector): 1 

Estimating optimal shrinkage intensity lambda (correlation matrix): 0.5568 

[1] "Round 78"
Estimating optimal shrinkage intensity lambda.var (variance vector): 0.8898 

Estimating optimal shrinkage intensity lambda (correlation matrix): 0.7231 

Estimating optimal shrinkage intensity lambda.var (variance vector): 0.8564 

Estimating optimal shrinkage intensity lambda (correlation matrix): 0.4184 

[1] "Round 80"
Estimating optimal shrinkage intensity lambda.var (variance vector): 0.8355 

Estimating optimal shrinkage intensity lambda (correlation matrix): 0.6467 

Estimating optimal shrinkage intensity lambda.var (variance vector): 0.9424 

Estimating optimal shrinkage intensity lambda (correlation matrix): 0.7227 

[1] "Round 82"
Estimating optimal shrinkage intensity lambda.var (variance vector): 0.9625 

Estimating optimal shrinkage intensity lambda (correlation matrix): 0.7353 

Estimating optimal shrinkage intensity lambda.var (variance vector): 0.9849 

Estimating optimal shrinkage intensity lambda (correlation matrix): 0.4561 

[1] "Round 84"
Estimating optimal shrinkage intensity lambda.var (variance vector): 0.8217 

Estimating optimal shrinkage intensity lambda (correlation matrix): 0.6415 

Estimating optimal shrinkage intensity lambda.var (variance vector): 0.893 

Estimating optimal shrinkage intensity lambda (correlation matrix): 0.6782 

[1] "Round 86"
Estimating optimal shrinkage intensity lambda.var (variance vector): 0.904 

Estimating optimal shrinkage intensity lambda (correlation matrix): 0.6723 

Estimating optimal shrinkage intensity lambda.var (variance vector): 0.8554 

Estimating optimal shrinkage intensity lambda (correlation matrix): 0.7619 

[1] "Round 88"
Estimating optimal shrinkage intensity lambda.var (variance vector): 0.8682 

Estimating optimal shrinkage intensity lambda (correlation matrix): 0.704 

Estimating optimal shrinkage intensity lambda.var (variance vector): 0.8385 

Estimating optimal shrinkage intensity lambda (correlation matrix): 0.6517 

[1] "Round 90"
Estimating optimal shrinkage intensity lambda.var (variance vector): 0.9195 

Estimating optimal shrinkage intensity lambda (correlation matrix): 0.6764 

Estimating optimal shrinkage intensity lambda.var (variance vector): 0.7561 

Estimating optimal shrinkage intensity lambda (correlation matrix): 0.6104 

[1] "Round 92"
Estimating optimal shrinkage intensity lambda.var (variance vector): 0.9556 

Estimating optimal shrinkage intensity lambda (correlation matrix): 0.6238 

Estimating optimal shrinkage intensity lambda.var (variance vector): 0.9762 

Estimating optimal shrinkage intensity lambda (correlation matrix): 0.6042 

[1] "Round 94"
Estimating optimal shrinkage intensity lambda.var (variance vector): 0.9011 

Estimating optimal shrinkage intensity lambda (correlation matrix): 0.6289 

Estimating optimal shrinkage intensity lambda.var (variance vector): 0.9898 

Estimating optimal shrinkage intensity lambda (correlation matrix): 0.6816 

[1] "Round 96"
Estimating optimal shrinkage intensity lambda.var (variance vector): 0.9374 

Estimating optimal shrinkage intensity lambda (correlation matrix): 0.722 

Estimating optimal shrinkage intensity lambda.var (variance vector): 0.9518 

Estimating optimal shrinkage intensity lambda (correlation matrix): 0.6524 

[1] "Round 98"
Estimating optimal shrinkage intensity lambda.var (variance vector): 1 

Estimating optimal shrinkage intensity lambda (correlation matrix): 0.5097 

Estimating optimal shrinkage intensity lambda.var (variance vector): 0.8056 

Estimating optimal shrinkage intensity lambda (correlation matrix): 0.6887 

[1] "Round 100"
Estimating optimal shrinkage intensity lambda.var (variance vector): 0.8542 

Estimating optimal shrinkage intensity lambda (correlation matrix): 0.6785 

[1] "data/Debi+lognormal_n100_p200_tau1_rho0.5_sigma0.5_Nsim100"
                        lambda        SE         PE       linf         FPR
bootstrap_mean     0.212021653 8.0552108 10.1009114 1.03306974 0.049675258
bootstrap_mean_std 0.009806768 0.2480572  0.9874838 0.02255734 0.002456905
                          FNR        TPR      sum_beta
bootstrap_mean     0.45116667 0.54666667 -1.754239e-19
bootstrap_mean_std 0.07265425 0.07206747  4.451543e-19
Time difference of 4.916807 mins
[1] "Round 2"
[1] "Round 4"
[1] "Round 6"
[1] "Round 8"
[1] "Round 10"
[1] "Round 12"
[1] "Round 14"
[1] "Round 16"
[1] "Round 18"
[1] "Round 20"
[1] "Round 22"
[1] "Round 24"
[1] "Round 26"
[1] "Round 28"
[1] "Round 30"
[1] "Round 32"
[1] "Round 34"
[1] "Round 36"
[1] "Round 38"
[1] "Round 40"
[1] "Round 42"
[1] "Round 44"
[1] "Round 46"
[1] "Round 48"
[1] "Round 50"
[1] "Round 52"
[1] "Round 54"
[1] "Round 56"
[1] "Round 58"
[1] "Round 60"
[1] "Round 62"
[1] "Round 64"
[1] "Round 66"
[1] "Round 68"
[1] "Round 70"
[1] "Round 72"
[1] "Round 74"
[1] "Round 76"
[1] "Round 78"
[1] "Round 80"
[1] "Round 82"
[1] "Round 84"
[1] "Round 86"
[1] "Round 88"
[1] "Round 90"
[1] "Round 92"
[1] "Round 94"
[1] "Round 96"
[1] "Round 98"
[1] "Round 100"
[1] "data/Eric+lognormal_n100_p200_tau1_rho0.5_sigma0.5_Nsim100"
                       lambda        SE         PE       linf         FPR
bootstrap_mean     0.46838927 4.9629250 2.52522748 1.21303617 0.051984536
bootstrap_mean_std 0.01865187 0.1266381 0.07045882 0.02342094 0.004302405
                         FNR        TPR     sum_beta
bootstrap_mean     0.3366667 0.66216667 4.782861e-08
bootstrap_mean_std 0.0214950 0.02572215 8.275015e-08
Time difference of 9.708178 mins
  [1] 5.988800 5.239564 6.183053 3.209638 3.424530 4.680926 4.858428 4.520898
  [9] 6.131149 4.455962 3.832815 6.482533 6.132172 5.626440 4.931081 7.159686
 [17] 5.992006 6.608743 4.296269 5.309400 4.069833 6.014973 4.693278 5.086794
 [25] 4.781281 4.745869 4.617285 3.204772 4.211624 4.260143 6.269152 4.536206
 [33] 4.852645 5.788883 7.435254 6.640997 4.699799 6.221684 6.129816 4.510559
 [41] 5.491571 3.061395 4.370830 4.381149 4.173722 5.303905 3.851694 6.067979
 [49] 5.512760 5.909411 4.348940 3.297475 5.273426 6.511746 6.250629 4.259388
 [57] 4.915971 4.814924 3.832427 6.986593 5.413027 6.658800 5.236163 4.895060
 [65] 4.908148 5.185684 6.655364 5.263137 5.746470 4.217606 3.564600 4.964914
 [73] 5.913288 4.212314 4.447156 4.619270 5.664808 3.866441 4.575619 4.563519
 [81] 5.586745 5.144925 4.773058 5.111465 5.155167 4.124202 4.074500 6.169834
 [89] 4.875249 5.663685 4.503421 5.320480 3.778174 4.240694 5.569191 4.843154
 [97] 5.376161 4.997364 4.398651 6.162922
  [1] 2.864180 3.081158 3.045101 1.725217 1.700005 3.184788 3.073597 2.252602
  [9] 3.018053 1.781315 1.772941 2.958219 2.927823 2.572007 2.304845 4.333235
 [17] 3.097110 3.368158 2.569423 3.004818 2.399388 2.224890 2.453533 2.311132
 [25] 2.224498 1.938958 2.543953 1.645516 2.670657 2.310697 3.149331 2.856591
 [33] 1.553781 3.012381 4.090970 2.594436 2.794043 2.399709 3.212467 2.479168
 [41] 2.753787 1.380556 1.644580 2.115254 2.147728 2.944775 2.075558 2.665732
 [49] 2.925487 3.319724 2.783290 1.658325 2.767918 3.899291 2.583589 2.410853
 [57] 2.321830 2.060350 1.905141 3.258078 2.690984 3.899390 2.138262 2.551623
 [65] 2.455676 2.593942 2.823533 3.082703 1.931236 2.096590 1.669190 2.538448
 [73] 2.115425 2.760038 2.426825 2.747135 3.270874 2.025500 2.364983 2.349806
 [81] 3.036989 3.047339 2.093715 2.975919 3.160284 2.390511 1.639663 3.156728
 [89] 2.454236 3.008287 1.804692 2.246578 1.506199 2.483976 2.283580 2.335881
 [97] 2.404711 2.581478 1.883925 3.524701
Estimating optimal shrinkage intensity lambda.var (variance vector): 0.9576 

Estimating optimal shrinkage intensity lambda (correlation matrix): 0.4222 

[1] "Round 2"
Estimating optimal shrinkage intensity lambda.var (variance vector): 0.9348 

Estimating optimal shrinkage intensity lambda (correlation matrix): 0.409 

Estimating optimal shrinkage intensity lambda.var (variance vector): 0.9503 

Estimating optimal shrinkage intensity lambda (correlation matrix): 0.4587 

[1] "Round 4"
Estimating optimal shrinkage intensity lambda.var (variance vector): 1 

Estimating optimal shrinkage intensity lambda (correlation matrix): 0.3302 

Estimating optimal shrinkage intensity lambda.var (variance vector): 0.9266 

Estimating optimal shrinkage intensity lambda (correlation matrix): 0.4904 

[1] "Round 6"
Estimating optimal shrinkage intensity lambda.var (variance vector): 0.948 

Estimating optimal shrinkage intensity lambda (correlation matrix): 0.456 

Estimating optimal shrinkage intensity lambda.var (variance vector): 0.8853 

Estimating optimal shrinkage intensity lambda (correlation matrix): 0.4251 

[1] "Round 8"
Estimating optimal shrinkage intensity lambda.var (variance vector): 0.9116 

Estimating optimal shrinkage intensity lambda (correlation matrix): 0.3937 

Estimating optimal shrinkage intensity lambda.var (variance vector): 0.9067 

Estimating optimal shrinkage intensity lambda (correlation matrix): 0.4309 

[1] "Round 10"
Estimating optimal shrinkage intensity lambda.var (variance vector): 0.9049 

Estimating optimal shrinkage intensity lambda (correlation matrix): 0.4748 

Estimating optimal shrinkage intensity lambda.var (variance vector): 0.9964 

Estimating optimal shrinkage intensity lambda (correlation matrix): 0.4433 

[1] "Round 12"
Estimating optimal shrinkage intensity lambda.var (variance vector): 0.8744 

Estimating optimal shrinkage intensity lambda (correlation matrix): 0.4094 

Estimating optimal shrinkage intensity lambda.var (variance vector): 0.9351 

Estimating optimal shrinkage intensity lambda (correlation matrix): 0.4411 

[1] "Round 14"
Estimating optimal shrinkage intensity lambda.var (variance vector): 0.8557 

Estimating optimal shrinkage intensity lambda (correlation matrix): 0.3732 

Estimating optimal shrinkage intensity lambda.var (variance vector): 0.9144 

Estimating optimal shrinkage intensity lambda (correlation matrix): 0.4251 

[1] "Round 16"
Estimating optimal shrinkage intensity lambda.var (variance vector): 0.8579 

Estimating optimal shrinkage intensity lambda (correlation matrix): 0.3944 

Estimating optimal shrinkage intensity lambda.var (variance vector): 0.9766 

Estimating optimal shrinkage intensity lambda (correlation matrix): 0.4048 

[1] "Round 18"
Estimating optimal shrinkage intensity lambda.var (variance vector): 0.9351 

Estimating optimal shrinkage intensity lambda (correlation matrix): 0.4943 

Estimating optimal shrinkage intensity lambda.var (variance vector): 0.8891 

Estimating optimal shrinkage intensity lambda (correlation matrix): 0.525 

[1] "Round 20"
Estimating optimal shrinkage intensity lambda.var (variance vector): 0.9662 

Estimating optimal shrinkage intensity lambda (correlation matrix): 0.4581 

Estimating optimal shrinkage intensity lambda.var (variance vector): 0.9427 

Estimating optimal shrinkage intensity lambda (correlation matrix): 0.3947 

[1] "Round 22"
Estimating optimal shrinkage intensity lambda.var (variance vector): 0.9602 

Estimating optimal shrinkage intensity lambda (correlation matrix): 0.3928 

Estimating optimal shrinkage intensity lambda.var (variance vector): 0.9002 

Estimating optimal shrinkage intensity lambda (correlation matrix): 0.3881 

[1] "Round 24"
Estimating optimal shrinkage intensity lambda.var (variance vector): 0.9101 

Estimating optimal shrinkage intensity lambda (correlation matrix): 0.4439 

Estimating optimal shrinkage intensity lambda.var (variance vector): 0.926 

Estimating optimal shrinkage intensity lambda (correlation matrix): 0.3484 

[1] "Round 26"
Estimating optimal shrinkage intensity lambda.var (variance vector): 0.8333 

Estimating optimal shrinkage intensity lambda (correlation matrix): 0.429 

Estimating optimal shrinkage intensity lambda.var (variance vector): 1 

Estimating optimal shrinkage intensity lambda (correlation matrix): 0.4636 

[1] "Round 28"
Estimating optimal shrinkage intensity lambda.var (variance vector): 0.9409 

Estimating optimal shrinkage intensity lambda (correlation matrix): 0.4708 

Estimating optimal shrinkage intensity lambda.var (variance vector): 0.9718 

Estimating optimal shrinkage intensity lambda (correlation matrix): 0.496 

[1] "Round 30"
Estimating optimal shrinkage intensity lambda.var (variance vector): 0.8585 

Estimating optimal shrinkage intensity lambda (correlation matrix): 0.3964 

Estimating optimal shrinkage intensity lambda.var (variance vector): 1 

Estimating optimal shrinkage intensity lambda (correlation matrix): 0.444 

[1] "Round 32"
Estimating optimal shrinkage intensity lambda.var (variance vector): 0.8867 

Estimating optimal shrinkage intensity lambda (correlation matrix): 0.4522 

Estimating optimal shrinkage intensity lambda.var (variance vector): 0.9195 

Estimating optimal shrinkage intensity lambda (correlation matrix): 0.352 

[1] "Round 34"
Estimating optimal shrinkage intensity lambda.var (variance vector): 1 

Estimating optimal shrinkage intensity lambda (correlation matrix): 0.415 

Estimating optimal shrinkage intensity lambda.var (variance vector): 0.9163 

Estimating optimal shrinkage intensity lambda (correlation matrix): 0.4982 

[1] "Round 36"
Estimating optimal shrinkage intensity lambda.var (variance vector): 0.8902 

Estimating optimal shrinkage intensity lambda (correlation matrix): 0.3303 

Estimating optimal shrinkage intensity lambda.var (variance vector): 0.9719 

Estimating optimal shrinkage intensity lambda (correlation matrix): 0.3709 

[1] "Round 38"
Estimating optimal shrinkage intensity lambda.var (variance vector): 0.8582 

Estimating optimal shrinkage intensity lambda (correlation matrix): 0.4944 

Estimating optimal shrinkage intensity lambda.var (variance vector): 0.8954 

Estimating optimal shrinkage intensity lambda (correlation matrix): 0.3891 

[1] "Round 40"
Estimating optimal shrinkage intensity lambda.var (variance vector): 0.7792 

Estimating optimal shrinkage intensity lambda (correlation matrix): 0.4609 

Estimating optimal shrinkage intensity lambda.var (variance vector): 0.9168 

Estimating optimal shrinkage intensity lambda (correlation matrix): 0.3562 

[1] "Round 42"
Estimating optimal shrinkage intensity lambda.var (variance vector): 0.9741 

Estimating optimal shrinkage intensity lambda (correlation matrix): 0.4196 

Estimating optimal shrinkage intensity lambda.var (variance vector): 0.9146 

Estimating optimal shrinkage intensity lambda (correlation matrix): 0.5074 

[1] "Round 44"
Estimating optimal shrinkage intensity lambda.var (variance vector): 0.8671 

Estimating optimal shrinkage intensity lambda (correlation matrix): 0.3612 

Estimating optimal shrinkage intensity lambda.var (variance vector): 0.935 

Estimating optimal shrinkage intensity lambda (correlation matrix): 0.4557 

[1] "Round 46"
Estimating optimal shrinkage intensity lambda.var (variance vector): 0.8368 

Estimating optimal shrinkage intensity lambda (correlation matrix): 0.3907 

Estimating optimal shrinkage intensity lambda.var (variance vector): 0.9524 

Estimating optimal shrinkage intensity lambda (correlation matrix): 0.4283 

[1] "Round 48"
Estimating optimal shrinkage intensity lambda.var (variance vector): 0.9062 

Estimating optimal shrinkage intensity lambda (correlation matrix): 0.3859 

Estimating optimal shrinkage intensity lambda.var (variance vector): 0.9608 

Estimating optimal shrinkage intensity lambda (correlation matrix): 0.4933 

[1] "Round 50"
Estimating optimal shrinkage intensity lambda.var (variance vector): 0.8741 

Estimating optimal shrinkage intensity lambda (correlation matrix): 0.4197 

Estimating optimal shrinkage intensity lambda.var (variance vector): 0.9443 

Estimating optimal shrinkage intensity lambda (correlation matrix): 0.4829 

[1] "Round 52"
Estimating optimal shrinkage intensity lambda.var (variance vector): 0.8643 

Estimating optimal shrinkage intensity lambda (correlation matrix): 0.5374 

Estimating optimal shrinkage intensity lambda.var (variance vector): 0.8554 

Estimating optimal shrinkage intensity lambda (correlation matrix): 0.4393 

[1] "Round 54"
Estimating optimal shrinkage intensity lambda.var (variance vector): 0.9672 

Estimating optimal shrinkage intensity lambda (correlation matrix): 0.4355 

Estimating optimal shrinkage intensity lambda.var (variance vector): 0.8095 

Estimating optimal shrinkage intensity lambda (correlation matrix): 0.3462 

[1] "Round 56"
Estimating optimal shrinkage intensity lambda.var (variance vector): 0.9267 

Estimating optimal shrinkage intensity lambda (correlation matrix): 0.5258 

Estimating optimal shrinkage intensity lambda.var (variance vector): 0.9871 

Estimating optimal shrinkage intensity lambda (correlation matrix): 0.4764 

[1] "Round 58"
Estimating optimal shrinkage intensity lambda.var (variance vector): 0.8528 

Estimating optimal shrinkage intensity lambda (correlation matrix): 0.4687 

Estimating optimal shrinkage intensity lambda.var (variance vector): 0.9305 

Estimating optimal shrinkage intensity lambda (correlation matrix): 0.4141 

[1] "Round 60"
Estimating optimal shrinkage intensity lambda.var (variance vector): 0.8419 

Estimating optimal shrinkage intensity lambda (correlation matrix): 0.4782 

Estimating optimal shrinkage intensity lambda.var (variance vector): 0.885 

Estimating optimal shrinkage intensity lambda (correlation matrix): 0.4037 

[1] "Round 62"
Estimating optimal shrinkage intensity lambda.var (variance vector): 1 

Estimating optimal shrinkage intensity lambda (correlation matrix): 0.3934 

Estimating optimal shrinkage intensity lambda.var (variance vector): 0.981 

Estimating optimal shrinkage intensity lambda (correlation matrix): 0.3481 

[1] "Round 64"
Estimating optimal shrinkage intensity lambda.var (variance vector): 0.9069 

Estimating optimal shrinkage intensity lambda (correlation matrix): 0.5142 

Estimating optimal shrinkage intensity lambda.var (variance vector): 0.9171 

Estimating optimal shrinkage intensity lambda (correlation matrix): 0.427 

[1] "Round 66"
Estimating optimal shrinkage intensity lambda.var (variance vector): 0.9619 

Estimating optimal shrinkage intensity lambda (correlation matrix): 0.4257 

Estimating optimal shrinkage intensity lambda.var (variance vector): 0.9369 

Estimating optimal shrinkage intensity lambda (correlation matrix): 0.4373 

[1] "Round 68"
Estimating optimal shrinkage intensity lambda.var (variance vector): 0.8031 

Estimating optimal shrinkage intensity lambda (correlation matrix): 0.4329 

Estimating optimal shrinkage intensity lambda.var (variance vector): 0.9324 

Estimating optimal shrinkage intensity lambda (correlation matrix): 0.4241 

[1] "Round 70"
Estimating optimal shrinkage intensity lambda.var (variance vector): 0.903 

Estimating optimal shrinkage intensity lambda (correlation matrix): 0.4496 

Estimating optimal shrinkage intensity lambda.var (variance vector): 0.897 

Estimating optimal shrinkage intensity lambda (correlation matrix): 0.5042 

[1] "Round 72"
Estimating optimal shrinkage intensity lambda.var (variance vector): 0.8393 

Estimating optimal shrinkage intensity lambda (correlation matrix): 0.3979 

Estimating optimal shrinkage intensity lambda.var (variance vector): 0.9743 

Estimating optimal shrinkage intensity lambda (correlation matrix): 0.419 

[1] "Round 74"
Estimating optimal shrinkage intensity lambda.var (variance vector): 0.8903 

Estimating optimal shrinkage intensity lambda (correlation matrix): 0.4003 

Estimating optimal shrinkage intensity lambda.var (variance vector): 0.8471 

Estimating optimal shrinkage intensity lambda (correlation matrix): 0.4707 

[1] "Round 76"
Estimating optimal shrinkage intensity lambda.var (variance vector): 1 

Estimating optimal shrinkage intensity lambda (correlation matrix): 0.4747 

Estimating optimal shrinkage intensity lambda.var (variance vector): 0.9484 

Estimating optimal shrinkage intensity lambda (correlation matrix): 0.4121 

[1] "Round 78"
Estimating optimal shrinkage intensity lambda.var (variance vector): 0.8672 

Estimating optimal shrinkage intensity lambda (correlation matrix): 0.4413 

Estimating optimal shrinkage intensity lambda.var (variance vector): 0.96 

Estimating optimal shrinkage intensity lambda (correlation matrix): 0.3837 

[1] "Round 80"
Estimating optimal shrinkage intensity lambda.var (variance vector): 0.9928 

Estimating optimal shrinkage intensity lambda (correlation matrix): 0.4486 

Estimating optimal shrinkage intensity lambda.var (variance vector): 0.8648 

Estimating optimal shrinkage intensity lambda (correlation matrix): 0.5072 

[1] "Round 82"
Estimating optimal shrinkage intensity lambda.var (variance vector): 0.8762 

Estimating optimal shrinkage intensity lambda (correlation matrix): 0.457 

Estimating optimal shrinkage intensity lambda.var (variance vector): 0.9467 

Estimating optimal shrinkage intensity lambda (correlation matrix): 0.3324 

[1] "Round 84"
Estimating optimal shrinkage intensity lambda.var (variance vector): 0.8139 

Estimating optimal shrinkage intensity lambda (correlation matrix): 0.454 

Estimating optimal shrinkage intensity lambda.var (variance vector): 0.9136 

Estimating optimal shrinkage intensity lambda (correlation matrix): 0.4054 

[1] "Round 86"
Estimating optimal shrinkage intensity lambda.var (variance vector): 0.9429 

Estimating optimal shrinkage intensity lambda (correlation matrix): 0.3876 

Estimating optimal shrinkage intensity lambda.var (variance vector): 0.9826 

Estimating optimal shrinkage intensity lambda (correlation matrix): 0.4733 

[1] "Round 88"
Estimating optimal shrinkage intensity lambda.var (variance vector): 0.9316 

Estimating optimal shrinkage intensity lambda (correlation matrix): 0.402 

Estimating optimal shrinkage intensity lambda.var (variance vector): 0.8408 

Estimating optimal shrinkage intensity lambda (correlation matrix): 0.4221 

[1] "Round 90"
Estimating optimal shrinkage intensity lambda.var (variance vector): 1 

Estimating optimal shrinkage intensity lambda (correlation matrix): 0.3585 

Estimating optimal shrinkage intensity lambda.var (variance vector): 0.9057 

Estimating optimal shrinkage intensity lambda (correlation matrix): 0.4523 

[1] "Round 92"
Estimating optimal shrinkage intensity lambda.var (variance vector): 0.9025 

Estimating optimal shrinkage intensity lambda (correlation matrix): 0.5075 

Estimating optimal shrinkage intensity lambda.var (variance vector): 0.9132 

Estimating optimal shrinkage intensity lambda (correlation matrix): 0.3921 

[1] "Round 94"
Estimating optimal shrinkage intensity lambda.var (variance vector): 0.9157 

Estimating optimal shrinkage intensity lambda (correlation matrix): 0.4018 

Estimating optimal shrinkage intensity lambda.var (variance vector): 0.8713 

Estimating optimal shrinkage intensity lambda (correlation matrix): 0.3716 

[1] "Round 96"
Estimating optimal shrinkage intensity lambda.var (variance vector): 0.8973 

Estimating optimal shrinkage intensity lambda (correlation matrix): 0.5068 

Estimating optimal shrinkage intensity lambda.var (variance vector): 1 

Estimating optimal shrinkage intensity lambda (correlation matrix): 0.4518 

[1] "Round 98"
Estimating optimal shrinkage intensity lambda.var (variance vector): 0.8616 

Estimating optimal shrinkage intensity lambda (correlation matrix): 0.3707 

Estimating optimal shrinkage intensity lambda.var (variance vector): 0.9027 

Estimating optimal shrinkage intensity lambda (correlation matrix): 0.3412 

[1] "Round 100"
Estimating optimal shrinkage intensity lambda.var (variance vector): 0.972 

Estimating optimal shrinkage intensity lambda (correlation matrix): 0.3716 

[1] "data/Debi+lognormal_n250_p400_tau1_rho0.5_sigma0.5_Nsim100"
                        lambda       SE        PE      linf         FPR
bootstrap_mean     0.156184565 324.1696 201.87644 2.8312745 0.027685279
bootstrap_mean_std 0.003458172 110.7812  65.65829 0.4625252 0.004607229
                          FNR        TPR      sum_beta
bootstrap_mean     0.82766667 0.17133333 -2.527709e-18
bootstrap_mean_std 0.03069194 0.02851634  2.302707e-18
Time difference of 1.176754 hours
[1] "Round 2"
[1] "Round 4"
[1] "Round 6"
[1] "Round 8"
[1] "Round 10"
[1] "Round 12"
[1] "Round 14"
[1] "Round 16"
[1] "Round 18"
[1] "Round 20"
[1] "Round 22"
[1] "Round 24"
[1] "Round 26"
[1] "Round 28"
[1] "Round 30"
[1] "Round 32"
[1] "Round 34"
[1] "Round 36"
[1] "Round 38"
[1] "Round 40"
[1] "Round 42"
[1] "Round 44"
[1] "Round 46"
[1] "Round 48"
[1] "Round 50"
[1] "Round 52"
[1] "Round 54"
[1] "Round 56"
[1] "Round 58"
[1] "Round 60"
[1] "Round 62"
[1] "Round 64"
[1] "Round 66"
[1] "Round 68"
[1] "Round 70"
[1] "Round 72"
[1] "Round 74"
[1] "Round 76"
[1] "Round 78"
[1] "Round 80"
[1] "Round 82"
[1] "Round 84"
[1] "Round 86"
[1] "Round 88"
[1] "Round 90"
[1] "Round 92"
[1] "Round 94"
[1] "Round 96"
[1] "Round 98"
[1] "Round 100"
[1] "data/Eric+lognormal_n250_p400_tau1_rho0.5_sigma0.5_Nsim100"
                        lambda         SE         PE       linf         FPR
bootstrap_mean     0.344845040 3.86670863 2.03275689 1.05966339 0.032819797
bootstrap_mean_std 0.005209788 0.05138328 0.03337469 0.01086492 0.002358448
                          FNR        TPR      sum_beta
bootstrap_mean     0.16750000 0.83250000 -2.738247e-08
bootstrap_mean_std 0.01116041 0.01116041  1.133335e-07
Time difference of 1.638563 hours
  [1] 3.668458 3.846909 4.376144 3.891397 3.275602 3.921605 3.909317 4.404957
  [9] 3.905569 4.188710 2.950601 3.490349 4.260811 3.797413 4.361037 4.068334
 [17] 4.081273 4.114809 3.536658 3.828000 3.722633 3.791522 3.869388 3.034698
 [25] 3.795882 4.677834 3.707211 3.468305 2.923267 3.651148 3.381037 3.577067
 [33] 3.682927 4.177835 4.624348 3.220245 3.689955 4.954790 3.801276 4.424467
 [41] 3.905915 3.727163 4.527793 3.956104 3.618543 3.241860 4.097334 4.085239
 [49] 4.550063 3.936294 3.623669 3.971430 4.431679 4.226103 4.725018 3.383636
 [57] 3.611360 3.983691 4.513076 4.096612 5.499840 4.520750 3.432123 3.894937
 [65] 3.675174 3.767612 3.583248 4.107126 5.412292 4.802729 3.965902 3.680346
 [73] 3.146415 3.918853 4.074086 3.337121 4.268170 3.773780 3.900168 2.857927
 [81] 3.114935 3.267765 4.417127 3.272765 2.847500 3.575423 3.788144 3.379998
 [89] 3.401500 3.638525 4.014315 3.943239 3.722521 4.282205 3.972255 4.048654
 [97] 4.018066 3.640917 3.889814 5.750529
  [1] 2.189988 2.393610 1.972401 1.800636 1.618927 1.977986 2.111272 2.305596
  [9] 1.894705 2.235549 1.497075 1.991554 2.241038 1.609361 2.212511 1.911836
 [17] 2.117712 2.259071 1.601107 2.193016 1.957198 1.744358 1.633342 1.341477
 [25] 1.887803 2.074961 1.954555 1.730882 1.547291 2.030178 1.996051 1.311208
 [33] 2.057249 2.130982 2.533999 1.817798 1.794702 2.524528 2.152682 2.523127
 [41] 2.137851 1.993548 1.925686 2.283018 2.270616 2.087820 2.182047 2.026827
 [49] 2.083429 2.217493 1.956558 2.113776 1.792391 2.447872 2.317375 1.952071
 [57] 1.970052 2.069767 2.593764 2.032800 3.382471 2.453248 1.613422 1.740468
 [65] 2.139411 1.835908 1.620071 2.145780 3.159402 2.441656 2.437151 1.811944
 [73] 1.812983 1.835614 2.195739 2.219126 2.034349 2.046960 1.690695 1.268246
 [81] 1.436361 1.610489 2.312348 2.031807 1.563725 1.995769 2.079735 2.275925
 [89] 1.801352 1.666342 2.221646 1.748257 2.140371 2.679641 1.742695 2.243642
 [97] 1.935000 1.816298 2.089663 3.289694
Estimating optimal shrinkage intensity lambda.var (variance vector): 0.8349 

Estimating optimal shrinkage intensity lambda (correlation matrix): 0.243 

[1] "Round 2"
Estimating optimal shrinkage intensity lambda.var (variance vector): 0.8962 

Estimating optimal shrinkage intensity lambda (correlation matrix): 0.2965 

Estimating optimal shrinkage intensity lambda.var (variance vector): 0.7886 

Estimating optimal shrinkage intensity lambda (correlation matrix): 0.2218 

[1] "Round 4"
Estimating optimal shrinkage intensity lambda.var (variance vector): 0.9762 

Estimating optimal shrinkage intensity lambda (correlation matrix): 0.2342 

Estimating optimal shrinkage intensity lambda.var (variance vector): 0.9816 

Estimating optimal shrinkage intensity lambda (correlation matrix): 0.2849 

[1] "Round 6"
Estimating optimal shrinkage intensity lambda.var (variance vector): 0.9201 

Estimating optimal shrinkage intensity lambda (correlation matrix): 0.3363 

Estimating optimal shrinkage intensity lambda.var (variance vector): 0.8889 

Estimating optimal shrinkage intensity lambda (correlation matrix): 0.2903 

[1] "Round 8"
Estimating optimal shrinkage intensity lambda.var (variance vector): 0.9516 

Estimating optimal shrinkage intensity lambda (correlation matrix): 0.2668 

Estimating optimal shrinkage intensity lambda.var (variance vector): 0.8836 

Estimating optimal shrinkage intensity lambda (correlation matrix): 0.2894 

[1] "Round 10"
Estimating optimal shrinkage intensity lambda.var (variance vector): 0.8191 

Estimating optimal shrinkage intensity lambda (correlation matrix): 0.2319 

Estimating optimal shrinkage intensity lambda.var (variance vector): 0.9728 

Estimating optimal shrinkage intensity lambda (correlation matrix): 0.2535 

[1] "Round 12"
Estimating optimal shrinkage intensity lambda.var (variance vector): 0.9435 

Estimating optimal shrinkage intensity lambda (correlation matrix): 0.2726 

Estimating optimal shrinkage intensity lambda.var (variance vector): 0.9611 

Estimating optimal shrinkage intensity lambda (correlation matrix): 0.2708 

[1] "Round 14"
Estimating optimal shrinkage intensity lambda.var (variance vector): 0.8454 

Estimating optimal shrinkage intensity lambda (correlation matrix): 0.2994 

Estimating optimal shrinkage intensity lambda.var (variance vector): 0.9877 

Estimating optimal shrinkage intensity lambda (correlation matrix): 0.2979 

[1] "Round 16"
Estimating optimal shrinkage intensity lambda.var (variance vector): 0.8472 

Estimating optimal shrinkage intensity lambda (correlation matrix): 0.2588 

Estimating optimal shrinkage intensity lambda.var (variance vector): 0.8309 

Estimating optimal shrinkage intensity lambda (correlation matrix): 0.2993 

[1] "Round 18"
Estimating optimal shrinkage intensity lambda.var (variance vector): 0.874 

Estimating optimal shrinkage intensity lambda (correlation matrix): 0.3195 

Estimating optimal shrinkage intensity lambda.var (variance vector): 0.821 

Estimating optimal shrinkage intensity lambda (correlation matrix): 0.2204 

[1] "Round 20"
Estimating optimal shrinkage intensity lambda.var (variance vector): 0.8678 

Estimating optimal shrinkage intensity lambda (correlation matrix): 0.2643 

Estimating optimal shrinkage intensity lambda.var (variance vector): 0.8047 

Estimating optimal shrinkage intensity lambda (correlation matrix): 0.2673 

[1] "Round 22"
Estimating optimal shrinkage intensity lambda.var (variance vector): 0.7575 

Estimating optimal shrinkage intensity lambda (correlation matrix): 0.2463 

Estimating optimal shrinkage intensity lambda.var (variance vector): 0.904 

Estimating optimal shrinkage intensity lambda (correlation matrix): 0.3099 

[1] "Round 24"
Estimating optimal shrinkage intensity lambda.var (variance vector): 0.8359 

Estimating optimal shrinkage intensity lambda (correlation matrix): 0.313 

Estimating optimal shrinkage intensity lambda.var (variance vector): 0.902 

Estimating optimal shrinkage intensity lambda (correlation matrix): 0.2904 

[1] "Round 26"
Estimating optimal shrinkage intensity lambda.var (variance vector): 0.8477 

Estimating optimal shrinkage intensity lambda (correlation matrix): 0.264 

Estimating optimal shrinkage intensity lambda.var (variance vector): 0.8368 

Estimating optimal shrinkage intensity lambda (correlation matrix): 0.2305 

[1] "Round 28"
Estimating optimal shrinkage intensity lambda.var (variance vector): 0.9498 

Estimating optimal shrinkage intensity lambda (correlation matrix): 0.2504 

Estimating optimal shrinkage intensity lambda.var (variance vector): 0.7756 

Estimating optimal shrinkage intensity lambda (correlation matrix): 0.2627 

[1] "Round 30"
Estimating optimal shrinkage intensity lambda.var (variance vector): 0.9324 

Estimating optimal shrinkage intensity lambda (correlation matrix): 0.2572 

Estimating optimal shrinkage intensity lambda.var (variance vector): 0.7895 

Estimating optimal shrinkage intensity lambda (correlation matrix): 0.2501 

[1] "Round 32"
Estimating optimal shrinkage intensity lambda.var (variance vector): 0.8713 

Estimating optimal shrinkage intensity lambda (correlation matrix): 0.2211 

Estimating optimal shrinkage intensity lambda.var (variance vector): 0.7591 

Estimating optimal shrinkage intensity lambda (correlation matrix): 0.2664 

[1] "Round 34"
Estimating optimal shrinkage intensity lambda.var (variance vector): 0.869 

Estimating optimal shrinkage intensity lambda (correlation matrix): 0.2905 

Estimating optimal shrinkage intensity lambda.var (variance vector): 0.9225 

Estimating optimal shrinkage intensity lambda (correlation matrix): 0.2489 

[1] "Round 36"
Estimating optimal shrinkage intensity lambda.var (variance vector): 0.9561 

Estimating optimal shrinkage intensity lambda (correlation matrix): 0.3041 

Estimating optimal shrinkage intensity lambda.var (variance vector): 0.9654 

Estimating optimal shrinkage intensity lambda (correlation matrix): 0.2883 

[1] "Round 38"
Estimating optimal shrinkage intensity lambda.var (variance vector): 0.8164 

Estimating optimal shrinkage intensity lambda (correlation matrix): 0.2782 

Estimating optimal shrinkage intensity lambda.var (variance vector): 0.885 

Estimating optimal shrinkage intensity lambda (correlation matrix): 0.28 

[1] "Round 40"
Estimating optimal shrinkage intensity lambda.var (variance vector): 0.8623 

Estimating optimal shrinkage intensity lambda (correlation matrix): 0.2389 

Estimating optimal shrinkage intensity lambda.var (variance vector): 1 

Estimating optimal shrinkage intensity lambda (correlation matrix): 0.2813 

[1] "Round 42"
Estimating optimal shrinkage intensity lambda.var (variance vector): 0.7845 

Estimating optimal shrinkage intensity lambda (correlation matrix): 0.3097 

Estimating optimal shrinkage intensity lambda.var (variance vector): 0.9567 

Estimating optimal shrinkage intensity lambda (correlation matrix): 0.3367 

[1] "Round 44"
Estimating optimal shrinkage intensity lambda.var (variance vector): 0.8966 

Estimating optimal shrinkage intensity lambda (correlation matrix): 0.2511 

Estimating optimal shrinkage intensity lambda.var (variance vector): 0.8534 

Estimating optimal shrinkage intensity lambda (correlation matrix): 0.2904 

[1] "Round 46"
Estimating optimal shrinkage intensity lambda.var (variance vector): 0.8313 

Estimating optimal shrinkage intensity lambda (correlation matrix): 0.2585 

Estimating optimal shrinkage intensity lambda.var (variance vector): 0.9031 

Estimating optimal shrinkage intensity lambda (correlation matrix): 0.3161 

[1] "Round 48"
Estimating optimal shrinkage intensity lambda.var (variance vector): 0.8189 

Estimating optimal shrinkage intensity lambda (correlation matrix): 0.2574 

Estimating optimal shrinkage intensity lambda.var (variance vector): 0.8326 

Estimating optimal shrinkage intensity lambda (correlation matrix): 0.2482 

[1] "Round 50"
Estimating optimal shrinkage intensity lambda.var (variance vector): 0.9252 

Estimating optimal shrinkage intensity lambda (correlation matrix): 0.2587 

Estimating optimal shrinkage intensity lambda.var (variance vector): 0.9332 

Estimating optimal shrinkage intensity lambda (correlation matrix): 0.2444 

[1] "Round 52"
Estimating optimal shrinkage intensity lambda.var (variance vector): 0.8616 

Estimating optimal shrinkage intensity lambda (correlation matrix): 0.3262 

Estimating optimal shrinkage intensity lambda.var (variance vector): 0.8594 

Estimating optimal shrinkage intensity lambda (correlation matrix): 0.3055 

[1] "Round 54"
Estimating optimal shrinkage intensity lambda.var (variance vector): 0.8202 

Estimating optimal shrinkage intensity lambda (correlation matrix): 0.2625 

Estimating optimal shrinkage intensity lambda.var (variance vector): 0.8016 

Estimating optimal shrinkage intensity lambda (correlation matrix): 0.2408 

[1] "Round 56"
Estimating optimal shrinkage intensity lambda.var (variance vector): 0.9006 

Estimating optimal shrinkage intensity lambda (correlation matrix): 0.208 

Estimating optimal shrinkage intensity lambda.var (variance vector): 0.8454 

Estimating optimal shrinkage intensity lambda (correlation matrix): 0.2387 

[1] "Round 58"
Estimating optimal shrinkage intensity lambda.var (variance vector): 0.8634 

Estimating optimal shrinkage intensity lambda (correlation matrix): 0.2871 

Estimating optimal shrinkage intensity lambda.var (variance vector): 0.9701 

Estimating optimal shrinkage intensity lambda (correlation matrix): 0.2391 

[1] "Round 60"
Estimating optimal shrinkage intensity lambda.var (variance vector): 0.9009 

Estimating optimal shrinkage intensity lambda (correlation matrix): 0.247 

Estimating optimal shrinkage intensity lambda.var (variance vector): 0.8183 

Estimating optimal shrinkage intensity lambda (correlation matrix): 0.2536 

[1] "Round 62"
Estimating optimal shrinkage intensity lambda.var (variance vector): 0.9088 

Estimating optimal shrinkage intensity lambda (correlation matrix): 0.2788 

Estimating optimal shrinkage intensity lambda.var (variance vector): 0.8157 

Estimating optimal shrinkage intensity lambda (correlation matrix): 0.258 

[1] "Round 64"
Estimating optimal shrinkage intensity lambda.var (variance vector): 0.8996 

Estimating optimal shrinkage intensity lambda (correlation matrix): 0.2401 

Estimating optimal shrinkage intensity lambda.var (variance vector): 0.9495 

Estimating optimal shrinkage intensity lambda (correlation matrix): 0.2931 

[1] "Round 66"
Estimating optimal shrinkage intensity lambda.var (variance vector): 0.8338 

Estimating optimal shrinkage intensity lambda (correlation matrix): 0.27 

Estimating optimal shrinkage intensity lambda.var (variance vector): 0.859 

Estimating optimal shrinkage intensity lambda (correlation matrix): 0.2523 

[1] "Round 68"
Estimating optimal shrinkage intensity lambda.var (variance vector): 0.825 

Estimating optimal shrinkage intensity lambda (correlation matrix): 0.2945 

Estimating optimal shrinkage intensity lambda.var (variance vector): 0.9139 

Estimating optimal shrinkage intensity lambda (correlation matrix): 0.2895 

[1] "Round 70"
Estimating optimal shrinkage intensity lambda.var (variance vector): 0.8643 

Estimating optimal shrinkage intensity lambda (correlation matrix): 0.2313 

Estimating optimal shrinkage intensity lambda.var (variance vector): 0.8678 

Estimating optimal shrinkage intensity lambda (correlation matrix): 0.2216 

[1] "Round 72"
Estimating optimal shrinkage intensity lambda.var (variance vector): 0.8733 

Estimating optimal shrinkage intensity lambda (correlation matrix): 0.2531 

Estimating optimal shrinkage intensity lambda.var (variance vector): 0.9588 

Estimating optimal shrinkage intensity lambda (correlation matrix): 0.269 

[1] "Round 74"
Estimating optimal shrinkage intensity lambda.var (variance vector): 0.9749 

Estimating optimal shrinkage intensity lambda (correlation matrix): 0.2144 

Estimating optimal shrinkage intensity lambda.var (variance vector): 0.8888 

Estimating optimal shrinkage intensity lambda (correlation matrix): 0.2673 

[1] "Round 76"
Estimating optimal shrinkage intensity lambda.var (variance vector): 0.8621 

Estimating optimal shrinkage intensity lambda (correlation matrix): 0.2938 

Estimating optimal shrinkage intensity lambda.var (variance vector): 0.9269 

Estimating optimal shrinkage intensity lambda (correlation matrix): 0.2555 

[1] "Round 78"
Estimating optimal shrinkage intensity lambda.var (variance vector): 0.8281 

Estimating optimal shrinkage intensity lambda (correlation matrix): 0.2709 

Estimating optimal shrinkage intensity lambda.var (variance vector): 0.8968 

Estimating optimal shrinkage intensity lambda (correlation matrix): 0.2768 

[1] "Round 80"
Estimating optimal shrinkage intensity lambda.var (variance vector): 0.8601 

Estimating optimal shrinkage intensity lambda (correlation matrix): 0.2436 

Estimating optimal shrinkage intensity lambda.var (variance vector): 0.7702 

Estimating optimal shrinkage intensity lambda (correlation matrix): 0.2306 

[1] "Round 82"
Estimating optimal shrinkage intensity lambda.var (variance vector): 0.8597 

Estimating optimal shrinkage intensity lambda (correlation matrix): 0.3043 

Estimating optimal shrinkage intensity lambda.var (variance vector): 0.9006 

Estimating optimal shrinkage intensity lambda (correlation matrix): 0.2657 

[1] "Round 84"
Estimating optimal shrinkage intensity lambda.var (variance vector): 0.8437 

Estimating optimal shrinkage intensity lambda (correlation matrix): 0.2525 

Estimating optimal shrinkage intensity lambda.var (variance vector): 1 

Estimating optimal shrinkage intensity lambda (correlation matrix): 0.2759 

[1] "Round 86"
Estimating optimal shrinkage intensity lambda.var (variance vector): 0.8725 

Estimating optimal shrinkage intensity lambda (correlation matrix): 0.2672 

Estimating optimal shrinkage intensity lambda.var (variance vector): 0.858 

Estimating optimal shrinkage intensity lambda (correlation matrix): 0.2083 

[1] "Round 88"
Estimating optimal shrinkage intensity lambda.var (variance vector): 0.7922 

Estimating optimal shrinkage intensity lambda (correlation matrix): 0.306 

Estimating optimal shrinkage intensity lambda.var (variance vector): 0.8681 

Estimating optimal shrinkage intensity lambda (correlation matrix): 0.232 

[1] "Round 90"
Estimating optimal shrinkage intensity lambda.var (variance vector): 0.8152 

Estimating optimal shrinkage intensity lambda (correlation matrix): 0.2715 

Estimating optimal shrinkage intensity lambda.var (variance vector): 0.8684 

Estimating optimal shrinkage intensity lambda (correlation matrix): 0.2159 

[1] "Round 92"
Estimating optimal shrinkage intensity lambda.var (variance vector): 0.8935 

Estimating optimal shrinkage intensity lambda (correlation matrix): 0.3442 

Estimating optimal shrinkage intensity lambda.var (variance vector): 0.9645 

Estimating optimal shrinkage intensity lambda (correlation matrix): 0.253 

[1] "Round 94"
Estimating optimal shrinkage intensity lambda.var (variance vector): 0.8261 

Estimating optimal shrinkage intensity lambda (correlation matrix): 0.2799 

Estimating optimal shrinkage intensity lambda.var (variance vector): 0.8001 

Estimating optimal shrinkage intensity lambda (correlation matrix): 0.3594 

[1] "Round 96"
Estimating optimal shrinkage intensity lambda.var (variance vector): 0.8685 

Estimating optimal shrinkage intensity lambda (correlation matrix): 0.2374 

Estimating optimal shrinkage intensity lambda.var (variance vector): 0.8835 

Estimating optimal shrinkage intensity lambda (correlation matrix): 0.2616 

[1] "Round 98"
Estimating optimal shrinkage intensity lambda.var (variance vector): 0.923 

Estimating optimal shrinkage intensity lambda (correlation matrix): 0.2495 

Estimating optimal shrinkage intensity lambda.var (variance vector): 0.876 

Estimating optimal shrinkage intensity lambda (correlation matrix): 0.2869 

[1] "Round 100"
Estimating optimal shrinkage intensity lambda.var (variance vector): 0.9732 

Estimating optimal shrinkage intensity lambda (correlation matrix): 0.2074 

[1] "data/Debi+lognormal_n500_p500_tau1_rho0.5_sigma0.5_Nsim100"
                        lambda        SE        PE      linf         FPR FNR
bootstrap_mean     0.119367143 2350.4578 1516.7571 6.9988021 0.011607287   1
bootstrap_mean_std 0.001375643  510.7923  419.1305 0.7962826 0.001550159   0
                   TPR     sum_beta
bootstrap_mean       0 1.086067e-17
bootstrap_mean_std   0 7.219949e-18
Time difference of 2.640857 hours
[1] "Round 2"
[1] "Round 4"
[1] "Round 6"
[1] "Round 8"
[1] "Round 10"
[1] "Round 12"
[1] "Round 14"
[1] "Round 16"
[1] "Round 18"
[1] "Round 20"
[1] "Round 22"
[1] "Round 24"
[1] "Round 26"
[1] "Round 28"
[1] "Round 30"
[1] "Round 32"
[1] "Round 34"
[1] "Round 36"
[1] "Round 38"
[1] "Round 40"
[1] "Round 42"
[1] "Round 44"
[1] "Round 46"
[1] "Round 48"
[1] "Round 50"
[1] "Round 52"
[1] "Round 54"
[1] "Round 56"
[1] "Round 58"
[1] "Round 60"
[1] "Round 62"
[1] "Round 64"
[1] "Round 66"
[1] "Round 68"
[1] "Round 70"
[1] "Round 72"
[1] "Round 74"
[1] "Round 76"
[1] "Round 78"
[1] "Round 80"
[1] "Round 82"
[1] "Round 84"
[1] "Round 86"
[1] "Round 88"
[1] "Round 90"
[1] "Round 92"
[1] "Round 94"
[1] "Round 96"
[1] "Round 98"
[1] "Round 100"
[1] "data/Eric+lognormal_n500_p500_tau1_rho0.5_sigma0.5_Nsim100"
                       lambda         SE         PE       linf         FPR
bootstrap_mean     0.28573552 3.04429076 1.60249681 0.89832510 0.020313765
bootstrap_mean_std 0.00412819 0.03846962 0.01578222 0.01088538 0.001332256
                         FNR       TPR      sum_beta
bootstrap_mean     0.1666667 0.8333333 -6.736567e-08
bootstrap_mean_std 0.0000000 0.0000000  6.886599e-08
Time difference of 2.419862 hours
  [1] 3.089650 3.166262 2.377723 2.877742 2.710413 3.162282 2.756775 2.745607
  [9] 3.068759 3.276417 2.947583 2.893137 2.848125 3.198133 3.089627 3.081159
 [17] 3.342239 3.463347 2.560822 2.357470 3.093997 2.750349 3.157010 3.584727
 [25] 2.961317 3.141154 3.080045 3.320657 3.183196 3.059445 2.984549 2.429444
 [33] 3.338636 3.012487 3.448733 2.785093 2.684817 3.267851 3.654179 3.413638
 [41] 3.410141 2.720790 2.991146 2.858755 3.441670 2.854963 3.135957 3.034888
 [49] 3.447551 2.593646 3.351679 2.914518 3.300246 3.341767 2.834020 3.366632
 [57] 2.843321 2.443652 3.220017 2.939477 3.335898 2.889382 3.166906 2.992353
 [65] 3.084008 2.899401 3.292146 2.989619 3.340529 3.031123 3.037886 3.191233
 [73] 2.850436 2.830762 3.060931 2.953453 3.179283 3.060635 2.828348 2.849988
 [81] 2.937994 3.349838 2.830113 3.355086 3.147638 3.220348 2.692832 3.394482
 [89] 2.965838 3.615130 2.966750 2.681249 2.826081 3.729946 2.904826 3.155915
 [97] 2.879282 2.777143 3.295181 2.802720
  [1] 1.498611 1.692950 1.166788 1.633332 1.442609 1.629524 1.413296 1.585570
  [9] 1.368787 1.739466 1.638977 1.656499 1.610055 1.706748 1.662494 1.537374
 [17] 1.637505 1.751953 1.256337 1.148729 1.548286 1.409987 1.594559 1.624872
 [25] 1.529321 1.819882 1.604818 1.896182 1.555005 1.542650 1.692568 1.384029
 [33] 1.714165 1.692903 1.835024 1.444847 1.427862 1.759973 1.998306 1.752382
 [41] 1.587544 1.535761 1.514519 1.657239 1.721741 1.618992 1.392500 1.588279
 [49] 1.803221 1.375349 1.953779 1.644146 1.560846 1.696949 1.523744 1.629337
 [57] 1.577902 1.357346 1.622676 1.373269 1.541143 1.459582 1.593504 1.668101
 [65] 1.399084 1.647217 1.823161 1.587287 1.624949 1.605186 1.648489 1.477803
 [73] 1.615476 1.450942 1.474272 1.536294 1.528538 1.762107 1.456685 1.546960
 [81] 1.598876 1.704309 1.423764 1.681766 1.601147 1.749649 1.501119 1.669799
 [89] 1.557632 1.729383 1.324171 1.674542 1.621455 1.965902 1.490249 1.780479
 [97] 1.695754 1.462986 1.693074 1.401731
