Loading required package: Matrix
Loaded glmnet 4.1-8
Loaded lars 1.3

Estimating optimal shrinkage intensity lambda.var (variance vector): 0.9438 

Estimating optimal shrinkage intensity lambda (correlation matrix): 0.3777 

[1] "Round 2"
Estimating optimal shrinkage intensity lambda.var (variance vector): 0.9088 

Estimating optimal shrinkage intensity lambda (correlation matrix): 0.3472 

Estimating optimal shrinkage intensity lambda.var (variance vector): 0.9222 

Estimating optimal shrinkage intensity lambda (correlation matrix): 0.3899 

[1] "Round 4"
Estimating optimal shrinkage intensity lambda.var (variance vector): 0.985 

Estimating optimal shrinkage intensity lambda (correlation matrix): 0.3 

Estimating optimal shrinkage intensity lambda.var (variance vector): 0.9515 

Estimating optimal shrinkage intensity lambda (correlation matrix): 0.4021 

[1] "Round 6"
Estimating optimal shrinkage intensity lambda.var (variance vector): 0.8976 

Estimating optimal shrinkage intensity lambda (correlation matrix): 0.4177 

Estimating optimal shrinkage intensity lambda.var (variance vector): 0.8698 

Estimating optimal shrinkage intensity lambda (correlation matrix): 0.3646 

[1] "Round 8"
Estimating optimal shrinkage intensity lambda.var (variance vector): 0.8896 

Estimating optimal shrinkage intensity lambda (correlation matrix): 0.3321 

Estimating optimal shrinkage intensity lambda.var (variance vector): 0.8621 

Estimating optimal shrinkage intensity lambda (correlation matrix): 0.3471 

[1] "Round 10"
Estimating optimal shrinkage intensity lambda.var (variance vector): 0.9415 

Estimating optimal shrinkage intensity lambda (correlation matrix): 0.378 

Estimating optimal shrinkage intensity lambda.var (variance vector): 0.9928 

Estimating optimal shrinkage intensity lambda (correlation matrix): 0.3805 

[1] "Round 12"
Estimating optimal shrinkage intensity lambda.var (variance vector): 0.8452 

Estimating optimal shrinkage intensity lambda (correlation matrix): 0.3768 

Estimating optimal shrinkage intensity lambda.var (variance vector): 0.9049 

Estimating optimal shrinkage intensity lambda (correlation matrix): 0.3927 

[1] "Round 14"
Estimating optimal shrinkage intensity lambda.var (variance vector): 0.795 

Estimating optimal shrinkage intensity lambda (correlation matrix): 0.3191 

Estimating optimal shrinkage intensity lambda.var (variance vector): 0.9084 

Estimating optimal shrinkage intensity lambda (correlation matrix): 0.3811 

[1] "Round 16"
Estimating optimal shrinkage intensity lambda.var (variance vector): 0.8394 

Estimating optimal shrinkage intensity lambda (correlation matrix): 0.3394 

Estimating optimal shrinkage intensity lambda.var (variance vector): 0.9633 

Estimating optimal shrinkage intensity lambda (correlation matrix): 0.3595 

[1] "Round 18"
Estimating optimal shrinkage intensity lambda.var (variance vector): 0.8909 

Estimating optimal shrinkage intensity lambda (correlation matrix): 0.4575 

Estimating optimal shrinkage intensity lambda.var (variance vector): 0.8643 

Estimating optimal shrinkage intensity lambda (correlation matrix): 0.465 

[1] "Round 20"
Estimating optimal shrinkage intensity lambda.var (variance vector): 0.9355 

Estimating optimal shrinkage intensity lambda (correlation matrix): 0.4434 

Estimating optimal shrinkage intensity lambda.var (variance vector): 0.8867 

Estimating optimal shrinkage intensity lambda (correlation matrix): 0.3224 

[1] "Round 22"
Estimating optimal shrinkage intensity lambda.var (variance vector): 0.9463 

Estimating optimal shrinkage intensity lambda (correlation matrix): 0.3495 

Estimating optimal shrinkage intensity lambda.var (variance vector): 0.8832 

Estimating optimal shrinkage intensity lambda (correlation matrix): 0.3448 

[1] "Round 24"
Estimating optimal shrinkage intensity lambda.var (variance vector): 0.8836 

Estimating optimal shrinkage intensity lambda (correlation matrix): 0.4004 

Estimating optimal shrinkage intensity lambda.var (variance vector): 0.8722 

Estimating optimal shrinkage intensity lambda (correlation matrix): 0.3053 

[1] "Round 26"
Estimating optimal shrinkage intensity lambda.var (variance vector): 0.799 

Estimating optimal shrinkage intensity lambda (correlation matrix): 0.3813 

Estimating optimal shrinkage intensity lambda.var (variance vector): 0.9606 

Estimating optimal shrinkage intensity lambda (correlation matrix): 0.3978 

[1] "Round 28"
Estimating optimal shrinkage intensity lambda.var (variance vector): 0.9219 

Estimating optimal shrinkage intensity lambda (correlation matrix): 0.4266 

Estimating optimal shrinkage intensity lambda.var (variance vector): 0.9369 

Estimating optimal shrinkage intensity lambda (correlation matrix): 0.4385 

[1] "Round 30"
Estimating optimal shrinkage intensity lambda.var (variance vector): 0.8424 

Estimating optimal shrinkage intensity lambda (correlation matrix): 0.3295 

Estimating optimal shrinkage intensity lambda.var (variance vector): 1 

Estimating optimal shrinkage intensity lambda (correlation matrix): 0.3726 

[1] "Round 32"
Estimating optimal shrinkage intensity lambda.var (variance vector): 0.8221 

Estimating optimal shrinkage intensity lambda (correlation matrix): 0.3981 

Estimating optimal shrinkage intensity lambda.var (variance vector): 0.8754 

Estimating optimal shrinkage intensity lambda (correlation matrix): 0.3244 

[1] "Round 34"
Estimating optimal shrinkage intensity lambda.var (variance vector): 0.9916 

Estimating optimal shrinkage intensity lambda (correlation matrix): 0.3733 

Estimating optimal shrinkage intensity lambda.var (variance vector): 0.912 

Estimating optimal shrinkage intensity lambda (correlation matrix): 0.4481 

[1] "Round 36"
Estimating optimal shrinkage intensity lambda.var (variance vector): 0.899 

Estimating optimal shrinkage intensity lambda (correlation matrix): 0.3063 

Estimating optimal shrinkage intensity lambda.var (variance vector): 0.9362 

Estimating optimal shrinkage intensity lambda (correlation matrix): 0.3494 

[1] "Round 38"
Estimating optimal shrinkage intensity lambda.var (variance vector): 0.8381 

Estimating optimal shrinkage intensity lambda (correlation matrix): 0.435 

Estimating optimal shrinkage intensity lambda.var (variance vector): 0.8945 

Estimating optimal shrinkage intensity lambda (correlation matrix): 0.3749 

[1] "Round 40"
Estimating optimal shrinkage intensity lambda.var (variance vector): 0.7774 

Estimating optimal shrinkage intensity lambda (correlation matrix): 0.4016 

Estimating optimal shrinkage intensity lambda.var (variance vector): 0.8733 

Estimating optimal shrinkage intensity lambda (correlation matrix): 0.3414 

[1] "Round 42"
Estimating optimal shrinkage intensity lambda.var (variance vector): 0.9497 

Estimating optimal shrinkage intensity lambda (correlation matrix): 0.3778 

Estimating optimal shrinkage intensity lambda.var (variance vector): 0.9054 

Estimating optimal shrinkage intensity lambda (correlation matrix): 0.4483 

[1] "Round 44"
Estimating optimal shrinkage intensity lambda.var (variance vector): 0.8528 

Estimating optimal shrinkage intensity lambda (correlation matrix): 0.3381 

Estimating optimal shrinkage intensity lambda.var (variance vector): 0.8942 

Estimating optimal shrinkage intensity lambda (correlation matrix): 0.3745 

[1] "Round 46"
Estimating optimal shrinkage intensity lambda.var (variance vector): 0.8386 

Estimating optimal shrinkage intensity lambda (correlation matrix): 0.3363 

Estimating optimal shrinkage intensity lambda.var (variance vector): 0.9277 

Estimating optimal shrinkage intensity lambda (correlation matrix): 0.3751 

[1] "Round 48"
Estimating optimal shrinkage intensity lambda.var (variance vector): 0.8676 

Estimating optimal shrinkage intensity lambda (correlation matrix): 0.3504 

Estimating optimal shrinkage intensity lambda.var (variance vector): 0.9291 

Estimating optimal shrinkage intensity lambda (correlation matrix): 0.4308 

[1] "Round 50"
Estimating optimal shrinkage intensity lambda.var (variance vector): 0.853 

Estimating optimal shrinkage intensity lambda (correlation matrix): 0.3719 

Estimating optimal shrinkage intensity lambda.var (variance vector): 0.8823 

Estimating optimal shrinkage intensity lambda (correlation matrix): 0.4375 

[1] "Round 52"
Estimating optimal shrinkage intensity lambda.var (variance vector): 0.8422 

Estimating optimal shrinkage intensity lambda (correlation matrix): 0.4858 

Estimating optimal shrinkage intensity lambda.var (variance vector): 0.8631 

Estimating optimal shrinkage intensity lambda (correlation matrix): 0.391 

[1] "Round 54"
Estimating optimal shrinkage intensity lambda.var (variance vector): 0.9083 

Estimating optimal shrinkage intensity lambda (correlation matrix): 0.3965 

Estimating optimal shrinkage intensity lambda.var (variance vector): 0.7909 

Estimating optimal shrinkage intensity lambda (correlation matrix): 0.3099 

[1] "Round 56"
Estimating optimal shrinkage intensity lambda.var (variance vector): 0.9001 

Estimating optimal shrinkage intensity lambda (correlation matrix): 0.4799 

Estimating optimal shrinkage intensity lambda.var (variance vector): 0.9624 

Estimating optimal shrinkage intensity lambda (correlation matrix): 0.4116 

[1] "Round 58"
Estimating optimal shrinkage intensity lambda.var (variance vector): 0.8166 

Estimating optimal shrinkage intensity lambda (correlation matrix): 0.4041 

Estimating optimal shrinkage intensity lambda.var (variance vector): 0.9293 

Estimating optimal shrinkage intensity lambda (correlation matrix): 0.3714 

[1] "Round 60"
Estimating optimal shrinkage intensity lambda.var (variance vector): 0.7887 

Estimating optimal shrinkage intensity lambda (correlation matrix): 0.4433 

Estimating optimal shrinkage intensity lambda.var (variance vector): 0.8845 

Estimating optimal shrinkage intensity lambda (correlation matrix): 0.3654 

[1] "Round 62"
Estimating optimal shrinkage intensity lambda.var (variance vector): 0.9733 

Estimating optimal shrinkage intensity lambda (correlation matrix): 0.3205 

Estimating optimal shrinkage intensity lambda.var (variance vector): 0.9564 

Estimating optimal shrinkage intensity lambda (correlation matrix): 0.3318 

[1] "Round 64"
Estimating optimal shrinkage intensity lambda.var (variance vector): 0.9054 

Estimating optimal shrinkage intensity lambda (correlation matrix): 0.4164 

Estimating optimal shrinkage intensity lambda.var (variance vector): 0.9099 

Estimating optimal shrinkage intensity lambda (correlation matrix): 0.3669 

[1] "Round 66"
Estimating optimal shrinkage intensity lambda.var (variance vector): 0.9044 

Estimating optimal shrinkage intensity lambda (correlation matrix): 0.3769 

Estimating optimal shrinkage intensity lambda.var (variance vector): 0.9313 

Estimating optimal shrinkage intensity lambda (correlation matrix): 0.3952 

[1] "Round 68"
Estimating optimal shrinkage intensity lambda.var (variance vector): 0.762 

Estimating optimal shrinkage intensity lambda (correlation matrix): 0.3708 

Estimating optimal shrinkage intensity lambda.var (variance vector): 0.8723 

Estimating optimal shrinkage intensity lambda (correlation matrix): 0.3662 

[1] "Round 70"
Estimating optimal shrinkage intensity lambda.var (variance vector): 0.8603 

Estimating optimal shrinkage intensity lambda (correlation matrix): 0.4009 

Estimating optimal shrinkage intensity lambda.var (variance vector): 0.8938 

Estimating optimal shrinkage intensity lambda (correlation matrix): 0.44 

[1] "Round 72"
Estimating optimal shrinkage intensity lambda.var (variance vector): 0.8357 

Estimating optimal shrinkage intensity lambda (correlation matrix): 0.3571 

Estimating optimal shrinkage intensity lambda.var (variance vector): 0.9551 

Estimating optimal shrinkage intensity lambda (correlation matrix): 0.3721 

[1] "Round 74"
Estimating optimal shrinkage intensity lambda.var (variance vector): 0.8665 

Estimating optimal shrinkage intensity lambda (correlation matrix): 0.3374 

Estimating optimal shrinkage intensity lambda.var (variance vector): 0.8125 

Estimating optimal shrinkage intensity lambda (correlation matrix): 0.4194 

[1] "Round 76"
Estimating optimal shrinkage intensity lambda.var (variance vector): 1 

Estimating optimal shrinkage intensity lambda (correlation matrix): 0.4192 

Estimating optimal shrinkage intensity lambda.var (variance vector): 0.9316 

Estimating optimal shrinkage intensity lambda (correlation matrix): 0.3697 

[1] "Round 78"
Estimating optimal shrinkage intensity lambda.var (variance vector): 0.88 

Estimating optimal shrinkage intensity lambda (correlation matrix): 0.3746 

Estimating optimal shrinkage intensity lambda.var (variance vector): 0.9088 

Estimating optimal shrinkage intensity lambda (correlation matrix): 0.3189 

[1] "Round 80"
Estimating optimal shrinkage intensity lambda.var (variance vector): 0.9441 

Estimating optimal shrinkage intensity lambda (correlation matrix): 0.3834 

Estimating optimal shrinkage intensity lambda.var (variance vector): 0.8201 

Estimating optimal shrinkage intensity lambda (correlation matrix): 0.4476 

[1] "Round 82"
Estimating optimal shrinkage intensity lambda.var (variance vector): 0.8575 

Estimating optimal shrinkage intensity lambda (correlation matrix): 0.4103 

Estimating optimal shrinkage intensity lambda.var (variance vector): 0.8981 

Estimating optimal shrinkage intensity lambda (correlation matrix): 0.2987 

[1] "Round 84"
Estimating optimal shrinkage intensity lambda.var (variance vector): 0.7739 

Estimating optimal shrinkage intensity lambda (correlation matrix): 0.3914 

Estimating optimal shrinkage intensity lambda.var (variance vector): 0.8692 

Estimating optimal shrinkage intensity lambda (correlation matrix): 0.3681 

[1] "Round 86"
Estimating optimal shrinkage intensity lambda.var (variance vector): 0.9239 

Estimating optimal shrinkage intensity lambda (correlation matrix): 0.3393 

Estimating optimal shrinkage intensity lambda.var (variance vector): 0.9077 

Estimating optimal shrinkage intensity lambda (correlation matrix): 0.4201 

[1] "Round 88"
Estimating optimal shrinkage intensity lambda.var (variance vector): 0.888 

Estimating optimal shrinkage intensity lambda (correlation matrix): 0.3331 

Estimating optimal shrinkage intensity lambda.var (variance vector): 0.8221 

Estimating optimal shrinkage intensity lambda (correlation matrix): 0.371 

[1] "Round 90"
Estimating optimal shrinkage intensity lambda.var (variance vector): 0.9255 

Estimating optimal shrinkage intensity lambda (correlation matrix): 0.3144 

Estimating optimal shrinkage intensity lambda.var (variance vector): 0.8706 

Estimating optimal shrinkage intensity lambda (correlation matrix): 0.3913 

[1] "Round 92"
Estimating optimal shrinkage intensity lambda.var (variance vector): 0.8619 

Estimating optimal shrinkage intensity lambda (correlation matrix): 0.4323 

Estimating optimal shrinkage intensity lambda.var (variance vector): 0.902 

Estimating optimal shrinkage intensity lambda (correlation matrix): 0.3453 

[1] "Round 94"
Estimating optimal shrinkage intensity lambda.var (variance vector): 0.9029 

Estimating optimal shrinkage intensity lambda (correlation matrix): 0.3718 

Estimating optimal shrinkage intensity lambda.var (variance vector): 0.8326 

Estimating optimal shrinkage intensity lambda (correlation matrix): 0.3095 

[1] "Round 96"
Estimating optimal shrinkage intensity lambda.var (variance vector): 0.8531 

Estimating optimal shrinkage intensity lambda (correlation matrix): 0.432 

Estimating optimal shrinkage intensity lambda.var (variance vector): 0.9383 

Estimating optimal shrinkage intensity lambda (correlation matrix): 0.3952 

[1] "Round 98"
Estimating optimal shrinkage intensity lambda.var (variance vector): 0.8447 

Estimating optimal shrinkage intensity lambda (correlation matrix): 0.3395 

Estimating optimal shrinkage intensity lambda.var (variance vector): 0.8777 

Estimating optimal shrinkage intensity lambda (correlation matrix): 0.2936 

[1] "Round 100"
Estimating optimal shrinkage intensity lambda.var (variance vector): 0.9539 

Estimating optimal shrinkage intensity lambda (correlation matrix): 0.3358 

[1] "data/Debi+lognormal_n250_p400_tau0.7_rho0.5_sigma0.5_Nsim100"
                        lambda        SE       PE       linf         FPR
bootstrap_mean     0.123512685 6.0097840 5.167048 0.80596634 0.044565990
bootstrap_mean_std 0.002930822 0.2315184 0.288226 0.02048936 0.001507376
                          FNR        TPR     sum_beta
bootstrap_mean     0.17716667 0.82300000 3.027635e-19
bootstrap_mean_std 0.03823766 0.03846446 5.583126e-19
Time difference of 49.82988 mins
  [1] 5.670609e+00 7.519978e+00 5.570900e+00 2.160948e+02 4.650777e+00
  [6] 5.510942e+00 7.544791e+00 1.311070e+01 7.843997e+00 6.184508e+00
 [11] 4.773557e+00 5.720724e+00 4.870008e+00 1.202176e+01 5.220887e+00
 [16] 7.569295e+00 7.361374e+00 5.417727e+00 4.397556e+00 5.098336e+00
 [21] 1.169976e+01 7.834553e+00 6.275437e+00 4.519886e+00 2.950539e+04
 [26] 6.294999e+00 6.088578e+00 4.517131e+00 4.176938e+00 8.351766e+00
 [31] 6.472881e+00 4.768416e+00 1.118889e+01 6.536738e+00 4.653675e+00
 [36] 2.006017e+03 6.572386e+00 5.928321e+00 5.539628e+00 5.467999e+00
 [41] 8.022110e+00 5.878451e+00 4.787736e+00 8.249825e+00 5.826521e+00
 [46] 8.586218e+00 6.584338e+00 6.584843e+00 4.274327e+00 5.154046e+00
 [51] 4.887356e+00 4.535565e+00 5.781079e+00 6.147277e+00 1.483675e+02
 [56] 4.369979e+00 5.453104e+00 5.740111e+00 6.519432e+00 4.915022e+00
 [61] 7.730309e+00 1.574084e+01 8.117528e+00 5.405385e+00 6.719668e+00
 [66] 6.316075e+00 5.506541e+00 6.180006e+00 7.865745e+00 5.356291e+00
 [71] 5.346624e+00 6.670141e+00 5.708867e+00 8.515447e+00 4.500119e+00
 [76] 5.388619e+00 6.418750e+00 5.570998e+00 1.131668e+01 5.071853e+00
 [81] 3.568502e+00 4.956992e+00 1.477931e+05 5.646205e+00 5.732226e+00
 [86] 6.652114e+00 5.230243e+00 9.832944e+00 5.108011e+00 1.772491e+01
 [91] 5.754150e+00 4.602422e+00 8.670335e+00 6.859338e+00 6.387678e+01
 [96] 4.421355e+00 5.736669e+00 6.688325e+00 3.067758e+01 1.097166e+01
  [1]     5.215468     3.230731     8.057469    96.303361     3.070722
  [6]     4.989676     3.579308     7.868990    11.931982     7.393301
 [11]    10.603536     4.555362     5.060084     3.542762     3.624319
 [16]     3.201835     4.826974     6.284757    14.423292     6.438187
 [21]     8.262860     5.280583     3.916724     6.354797  9983.152988
 [26]    10.776705    16.523349     3.546398     2.349686     5.410368
 [31]    10.252980     2.093908     4.690366     5.534478    11.468506
 [36]   800.846477     5.346183     2.254569     4.601275     7.796472
 [41]     2.424028     4.330549     4.847628     8.305204     2.897006
 [46]     9.006596     3.270235     7.747590     3.073062     3.986505
 [51]     5.212157     2.471312     6.082779     2.530408    46.280187
 [56]     3.624680     4.925618     2.761461     5.079325    10.545664
 [61]     4.214360    11.227883     3.251374     5.418356     6.025705
 [66]     5.856611     3.355756     5.838285     5.305400     2.074736
 [71]     3.806227     3.993180     5.699014    10.155594     3.176499
 [76]     2.920252    13.555795    11.466898     7.805159     3.151957
 [81]     2.577734    12.840917 55396.541294     3.267302     3.351898
 [86]     3.513637     2.488295     5.402808     5.858393     7.538342
 [91]     2.980118     4.014844     4.258134     8.121444    17.824939
 [96]     3.259110     5.440413     3.132909    52.352897    10.696055
[1] "Round 2"
[1] "Round 4"
[1] "Round 6"
[1] "Round 8"
[1] "Round 10"
[1] "Round 12"
[1] "Round 14"
[1] "Round 16"
[1] "Round 18"
[1] "Round 20"
[1] "Round 22"
[1] "Round 24"
[1] "Round 26"
[1] "Round 28"
[1] "Round 30"
[1] "Round 32"
[1] "Round 34"
[1] "Round 36"
[1] "Round 38"
[1] "Round 40"
[1] "Round 42"
[1] "Round 44"
[1] "Round 46"
[1] "Round 48"
[1] "Round 50"
[1] "Round 52"
[1] "Round 54"
[1] "Round 56"
[1] "Round 58"
[1] "Round 60"
[1] "Round 62"
[1] "Round 64"
[1] "Round 66"
[1] "Round 68"
[1] "Round 70"
[1] "Round 72"
[1] "Round 74"
[1] "Round 76"
[1] "Round 78"
[1] "Round 80"
[1] "Round 82"
[1] "Round 84"
[1] "Round 86"
[1] "Round 88"
[1] "Round 90"
[1] "Round 92"
[1] "Round 94"
[1] "Round 96"
[1] "Round 98"
[1] "Round 100"
[1] "data/Eric+lognormal_n250_p400_tau0.7_rho0.5_sigma0.5_Nsim100"
                        lambda         SE         PE        linf         FPR
bootstrap_mean     0.234446177 2.48577816 1.09646665 0.800670426 0.040573604
bootstrap_mean_std 0.005035426 0.03297453 0.01765816 0.002319942 0.003457292
                         FNR       TPR     sum_beta
bootstrap_mean     0.1666667 0.8333333 1.916447e-08
bootstrap_mean_std 0.0000000 0.0000000 7.467647e-08
Time difference of 2.51652 hours
  [1] 2.288666 2.532892 2.757999 2.100787 2.219064 2.621578 2.735275 2.932020
  [9] 2.516210 2.661245 1.769877 2.218570 2.525167 2.414097 2.131101 2.579000
 [17] 2.214240 2.322812 2.540138 2.397188 2.542769 2.614289 2.530298 1.981670
 [25] 2.426325 2.935679 2.342725 2.458900 2.074986 2.396481 2.359069 2.343744
 [33] 2.673311 2.758083 2.720444 2.289428 2.372513 3.164598 2.497759 2.528722
 [41] 2.704357 2.570443 3.038366 2.483607 2.476416 1.928980 2.621030 2.049442
 [49] 2.147414 2.043183 2.349911 2.485403 2.909375 2.852166 3.059865 2.069738
 [57] 2.155475 2.498618 2.926621 2.840764 3.059283 3.075946 2.447492 2.767637
 [65] 2.488072 2.619152 2.582875 2.684124 3.162345 3.098085 2.698073 2.338686
 [73] 1.578050 2.530656 2.251471 2.220596 2.821562 2.036521 2.809913 2.042284
 [81] 1.968735 2.258009 2.926561 2.086317 1.839610 2.372147 2.479171 1.876379
 [89] 1.992670 2.330029 2.542107 2.311729 1.785157 2.661128 2.524614 2.397452
 [97] 2.620979 2.585663 2.461438 3.827872
  [1] 1.1992784 1.4515086 0.9576035 0.8870085 0.9933255 1.1973681 1.3787589
  [8] 1.3396780 1.0730022 1.2172976 0.8597001 1.0795512 1.2824162 0.8856218
 [15] 0.9607688 1.1134183 0.8963230 1.0116311 1.0476738 1.1452387 1.2509549
 [22] 1.0584122 0.9201982 0.8370796 0.9901314 1.0577567 1.0916388 1.0733122
 [29] 0.9544884 1.0556343 1.2195868 0.7483735 1.3110468 1.2076859 1.3225198
 [36] 1.1019395 0.9940527 1.4596696 1.2158016 1.2732697 1.2695567 1.2174372
 [43] 1.0584049 1.2184636 1.3233089 1.0536886 1.2080113 0.7911965 0.8720866
 [50] 1.0524418 1.0873815 1.1446743 1.0081284 1.5114555 1.3196592 1.0429127
 [57] 1.0765209 1.1631006 1.4271104 1.2047310 1.4352284 1.4982420 1.0924266
 [64] 1.1156143 1.2831070 1.0959505 1.0826158 0.9621456 1.6562186 1.3685720
 [71] 1.4996148 1.1064220 0.7659461 0.8574066 1.1315189 1.3430489 1.1432623
 [78] 1.0498574 1.0029356 0.8057809 0.8578550 0.9873852 1.3879281 1.1914542
 [85] 0.9490566 1.0706294 1.2360157 1.1140880 0.8283970 0.9525335 1.1760182
 [92] 0.8702234 0.9519777 1.3729890 1.0129657 0.8571987 1.1044076 1.2290869
 [99] 1.0779538 1.9384335
