Loading required package: Matrix
Loaded glmnet 4.1-8
Loaded lars 1.3

[1] "estimated tau is 1.60305969938419"
Estimating optimal shrinkage intensity lambda.var (variance vector): 0.1566 

Estimating optimal shrinkage intensity lambda (correlation matrix): 0.5309 

[1] "Round 2"
Estimating optimal shrinkage intensity lambda.var (variance vector): 0.1596 

Estimating optimal shrinkage intensity lambda (correlation matrix): 0.4924 

Estimating optimal shrinkage intensity lambda.var (variance vector): 0.1587 

Estimating optimal shrinkage intensity lambda (correlation matrix): 0.4742 

[1] "Round 4"
Estimating optimal shrinkage intensity lambda.var (variance vector): 0.1569 

Estimating optimal shrinkage intensity lambda (correlation matrix): 0.5989 

Estimating optimal shrinkage intensity lambda.var (variance vector): 0.156 

Estimating optimal shrinkage intensity lambda (correlation matrix): 0.5378 

[1] "Round 6"
Estimating optimal shrinkage intensity lambda.var (variance vector): 0.1549 

Estimating optimal shrinkage intensity lambda (correlation matrix): 0.5304 

Estimating optimal shrinkage intensity lambda.var (variance vector): 0.1542 

Estimating optimal shrinkage intensity lambda (correlation matrix): 0.4901 

[1] "Round 8"
Estimating optimal shrinkage intensity lambda.var (variance vector): 0.1591 

Estimating optimal shrinkage intensity lambda (correlation matrix): 0.5099 

Estimating optimal shrinkage intensity lambda.var (variance vector): 0.1574 

Estimating optimal shrinkage intensity lambda (correlation matrix): 0.5257 

[1] "Round 10"
Estimating optimal shrinkage intensity lambda.var (variance vector): 0.1535 

Estimating optimal shrinkage intensity lambda (correlation matrix): 0.5173 

Estimating optimal shrinkage intensity lambda.var (variance vector): 0.1559 

Estimating optimal shrinkage intensity lambda (correlation matrix): 0.4931 

[1] "Round 12"
Estimating optimal shrinkage intensity lambda.var (variance vector): 0.1613 

Estimating optimal shrinkage intensity lambda (correlation matrix): 0.5285 

Estimating optimal shrinkage intensity lambda.var (variance vector): 0.1552 

Estimating optimal shrinkage intensity lambda (correlation matrix): 0.5347 

[1] "Round 14"
Estimating optimal shrinkage intensity lambda.var (variance vector): 0.1535 

Estimating optimal shrinkage intensity lambda (correlation matrix): 0.531 

Estimating optimal shrinkage intensity lambda.var (variance vector): 0.1551 

Estimating optimal shrinkage intensity lambda (correlation matrix): 0.5372 

[1] "Round 16"
Estimating optimal shrinkage intensity lambda.var (variance vector): 0.1567 

Estimating optimal shrinkage intensity lambda (correlation matrix): 0.5191 

Estimating optimal shrinkage intensity lambda.var (variance vector): 0.1568 

Estimating optimal shrinkage intensity lambda (correlation matrix): 0.5711 

[1] "Round 18"
Estimating optimal shrinkage intensity lambda.var (variance vector): 0.1577 

Estimating optimal shrinkage intensity lambda (correlation matrix): 0.5564 

Estimating optimal shrinkage intensity lambda.var (variance vector): 0.1571 

Estimating optimal shrinkage intensity lambda (correlation matrix): 0.5236 

[1] "Round 20"
Estimating optimal shrinkage intensity lambda.var (variance vector): 0.1616 

Estimating optimal shrinkage intensity lambda (correlation matrix): 0.5439 

Estimating optimal shrinkage intensity lambda.var (variance vector): 0.1533 

Estimating optimal shrinkage intensity lambda (correlation matrix): 0.5195 

[1] "Round 22"
Estimating optimal shrinkage intensity lambda.var (variance vector): 0.1598 

Estimating optimal shrinkage intensity lambda (correlation matrix): 0.5442 

Estimating optimal shrinkage intensity lambda.var (variance vector): 0.1563 

Estimating optimal shrinkage intensity lambda (correlation matrix): 0.5719 

[1] "Round 24"
Estimating optimal shrinkage intensity lambda.var (variance vector): 0.1557 

Estimating optimal shrinkage intensity lambda (correlation matrix): 0.557 

Estimating optimal shrinkage intensity lambda.var (variance vector): 0.1545 

Estimating optimal shrinkage intensity lambda (correlation matrix): 0.537 

[1] "Round 26"
Estimating optimal shrinkage intensity lambda.var (variance vector): 0.1573 

Estimating optimal shrinkage intensity lambda (correlation matrix): 0.5613 

Estimating optimal shrinkage intensity lambda.var (variance vector): 0.1558 

Estimating optimal shrinkage intensity lambda (correlation matrix): 0.5473 

[1] "Round 28"
Estimating optimal shrinkage intensity lambda.var (variance vector): 0.1575 

Estimating optimal shrinkage intensity lambda (correlation matrix): 0.5528 

Estimating optimal shrinkage intensity lambda.var (variance vector): 0.1533 

Estimating optimal shrinkage intensity lambda (correlation matrix): 0.5515 

[1] "Round 30"
Estimating optimal shrinkage intensity lambda.var (variance vector): 0.1564 

Estimating optimal shrinkage intensity lambda (correlation matrix): 0.5489 

Estimating optimal shrinkage intensity lambda.var (variance vector): 0.1555 

Estimating optimal shrinkage intensity lambda (correlation matrix): 0.5231 

[1] "Round 32"
Estimating optimal shrinkage intensity lambda.var (variance vector): 0.157 

Estimating optimal shrinkage intensity lambda (correlation matrix): 0.5223 

Estimating optimal shrinkage intensity lambda.var (variance vector): 0.1536 

Estimating optimal shrinkage intensity lambda (correlation matrix): 0.5013 

[1] "Round 34"
Estimating optimal shrinkage intensity lambda.var (variance vector): 0.1567 

Estimating optimal shrinkage intensity lambda (correlation matrix): 0.5849 

Estimating optimal shrinkage intensity lambda.var (variance vector): 0.1554 

Estimating optimal shrinkage intensity lambda (correlation matrix): 0.5254 

[1] "Round 36"
Estimating optimal shrinkage intensity lambda.var (variance vector): 0.1549 

Estimating optimal shrinkage intensity lambda (correlation matrix): 0.5455 

Estimating optimal shrinkage intensity lambda.var (variance vector): 0.1551 

Estimating optimal shrinkage intensity lambda (correlation matrix): 0.5891 

[1] "Round 38"
Estimating optimal shrinkage intensity lambda.var (variance vector): 0.1585 

Estimating optimal shrinkage intensity lambda (correlation matrix): 0.4991 

Estimating optimal shrinkage intensity lambda.var (variance vector): 0.1518 

Estimating optimal shrinkage intensity lambda (correlation matrix): 0.5805 

[1] "Round 40"
Estimating optimal shrinkage intensity lambda.var (variance vector): 0.1537 

Estimating optimal shrinkage intensity lambda (correlation matrix): 0.5482 

Estimating optimal shrinkage intensity lambda.var (variance vector): 0.1567 

Estimating optimal shrinkage intensity lambda (correlation matrix): 0.5285 

[1] "Round 42"
Estimating optimal shrinkage intensity lambda.var (variance vector): 0.1588 

Estimating optimal shrinkage intensity lambda (correlation matrix): 0.5958 

Estimating optimal shrinkage intensity lambda.var (variance vector): 0.1534 

Estimating optimal shrinkage intensity lambda (correlation matrix): 0.5255 

[1] "Round 44"
Estimating optimal shrinkage intensity lambda.var (variance vector): 0.1631 

Estimating optimal shrinkage intensity lambda (correlation matrix): 0.5182 

Estimating optimal shrinkage intensity lambda.var (variance vector): 0.1541 

Estimating optimal shrinkage intensity lambda (correlation matrix): 0.5088 

[1] "Round 46"
Estimating optimal shrinkage intensity lambda.var (variance vector): 0.1577 

Estimating optimal shrinkage intensity lambda (correlation matrix): 0.5445 

Estimating optimal shrinkage intensity lambda.var (variance vector): 0.1561 

Estimating optimal shrinkage intensity lambda (correlation matrix): 0.5527 

[1] "Round 48"
Estimating optimal shrinkage intensity lambda.var (variance vector): 0.1527 

Estimating optimal shrinkage intensity lambda (correlation matrix): 0.5621 

Estimating optimal shrinkage intensity lambda.var (variance vector): 0.1575 

Estimating optimal shrinkage intensity lambda (correlation matrix): 0.5406 

[1] "Round 50"
Estimating optimal shrinkage intensity lambda.var (variance vector): 0.1585 

Estimating optimal shrinkage intensity lambda (correlation matrix): 0.5055 

Estimating optimal shrinkage intensity lambda.var (variance vector): 0.1567 

Estimating optimal shrinkage intensity lambda (correlation matrix): 0.606 

[1] "Round 52"
Estimating optimal shrinkage intensity lambda.var (variance vector): 0.1543 

Estimating optimal shrinkage intensity lambda (correlation matrix): 0.463 

Estimating optimal shrinkage intensity lambda.var (variance vector): 0.1571 

Estimating optimal shrinkage intensity lambda (correlation matrix): 0.5031 

[1] "Round 54"
Estimating optimal shrinkage intensity lambda.var (variance vector): 0.1531 

Estimating optimal shrinkage intensity lambda (correlation matrix): 0.5193 

Estimating optimal shrinkage intensity lambda.var (variance vector): 0.1585 

Estimating optimal shrinkage intensity lambda (correlation matrix): 0.4308 

[1] "Round 56"
Estimating optimal shrinkage intensity lambda.var (variance vector): 0.156 

Estimating optimal shrinkage intensity lambda (correlation matrix): 0.4762 

Estimating optimal shrinkage intensity lambda.var (variance vector): 0.1594 

Estimating optimal shrinkage intensity lambda (correlation matrix): 0.5198 

[1] "Round 58"
Estimating optimal shrinkage intensity lambda.var (variance vector): 0.156 

Estimating optimal shrinkage intensity lambda (correlation matrix): 0.5663 

Estimating optimal shrinkage intensity lambda.var (variance vector): 0.1551 

Estimating optimal shrinkage intensity lambda (correlation matrix): 0.5348 

[1] "Round 60"
Estimating optimal shrinkage intensity lambda.var (variance vector): 0.1585 

Estimating optimal shrinkage intensity lambda (correlation matrix): 0.5606 

Estimating optimal shrinkage intensity lambda.var (variance vector): 0.1563 

Estimating optimal shrinkage intensity lambda (correlation matrix): 0.5476 

[1] "Round 62"
Estimating optimal shrinkage intensity lambda.var (variance vector): 0.1537 

Estimating optimal shrinkage intensity lambda (correlation matrix): 0.5367 

Estimating optimal shrinkage intensity lambda.var (variance vector): 0.1594 

Estimating optimal shrinkage intensity lambda (correlation matrix): 0.5228 

[1] "Round 64"
Estimating optimal shrinkage intensity lambda.var (variance vector): 0.155 

Estimating optimal shrinkage intensity lambda (correlation matrix): 0.5308 

Estimating optimal shrinkage intensity lambda.var (variance vector): 0.1595 

Estimating optimal shrinkage intensity lambda (correlation matrix): 0.5363 

[1] "Round 66"
Estimating optimal shrinkage intensity lambda.var (variance vector): 0.1587 

Estimating optimal shrinkage intensity lambda (correlation matrix): 0.4694 

Estimating optimal shrinkage intensity lambda.var (variance vector): 0.1604 

Estimating optimal shrinkage intensity lambda (correlation matrix): 0.5369 

[1] "Round 68"
Estimating optimal shrinkage intensity lambda.var (variance vector): 0.157 

Estimating optimal shrinkage intensity lambda (correlation matrix): 0.5926 

Estimating optimal shrinkage intensity lambda.var (variance vector): 0.1556 

Estimating optimal shrinkage intensity lambda (correlation matrix): 0.5096 

[1] "Round 70"
Estimating optimal shrinkage intensity lambda.var (variance vector): 0.1566 

Estimating optimal shrinkage intensity lambda (correlation matrix): 0.5469 

Estimating optimal shrinkage intensity lambda.var (variance vector): 0.1546 

Estimating optimal shrinkage intensity lambda (correlation matrix): 0.4642 

[1] "Round 72"
Estimating optimal shrinkage intensity lambda.var (variance vector): 0.1537 

Estimating optimal shrinkage intensity lambda (correlation matrix): 0.5111 

Estimating optimal shrinkage intensity lambda.var (variance vector): 0.1574 

Estimating optimal shrinkage intensity lambda (correlation matrix): 0.5277 

[1] "Round 74"
Estimating optimal shrinkage intensity lambda.var (variance vector): 0.1578 

Estimating optimal shrinkage intensity lambda (correlation matrix): 0.5378 

Estimating optimal shrinkage intensity lambda.var (variance vector): 0.1576 

Estimating optimal shrinkage intensity lambda (correlation matrix): 0.5216 

[1] "Round 76"
Estimating optimal shrinkage intensity lambda.var (variance vector): 0.1568 

Estimating optimal shrinkage intensity lambda (correlation matrix): 0.5217 

Estimating optimal shrinkage intensity lambda.var (variance vector): 0.1549 

Estimating optimal shrinkage intensity lambda (correlation matrix): 0.5659 

[1] "Round 78"
Estimating optimal shrinkage intensity lambda.var (variance vector): 0.1544 

Estimating optimal shrinkage intensity lambda (correlation matrix): 0.5462 

Estimating optimal shrinkage intensity lambda.var (variance vector): 0.16 

Estimating optimal shrinkage intensity lambda (correlation matrix): 0.5243 

[1] "Round 80"
Estimating optimal shrinkage intensity lambda.var (variance vector): 0.1561 

Estimating optimal shrinkage intensity lambda (correlation matrix): 0.5638 

Estimating optimal shrinkage intensity lambda.var (variance vector): 0.1599 

Estimating optimal shrinkage intensity lambda (correlation matrix): 0.5239 

[1] "Round 82"
Estimating optimal shrinkage intensity lambda.var (variance vector): 0.1612 

Estimating optimal shrinkage intensity lambda (correlation matrix): 0.5151 

Estimating optimal shrinkage intensity lambda.var (variance vector): 0.1567 

Estimating optimal shrinkage intensity lambda (correlation matrix): 0.5348 

[1] "Round 84"
Estimating optimal shrinkage intensity lambda.var (variance vector): 0.1572 

Estimating optimal shrinkage intensity lambda (correlation matrix): 0.5558 

Estimating optimal shrinkage intensity lambda.var (variance vector): 0.1545 

Estimating optimal shrinkage intensity lambda (correlation matrix): 0.5495 

[1] "Round 86"
Estimating optimal shrinkage intensity lambda.var (variance vector): 0.155 

Estimating optimal shrinkage intensity lambda (correlation matrix): 0.5651 

Estimating optimal shrinkage intensity lambda.var (variance vector): 0.1568 

Estimating optimal shrinkage intensity lambda (correlation matrix): 0.5226 

[1] "Round 88"
Estimating optimal shrinkage intensity lambda.var (variance vector): 0.1583 

Estimating optimal shrinkage intensity lambda (correlation matrix): 0.4979 

Estimating optimal shrinkage intensity lambda.var (variance vector): 0.1552 

Estimating optimal shrinkage intensity lambda (correlation matrix): 0.5551 

[1] "Round 90"
Estimating optimal shrinkage intensity lambda.var (variance vector): 0.1568 

Estimating optimal shrinkage intensity lambda (correlation matrix): 0.5652 

Estimating optimal shrinkage intensity lambda.var (variance vector): 0.1579 

Estimating optimal shrinkage intensity lambda (correlation matrix): 0.5494 

[1] "Round 92"
Estimating optimal shrinkage intensity lambda.var (variance vector): 0.1538 

Estimating optimal shrinkage intensity lambda (correlation matrix): 0.5068 

Estimating optimal shrinkage intensity lambda.var (variance vector): 0.1561 

Estimating optimal shrinkage intensity lambda (correlation matrix): 0.5664 

[1] "Round 94"
Estimating optimal shrinkage intensity lambda.var (variance vector): 0.1607 

Estimating optimal shrinkage intensity lambda (correlation matrix): 0.5534 

Estimating optimal shrinkage intensity lambda.var (variance vector): 0.1579 

Estimating optimal shrinkage intensity lambda (correlation matrix): 0.5355 

[1] "Round 96"
Estimating optimal shrinkage intensity lambda.var (variance vector): 0.1591 

Estimating optimal shrinkage intensity lambda (correlation matrix): 0.5445 

Estimating optimal shrinkage intensity lambda.var (variance vector): 0.154 

Estimating optimal shrinkage intensity lambda (correlation matrix): 0.5007 

[1] "Round 98"
Estimating optimal shrinkage intensity lambda.var (variance vector): 0.1563 

Estimating optimal shrinkage intensity lambda (correlation matrix): 0.4955 

Estimating optimal shrinkage intensity lambda.var (variance vector): 0.1618 

Estimating optimal shrinkage intensity lambda (correlation matrix): 0.4867 

[1] "Round 100"
Estimating optimal shrinkage intensity lambda.var (variance vector): 0.1576 

Estimating optimal shrinkage intensity lambda (correlation matrix): 0.5243 

[1] "data/Debi+dirmult_n500_p500_tau1.60305969938419_rho0.5_sigma0.5_Nsim100"
                        lambda        SE       PE      linf         FPR FNR TPR
bootstrap_mean     0.080735074 1555.9064 967.0681 5.6638625 0.006979757   1   0
bootstrap_mean_std 0.001206038  377.4429 214.7542 0.5697082 0.001808194   0   0
                       sum_beta
bootstrap_mean     8.298483e-19
bootstrap_mean_std 3.460933e-18
Time difference of 3.730502 hours
  [1]    588.18048  18056.34003    664.65444     17.66168    905.08865
  [6]   2225.57721    306.24068   1387.40425   3231.11477  65956.94428
 [11]    370.09916  12448.20573   2226.49327    218.94053    584.12500
 [16] 346034.87892 302609.71746  12332.75085    788.88567    788.65497
 [21]   2003.42547   2668.90474   2337.33370    771.46280   7658.32489
 [26]  16552.06087    712.61282  34472.54788    476.51933    908.97409
 [31]  21961.23013   1386.28762   3799.58510    261.40080    568.72122
 [36] 347987.83323    712.02784    242.46107 431269.18314   3508.75126
 [41]    724.80007   1540.71850  62082.36149   2829.85743  91403.72785
 [46]    273.17884    354.36001  92391.39445   6085.90044   1270.81811
 [51]     16.53009    450.52010    441.63367    481.89359    789.91745
 [56]   1004.39383   8110.50023    601.53513    222.20286  30163.86690
 [61]    208.87034   2537.80309    827.30136    546.99931   2437.76018
 [66]    706.14307 333477.71702    720.72404   6711.12820    457.19215
 [71]   8756.52522    416.26563  29990.19579  18300.66776   2799.28320
 [76]    677.28255    453.69007    749.08926   1313.95691   1781.23245
 [81]    731.51584   2132.09804    253.35697   2014.13157  20558.46139
 [86]   1643.51443    646.81240   3375.59233   2583.56135   2416.64707
 [91]  12278.81100   1257.48719   1340.92798   1250.45884  31763.13852
 [96]   1842.94294 352277.59241    702.04573  11535.55879   4770.51208
  [1]    299.94969  10165.50138    537.13501     14.58268    472.04154
  [6]   1375.82479    255.50778   1128.02797   1612.61807  36227.81236
 [11]    228.88216   7327.09618   1314.37199    148.05578    376.98427
 [16] 242049.83537 157202.11077   7094.95646    501.75199    474.76043
 [21]   2295.92990   2002.33116   1349.65330    409.29508   4057.71152
 [26]   8464.38524    384.75289  21073.95427    333.69434    473.04211
 [31]  15637.89771   1027.46761   2263.94724    140.93612    281.90613
 [36] 196379.43199    372.00222    118.77527 219626.63066   1885.17972
 [41]    421.77842    783.33575  40411.06767   1532.02467  55126.10862
 [46]    207.50452    200.50800  50507.44015   4652.32886    720.55270
 [51]     11.21497    385.95524    260.50368    435.28130    482.01389
 [56]    645.20626   4388.61240    317.48836    113.34694  13905.65758
 [61]    112.61043   1459.36741    863.27345    325.78476   1942.17019
 [66]    346.83876 194390.14018    375.69424   4044.68685    227.20134
 [71]   7532.74351    273.67459  24390.72053   9325.06279   1740.27018
 [76]    397.80008    246.62592    403.36845    945.70828   1032.15562
 [81]    406.96872   1376.90012    181.59187   1090.12171  15980.27016
 [86]    909.33087    498.43846   3695.42884   1389.79839   1239.42423
 [91]   7259.88104    719.88027    704.69152    645.45527  16666.32064
 [96]    975.90903 253781.50090    399.15967   7365.05276   4818.54746
[1] "estimated tau is 1.60318126501329"
[1] "Round 2"
[1] "Round 4"
[1] "Round 6"
[1] "Round 8"
[1] "Round 10"
[1] "Round 12"
[1] "Round 14"
[1] "Round 16"
[1] "Round 18"
[1] "Round 20"
[1] "Round 22"
[1] "Round 24"
[1] "Round 26"
[1] "Round 28"
[1] "Round 30"
[1] "Round 32"
[1] "Round 34"
[1] "Round 36"
[1] "Round 38"
[1] "Round 40"
[1] "Round 42"
[1] "Round 44"
[1] "Round 46"
[1] "Round 48"
[1] "Round 50"
[1] "Round 52"
[1] "Round 54"
[1] "Round 56"
[1] "Round 58"
[1] "Round 60"
[1] "Round 62"
[1] "Round 64"
[1] "Round 66"
[1] "Round 68"
[1] "Round 70"
[1] "Round 72"
[1] "Round 74"
[1] "Round 76"
[1] "Round 78"
[1] "Round 80"
[1] "Round 82"
[1] "Round 84"
[1] "Round 86"
[1] "Round 88"
[1] "Round 90"
[1] "Round 92"
[1] "Round 94"
[1] "Round 96"
[1] "Round 98"
[1] "Round 100"
[1] "data/Eric+dirmult_n500_p500_tau1.60318126501329_rho0.5_sigma0.5_Nsim100"
                        lambda         SE        PE       linf         FPR
bootstrap_mean     0.434694799 4.18879320 2.9783333 1.10148972 0.016265182
bootstrap_mean_std 0.004175196 0.02333243 0.0397435 0.00807416 0.001655237
                         FNR        TPR      sum_beta
bootstrap_mean     0.2746667 0.72233333 -3.282070e-07
bootstrap_mean_std 0.0759223 0.07543461  2.556795e-07
Time difference of 1.011264 hours
  [1] 4.007711 4.038477 4.023140 4.426386 4.102804 4.207398 4.157815 4.590176
  [9] 4.711586 4.703010 3.919985 4.053594 3.619921 4.129228 4.066726 4.001626
 [17] 3.684868 4.699938 4.327223 4.039749 4.293497 4.271846 4.137104 3.669536
 [25] 4.114494 4.435080 4.399153 4.242312 4.082802 3.814031 4.105981 4.071538
 [33] 4.354409 4.792757 4.205889 4.029469 4.418249 4.174524 4.486819 4.368956
 [41] 4.729874 3.842302 4.154346 4.123919 4.196982 3.950578 4.271167 4.183006
 [49] 4.186648 4.194842 4.248636 4.184162 4.109202 3.892648 3.980824 4.409654
 [57] 4.216063 4.161835 3.727751 4.431980 4.548043 3.684252 4.154069 4.196640
 [65] 3.992041 4.409266 4.370548 4.164036 4.358547 4.220692 4.202980 4.072868
 [73] 4.081358 4.071889 4.154206 4.133287 4.443890 4.274189 4.057059 4.168454
 [81] 3.926887 4.305077 4.414755 4.783460 4.139934 4.785754 4.394448 4.332998
 [89] 4.036650 4.379178 4.305954 4.181768 4.421245 4.869022 4.388835 3.879821
 [97] 4.487789 4.346156 3.736271 4.539930
  [1] 2.970789 2.733058 3.199564 3.410982 2.729703 3.113937 2.769419 3.285084
  [9] 3.271492 2.931929 3.193317 2.927956 2.665424 3.112388 2.932342 2.609230
 [17] 2.286537 3.464289 3.098132 3.094177 3.193622 2.880002 2.983190 2.523230
 [25] 2.845493 2.451053 3.356440 3.565005 3.370702 2.711888 3.133606 2.668226
 [33] 3.407735 2.844222 3.374268 2.979220 3.201497 2.924403 3.454902 2.604847
 [41] 3.325519 2.869105 2.863278 2.947921 2.911860 2.843529 3.178062 2.966460
 [49] 3.388887 3.245249 2.665546 3.195811 2.952385 2.838669 2.669509 2.835737
 [57] 2.687928 3.007452 2.986962 3.030629 3.117899 2.794318 2.575786 3.321300
 [65] 2.847931 3.183357 3.006017 2.748564 2.927250 3.100071 3.247804 2.836527
 [73] 3.406643 3.055546 2.732943 2.829467 3.572070 3.485009 2.932975 3.406173
 [81] 2.799928 2.934520 2.757486 3.341452 3.014170 3.070418 3.425309 2.695030
 [89] 3.189816 3.139789 2.901642 3.507118 2.931588 3.345290 3.150201 2.807542
 [97] 3.190922 2.941966 2.793967 2.919631
There were 20 warnings (use warnings() to see them)
