Loading required package: Matrix
Loaded glmnet 4.1-8
Loaded lars 1.3

[1] "estimated tau is 1.86476925977369"
Estimating optimal shrinkage intensity lambda.var (variance vector): 0.4178 

Estimating optimal shrinkage intensity lambda (correlation matrix): 0.791 

[1] "Round 2"
Estimating optimal shrinkage intensity lambda.var (variance vector): 0.4137 

Estimating optimal shrinkage intensity lambda (correlation matrix): 0.7931 

Estimating optimal shrinkage intensity lambda.var (variance vector): 0.4328 

Estimating optimal shrinkage intensity lambda (correlation matrix): 0.7867 

[1] "Round 4"
Estimating optimal shrinkage intensity lambda.var (variance vector): 0.4316 

Estimating optimal shrinkage intensity lambda (correlation matrix): 0.7674 

Estimating optimal shrinkage intensity lambda.var (variance vector): 0.4354 

Estimating optimal shrinkage intensity lambda (correlation matrix): 0.8105 

[1] "Round 6"
Estimating optimal shrinkage intensity lambda.var (variance vector): 0.4518 

Estimating optimal shrinkage intensity lambda (correlation matrix): 0.7739 

Estimating optimal shrinkage intensity lambda.var (variance vector): 0.4436 

Estimating optimal shrinkage intensity lambda (correlation matrix): 0.7968 

[1] "Round 8"
Estimating optimal shrinkage intensity lambda.var (variance vector): 0.4015 

Estimating optimal shrinkage intensity lambda (correlation matrix): 0.7937 

Estimating optimal shrinkage intensity lambda.var (variance vector): 0.3969 

Estimating optimal shrinkage intensity lambda (correlation matrix): 0.7942 

[1] "Round 10"
Estimating optimal shrinkage intensity lambda.var (variance vector): 0.4242 

Estimating optimal shrinkage intensity lambda (correlation matrix): 0.7834 

Estimating optimal shrinkage intensity lambda.var (variance vector): 0.4117 

Estimating optimal shrinkage intensity lambda (correlation matrix): 0.7674 

[1] "Round 12"
Estimating optimal shrinkage intensity lambda.var (variance vector): 0.4489 

Estimating optimal shrinkage intensity lambda (correlation matrix): 0.8088 

Estimating optimal shrinkage intensity lambda.var (variance vector): 0.4095 

Estimating optimal shrinkage intensity lambda (correlation matrix): 0.7759 

[1] "Round 14"
Estimating optimal shrinkage intensity lambda.var (variance vector): 0.4166 

Estimating optimal shrinkage intensity lambda (correlation matrix): 0.7794 

Estimating optimal shrinkage intensity lambda.var (variance vector): 0.4439 

Estimating optimal shrinkage intensity lambda (correlation matrix): 0.7757 

[1] "Round 16"
Estimating optimal shrinkage intensity lambda.var (variance vector): 0.4335 

Estimating optimal shrinkage intensity lambda (correlation matrix): 0.7889 

Estimating optimal shrinkage intensity lambda.var (variance vector): 0.4377 

Estimating optimal shrinkage intensity lambda (correlation matrix): 0.7729 

[1] "Round 18"
Estimating optimal shrinkage intensity lambda.var (variance vector): 0.4104 

Estimating optimal shrinkage intensity lambda (correlation matrix): 0.7994 

Estimating optimal shrinkage intensity lambda.var (variance vector): 0.4048 

Estimating optimal shrinkage intensity lambda (correlation matrix): 0.8211 

[1] "Round 20"
Estimating optimal shrinkage intensity lambda.var (variance vector): 0.4166 

Estimating optimal shrinkage intensity lambda (correlation matrix): 0.8094 

Estimating optimal shrinkage intensity lambda.var (variance vector): 0.4698 

Estimating optimal shrinkage intensity lambda (correlation matrix): 0.8092 

[1] "Round 22"
Estimating optimal shrinkage intensity lambda.var (variance vector): 0.4467 

Estimating optimal shrinkage intensity lambda (correlation matrix): 0.7847 

Estimating optimal shrinkage intensity lambda.var (variance vector): 0.397 

Estimating optimal shrinkage intensity lambda (correlation matrix): 0.8266 

[1] "Round 24"
Estimating optimal shrinkage intensity lambda.var (variance vector): 0.4181 

Estimating optimal shrinkage intensity lambda (correlation matrix): 0.8069 

Estimating optimal shrinkage intensity lambda.var (variance vector): 0.4278 

Estimating optimal shrinkage intensity lambda (correlation matrix): 0.8003 

[1] "Round 26"
Estimating optimal shrinkage intensity lambda.var (variance vector): 0.4412 

Estimating optimal shrinkage intensity lambda (correlation matrix): 0.8167 

Estimating optimal shrinkage intensity lambda.var (variance vector): 0.4498 

Estimating optimal shrinkage intensity lambda (correlation matrix): 0.7987 

[1] "Round 28"
Estimating optimal shrinkage intensity lambda.var (variance vector): 0.4486 

Estimating optimal shrinkage intensity lambda (correlation matrix): 0.7815 

Estimating optimal shrinkage intensity lambda.var (variance vector): 0.4081 

Estimating optimal shrinkage intensity lambda (correlation matrix): 0.8136 

[1] "Round 30"
Estimating optimal shrinkage intensity lambda.var (variance vector): 0.4256 

Estimating optimal shrinkage intensity lambda (correlation matrix): 0.7639 

Estimating optimal shrinkage intensity lambda.var (variance vector): 0.3987 

Estimating optimal shrinkage intensity lambda (correlation matrix): 0.8357 

[1] "Round 32"
Estimating optimal shrinkage intensity lambda.var (variance vector): 0.404 

Estimating optimal shrinkage intensity lambda (correlation matrix): 0.8097 

Estimating optimal shrinkage intensity lambda.var (variance vector): 0.4036 

Estimating optimal shrinkage intensity lambda (correlation matrix): 0.8038 

[1] "Round 34"
Estimating optimal shrinkage intensity lambda.var (variance vector): 0.4203 

Estimating optimal shrinkage intensity lambda (correlation matrix): 0.8065 

Estimating optimal shrinkage intensity lambda.var (variance vector): 0.422 

Estimating optimal shrinkage intensity lambda (correlation matrix): 0.8305 

[1] "Round 36"
Estimating optimal shrinkage intensity lambda.var (variance vector): 0.3841 

Estimating optimal shrinkage intensity lambda (correlation matrix): 0.8065 

Estimating optimal shrinkage intensity lambda.var (variance vector): 0.4376 

Estimating optimal shrinkage intensity lambda (correlation matrix): 0.785 

[1] "Round 38"
Estimating optimal shrinkage intensity lambda.var (variance vector): 0.4547 

Estimating optimal shrinkage intensity lambda (correlation matrix): 0.7617 

Estimating optimal shrinkage intensity lambda.var (variance vector): 0.4464 

Estimating optimal shrinkage intensity lambda (correlation matrix): 0.7852 

[1] "Round 40"
Estimating optimal shrinkage intensity lambda.var (variance vector): 0.4513 

Estimating optimal shrinkage intensity lambda (correlation matrix): 0.7767 

Estimating optimal shrinkage intensity lambda.var (variance vector): 0.4069 

Estimating optimal shrinkage intensity lambda (correlation matrix): 0.7948 

[1] "Round 42"
Estimating optimal shrinkage intensity lambda.var (variance vector): 0.4175 

Estimating optimal shrinkage intensity lambda (correlation matrix): 0.8178 

Estimating optimal shrinkage intensity lambda.var (variance vector): 0.4107 

Estimating optimal shrinkage intensity lambda (correlation matrix): 0.8267 

[1] "Round 44"
Estimating optimal shrinkage intensity lambda.var (variance vector): 0.4152 

Estimating optimal shrinkage intensity lambda (correlation matrix): 0.8014 

Estimating optimal shrinkage intensity lambda.var (variance vector): 0.4097 

Estimating optimal shrinkage intensity lambda (correlation matrix): 0.8097 

[1] "Round 46"
Estimating optimal shrinkage intensity lambda.var (variance vector): 0.4359 

Estimating optimal shrinkage intensity lambda (correlation matrix): 0.797 

Estimating optimal shrinkage intensity lambda.var (variance vector): 0.453 

Estimating optimal shrinkage intensity lambda (correlation matrix): 0.8094 

[1] "Round 48"
Estimating optimal shrinkage intensity lambda.var (variance vector): 0.4415 

Estimating optimal shrinkage intensity lambda (correlation matrix): 0.8086 

Estimating optimal shrinkage intensity lambda.var (variance vector): 0.4007 

Estimating optimal shrinkage intensity lambda (correlation matrix): 0.8154 

[1] "Round 50"
Estimating optimal shrinkage intensity lambda.var (variance vector): 0.4303 

Estimating optimal shrinkage intensity lambda (correlation matrix): 0.8187 

Estimating optimal shrinkage intensity lambda.var (variance vector): 0.4083 

Estimating optimal shrinkage intensity lambda (correlation matrix): 0.8181 

[1] "Round 52"
Estimating optimal shrinkage intensity lambda.var (variance vector): 0.4074 

Estimating optimal shrinkage intensity lambda (correlation matrix): 0.8116 

Estimating optimal shrinkage intensity lambda.var (variance vector): 0.4259 

Estimating optimal shrinkage intensity lambda (correlation matrix): 0.7948 

[1] "Round 54"
Estimating optimal shrinkage intensity lambda.var (variance vector): 0.4104 

Estimating optimal shrinkage intensity lambda (correlation matrix): 0.7945 

Estimating optimal shrinkage intensity lambda.var (variance vector): 0.4423 

Estimating optimal shrinkage intensity lambda (correlation matrix): 0.801 

[1] "Round 56"
Estimating optimal shrinkage intensity lambda.var (variance vector): 0.4328 

Estimating optimal shrinkage intensity lambda (correlation matrix): 0.8165 

Estimating optimal shrinkage intensity lambda.var (variance vector): 0.4537 

Estimating optimal shrinkage intensity lambda (correlation matrix): 0.7566 

[1] "Round 58"
Estimating optimal shrinkage intensity lambda.var (variance vector): 0.4454 

Estimating optimal shrinkage intensity lambda (correlation matrix): 0.7672 

Estimating optimal shrinkage intensity lambda.var (variance vector): 0.4316 

Estimating optimal shrinkage intensity lambda (correlation matrix): 0.8 

[1] "Round 60"
Estimating optimal shrinkage intensity lambda.var (variance vector): 0.4064 

Estimating optimal shrinkage intensity lambda (correlation matrix): 0.8131 

Estimating optimal shrinkage intensity lambda.var (variance vector): 0.4396 

Estimating optimal shrinkage intensity lambda (correlation matrix): 0.7857 

[1] "Round 62"
Estimating optimal shrinkage intensity lambda.var (variance vector): 0.4379 

Estimating optimal shrinkage intensity lambda (correlation matrix): 0.7794 

Estimating optimal shrinkage intensity lambda.var (variance vector): 0.413 

Estimating optimal shrinkage intensity lambda (correlation matrix): 0.8109 

[1] "Round 64"
Estimating optimal shrinkage intensity lambda.var (variance vector): 0.4282 

Estimating optimal shrinkage intensity lambda (correlation matrix): 0.7811 

Estimating optimal shrinkage intensity lambda.var (variance vector): 0.4354 

Estimating optimal shrinkage intensity lambda (correlation matrix): 0.8218 

[1] "Round 66"
Estimating optimal shrinkage intensity lambda.var (variance vector): 0.421 

Estimating optimal shrinkage intensity lambda (correlation matrix): 0.7795 

Estimating optimal shrinkage intensity lambda.var (variance vector): 0.44 

Estimating optimal shrinkage intensity lambda (correlation matrix): 0.8148 

[1] "Round 68"
Estimating optimal shrinkage intensity lambda.var (variance vector): 0.4021 

Estimating optimal shrinkage intensity lambda (correlation matrix): 0.7805 

Estimating optimal shrinkage intensity lambda.var (variance vector): 0.3997 

Estimating optimal shrinkage intensity lambda (correlation matrix): 0.8087 

[1] "Round 70"
Estimating optimal shrinkage intensity lambda.var (variance vector): 0.4488 

Estimating optimal shrinkage intensity lambda (correlation matrix): 0.7722 

Estimating optimal shrinkage intensity lambda.var (variance vector): 0.4214 

Estimating optimal shrinkage intensity lambda (correlation matrix): 0.811 

[1] "Round 72"
Estimating optimal shrinkage intensity lambda.var (variance vector): 0.4253 

Estimating optimal shrinkage intensity lambda (correlation matrix): 0.7874 

Estimating optimal shrinkage intensity lambda.var (variance vector): 0.4583 

Estimating optimal shrinkage intensity lambda (correlation matrix): 0.7859 

[1] "Round 74"
Estimating optimal shrinkage intensity lambda.var (variance vector): 0.4017 

Estimating optimal shrinkage intensity lambda (correlation matrix): 0.7977 

Estimating optimal shrinkage intensity lambda.var (variance vector): 0.4195 

Estimating optimal shrinkage intensity lambda (correlation matrix): 0.8306 

[1] "Round 76"
Estimating optimal shrinkage intensity lambda.var (variance vector): 0.4429 

Estimating optimal shrinkage intensity lambda (correlation matrix): 0.8086 

Estimating optimal shrinkage intensity lambda.var (variance vector): 0.423 

Estimating optimal shrinkage intensity lambda (correlation matrix): 0.7807 

[1] "Round 78"
Estimating optimal shrinkage intensity lambda.var (variance vector): 0.4151 

Estimating optimal shrinkage intensity lambda (correlation matrix): 0.7901 

Estimating optimal shrinkage intensity lambda.var (variance vector): 0.4261 

Estimating optimal shrinkage intensity lambda (correlation matrix): 0.7828 

[1] "Round 80"
Estimating optimal shrinkage intensity lambda.var (variance vector): 0.4077 

Estimating optimal shrinkage intensity lambda (correlation matrix): 0.7844 

Estimating optimal shrinkage intensity lambda.var (variance vector): 0.4432 

Estimating optimal shrinkage intensity lambda (correlation matrix): 0.8008 

[1] "Round 82"
Estimating optimal shrinkage intensity lambda.var (variance vector): 0.479 

Estimating optimal shrinkage intensity lambda (correlation matrix): 0.7947 

Estimating optimal shrinkage intensity lambda.var (variance vector): 0.4214 

Estimating optimal shrinkage intensity lambda (correlation matrix): 0.7873 

[1] "Round 84"
Estimating optimal shrinkage intensity lambda.var (variance vector): 0.4442 

Estimating optimal shrinkage intensity lambda (correlation matrix): 0.7859 

Estimating optimal shrinkage intensity lambda.var (variance vector): 0.4069 

Estimating optimal shrinkage intensity lambda (correlation matrix): 0.8037 

[1] "Round 86"
Estimating optimal shrinkage intensity lambda.var (variance vector): 0.4238 

Estimating optimal shrinkage intensity lambda (correlation matrix): 0.7904 

Estimating optimal shrinkage intensity lambda.var (variance vector): 0.4159 

Estimating optimal shrinkage intensity lambda (correlation matrix): 0.7882 

[1] "Round 88"
Estimating optimal shrinkage intensity lambda.var (variance vector): 0.4144 

Estimating optimal shrinkage intensity lambda (correlation matrix): 0.7882 

Estimating optimal shrinkage intensity lambda.var (variance vector): 0.4467 

Estimating optimal shrinkage intensity lambda (correlation matrix): 0.8145 

[1] "Round 90"
Estimating optimal shrinkage intensity lambda.var (variance vector): 0.4382 

Estimating optimal shrinkage intensity lambda (correlation matrix): 0.7556 

Estimating optimal shrinkage intensity lambda.var (variance vector): 0.4167 

Estimating optimal shrinkage intensity lambda (correlation matrix): 0.7858 

[1] "Round 92"
Estimating optimal shrinkage intensity lambda.var (variance vector): 0.4349 

Estimating optimal shrinkage intensity lambda (correlation matrix): 0.8351 

Estimating optimal shrinkage intensity lambda.var (variance vector): 0.447 

Estimating optimal shrinkage intensity lambda (correlation matrix): 0.8051 

[1] "Round 94"
Estimating optimal shrinkage intensity lambda.var (variance vector): 0.4273 

Estimating optimal shrinkage intensity lambda (correlation matrix): 0.7801 

Estimating optimal shrinkage intensity lambda.var (variance vector): 0.4213 

Estimating optimal shrinkage intensity lambda (correlation matrix): 0.7918 

[1] "Round 96"
Estimating optimal shrinkage intensity lambda.var (variance vector): 0.4355 

Estimating optimal shrinkage intensity lambda (correlation matrix): 0.7477 

Estimating optimal shrinkage intensity lambda.var (variance vector): 0.4462 

Estimating optimal shrinkage intensity lambda (correlation matrix): 0.8041 

[1] "Round 98"
Estimating optimal shrinkage intensity lambda.var (variance vector): 0.4078 

Estimating optimal shrinkage intensity lambda (correlation matrix): 0.7995 

Estimating optimal shrinkage intensity lambda.var (variance vector): 0.4154 

Estimating optimal shrinkage intensity lambda (correlation matrix): 0.8064 

[1] "Round 100"
Estimating optimal shrinkage intensity lambda.var (variance vector): 0.4423 

Estimating optimal shrinkage intensity lambda (correlation matrix): 0.797 

[1] "data/Debi+dirmult_n500_p500_tau1.86476925977369_rho0.5_sigma0.5_Nsim100"
                        lambda        SE        PE      linf         FPR
bootstrap_mean     0.108179118 22.257191 27.314368 1.2131647 0.041427126
bootstrap_mean_std 0.002153255  4.092143  3.290167 0.1660716 0.001608692
                          FNR        TPR     sum_beta
bootstrap_mean     0.16733333 0.83283333 6.217899e-20
bootstrap_mean_std 0.01394234 0.00985731 8.644983e-19
Time difference of 3.349139 hours
[1] "estimated tau is 1.8647555325254"
[1] "Round 2"
[1] "Round 4"
[1] "Round 6"
[1] "Round 8"
[1] "Round 10"
[1] "Round 12"
[1] "Round 14"
[1] "Round 16"
[1] "Round 18"
[1] "Round 20"
[1] "Round 22"
[1] "Round 24"
[1] "Round 26"
[1] "Round 28"
[1] "Round 30"
[1] "Round 32"
[1] "Round 34"
[1] "Round 36"
[1] "Round 38"
[1] "Round 40"
[1] "Round 42"
[1] "Round 44"
[1] "Round 46"
[1] "Round 48"
[1] "Round 50"
[1] "Round 52"
[1] "Round 54"
[1] "Round 56"
[1] "Round 58"
[1] "Round 60"
[1] "Round 62"
[1] "Round 64"
[1] "Round 66"
[1] "Round 68"
[1] "Round 70"
[1] "Round 72"
[1] "Round 74"
[1] "Round 76"
[1] "Round 78"
[1] "Round 80"
[1] "Round 82"
[1] "Round 84"
[1] "Round 86"
[1] "Round 88"
[1] "Round 90"
[1] "Round 92"
[1] "Round 94"
[1] "Round 96"
[1] "Round 98"
[1] "Round 100"
[1] "data/Eric+dirmult_n500_p500_tau1.8647555325254_rho0.5_sigma0.5_Nsim100"
                        lambda       SE        PE        linf         FPR
bootstrap_mean     0.487505127 5.242509 5.7247440 1.277142999 0.016032389
bootstrap_mean_std 0.005246667 0.055036 0.0876523 0.008829089 0.001223534
                         FNR       TPR      sum_beta
bootstrap_mean     0.3333333 0.6666667 -4.991818e-07
bootstrap_mean_std 0.0000000 0.0000000  1.822541e-07
Time difference of 1.370333 hours
  [1] 4.695018 5.190603 5.734770 5.175940 5.331588 5.149236 5.320373 5.411973
  [9] 5.850370 5.775483 5.255875 5.612955 5.026297 5.462167 5.399176 4.717045
 [17] 5.202103 5.871389 4.869400 5.425929 5.114089 5.084298 5.157895 5.433441
 [25] 5.718277 5.267035 5.698389 5.158815 4.768175 5.034443 5.540416 5.127868
 [33] 5.168956 5.559086 5.216795 4.898464 5.096518 5.458832 4.764819 4.653631
 [41] 5.262782 5.440264 4.884105 4.861472 4.930786 5.577361 4.797035 5.023512
 [49] 5.864063 4.640399 5.774587 5.031231 5.685364 5.704782 5.582658 5.757578
 [57] 5.154790 5.796668 4.908546 5.336807 5.251374 5.524428 5.730840 5.233590
 [65] 5.467930 5.304735 5.948258 5.601650 5.433044 5.668106 5.126805 5.829240
 [73] 5.881800 5.610988 5.691949 5.026782 5.560554 5.507575 4.822852 5.198884
 [81] 5.417986 5.182997 5.168829 5.842696 5.390399 5.119739 5.559533 6.069300
 [89] 5.042921 5.055115 5.179711 5.147486 4.794797 5.202553 5.125579 4.579029
 [97] 4.683321 5.136259 5.008015 4.889801
  [1] 5.206221 4.833025 6.254758 5.032216 7.486603 5.576318 6.062890 5.302738
  [9] 6.639565 5.804561 5.826049 6.309102 5.564327 4.795508 5.636050 5.005444
 [17] 5.475715 5.746065 5.296302 7.148479 4.697303 3.830649 4.593081 6.057038
 [25] 6.029507 7.301763 5.318184 7.131909 5.577145 5.735710 6.362866 5.534907
 [33] 6.191124 6.709148 5.229031 5.573625 4.740872 7.262118 4.455317 4.941644
 [41] 5.196464 5.167352 5.747815 5.688694 5.630542 6.301222 6.404078 4.815577
 [49] 6.710628 5.035630 6.271748 4.933550 5.861219 6.695691 5.296567 5.920060
 [57] 5.288631 6.231576 6.298146 4.796657 7.044857 6.175569 6.302624 6.180371
 [65] 7.134374 7.244202 6.334920 4.435835 4.368283 6.641063 6.173260 5.792360
 [73] 5.337804 6.394125 7.469665 5.449564 6.565367 6.202152 5.279150 5.812446
 [81] 4.441761 4.810955 5.299849 6.144005 5.732797 5.728294 5.380838 7.328797
 [89] 5.759272 5.577718 5.719726 6.483209 5.949016 5.556294 4.993578 5.398221
 [97] 4.760891 6.533141 4.428552 6.545657
There were 50 or more warnings (use warnings() to see the first 50)
