Loading required package: Matrix
Loaded glmnet 4.1-8
Loaded lars 1.3

[1] "N_sim= 100 K= 5"
[1] "(y1,X,Z)"
[1] "Using (y1, Z) to inference (y1, X)"
[1] "Debi"
Estimating optimal shrinkage intensity lambda.var (variance vector): 0.0711 

Estimating optimal shrinkage intensity lambda (correlation matrix): 0.2637 

Estimating optimal shrinkage intensity lambda.var (variance vector): 0.0798 

Estimating optimal shrinkage intensity lambda (correlation matrix): 0.3161 

Estimating optimal shrinkage intensity lambda.var (variance vector): 0.0903 

Estimating optimal shrinkage intensity lambda (correlation matrix): 0.2408 

Estimating optimal shrinkage intensity lambda.var (variance vector): 0.076 

Estimating optimal shrinkage intensity lambda (correlation matrix): 0.2478 

Estimating optimal shrinkage intensity lambda.var (variance vector): 0.1128 

Estimating optimal shrinkage intensity lambda (correlation matrix): 0.2003 

Estimating optimal shrinkage intensity lambda.var (variance vector): 0.0945 

Estimating optimal shrinkage intensity lambda (correlation matrix): 0.3721 

Estimating optimal shrinkage intensity lambda.var (variance vector): 0.0695 

Estimating optimal shrinkage intensity lambda (correlation matrix): 0.3189 

Estimating optimal shrinkage intensity lambda.var (variance vector): 0.0804 

Estimating optimal shrinkage intensity lambda (correlation matrix): 0.2871 

Estimating optimal shrinkage intensity lambda.var (variance vector): 0.0778 

Estimating optimal shrinkage intensity lambda (correlation matrix): 0.3193 

[1] "Round 10"
Estimating optimal shrinkage intensity lambda.var (variance vector): 0.0981 

Estimating optimal shrinkage intensity lambda (correlation matrix): 0.2842 

Estimating optimal shrinkage intensity lambda.var (variance vector): 0.077 

Estimating optimal shrinkage intensity lambda (correlation matrix): 0.3184 

Estimating optimal shrinkage intensity lambda.var (variance vector): 0.0867 

Estimating optimal shrinkage intensity lambda (correlation matrix): 0.2583 

Estimating optimal shrinkage intensity lambda.var (variance vector): 0.0687 

Estimating optimal shrinkage intensity lambda (correlation matrix): 0.3288 

Estimating optimal shrinkage intensity lambda.var (variance vector): 0.0627 

Estimating optimal shrinkage intensity lambda (correlation matrix): 0.3031 

Estimating optimal shrinkage intensity lambda.var (variance vector): 0.0711 

Estimating optimal shrinkage intensity lambda (correlation matrix): 0.2619 

Estimating optimal shrinkage intensity lambda.var (variance vector): 0.0537 

Estimating optimal shrinkage intensity lambda (correlation matrix): 0.3722 

Estimating optimal shrinkage intensity lambda.var (variance vector): 0.0952 

Estimating optimal shrinkage intensity lambda (correlation matrix): 0.2794 

Estimating optimal shrinkage intensity lambda.var (variance vector): 0.0734 

Estimating optimal shrinkage intensity lambda (correlation matrix): 0.3482 

Estimating optimal shrinkage intensity lambda.var (variance vector): 0.0733 

Estimating optimal shrinkage intensity lambda (correlation matrix): 0.3392 

[1] "Round 20"
Estimating optimal shrinkage intensity lambda.var (variance vector): 0.0919 

Estimating optimal shrinkage intensity lambda (correlation matrix): 0.3795 

Estimating optimal shrinkage intensity lambda.var (variance vector): 0.0632 

Estimating optimal shrinkage intensity lambda (correlation matrix): 0.3224 

Estimating optimal shrinkage intensity lambda.var (variance vector): 0.058 

Estimating optimal shrinkage intensity lambda (correlation matrix): 0.2524 

Estimating optimal shrinkage intensity lambda.var (variance vector): 0.0809 

Estimating optimal shrinkage intensity lambda (correlation matrix): 0.2932 

Estimating optimal shrinkage intensity lambda.var (variance vector): 0.0848 

Estimating optimal shrinkage intensity lambda (correlation matrix): 0.2026 

Estimating optimal shrinkage intensity lambda.var (variance vector): 0.1094 

Estimating optimal shrinkage intensity lambda (correlation matrix): 0.2236 

Estimating optimal shrinkage intensity lambda.var (variance vector): 0.1036 

Estimating optimal shrinkage intensity lambda (correlation matrix): 0.2566 

Estimating optimal shrinkage intensity lambda.var (variance vector): 0.0643 

Estimating optimal shrinkage intensity lambda (correlation matrix): 0.2675 

Estimating optimal shrinkage intensity lambda.var (variance vector): 0.0577 

Estimating optimal shrinkage intensity lambda (correlation matrix): 0.2657 

Estimating optimal shrinkage intensity lambda.var (variance vector): 0.1151 

Estimating optimal shrinkage intensity lambda (correlation matrix): 0.3119 

[1] "Round 30"
Estimating optimal shrinkage intensity lambda.var (variance vector): 0.0888 

Estimating optimal shrinkage intensity lambda (correlation matrix): 0.2054 

Estimating optimal shrinkage intensity lambda.var (variance vector): 0.1132 

Estimating optimal shrinkage intensity lambda (correlation matrix): 0.2652 

Estimating optimal shrinkage intensity lambda.var (variance vector): 0.071 

Estimating optimal shrinkage intensity lambda (correlation matrix): 0.3113 

Estimating optimal shrinkage intensity lambda.var (variance vector): 0.0824 

Estimating optimal shrinkage intensity lambda (correlation matrix): 0.3854 

Estimating optimal shrinkage intensity lambda.var (variance vector): 0.06 

Estimating optimal shrinkage intensity lambda (correlation matrix): 0.3475 

Estimating optimal shrinkage intensity lambda.var (variance vector): 0.0722 

Estimating optimal shrinkage intensity lambda (correlation matrix): 0.3196 

Estimating optimal shrinkage intensity lambda.var (variance vector): 0.0591 

Estimating optimal shrinkage intensity lambda (correlation matrix): 0.2156 

Estimating optimal shrinkage intensity lambda.var (variance vector): 0.0958 

Estimating optimal shrinkage intensity lambda (correlation matrix): 0.2104 

Estimating optimal shrinkage intensity lambda.var (variance vector): 0.081 

Estimating optimal shrinkage intensity lambda (correlation matrix): 0.2694 

Estimating optimal shrinkage intensity lambda.var (variance vector): 0.0717 

Estimating optimal shrinkage intensity lambda (correlation matrix): 0.2339 

[1] "Round 40"
Estimating optimal shrinkage intensity lambda.var (variance vector): 0.1349 

Estimating optimal shrinkage intensity lambda (correlation matrix): 0.209 

Estimating optimal shrinkage intensity lambda.var (variance vector): 0.0642 

Estimating optimal shrinkage intensity lambda (correlation matrix): 0.275 

Estimating optimal shrinkage intensity lambda.var (variance vector): 0.0706 

Estimating optimal shrinkage intensity lambda (correlation matrix): 0.3179 

Estimating optimal shrinkage intensity lambda.var (variance vector): 0.1336 

Estimating optimal shrinkage intensity lambda (correlation matrix): 0.1911 

Estimating optimal shrinkage intensity lambda.var (variance vector): 0.0692 

Estimating optimal shrinkage intensity lambda (correlation matrix): 0.2582 

Estimating optimal shrinkage intensity lambda.var (variance vector): 0.0572 

Estimating optimal shrinkage intensity lambda (correlation matrix): 0.2562 

Estimating optimal shrinkage intensity lambda.var (variance vector): 0.0594 

Estimating optimal shrinkage intensity lambda (correlation matrix): 0.3329 

Estimating optimal shrinkage intensity lambda.var (variance vector): 0.0935 

Estimating optimal shrinkage intensity lambda (correlation matrix): 0.2414 

Estimating optimal shrinkage intensity lambda.var (variance vector): 0.0742 

Estimating optimal shrinkage intensity lambda (correlation matrix): 0.2961 

Estimating optimal shrinkage intensity lambda.var (variance vector): 0.0722 

Estimating optimal shrinkage intensity lambda (correlation matrix): 0.3033 

[1] "Round 50"
Estimating optimal shrinkage intensity lambda.var (variance vector): 0.0763 

Estimating optimal shrinkage intensity lambda (correlation matrix): 0.2282 

Estimating optimal shrinkage intensity lambda.var (variance vector): 0.0563 

Estimating optimal shrinkage intensity lambda (correlation matrix): 0.2748 

Estimating optimal shrinkage intensity lambda.var (variance vector): 0.094 

Estimating optimal shrinkage intensity lambda (correlation matrix): 0.3646 

Estimating optimal shrinkage intensity lambda.var (variance vector): 0.0783 

Estimating optimal shrinkage intensity lambda (correlation matrix): 0.3447 

Estimating optimal shrinkage intensity lambda.var (variance vector): 0.0715 

Estimating optimal shrinkage intensity lambda (correlation matrix): 0.4248 

Estimating optimal shrinkage intensity lambda.var (variance vector): 0.0937 

Estimating optimal shrinkage intensity lambda (correlation matrix): 0.228 

Estimating optimal shrinkage intensity lambda.var (variance vector): 0.0662 

Estimating optimal shrinkage intensity lambda (correlation matrix): 0.3752 

Estimating optimal shrinkage intensity lambda.var (variance vector): 0.0586 

Estimating optimal shrinkage intensity lambda (correlation matrix): 0.2703 

Estimating optimal shrinkage intensity lambda.var (variance vector): 0.0919 

Estimating optimal shrinkage intensity lambda (correlation matrix): 0.3073 

Estimating optimal shrinkage intensity lambda.var (variance vector): 0.0763 

Estimating optimal shrinkage intensity lambda (correlation matrix): 0.2165 

[1] "Round 60"
Estimating optimal shrinkage intensity lambda.var (variance vector): 0.0765 

Estimating optimal shrinkage intensity lambda (correlation matrix): 0.2785 

Estimating optimal shrinkage intensity lambda.var (variance vector): 0.0704 

Estimating optimal shrinkage intensity lambda (correlation matrix): 0.2589 

Estimating optimal shrinkage intensity lambda.var (variance vector): 0.0767 

Estimating optimal shrinkage intensity lambda (correlation matrix): 0.375 

Estimating optimal shrinkage intensity lambda.var (variance vector): 0.0754 

Estimating optimal shrinkage intensity lambda (correlation matrix): 0.3646 

Estimating optimal shrinkage intensity lambda.var (variance vector): 0.0741 

Estimating optimal shrinkage intensity lambda (correlation matrix): 0.3852 

Estimating optimal shrinkage intensity lambda.var (variance vector): 0.0612 

Estimating optimal shrinkage intensity lambda (correlation matrix): 0.2613 

Estimating optimal shrinkage intensity lambda.var (variance vector): 0.0754 

Estimating optimal shrinkage intensity lambda (correlation matrix): 0.336 

Estimating optimal shrinkage intensity lambda.var (variance vector): 0.0746 

Estimating optimal shrinkage intensity lambda (correlation matrix): 0.2875 

Estimating optimal shrinkage intensity lambda.var (variance vector): 0.07 

Estimating optimal shrinkage intensity lambda (correlation matrix): 0.3937 

Estimating optimal shrinkage intensity lambda.var (variance vector): 0.0925 

Estimating optimal shrinkage intensity lambda (correlation matrix): 0.3453 

[1] "Round 70"
Estimating optimal shrinkage intensity lambda.var (variance vector): 0.0749 

Estimating optimal shrinkage intensity lambda (correlation matrix): 0.2627 

Estimating optimal shrinkage intensity lambda.var (variance vector): 0.0886 

Estimating optimal shrinkage intensity lambda (correlation matrix): 0.4013 

Estimating optimal shrinkage intensity lambda.var (variance vector): 0.0845 

Estimating optimal shrinkage intensity lambda (correlation matrix): 0.348 

Estimating optimal shrinkage intensity lambda.var (variance vector): 0.0809 

Estimating optimal shrinkage intensity lambda (correlation matrix): 0.2343 

Estimating optimal shrinkage intensity lambda.var (variance vector): 0.0938 

Estimating optimal shrinkage intensity lambda (correlation matrix): 0.2647 

Estimating optimal shrinkage intensity lambda.var (variance vector): 0.0557 

Estimating optimal shrinkage intensity lambda (correlation matrix): 0.3897 

Estimating optimal shrinkage intensity lambda.var (variance vector): 0.0675 

Estimating optimal shrinkage intensity lambda (correlation matrix): 0.1917 

Estimating optimal shrinkage intensity lambda.var (variance vector): 0.0693 

Estimating optimal shrinkage intensity lambda (correlation matrix): 0.3184 

Estimating optimal shrinkage intensity lambda.var (variance vector): 0.0663 

Estimating optimal shrinkage intensity lambda (correlation matrix): 0.3682 

Estimating optimal shrinkage intensity lambda.var (variance vector): 0.0574 

Estimating optimal shrinkage intensity lambda (correlation matrix): 0.416 

[1] "Round 80"
Estimating optimal shrinkage intensity lambda.var (variance vector): 0.0751 

Estimating optimal shrinkage intensity lambda (correlation matrix): 0.2134 

Estimating optimal shrinkage intensity lambda.var (variance vector): 0.0966 

Estimating optimal shrinkage intensity lambda (correlation matrix): 0.342 

Estimating optimal shrinkage intensity lambda.var (variance vector): 0.0635 

Estimating optimal shrinkage intensity lambda (correlation matrix): 0.3284 

Estimating optimal shrinkage intensity lambda.var (variance vector): 0.0745 

Estimating optimal shrinkage intensity lambda (correlation matrix): 0.3405 

Estimating optimal shrinkage intensity lambda.var (variance vector): 0.0747 

Estimating optimal shrinkage intensity lambda (correlation matrix): 0.2903 

Estimating optimal shrinkage intensity lambda.var (variance vector): 0.0814 

Estimating optimal shrinkage intensity lambda (correlation matrix): 0.3836 

Estimating optimal shrinkage intensity lambda.var (variance vector): 0.0798 

Estimating optimal shrinkage intensity lambda (correlation matrix): 0.2665 

Estimating optimal shrinkage intensity lambda.var (variance vector): 0.054 

Estimating optimal shrinkage intensity lambda (correlation matrix): 0.2681 

Estimating optimal shrinkage intensity lambda.var (variance vector): 0.0797 

Estimating optimal shrinkage intensity lambda (correlation matrix): 0.271 

Estimating optimal shrinkage intensity lambda.var (variance vector): 0.0681 

Estimating optimal shrinkage intensity lambda (correlation matrix): 0.2438 

[1] "Round 90"
Estimating optimal shrinkage intensity lambda.var (variance vector): 0.0778 

Estimating optimal shrinkage intensity lambda (correlation matrix): 0.3612 

Estimating optimal shrinkage intensity lambda.var (variance vector): 0.052 

Estimating optimal shrinkage intensity lambda (correlation matrix): 0.3672 

Estimating optimal shrinkage intensity lambda.var (variance vector): 0.0899 

Estimating optimal shrinkage intensity lambda (correlation matrix): 0.4199 

Estimating optimal shrinkage intensity lambda.var (variance vector): 0.0839 

Estimating optimal shrinkage intensity lambda (correlation matrix): 0.3706 

Estimating optimal shrinkage intensity lambda.var (variance vector): 0.0749 

Estimating optimal shrinkage intensity lambda (correlation matrix): 0.3186 

Estimating optimal shrinkage intensity lambda.var (variance vector): 0.0778 

Estimating optimal shrinkage intensity lambda (correlation matrix): 0.3393 

Estimating optimal shrinkage intensity lambda.var (variance vector): 0.0893 

Estimating optimal shrinkage intensity lambda (correlation matrix): 0.2812 

Estimating optimal shrinkage intensity lambda.var (variance vector): 0.065 

Estimating optimal shrinkage intensity lambda (correlation matrix): 0.2601 

Estimating optimal shrinkage intensity lambda.var (variance vector): 0.0787 

Estimating optimal shrinkage intensity lambda (correlation matrix): 0.419 

Estimating optimal shrinkage intensity lambda.var (variance vector): 0.0728 

Estimating optimal shrinkage intensity lambda (correlation matrix): 0.3058 

[1] "Round 100"
Estimating optimal shrinkage intensity lambda.var (variance vector): 0.0811 

Estimating optimal shrinkage intensity lambda (correlation matrix): 0.2515 

Time difference of 1.311574 mins
[1] "Debi"
                          lam   MSEout  MAEout selected     sum_beta
bootstrap_mean     0.35886933 6467.114 35.8552       80 9.538811e-17
bootstrap_mean_std 0.04430579    0.000  0.0000        0 6.817604e-17
