WARNING: ignoring environment value of R_HOME
Loading required package: Matrix
Loaded glmnet 4.1-8
Loaded lars 1.3

Estimating optimal shrinkage intensity lambda.var (variance vector): 0.8673 

Estimating optimal shrinkage intensity lambda (correlation matrix): 0.5036 

[1] "Round 2"
Estimating optimal shrinkage intensity lambda.var (variance vector): 0.9503 

Estimating optimal shrinkage intensity lambda (correlation matrix): 0.4329 

Estimating optimal shrinkage intensity lambda.var (variance vector): 0.8673 

Estimating optimal shrinkage intensity lambda (correlation matrix): 0.6493 

[1] "Round 4"
Estimating optimal shrinkage intensity lambda.var (variance vector): 0.9285 

Estimating optimal shrinkage intensity lambda (correlation matrix): 0.5264 

Estimating optimal shrinkage intensity lambda.var (variance vector): 0.8159 

Estimating optimal shrinkage intensity lambda (correlation matrix): 0.4731 

[1] "Round 6"
Estimating optimal shrinkage intensity lambda.var (variance vector): 0.9156 

Estimating optimal shrinkage intensity lambda (correlation matrix): 0.4422 

Estimating optimal shrinkage intensity lambda.var (variance vector): 0.8423 

Estimating optimal shrinkage intensity lambda (correlation matrix): 0.6197 

[1] "Round 8"
Estimating optimal shrinkage intensity lambda.var (variance vector): 1 

Estimating optimal shrinkage intensity lambda (correlation matrix): 0.3856 

Estimating optimal shrinkage intensity lambda.var (variance vector): 0.7573 

Estimating optimal shrinkage intensity lambda (correlation matrix): 0.533 

[1] "Round 10"
Estimating optimal shrinkage intensity lambda.var (variance vector): 0.9273 

Estimating optimal shrinkage intensity lambda (correlation matrix): 0.6232 

Estimating optimal shrinkage intensity lambda.var (variance vector): 0.8859 

Estimating optimal shrinkage intensity lambda (correlation matrix): 0.4208 

[1] "Round 12"
Estimating optimal shrinkage intensity lambda.var (variance vector): 0.7887 

Estimating optimal shrinkage intensity lambda (correlation matrix): 0.503 

Estimating optimal shrinkage intensity lambda.var (variance vector): 0.9005 

Estimating optimal shrinkage intensity lambda (correlation matrix): 0.3888 

[1] "Round 14"
Estimating optimal shrinkage intensity lambda.var (variance vector): 0.9391 

Estimating optimal shrinkage intensity lambda (correlation matrix): 0.5829 

Estimating optimal shrinkage intensity lambda.var (variance vector): 0.9632 

Estimating optimal shrinkage intensity lambda (correlation matrix): 0.4259 

[1] "Round 16"
Estimating optimal shrinkage intensity lambda.var (variance vector): 0.9131 

Estimating optimal shrinkage intensity lambda (correlation matrix): 0.4936 

Estimating optimal shrinkage intensity lambda.var (variance vector): 0.9213 

Estimating optimal shrinkage intensity lambda (correlation matrix): 0.5864 

[1] "Round 18"
Estimating optimal shrinkage intensity lambda.var (variance vector): 0.919 

Estimating optimal shrinkage intensity lambda (correlation matrix): 0.5445 

Estimating optimal shrinkage intensity lambda.var (variance vector): 0.9792 

Estimating optimal shrinkage intensity lambda (correlation matrix): 0.5153 

[1] "Round 20"
Estimating optimal shrinkage intensity lambda.var (variance vector): 0.8918 

Estimating optimal shrinkage intensity lambda (correlation matrix): 0.6482 

Estimating optimal shrinkage intensity lambda.var (variance vector): 0.8435 

Estimating optimal shrinkage intensity lambda (correlation matrix): 0.5979 

[1] "Round 22"
Estimating optimal shrinkage intensity lambda.var (variance vector): 0.862 

Estimating optimal shrinkage intensity lambda (correlation matrix): 0.4931 

Estimating optimal shrinkage intensity lambda.var (variance vector): 0.9744 

Estimating optimal shrinkage intensity lambda (correlation matrix): 0.6073 

[1] "Round 24"
Estimating optimal shrinkage intensity lambda.var (variance vector): 0.9531 

Estimating optimal shrinkage intensity lambda (correlation matrix): 0.5954 

Estimating optimal shrinkage intensity lambda.var (variance vector): 0.7581 

Estimating optimal shrinkage intensity lambda (correlation matrix): 0.6685 

[1] "Round 26"
Estimating optimal shrinkage intensity lambda.var (variance vector): 0.8243 

Estimating optimal shrinkage intensity lambda (correlation matrix): 0.494 

Estimating optimal shrinkage intensity lambda.var (variance vector): 0.9105 

Estimating optimal shrinkage intensity lambda (correlation matrix): 0.5884 

[1] "Round 28"
Estimating optimal shrinkage intensity lambda.var (variance vector): 1 

Estimating optimal shrinkage intensity lambda (correlation matrix): 0.4333 

Estimating optimal shrinkage intensity lambda.var (variance vector): 0.7367 

Estimating optimal shrinkage intensity lambda (correlation matrix): 0.5591 

[1] "Round 30"
Estimating optimal shrinkage intensity lambda.var (variance vector): 0.8515 

Estimating optimal shrinkage intensity lambda (correlation matrix): 0.4532 

Estimating optimal shrinkage intensity lambda.var (variance vector): 0.8433 

Estimating optimal shrinkage intensity lambda (correlation matrix): 0.5153 

[1] "Round 32"
Estimating optimal shrinkage intensity lambda.var (variance vector): 0.9029 

Estimating optimal shrinkage intensity lambda (correlation matrix): 0.5883 

Estimating optimal shrinkage intensity lambda.var (variance vector): 0.8654 

Estimating optimal shrinkage intensity lambda (correlation matrix): 0.5448 

[1] "Round 34"
Estimating optimal shrinkage intensity lambda.var (variance vector): 0.9101 

Estimating optimal shrinkage intensity lambda (correlation matrix): 0.5564 

Estimating optimal shrinkage intensity lambda.var (variance vector): 0.8591 

Estimating optimal shrinkage intensity lambda (correlation matrix): 0.5877 

[1] "Round 36"
Estimating optimal shrinkage intensity lambda.var (variance vector): 0.8302 

Estimating optimal shrinkage intensity lambda (correlation matrix): 0.6242 

Estimating optimal shrinkage intensity lambda.var (variance vector): 0.86 

Estimating optimal shrinkage intensity lambda (correlation matrix): 0.4904 

[1] "Round 38"
Estimating optimal shrinkage intensity lambda.var (variance vector): 1 

Estimating optimal shrinkage intensity lambda (correlation matrix): 0.5928 

Estimating optimal shrinkage intensity lambda.var (variance vector): 0.8197 

Estimating optimal shrinkage intensity lambda (correlation matrix): 0.4471 

[1] "Round 40"
Estimating optimal shrinkage intensity lambda.var (variance vector): 0.9067 

Estimating optimal shrinkage intensity lambda (correlation matrix): 0.5631 

Estimating optimal shrinkage intensity lambda.var (variance vector): 0.902 

Estimating optimal shrinkage intensity lambda (correlation matrix): 0.5884 

[1] "Round 42"
Estimating optimal shrinkage intensity lambda.var (variance vector): 0.89 

Estimating optimal shrinkage intensity lambda (correlation matrix): 0.4289 

Estimating optimal shrinkage intensity lambda.var (variance vector): 0.9249 

Estimating optimal shrinkage intensity lambda (correlation matrix): 0.5909 

[1] "Round 44"
Estimating optimal shrinkage intensity lambda.var (variance vector): 0.9106 

Estimating optimal shrinkage intensity lambda (correlation matrix): 0.5848 

Estimating optimal shrinkage intensity lambda.var (variance vector): 0.9182 

Estimating optimal shrinkage intensity lambda (correlation matrix): 0.5359 

[1] "Round 46"
Estimating optimal shrinkage intensity lambda.var (variance vector): 0.9717 

Estimating optimal shrinkage intensity lambda (correlation matrix): 0.6011 

Estimating optimal shrinkage intensity lambda.var (variance vector): 0.9567 

Estimating optimal shrinkage intensity lambda (correlation matrix): 0.6075 

[1] "Round 48"
Estimating optimal shrinkage intensity lambda.var (variance vector): 0.9251 

Estimating optimal shrinkage intensity lambda (correlation matrix): 0.3854 

Estimating optimal shrinkage intensity lambda.var (variance vector): 0.8849 

Estimating optimal shrinkage intensity lambda (correlation matrix): 0.6219 

[1] "Round 50"
Estimating optimal shrinkage intensity lambda.var (variance vector): 0.8998 

Estimating optimal shrinkage intensity lambda (correlation matrix): 0.5076 

Estimating optimal shrinkage intensity lambda.var (variance vector): 0.7909 

Estimating optimal shrinkage intensity lambda (correlation matrix): 0.4788 

[1] "Round 52"
Estimating optimal shrinkage intensity lambda.var (variance vector): 0.9047 

Estimating optimal shrinkage intensity lambda (correlation matrix): 0.5528 

Estimating optimal shrinkage intensity lambda.var (variance vector): 0.8374 

Estimating optimal shrinkage intensity lambda (correlation matrix): 0.6381 

[1] "Round 54"
Estimating optimal shrinkage intensity lambda.var (variance vector): 0.8249 

Estimating optimal shrinkage intensity lambda (correlation matrix): 0.6272 

Estimating optimal shrinkage intensity lambda.var (variance vector): 1 

Estimating optimal shrinkage intensity lambda (correlation matrix): 0.5079 

[1] "Round 56"
Estimating optimal shrinkage intensity lambda.var (variance vector): 0.9763 

Estimating optimal shrinkage intensity lambda (correlation matrix): 0.5535 

Estimating optimal shrinkage intensity lambda.var (variance vector): 0.7849 

Estimating optimal shrinkage intensity lambda (correlation matrix): 0.5281 

[1] "Round 58"
Estimating optimal shrinkage intensity lambda.var (variance vector): 0.9341 

Estimating optimal shrinkage intensity lambda (correlation matrix): 0.4948 

Estimating optimal shrinkage intensity lambda.var (variance vector): 0.8108 

Estimating optimal shrinkage intensity lambda (correlation matrix): 0.4877 

[1] "Round 60"
Estimating optimal shrinkage intensity lambda.var (variance vector): 0.8719 

Estimating optimal shrinkage intensity lambda (correlation matrix): 0.3946 

Estimating optimal shrinkage intensity lambda.var (variance vector): 0.9265 

Estimating optimal shrinkage intensity lambda (correlation matrix): 0.6855 

[1] "Round 62"
Estimating optimal shrinkage intensity lambda.var (variance vector): 0.8858 

Estimating optimal shrinkage intensity lambda (correlation matrix): 0.5427 

Estimating optimal shrinkage intensity lambda.var (variance vector): 0.9218 

Estimating optimal shrinkage intensity lambda (correlation matrix): 0.6084 

[1] "Round 64"
Estimating optimal shrinkage intensity lambda.var (variance vector): 0.95 

Estimating optimal shrinkage intensity lambda (correlation matrix): 0.5553 

Estimating optimal shrinkage intensity lambda.var (variance vector): 0.841 

Estimating optimal shrinkage intensity lambda (correlation matrix): 0.4253 

[1] "Round 66"
Estimating optimal shrinkage intensity lambda.var (variance vector): 0.9246 

Estimating optimal shrinkage intensity lambda (correlation matrix): 0.5497 

Estimating optimal shrinkage intensity lambda.var (variance vector): 0.9871 

Estimating optimal shrinkage intensity lambda (correlation matrix): 0.4191 

[1] "Round 68"
Estimating optimal shrinkage intensity lambda.var (variance vector): 0.6985 

Estimating optimal shrinkage intensity lambda (correlation matrix): 0.4615 

Estimating optimal shrinkage intensity lambda.var (variance vector): 1 

Estimating optimal shrinkage intensity lambda (correlation matrix): 0.4514 

[1] "Round 70"
Estimating optimal shrinkage intensity lambda.var (variance vector): 0.9281 

Estimating optimal shrinkage intensity lambda (correlation matrix): 0.5337 

Estimating optimal shrinkage intensity lambda.var (variance vector): 0.9376 

Estimating optimal shrinkage intensity lambda (correlation matrix): 0.5172 

[1] "Round 72"
Estimating optimal shrinkage intensity lambda.var (variance vector): 0.9161 

Estimating optimal shrinkage intensity lambda (correlation matrix): 0.5339 

Estimating optimal shrinkage intensity lambda.var (variance vector): 0.907 

Estimating optimal shrinkage intensity lambda (correlation matrix): 0.6235 

[1] "Round 74"
Estimating optimal shrinkage intensity lambda.var (variance vector): 0.8065 

Estimating optimal shrinkage intensity lambda (correlation matrix): 0.5809 

Estimating optimal shrinkage intensity lambda.var (variance vector): 1 

Estimating optimal shrinkage intensity lambda (correlation matrix): 0.3805 

[1] "Round 76"
Estimating optimal shrinkage intensity lambda.var (variance vector): 0.9879 

Estimating optimal shrinkage intensity lambda (correlation matrix): 0.5665 

Estimating optimal shrinkage intensity lambda.var (variance vector): 0.9264 

Estimating optimal shrinkage intensity lambda (correlation matrix): 0.557 

[1] "Round 78"
Estimating optimal shrinkage intensity lambda.var (variance vector): 0.8683 

Estimating optimal shrinkage intensity lambda (correlation matrix): 0.6007 

Estimating optimal shrinkage intensity lambda.var (variance vector): 0.8221 

Estimating optimal shrinkage intensity lambda (correlation matrix): 0.3829 

[1] "Round 80"
Estimating optimal shrinkage intensity lambda.var (variance vector): 0.776 

Estimating optimal shrinkage intensity lambda (correlation matrix): 0.5108 

Estimating optimal shrinkage intensity lambda.var (variance vector): 0.8711 

Estimating optimal shrinkage intensity lambda (correlation matrix): 0.559 

[1] "Round 82"
Estimating optimal shrinkage intensity lambda.var (variance vector): 0.9019 

Estimating optimal shrinkage intensity lambda (correlation matrix): 0.6299 

Estimating optimal shrinkage intensity lambda.var (variance vector): 0.8716 

Estimating optimal shrinkage intensity lambda (correlation matrix): 0.4211 

[1] "Round 84"
Estimating optimal shrinkage intensity lambda.var (variance vector): 0.7039 

Estimating optimal shrinkage intensity lambda (correlation matrix): 0.5455 

Estimating optimal shrinkage intensity lambda.var (variance vector): 0.8484 

Estimating optimal shrinkage intensity lambda (correlation matrix): 0.577 

[1] "Round 86"
Estimating optimal shrinkage intensity lambda.var (variance vector): 0.8898 

Estimating optimal shrinkage intensity lambda (correlation matrix): 0.533 

Estimating optimal shrinkage intensity lambda.var (variance vector): 0.8432 

Estimating optimal shrinkage intensity lambda (correlation matrix): 0.6798 

[1] "Round 88"
Estimating optimal shrinkage intensity lambda.var (variance vector): 0.8046 

Estimating optimal shrinkage intensity lambda (correlation matrix): 0.6081 

Estimating optimal shrinkage intensity lambda.var (variance vector): 0.8713 

Estimating optimal shrinkage intensity lambda (correlation matrix): 0.5644 

[1] "Round 90"
Estimating optimal shrinkage intensity lambda.var (variance vector): 0.8533 

Estimating optimal shrinkage intensity lambda (correlation matrix): 0.565 

Estimating optimal shrinkage intensity lambda.var (variance vector): 0.7433 

Estimating optimal shrinkage intensity lambda (correlation matrix): 0.5134 

[1] "Round 92"
Estimating optimal shrinkage intensity lambda.var (variance vector): 0.9241 

Estimating optimal shrinkage intensity lambda (correlation matrix): 0.5098 

Estimating optimal shrinkage intensity lambda.var (variance vector): 0.917 

Estimating optimal shrinkage intensity lambda (correlation matrix): 0.5023 

[1] "Round 94"
Estimating optimal shrinkage intensity lambda.var (variance vector): 0.8558 

Estimating optimal shrinkage intensity lambda (correlation matrix): 0.5401 

Estimating optimal shrinkage intensity lambda.var (variance vector): 0.9307 

Estimating optimal shrinkage intensity lambda (correlation matrix): 0.5502 

[1] "Round 96"
Estimating optimal shrinkage intensity lambda.var (variance vector): 0.892 

Estimating optimal shrinkage intensity lambda (correlation matrix): 0.6232 

Estimating optimal shrinkage intensity lambda.var (variance vector): 0.9328 

Estimating optimal shrinkage intensity lambda (correlation matrix): 0.5311 

[1] "Round 98"
Estimating optimal shrinkage intensity lambda.var (variance vector): 0.9086 

Estimating optimal shrinkage intensity lambda (correlation matrix): 0.4746 

Estimating optimal shrinkage intensity lambda.var (variance vector): 0.7423 

Estimating optimal shrinkage intensity lambda (correlation matrix): 0.6278 

[1] "Round 100"
Estimating optimal shrinkage intensity lambda.var (variance vector): 0.9209 

Estimating optimal shrinkage intensity lambda (correlation matrix): 0.5852 

[1] "data/Debi+lognormal_n100_p200_tau0.5_rho0.5_sigma0.5_Nsim100"
                        lambda        SE         PE      linf         FPR
bootstrap_mean     0.125487831 3.2946466 1.25169112 0.7582334 0.047164948
bootstrap_mean_std 0.004030053 0.0735974 0.02556749 0.0139553 0.001213579
                          FNR        TPR      sum_beta
bootstrap_mean     0.16166667 0.83833333 -1.156031e-19
bootstrap_mean_std 0.01195178 0.01195178  7.639223e-19
Time difference of 1.047799 mins
Estimating optimal shrinkage intensity lambda.var (variance vector): 0.9206 

Estimating optimal shrinkage intensity lambda (correlation matrix): 0.3495 

[1] "Round 2"
Estimating optimal shrinkage intensity lambda.var (variance vector): 0.8938 

Estimating optimal shrinkage intensity lambda (correlation matrix): 0.3064 

Estimating optimal shrinkage intensity lambda.var (variance vector): 0.8942 

Estimating optimal shrinkage intensity lambda (correlation matrix): 0.3431 

[1] "Round 4"
Estimating optimal shrinkage intensity lambda.var (variance vector): 0.9748 

Estimating optimal shrinkage intensity lambda (correlation matrix): 0.2806 

Estimating optimal shrinkage intensity lambda.var (variance vector): 0.9509 

Estimating optimal shrinkage intensity lambda (correlation matrix): 0.3455 

[1] "Round 6"
Estimating optimal shrinkage intensity lambda.var (variance vector): 0.8624 

Estimating optimal shrinkage intensity lambda (correlation matrix): 0.3834 

Estimating optimal shrinkage intensity lambda.var (variance vector): 0.8611 

Estimating optimal shrinkage intensity lambda (correlation matrix): 0.3187 

[1] "Round 8"
Estimating optimal shrinkage intensity lambda.var (variance vector): 0.8637 

Estimating optimal shrinkage intensity lambda (correlation matrix): 0.295 

Estimating optimal shrinkage intensity lambda.var (variance vector): 0.8376 

Estimating optimal shrinkage intensity lambda (correlation matrix): 0.296 

[1] "Round 10"
Estimating optimal shrinkage intensity lambda.var (variance vector): 0.9657 

Estimating optimal shrinkage intensity lambda (correlation matrix): 0.3233 

Estimating optimal shrinkage intensity lambda.var (variance vector): 0.9994 

Estimating optimal shrinkage intensity lambda (correlation matrix): 0.3387 

[1] "Round 12"
Estimating optimal shrinkage intensity lambda.var (variance vector): 0.8209 

Estimating optimal shrinkage intensity lambda (correlation matrix): 0.355 

Estimating optimal shrinkage intensity lambda.var (variance vector): 0.8789 

Estimating optimal shrinkage intensity lambda (correlation matrix): 0.359 

[1] "Round 14"
Estimating optimal shrinkage intensity lambda.var (variance vector): 0.7522 

Estimating optimal shrinkage intensity lambda (correlation matrix): 0.2806 

Estimating optimal shrinkage intensity lambda.var (variance vector): 0.9024 

Estimating optimal shrinkage intensity lambda (correlation matrix): 0.3486 

[1] "Round 16"
Estimating optimal shrinkage intensity lambda.var (variance vector): 0.8292 

Estimating optimal shrinkage intensity lambda (correlation matrix): 0.3077 

Estimating optimal shrinkage intensity lambda.var (variance vector): 0.9564 

Estimating optimal shrinkage intensity lambda (correlation matrix): 0.3265 

[1] "Round 18"
Estimating optimal shrinkage intensity lambda.var (variance vector): 0.8603 

Estimating optimal shrinkage intensity lambda (correlation matrix): 0.421 

Estimating optimal shrinkage intensity lambda.var (variance vector): 0.8384 

Estimating optimal shrinkage intensity lambda (correlation matrix): 0.4186 

[1] "Round 20"
Estimating optimal shrinkage intensity lambda.var (variance vector): 0.9158 

Estimating optimal shrinkage intensity lambda (correlation matrix): 0.4285 

Estimating optimal shrinkage intensity lambda.var (variance vector): 0.8468 

Estimating optimal shrinkage intensity lambda (correlation matrix): 0.2824 

[1] "Round 22"
Estimating optimal shrinkage intensity lambda.var (variance vector): 0.9317 

Estimating optimal shrinkage intensity lambda (correlation matrix): 0.3211 

Estimating optimal shrinkage intensity lambda.var (variance vector): 0.8631 

Estimating optimal shrinkage intensity lambda (correlation matrix): 0.3123 

[1] "Round 24"
Estimating optimal shrinkage intensity lambda.var (variance vector): 0.8696 

Estimating optimal shrinkage intensity lambda (correlation matrix): 0.3642 

Estimating optimal shrinkage intensity lambda.var (variance vector): 0.8449 

Estimating optimal shrinkage intensity lambda (correlation matrix): 0.2768 

[1] "Round 26"
Estimating optimal shrinkage intensity lambda.var (variance vector): 0.7782 

Estimating optimal shrinkage intensity lambda (correlation matrix): 0.3496 

Estimating optimal shrinkage intensity lambda.var (variance vector): 0.922 

Estimating optimal shrinkage intensity lambda (correlation matrix): 0.3549 

[1] "Round 28"
Estimating optimal shrinkage intensity lambda.var (variance vector): 0.9029 

Estimating optimal shrinkage intensity lambda (correlation matrix): 0.3832 

Estimating optimal shrinkage intensity lambda.var (variance vector): 0.9034 

Estimating optimal shrinkage intensity lambda (correlation matrix): 0.3904 

[1] "Round 30"
Estimating optimal shrinkage intensity lambda.var (variance vector): 0.8333 

Estimating optimal shrinkage intensity lambda (correlation matrix): 0.2921 

Estimating optimal shrinkage intensity lambda.var (variance vector): 0.9867 

Estimating optimal shrinkage intensity lambda (correlation matrix): 0.3313 

[1] "Round 32"
Estimating optimal shrinkage intensity lambda.var (variance vector): 0.7801 

Estimating optimal shrinkage intensity lambda (correlation matrix): 0.3592 

Estimating optimal shrinkage intensity lambda.var (variance vector): 0.8413 

Estimating optimal shrinkage intensity lambda (correlation matrix): 0.3039 

[1] "Round 34"
Estimating optimal shrinkage intensity lambda.var (variance vector): 0.9397 

Estimating optimal shrinkage intensity lambda (correlation matrix): 0.3445 

Estimating optimal shrinkage intensity lambda.var (variance vector): 0.9102 

Estimating optimal shrinkage intensity lambda (correlation matrix): 0.41 

[1] "Round 36"
Estimating optimal shrinkage intensity lambda.var (variance vector): 0.8951 

Estimating optimal shrinkage intensity lambda (correlation matrix): 0.2905 

Estimating optimal shrinkage intensity lambda.var (variance vector): 0.8994 

Estimating optimal shrinkage intensity lambda (correlation matrix): 0.3332 

[1] "Round 38"
Estimating optimal shrinkage intensity lambda.var (variance vector): 0.8331 

Estimating optimal shrinkage intensity lambda (correlation matrix): 0.3933 

Estimating optimal shrinkage intensity lambda.var (variance vector): 0.892 

Estimating optimal shrinkage intensity lambda (correlation matrix): 0.3622 

[1] "Round 40"
Estimating optimal shrinkage intensity lambda.var (variance vector): 0.785 

Estimating optimal shrinkage intensity lambda (correlation matrix): 0.3591 

Estimating optimal shrinkage intensity lambda.var (variance vector): 0.8319 

Estimating optimal shrinkage intensity lambda (correlation matrix): 0.328 

[1] "Round 42"
Estimating optimal shrinkage intensity lambda.var (variance vector): 0.9373 

Estimating optimal shrinkage intensity lambda (correlation matrix): 0.3489 

Estimating optimal shrinkage intensity lambda.var (variance vector): 0.8894 

Estimating optimal shrinkage intensity lambda (correlation matrix): 0.4061 

[1] "Round 44"
Estimating optimal shrinkage intensity lambda.var (variance vector): 0.8409 

Estimating optimal shrinkage intensity lambda (correlation matrix): 0.3241 

Estimating optimal shrinkage intensity lambda.var (variance vector): 0.8604 

Estimating optimal shrinkage intensity lambda (correlation matrix): 0.3195 

[1] "Round 46"
Estimating optimal shrinkage intensity lambda.var (variance vector): 0.8476 

Estimating optimal shrinkage intensity lambda (correlation matrix): 0.3066 

Estimating optimal shrinkage intensity lambda.var (variance vector): 0.9011 

Estimating optimal shrinkage intensity lambda (correlation matrix): 0.3339 

[1] "Round 48"
Estimating optimal shrinkage intensity lambda.var (variance vector): 0.8432 

Estimating optimal shrinkage intensity lambda (correlation matrix): 0.3282 

Estimating optimal shrinkage intensity lambda.var (variance vector): 0.9109 

Estimating optimal shrinkage intensity lambda (correlation matrix): 0.3868 

[1] "Round 50"
Estimating optimal shrinkage intensity lambda.var (variance vector): 0.8435 

Estimating optimal shrinkage intensity lambda (correlation matrix): 0.336 

Estimating optimal shrinkage intensity lambda.var (variance vector): 0.8509 

Estimating optimal shrinkage intensity lambda (correlation matrix): 0.3991 

[1] "Round 52"
Estimating optimal shrinkage intensity lambda.var (variance vector): 0.8376 

Estimating optimal shrinkage intensity lambda (correlation matrix): 0.4398 

Estimating optimal shrinkage intensity lambda.var (variance vector): 0.888 

Estimating optimal shrinkage intensity lambda (correlation matrix): 0.3593 

[1] "Round 54"
Estimating optimal shrinkage intensity lambda.var (variance vector): 0.8655 

Estimating optimal shrinkage intensity lambda (correlation matrix): 0.3701 

Estimating optimal shrinkage intensity lambda.var (variance vector): 0.7828 

Estimating optimal shrinkage intensity lambda (correlation matrix): 0.2852 

[1] "Round 56"
Estimating optimal shrinkage intensity lambda.var (variance vector): 0.8795 

Estimating optimal shrinkage intensity lambda (correlation matrix): 0.4392 

Estimating optimal shrinkage intensity lambda.var (variance vector): 0.9438 

Estimating optimal shrinkage intensity lambda (correlation matrix): 0.3705 

[1] "Round 58"
Estimating optimal shrinkage intensity lambda.var (variance vector): 0.8047 

Estimating optimal shrinkage intensity lambda (correlation matrix): 0.3639 

Estimating optimal shrinkage intensity lambda.var (variance vector): 0.9204 

Estimating optimal shrinkage intensity lambda (correlation matrix): 0.3437 

[1] "Round 60"
Estimating optimal shrinkage intensity lambda.var (variance vector): 0.7506 

Estimating optimal shrinkage intensity lambda (correlation matrix): 0.4122 

Estimating optimal shrinkage intensity lambda.var (variance vector): 0.8899 

Estimating optimal shrinkage intensity lambda (correlation matrix): 0.3293 

[1] "Round 62"
Estimating optimal shrinkage intensity lambda.var (variance vector): 0.9208 

Estimating optimal shrinkage intensity lambda (correlation matrix): 0.271 

Estimating optimal shrinkage intensity lambda.var (variance vector): 0.928 

Estimating optimal shrinkage intensity lambda (correlation matrix): 0.318 

[1] "Round 64"
Estimating optimal shrinkage intensity lambda.var (variance vector): 0.8988 

Estimating optimal shrinkage intensity lambda (correlation matrix): 0.3528 

Estimating optimal shrinkage intensity lambda.var (variance vector): 0.9074 

Estimating optimal shrinkage intensity lambda (correlation matrix): 0.325 

[1] "Round 66"
Estimating optimal shrinkage intensity lambda.var (variance vector): 0.8532 

Estimating optimal shrinkage intensity lambda (correlation matrix): 0.3465 

Estimating optimal shrinkage intensity lambda.var (variance vector): 0.9206 

Estimating optimal shrinkage intensity lambda (correlation matrix): 0.3612 

[1] "Round 68"
Estimating optimal shrinkage intensity lambda.var (variance vector): 0.7425 

Estimating optimal shrinkage intensity lambda (correlation matrix): 0.3346 

Estimating optimal shrinkage intensity lambda.var (variance vector): 0.8334 

Estimating optimal shrinkage intensity lambda (correlation matrix): 0.3254 

[1] "Round 70"
Estimating optimal shrinkage intensity lambda.var (variance vector): 0.8461 

Estimating optimal shrinkage intensity lambda (correlation matrix): 0.3606 

Estimating optimal shrinkage intensity lambda.var (variance vector): 0.8854 

Estimating optimal shrinkage intensity lambda (correlation matrix): 0.3939 

[1] "Round 72"
Estimating optimal shrinkage intensity lambda.var (variance vector): 0.8282 

Estimating optimal shrinkage intensity lambda (correlation matrix): 0.3289 

Estimating optimal shrinkage intensity lambda.var (variance vector): 0.9386 

Estimating optimal shrinkage intensity lambda (correlation matrix): 0.3358 

[1] "Round 74"
Estimating optimal shrinkage intensity lambda.var (variance vector): 0.8585 

Estimating optimal shrinkage intensity lambda (correlation matrix): 0.3028 

Estimating optimal shrinkage intensity lambda.var (variance vector): 0.7932 

Estimating optimal shrinkage intensity lambda (correlation matrix): 0.3808 

[1] "Round 76"
Estimating optimal shrinkage intensity lambda.var (variance vector): 1 

Estimating optimal shrinkage intensity lambda (correlation matrix): 0.3778 

Estimating optimal shrinkage intensity lambda.var (variance vector): 0.9233 

Estimating optimal shrinkage intensity lambda (correlation matrix): 0.3404 

[1] "Round 78"
Estimating optimal shrinkage intensity lambda.var (variance vector): 0.8818 

Estimating optimal shrinkage intensity lambda (correlation matrix): 0.3369 

Estimating optimal shrinkage intensity lambda.var (variance vector): 0.8816 

Estimating optimal shrinkage intensity lambda (correlation matrix): 0.2807 

[1] "Round 80"
Estimating optimal shrinkage intensity lambda.var (variance vector): 0.9223 

Estimating optimal shrinkage intensity lambda (correlation matrix): 0.3395 

Estimating optimal shrinkage intensity lambda.var (variance vector): 0.7856 

Estimating optimal shrinkage intensity lambda (correlation matrix): 0.4072 

[1] "Round 82"
Estimating optimal shrinkage intensity lambda.var (variance vector): 0.8463 

Estimating optimal shrinkage intensity lambda (correlation matrix): 0.3753 

Estimating optimal shrinkage intensity lambda.var (variance vector): 0.8554 

Estimating optimal shrinkage intensity lambda (correlation matrix): 0.2757 

[1] "Round 84"
Estimating optimal shrinkage intensity lambda.var (variance vector): 0.7444 

Estimating optimal shrinkage intensity lambda (correlation matrix): 0.3444 

Estimating optimal shrinkage intensity lambda.var (variance vector): 0.8299 

Estimating optimal shrinkage intensity lambda (correlation matrix): 0.3398 

[1] "Round 86"
Estimating optimal shrinkage intensity lambda.var (variance vector): 0.9082 

Estimating optimal shrinkage intensity lambda (correlation matrix): 0.3077 

Estimating optimal shrinkage intensity lambda.var (variance vector): 0.8659 

Estimating optimal shrinkage intensity lambda (correlation matrix): 0.3789 

[1] "Round 88"
Estimating optimal shrinkage intensity lambda.var (variance vector): 0.8661 

Estimating optimal shrinkage intensity lambda (correlation matrix): 0.292 

Estimating optimal shrinkage intensity lambda.var (variance vector): 0.8232 

Estimating optimal shrinkage intensity lambda (correlation matrix): 0.3368 

[1] "Round 90"
Estimating optimal shrinkage intensity lambda.var (variance vector): 0.8677 

Estimating optimal shrinkage intensity lambda (correlation matrix): 0.288 

Estimating optimal shrinkage intensity lambda.var (variance vector): 0.8458 

Estimating optimal shrinkage intensity lambda (correlation matrix): 0.3536 

[1] "Round 92"
Estimating optimal shrinkage intensity lambda.var (variance vector): 0.8278 

Estimating optimal shrinkage intensity lambda (correlation matrix): 0.3808 

Estimating optimal shrinkage intensity lambda.var (variance vector): 0.9001 

Estimating optimal shrinkage intensity lambda (correlation matrix): 0.311 

[1] "Round 94"
Estimating optimal shrinkage intensity lambda.var (variance vector): 0.904 

Estimating optimal shrinkage intensity lambda (correlation matrix): 0.3505 

Estimating optimal shrinkage intensity lambda.var (variance vector): 0.7998 

Estimating optimal shrinkage intensity lambda (correlation matrix): 0.2739 

[1] "Round 96"
Estimating optimal shrinkage intensity lambda.var (variance vector): 0.8084 

Estimating optimal shrinkage intensity lambda (correlation matrix): 0.3816 

Estimating optimal shrinkage intensity lambda.var (variance vector): 0.8995 

Estimating optimal shrinkage intensity lambda (correlation matrix): 0.3575 

[1] "Round 98"
Estimating optimal shrinkage intensity lambda.var (variance vector): 0.8396 

Estimating optimal shrinkage intensity lambda (correlation matrix): 0.3112 

Estimating optimal shrinkage intensity lambda.var (variance vector): 0.8753 

Estimating optimal shrinkage intensity lambda (correlation matrix): 0.2666 

[1] "Round 100"
Estimating optimal shrinkage intensity lambda.var (variance vector): 0.9267 

Estimating optimal shrinkage intensity lambda (correlation matrix): 0.3149 

[1] "data/Debi+lognormal_n250_p400_tau0.5_rho0.5_sigma0.5_Nsim100"
                        lambda         SE         PE       linf          FPR
bootstrap_mean     0.092847917 3.01122052 1.23590789 0.61732045 0.0415482234
bootstrap_mean_std 0.001756787 0.04670761 0.01550229 0.01014703 0.0008199767
                           FNR         TPR      sum_beta
bootstrap_mean     0.050000000 0.950000000 -5.770666e-19
bootstrap_mean_std 0.008375315 0.008375315  5.579541e-19
Time difference of 5.575516 mins
Estimating optimal shrinkage intensity lambda.var (variance vector): 0.7711 

Estimating optimal shrinkage intensity lambda (correlation matrix): 0.1931 

[1] "Round 2"
Estimating optimal shrinkage intensity lambda.var (variance vector): 0.8802 

Estimating optimal shrinkage intensity lambda (correlation matrix): 0.2193 

Estimating optimal shrinkage intensity lambda.var (variance vector): 0.7129 

Estimating optimal shrinkage intensity lambda (correlation matrix): 0.1841 

[1] "Round 4"
Estimating optimal shrinkage intensity lambda.var (variance vector): 0.9097 

Estimating optimal shrinkage intensity lambda (correlation matrix): 0.2088 

Estimating optimal shrinkage intensity lambda.var (variance vector): 0.822 

Estimating optimal shrinkage intensity lambda (correlation matrix): 0.2076 

[1] "Round 6"
Estimating optimal shrinkage intensity lambda.var (variance vector): 0.8194 

Estimating optimal shrinkage intensity lambda (correlation matrix): 0.2447 

Estimating optimal shrinkage intensity lambda.var (variance vector): 0.8234 

Estimating optimal shrinkage intensity lambda (correlation matrix): 0.2318 

[1] "Round 8"
Estimating optimal shrinkage intensity lambda.var (variance vector): 0.8735 

Estimating optimal shrinkage intensity lambda (correlation matrix): 0.1944 

Estimating optimal shrinkage intensity lambda.var (variance vector): 0.7937 

Estimating optimal shrinkage intensity lambda (correlation matrix): 0.21 

[1] "Round 10"
Estimating optimal shrinkage intensity lambda.var (variance vector): 0.7794 

Estimating optimal shrinkage intensity lambda (correlation matrix): 0.1863 

Estimating optimal shrinkage intensity lambda.var (variance vector): 0.9278 

Estimating optimal shrinkage intensity lambda (correlation matrix): 0.1915 

[1] "Round 12"
Estimating optimal shrinkage intensity lambda.var (variance vector): 0.7987 

Estimating optimal shrinkage intensity lambda (correlation matrix): 0.2014 

Estimating optimal shrinkage intensity lambda.var (variance vector): 0.8393 

Estimating optimal shrinkage intensity lambda (correlation matrix): 0.2181 

[1] "Round 14"
Estimating optimal shrinkage intensity lambda.var (variance vector): 0.7984 

Estimating optimal shrinkage intensity lambda (correlation matrix): 0.2252 

Estimating optimal shrinkage intensity lambda.var (variance vector): 0.8836 

Estimating optimal shrinkage intensity lambda (correlation matrix): 0.2334 

[1] "Round 16"
Estimating optimal shrinkage intensity lambda.var (variance vector): 0.8027 

Estimating optimal shrinkage intensity lambda (correlation matrix): 0.2001 

Estimating optimal shrinkage intensity lambda.var (variance vector): 0.8107 

Estimating optimal shrinkage intensity lambda (correlation matrix): 0.2255 

[1] "Round 18"
Estimating optimal shrinkage intensity lambda.var (variance vector): 0.7912 

Estimating optimal shrinkage intensity lambda (correlation matrix): 0.2273 

Estimating optimal shrinkage intensity lambda.var (variance vector): 0.7709 

Estimating optimal shrinkage intensity lambda (correlation matrix): 0.1777 

[1] "Round 20"
Estimating optimal shrinkage intensity lambda.var (variance vector): 0.8034 

Estimating optimal shrinkage intensity lambda (correlation matrix): 0.2186 

Estimating optimal shrinkage intensity lambda.var (variance vector): 0.731 

Estimating optimal shrinkage intensity lambda (correlation matrix): 0.2166 

[1] "Round 22"
Estimating optimal shrinkage intensity lambda.var (variance vector): 0.6677 

Estimating optimal shrinkage intensity lambda (correlation matrix): 0.185 

Estimating optimal shrinkage intensity lambda.var (variance vector): 0.8014 

Estimating optimal shrinkage intensity lambda (correlation matrix): 0.233 

[1] "Round 24"
Estimating optimal shrinkage intensity lambda.var (variance vector): 0.7578 

Estimating optimal shrinkage intensity lambda (correlation matrix): 0.23 

Estimating optimal shrinkage intensity lambda.var (variance vector): 0.7886 

Estimating optimal shrinkage intensity lambda (correlation matrix): 0.2293 

[1] "Round 26"
Estimating optimal shrinkage intensity lambda.var (variance vector): 0.7503 

Estimating optimal shrinkage intensity lambda (correlation matrix): 0.1998 

Estimating optimal shrinkage intensity lambda.var (variance vector): 0.7349 

Estimating optimal shrinkage intensity lambda (correlation matrix): 0.1831 

[1] "Round 28"
Estimating optimal shrinkage intensity lambda.var (variance vector): 0.88 

Estimating optimal shrinkage intensity lambda (correlation matrix): 0.1799 

Estimating optimal shrinkage intensity lambda.var (variance vector): 0.6909 

Estimating optimal shrinkage intensity lambda (correlation matrix): 0.2199 

[1] "Round 30"
Estimating optimal shrinkage intensity lambda.var (variance vector): 0.8136 

Estimating optimal shrinkage intensity lambda (correlation matrix): 0.2 

Estimating optimal shrinkage intensity lambda.var (variance vector): 0.7415 

Estimating optimal shrinkage intensity lambda (correlation matrix): 0.2081 

[1] "Round 32"
Estimating optimal shrinkage intensity lambda.var (variance vector): 0.7213 

Estimating optimal shrinkage intensity lambda (correlation matrix): 0.1557 

Estimating optimal shrinkage intensity lambda.var (variance vector): 0.7308 

Estimating optimal shrinkage intensity lambda (correlation matrix): 0.2213 

[1] "Round 34"
Estimating optimal shrinkage intensity lambda.var (variance vector): 0.7566 

Estimating optimal shrinkage intensity lambda (correlation matrix): 0.2243 

Estimating optimal shrinkage intensity lambda.var (variance vector): 0.8321 

Estimating optimal shrinkage intensity lambda (correlation matrix): 0.1982 

[1] "Round 36"
Estimating optimal shrinkage intensity lambda.var (variance vector): 0.9064 

Estimating optimal shrinkage intensity lambda (correlation matrix): 0.2385 

Estimating optimal shrinkage intensity lambda.var (variance vector): 0.8666 

Estimating optimal shrinkage intensity lambda (correlation matrix): 0.2091 

[1] "Round 38"
Estimating optimal shrinkage intensity lambda.var (variance vector): 0.7655 

Estimating optimal shrinkage intensity lambda (correlation matrix): 0.221 

Estimating optimal shrinkage intensity lambda.var (variance vector): 0.7868 

Estimating optimal shrinkage intensity lambda (correlation matrix): 0.2123 

[1] "Round 40"
Estimating optimal shrinkage intensity lambda.var (variance vector): 0.7889 

Estimating optimal shrinkage intensity lambda (correlation matrix): 0.2016 

Estimating optimal shrinkage intensity lambda.var (variance vector): 0.9113 

Estimating optimal shrinkage intensity lambda (correlation matrix): 0.193 

[1] "Round 42"
Estimating optimal shrinkage intensity lambda.var (variance vector): 0.7469 

Estimating optimal shrinkage intensity lambda (correlation matrix): 0.2396 

Estimating optimal shrinkage intensity lambda.var (variance vector): 0.8606 

Estimating optimal shrinkage intensity lambda (correlation matrix): 0.2403 

[1] "Round 44"
Estimating optimal shrinkage intensity lambda.var (variance vector): 0.8158 

Estimating optimal shrinkage intensity lambda (correlation matrix): 0.2112 

Estimating optimal shrinkage intensity lambda.var (variance vector): 0.7709 

Estimating optimal shrinkage intensity lambda (correlation matrix): 0.2374 

[1] "Round 46"
Estimating optimal shrinkage intensity lambda.var (variance vector): 0.7675 

Estimating optimal shrinkage intensity lambda (correlation matrix): 0.2079 

Estimating optimal shrinkage intensity lambda.var (variance vector): 0.8885 

Estimating optimal shrinkage intensity lambda (correlation matrix): 0.2468 

[1] "Round 48"
Estimating optimal shrinkage intensity lambda.var (variance vector): 0.7514 

Estimating optimal shrinkage intensity lambda (correlation matrix): 0.1933 

Estimating optimal shrinkage intensity lambda.var (variance vector): 0.7323 

Estimating optimal shrinkage intensity lambda (correlation matrix): 0.1987 

[1] "Round 50"
Estimating optimal shrinkage intensity lambda.var (variance vector): 0.7987 

Estimating optimal shrinkage intensity lambda (correlation matrix): 0.2066 

Estimating optimal shrinkage intensity lambda.var (variance vector): 0.854 

Estimating optimal shrinkage intensity lambda (correlation matrix): 0.1993 

[1] "Round 52"
Estimating optimal shrinkage intensity lambda.var (variance vector): 0.7842 

Estimating optimal shrinkage intensity lambda (correlation matrix): 0.2434 

Estimating optimal shrinkage intensity lambda.var (variance vector): 0.7999 

Estimating optimal shrinkage intensity lambda (correlation matrix): 0.2291 

[1] "Round 54"
Estimating optimal shrinkage intensity lambda.var (variance vector): 0.7617 

Estimating optimal shrinkage intensity lambda (correlation matrix): 0.2042 

Estimating optimal shrinkage intensity lambda.var (variance vector): 0.7414 

Estimating optimal shrinkage intensity lambda (correlation matrix): 0.1873 

[1] "Round 56"
Estimating optimal shrinkage intensity lambda.var (variance vector): 0.794 

Estimating optimal shrinkage intensity lambda (correlation matrix): 0.1647 

Estimating optimal shrinkage intensity lambda.var (variance vector): 0.7638 

Estimating optimal shrinkage intensity lambda (correlation matrix): 0.1806 

[1] "Round 58"
Estimating optimal shrinkage intensity lambda.var (variance vector): 0.7776 

Estimating optimal shrinkage intensity lambda (correlation matrix): 0.2288 

Estimating optimal shrinkage intensity lambda.var (variance vector): 0.8807 

Estimating optimal shrinkage intensity lambda (correlation matrix): 0.1963 

[1] "Round 60"
Estimating optimal shrinkage intensity lambda.var (variance vector): 0.7815 

Estimating optimal shrinkage intensity lambda (correlation matrix): 0.1838 

Estimating optimal shrinkage intensity lambda.var (variance vector): 0.7714 

Estimating optimal shrinkage intensity lambda (correlation matrix): 0.2018 

[1] "Round 62"
Estimating optimal shrinkage intensity lambda.var (variance vector): 0.7923 

Estimating optimal shrinkage intensity lambda (correlation matrix): 0.22 

Estimating optimal shrinkage intensity lambda.var (variance vector): 0.6988 

Estimating optimal shrinkage intensity lambda (correlation matrix): 0.2034 

[1] "Round 64"
Estimating optimal shrinkage intensity lambda.var (variance vector): 0.8021 

Estimating optimal shrinkage intensity lambda (correlation matrix): 0.1963 

Estimating optimal shrinkage intensity lambda.var (variance vector): 0.8423 

Estimating optimal shrinkage intensity lambda (correlation matrix): 0.1998 

[1] "Round 66"
Estimating optimal shrinkage intensity lambda.var (variance vector): 0.7889 

Estimating optimal shrinkage intensity lambda (correlation matrix): 0.2115 

Estimating optimal shrinkage intensity lambda.var (variance vector): 0.8042 

Estimating optimal shrinkage intensity lambda (correlation matrix): 0.175 

[1] "Round 68"
Estimating optimal shrinkage intensity lambda.var (variance vector): 0.7366 

Estimating optimal shrinkage intensity lambda (correlation matrix): 0.2234 

Estimating optimal shrinkage intensity lambda.var (variance vector): 0.8055 

Estimating optimal shrinkage intensity lambda (correlation matrix): 0.2128 

[1] "Round 70"
Estimating optimal shrinkage intensity lambda.var (variance vector): 0.7794 

Estimating optimal shrinkage intensity lambda (correlation matrix): 0.1987 

Estimating optimal shrinkage intensity lambda.var (variance vector): 0.8029 

Estimating optimal shrinkage intensity lambda (correlation matrix): 0.1824 

[1] "Round 72"
Estimating optimal shrinkage intensity lambda.var (variance vector): 0.794 

Estimating optimal shrinkage intensity lambda (correlation matrix): 0.1938 

Estimating optimal shrinkage intensity lambda.var (variance vector): 0.8678 

Estimating optimal shrinkage intensity lambda (correlation matrix): 0.2088 

[1] "Round 74"
Estimating optimal shrinkage intensity lambda.var (variance vector): 0.8667 

Estimating optimal shrinkage intensity lambda (correlation matrix): 0.1792 

Estimating optimal shrinkage intensity lambda.var (variance vector): 0.8224 

Estimating optimal shrinkage intensity lambda (correlation matrix): 0.2062 

[1] "Round 76"
Estimating optimal shrinkage intensity lambda.var (variance vector): 0.8244 

Estimating optimal shrinkage intensity lambda (correlation matrix): 0.2187 

Estimating optimal shrinkage intensity lambda.var (variance vector): 0.8414 

Estimating optimal shrinkage intensity lambda (correlation matrix): 0.1818 

[1] "Round 78"
Estimating optimal shrinkage intensity lambda.var (variance vector): 0.8075 

Estimating optimal shrinkage intensity lambda (correlation matrix): 0.2028 

Estimating optimal shrinkage intensity lambda.var (variance vector): 0.7917 

Estimating optimal shrinkage intensity lambda (correlation matrix): 0.2134 

[1] "Round 80"
Estimating optimal shrinkage intensity lambda.var (variance vector): 0.797 

Estimating optimal shrinkage intensity lambda (correlation matrix): 0.195 

Estimating optimal shrinkage intensity lambda.var (variance vector): 0.7532 

Estimating optimal shrinkage intensity lambda (correlation matrix): 0.1803 

[1] "Round 82"
Estimating optimal shrinkage intensity lambda.var (variance vector): 0.7782 

Estimating optimal shrinkage intensity lambda (correlation matrix): 0.2144 

Estimating optimal shrinkage intensity lambda.var (variance vector): 0.7735 

Estimating optimal shrinkage intensity lambda (correlation matrix): 0.2039 

[1] "Round 84"
Estimating optimal shrinkage intensity lambda.var (variance vector): 0.7637 

Estimating optimal shrinkage intensity lambda (correlation matrix): 0.1881 

Estimating optimal shrinkage intensity lambda.var (variance vector): 0.8955 

Estimating optimal shrinkage intensity lambda (correlation matrix): 0.2049 

[1] "Round 86"
Estimating optimal shrinkage intensity lambda.var (variance vector): 0.7913 

Estimating optimal shrinkage intensity lambda (correlation matrix): 0.2036 

Estimating optimal shrinkage intensity lambda.var (variance vector): 0.8814 

Estimating optimal shrinkage intensity lambda (correlation matrix): 0.1739 

[1] "Round 88"
Estimating optimal shrinkage intensity lambda.var (variance vector): 0.7416 

Estimating optimal shrinkage intensity lambda (correlation matrix): 0.2166 

Estimating optimal shrinkage intensity lambda.var (variance vector): 0.75 

Estimating optimal shrinkage intensity lambda (correlation matrix): 0.1552 

[1] "Round 90"
Estimating optimal shrinkage intensity lambda.var (variance vector): 0.7356 

Estimating optimal shrinkage intensity lambda (correlation matrix): 0.2196 

Estimating optimal shrinkage intensity lambda.var (variance vector): 0.8142 

Estimating optimal shrinkage intensity lambda (correlation matrix): 0.1569 

[1] "Round 92"
Estimating optimal shrinkage intensity lambda.var (variance vector): 0.7992 

Estimating optimal shrinkage intensity lambda (correlation matrix): 0.2436 

Estimating optimal shrinkage intensity lambda.var (variance vector): 0.8538 

Estimating optimal shrinkage intensity lambda (correlation matrix): 0.1894 

[1] "Round 94"
Estimating optimal shrinkage intensity lambda.var (variance vector): 0.7835 

Estimating optimal shrinkage intensity lambda (correlation matrix): 0.2078 

Estimating optimal shrinkage intensity lambda.var (variance vector): 0.733 

Estimating optimal shrinkage intensity lambda (correlation matrix): 0.2689 

[1] "Round 96"
Estimating optimal shrinkage intensity lambda.var (variance vector): 0.8364 

Estimating optimal shrinkage intensity lambda (correlation matrix): 0.2082 

Estimating optimal shrinkage intensity lambda.var (variance vector): 0.845 

Estimating optimal shrinkage intensity lambda (correlation matrix): 0.1918 

[1] "Round 98"
Estimating optimal shrinkage intensity lambda.var (variance vector): 0.7935 

Estimating optimal shrinkage intensity lambda (correlation matrix): 0.1868 

Estimating optimal shrinkage intensity lambda.var (variance vector): 0.7341 

Estimating optimal shrinkage intensity lambda (correlation matrix): 0.223 

[1] "Round 100"
Estimating optimal shrinkage intensity lambda.var (variance vector): 0.893 

Estimating optimal shrinkage intensity lambda (correlation matrix): 0.1604 

[1] "data/Debi+lognormal_n500_p500_tau0.5_rho0.5_sigma0.5_Nsim100"
                         lambda       SE       PE     linf         FPR
bootstrap_mean     0.0707856369 24551.38 5076.707 4.784875 0.040344130
bootstrap_mean_std 0.0009547174 23779.64 4931.451 3.181362 0.003463327
                          FNR        TPR     sum_beta
bootstrap_mean     0.17166667 0.82833333 2.673670e-17
bootstrap_mean_std 0.03164539 0.03164539 2.314894e-17
Time difference of 26.87051 mins
