WARNING: ignoring environment value of R_HOME
Loading required package: Matrix
Loaded glmnet 4.1-8
Loaded lars 1.3

Estimating optimal shrinkage intensity lambda.var (variance vector): 0.8673 

Estimating optimal shrinkage intensity lambda (correlation matrix): 0.5036 

[1] "Round 2"
Estimating optimal shrinkage intensity lambda.var (variance vector): 0.9503 

Estimating optimal shrinkage intensity lambda (correlation matrix): 0.4329 

Estimating optimal shrinkage intensity lambda.var (variance vector): 0.8673 

Estimating optimal shrinkage intensity lambda (correlation matrix): 0.6493 

[1] "Round 4"
Estimating optimal shrinkage intensity lambda.var (variance vector): 0.9285 

Estimating optimal shrinkage intensity lambda (correlation matrix): 0.5264 

Estimating optimal shrinkage intensity lambda.var (variance vector): 0.8159 

Estimating optimal shrinkage intensity lambda (correlation matrix): 0.4731 

[1] "Round 6"
Estimating optimal shrinkage intensity lambda.var (variance vector): 0.9156 

Estimating optimal shrinkage intensity lambda (correlation matrix): 0.4422 

Estimating optimal shrinkage intensity lambda.var (variance vector): 0.8423 

Estimating optimal shrinkage intensity lambda (correlation matrix): 0.6197 

[1] "Round 8"
Estimating optimal shrinkage intensity lambda.var (variance vector): 1 

Estimating optimal shrinkage intensity lambda (correlation matrix): 0.3856 

Estimating optimal shrinkage intensity lambda.var (variance vector): 0.7573 

Estimating optimal shrinkage intensity lambda (correlation matrix): 0.533 

[1] "Round 10"
Estimating optimal shrinkage intensity lambda.var (variance vector): 0.9273 

Estimating optimal shrinkage intensity lambda (correlation matrix): 0.6232 

Estimating optimal shrinkage intensity lambda.var (variance vector): 0.8859 

Estimating optimal shrinkage intensity lambda (correlation matrix): 0.4208 

[1] "Round 12"
Estimating optimal shrinkage intensity lambda.var (variance vector): 0.7887 

Estimating optimal shrinkage intensity lambda (correlation matrix): 0.503 

Estimating optimal shrinkage intensity lambda.var (variance vector): 0.9005 

Estimating optimal shrinkage intensity lambda (correlation matrix): 0.3888 

[1] "Round 14"
Estimating optimal shrinkage intensity lambda.var (variance vector): 0.9391 

Estimating optimal shrinkage intensity lambda (correlation matrix): 0.5829 

Estimating optimal shrinkage intensity lambda.var (variance vector): 0.9632 

Estimating optimal shrinkage intensity lambda (correlation matrix): 0.4259 

[1] "Round 16"
Estimating optimal shrinkage intensity lambda.var (variance vector): 0.9131 

Estimating optimal shrinkage intensity lambda (correlation matrix): 0.4936 

Estimating optimal shrinkage intensity lambda.var (variance vector): 0.9213 

Estimating optimal shrinkage intensity lambda (correlation matrix): 0.5864 

[1] "Round 18"
Estimating optimal shrinkage intensity lambda.var (variance vector): 0.919 

Estimating optimal shrinkage intensity lambda (correlation matrix): 0.5445 

Estimating optimal shrinkage intensity lambda.var (variance vector): 0.9792 

Estimating optimal shrinkage intensity lambda (correlation matrix): 0.5153 

[1] "Round 20"
Estimating optimal shrinkage intensity lambda.var (variance vector): 0.8918 

Estimating optimal shrinkage intensity lambda (correlation matrix): 0.6482 

Estimating optimal shrinkage intensity lambda.var (variance vector): 0.8435 

Estimating optimal shrinkage intensity lambda (correlation matrix): 0.5979 

[1] "Round 22"
Estimating optimal shrinkage intensity lambda.var (variance vector): 0.862 

Estimating optimal shrinkage intensity lambda (correlation matrix): 0.4931 

Estimating optimal shrinkage intensity lambda.var (variance vector): 0.9744 

Estimating optimal shrinkage intensity lambda (correlation matrix): 0.6073 

[1] "Round 24"
Estimating optimal shrinkage intensity lambda.var (variance vector): 0.9531 

Estimating optimal shrinkage intensity lambda (correlation matrix): 0.5954 

Estimating optimal shrinkage intensity lambda.var (variance vector): 0.7581 

Estimating optimal shrinkage intensity lambda (correlation matrix): 0.6685 

[1] "Round 26"
Estimating optimal shrinkage intensity lambda.var (variance vector): 0.8243 

Estimating optimal shrinkage intensity lambda (correlation matrix): 0.494 

Estimating optimal shrinkage intensity lambda.var (variance vector): 0.9105 

Estimating optimal shrinkage intensity lambda (correlation matrix): 0.5884 

[1] "Round 28"
Estimating optimal shrinkage intensity lambda.var (variance vector): 1 

Estimating optimal shrinkage intensity lambda (correlation matrix): 0.4333 

Estimating optimal shrinkage intensity lambda.var (variance vector): 0.7367 

Estimating optimal shrinkage intensity lambda (correlation matrix): 0.5591 

[1] "Round 30"
Estimating optimal shrinkage intensity lambda.var (variance vector): 0.8515 

Estimating optimal shrinkage intensity lambda (correlation matrix): 0.4532 

Estimating optimal shrinkage intensity lambda.var (variance vector): 0.8433 

Estimating optimal shrinkage intensity lambda (correlation matrix): 0.5153 

[1] "Round 32"
Estimating optimal shrinkage intensity lambda.var (variance vector): 0.9029 

Estimating optimal shrinkage intensity lambda (correlation matrix): 0.5883 

Estimating optimal shrinkage intensity lambda.var (variance vector): 0.8654 

Estimating optimal shrinkage intensity lambda (correlation matrix): 0.5448 

[1] "Round 34"
Estimating optimal shrinkage intensity lambda.var (variance vector): 0.9101 

Estimating optimal shrinkage intensity lambda (correlation matrix): 0.5564 

Estimating optimal shrinkage intensity lambda.var (variance vector): 0.8591 

Estimating optimal shrinkage intensity lambda (correlation matrix): 0.5877 

[1] "Round 36"
Estimating optimal shrinkage intensity lambda.var (variance vector): 0.8302 

Estimating optimal shrinkage intensity lambda (correlation matrix): 0.6242 

Estimating optimal shrinkage intensity lambda.var (variance vector): 0.86 

Estimating optimal shrinkage intensity lambda (correlation matrix): 0.4904 

[1] "Round 38"
Estimating optimal shrinkage intensity lambda.var (variance vector): 1 

Estimating optimal shrinkage intensity lambda (correlation matrix): 0.5928 

Estimating optimal shrinkage intensity lambda.var (variance vector): 0.8197 

Estimating optimal shrinkage intensity lambda (correlation matrix): 0.4471 

[1] "Round 40"
Estimating optimal shrinkage intensity lambda.var (variance vector): 0.9067 

Estimating optimal shrinkage intensity lambda (correlation matrix): 0.5631 

Estimating optimal shrinkage intensity lambda.var (variance vector): 0.902 

Estimating optimal shrinkage intensity lambda (correlation matrix): 0.5884 

[1] "Round 42"
Estimating optimal shrinkage intensity lambda.var (variance vector): 0.89 

Estimating optimal shrinkage intensity lambda (correlation matrix): 0.4289 

Estimating optimal shrinkage intensity lambda.var (variance vector): 0.9249 

Estimating optimal shrinkage intensity lambda (correlation matrix): 0.5909 

[1] "Round 44"
Estimating optimal shrinkage intensity lambda.var (variance vector): 0.9106 

Estimating optimal shrinkage intensity lambda (correlation matrix): 0.5848 

Estimating optimal shrinkage intensity lambda.var (variance vector): 0.9182 

Estimating optimal shrinkage intensity lambda (correlation matrix): 0.5359 

[1] "Round 46"
Estimating optimal shrinkage intensity lambda.var (variance vector): 0.9717 

Estimating optimal shrinkage intensity lambda (correlation matrix): 0.6011 

Estimating optimal shrinkage intensity lambda.var (variance vector): 0.9567 

Estimating optimal shrinkage intensity lambda (correlation matrix): 0.6075 

[1] "Round 48"
Estimating optimal shrinkage intensity lambda.var (variance vector): 0.9251 

Estimating optimal shrinkage intensity lambda (correlation matrix): 0.3854 

Estimating optimal shrinkage intensity lambda.var (variance vector): 0.8849 

Estimating optimal shrinkage intensity lambda (correlation matrix): 0.6219 

[1] "Round 50"
Estimating optimal shrinkage intensity lambda.var (variance vector): 0.8998 

Estimating optimal shrinkage intensity lambda (correlation matrix): 0.5076 

Estimating optimal shrinkage intensity lambda.var (variance vector): 0.7909 

Estimating optimal shrinkage intensity lambda (correlation matrix): 0.4788 

[1] "Round 52"
Estimating optimal shrinkage intensity lambda.var (variance vector): 0.9047 

Estimating optimal shrinkage intensity lambda (correlation matrix): 0.5528 

Estimating optimal shrinkage intensity lambda.var (variance vector): 0.8374 

Estimating optimal shrinkage intensity lambda (correlation matrix): 0.6381 

[1] "Round 54"
Estimating optimal shrinkage intensity lambda.var (variance vector): 0.8249 

Estimating optimal shrinkage intensity lambda (correlation matrix): 0.6272 

Estimating optimal shrinkage intensity lambda.var (variance vector): 1 

Estimating optimal shrinkage intensity lambda (correlation matrix): 0.5079 

[1] "Round 56"
Estimating optimal shrinkage intensity lambda.var (variance vector): 0.9763 

Estimating optimal shrinkage intensity lambda (correlation matrix): 0.5535 

Estimating optimal shrinkage intensity lambda.var (variance vector): 0.7849 

Estimating optimal shrinkage intensity lambda (correlation matrix): 0.5281 

[1] "Round 58"
Estimating optimal shrinkage intensity lambda.var (variance vector): 0.9341 

Estimating optimal shrinkage intensity lambda (correlation matrix): 0.4948 

Estimating optimal shrinkage intensity lambda.var (variance vector): 0.8108 

Estimating optimal shrinkage intensity lambda (correlation matrix): 0.4877 

[1] "Round 60"
Estimating optimal shrinkage intensity lambda.var (variance vector): 0.8719 

Estimating optimal shrinkage intensity lambda (correlation matrix): 0.3946 

Estimating optimal shrinkage intensity lambda.var (variance vector): 0.9265 

Estimating optimal shrinkage intensity lambda (correlation matrix): 0.6855 

[1] "Round 62"
Estimating optimal shrinkage intensity lambda.var (variance vector): 0.8858 

Estimating optimal shrinkage intensity lambda (correlation matrix): 0.5427 

Estimating optimal shrinkage intensity lambda.var (variance vector): 0.9218 

Estimating optimal shrinkage intensity lambda (correlation matrix): 0.6084 

[1] "Round 64"
Estimating optimal shrinkage intensity lambda.var (variance vector): 0.95 

Estimating optimal shrinkage intensity lambda (correlation matrix): 0.5553 

Estimating optimal shrinkage intensity lambda.var (variance vector): 0.841 

Estimating optimal shrinkage intensity lambda (correlation matrix): 0.4253 

[1] "Round 66"
Estimating optimal shrinkage intensity lambda.var (variance vector): 0.9246 

Estimating optimal shrinkage intensity lambda (correlation matrix): 0.5497 

Estimating optimal shrinkage intensity lambda.var (variance vector): 0.9871 

Estimating optimal shrinkage intensity lambda (correlation matrix): 0.4191 

[1] "Round 68"
Estimating optimal shrinkage intensity lambda.var (variance vector): 0.6985 

Estimating optimal shrinkage intensity lambda (correlation matrix): 0.4615 

Estimating optimal shrinkage intensity lambda.var (variance vector): 1 

Estimating optimal shrinkage intensity lambda (correlation matrix): 0.4514 

[1] "Round 70"
Estimating optimal shrinkage intensity lambda.var (variance vector): 0.9281 

Estimating optimal shrinkage intensity lambda (correlation matrix): 0.5337 

Estimating optimal shrinkage intensity lambda.var (variance vector): 0.9376 

Estimating optimal shrinkage intensity lambda (correlation matrix): 0.5172 

[1] "Round 72"
Estimating optimal shrinkage intensity lambda.var (variance vector): 0.9161 

Estimating optimal shrinkage intensity lambda (correlation matrix): 0.5339 

Estimating optimal shrinkage intensity lambda.var (variance vector): 0.907 

Estimating optimal shrinkage intensity lambda (correlation matrix): 0.6235 

[1] "Round 74"
Estimating optimal shrinkage intensity lambda.var (variance vector): 0.8065 

Estimating optimal shrinkage intensity lambda (correlation matrix): 0.5809 

Estimating optimal shrinkage intensity lambda.var (variance vector): 1 

Estimating optimal shrinkage intensity lambda (correlation matrix): 0.3805 

[1] "Round 76"
Estimating optimal shrinkage intensity lambda.var (variance vector): 0.9879 

Estimating optimal shrinkage intensity lambda (correlation matrix): 0.5665 

Estimating optimal shrinkage intensity lambda.var (variance vector): 0.9264 

Estimating optimal shrinkage intensity lambda (correlation matrix): 0.557 

[1] "Round 78"
Estimating optimal shrinkage intensity lambda.var (variance vector): 0.8683 

Estimating optimal shrinkage intensity lambda (correlation matrix): 0.6007 

Estimating optimal shrinkage intensity lambda.var (variance vector): 0.8221 

Estimating optimal shrinkage intensity lambda (correlation matrix): 0.3829 

[1] "Round 80"
Estimating optimal shrinkage intensity lambda.var (variance vector): 0.776 

Estimating optimal shrinkage intensity lambda (correlation matrix): 0.5108 

Estimating optimal shrinkage intensity lambda.var (variance vector): 0.8711 

Estimating optimal shrinkage intensity lambda (correlation matrix): 0.559 

[1] "Round 82"
Estimating optimal shrinkage intensity lambda.var (variance vector): 0.9019 

Estimating optimal shrinkage intensity lambda (correlation matrix): 0.6299 

Estimating optimal shrinkage intensity lambda.var (variance vector): 0.8716 

Estimating optimal shrinkage intensity lambda (correlation matrix): 0.4211 

[1] "Round 84"
Estimating optimal shrinkage intensity lambda.var (variance vector): 0.7039 

Estimating optimal shrinkage intensity lambda (correlation matrix): 0.5455 

Estimating optimal shrinkage intensity lambda.var (variance vector): 0.8484 

Estimating optimal shrinkage intensity lambda (correlation matrix): 0.577 

[1] "Round 86"
Estimating optimal shrinkage intensity lambda.var (variance vector): 0.8898 

Estimating optimal shrinkage intensity lambda (correlation matrix): 0.533 

Estimating optimal shrinkage intensity lambda.var (variance vector): 0.8432 

Estimating optimal shrinkage intensity lambda (correlation matrix): 0.6798 

[1] "Round 88"
Estimating optimal shrinkage intensity lambda.var (variance vector): 0.8046 

Estimating optimal shrinkage intensity lambda (correlation matrix): 0.6081 

Estimating optimal shrinkage intensity lambda.var (variance vector): 0.8713 

Estimating optimal shrinkage intensity lambda (correlation matrix): 0.5644 

[1] "Round 90"
Estimating optimal shrinkage intensity lambda.var (variance vector): 0.8533 

Estimating optimal shrinkage intensity lambda (correlation matrix): 0.565 

Estimating optimal shrinkage intensity lambda.var (variance vector): 0.7433 

Estimating optimal shrinkage intensity lambda (correlation matrix): 0.5134 

[1] "Round 92"
Estimating optimal shrinkage intensity lambda.var (variance vector): 0.9241 

Estimating optimal shrinkage intensity lambda (correlation matrix): 0.5098 

Estimating optimal shrinkage intensity lambda.var (variance vector): 0.917 

Estimating optimal shrinkage intensity lambda (correlation matrix): 0.5023 

[1] "Round 94"
Estimating optimal shrinkage intensity lambda.var (variance vector): 0.8558 

Estimating optimal shrinkage intensity lambda (correlation matrix): 0.5401 

Estimating optimal shrinkage intensity lambda.var (variance vector): 0.9307 

Estimating optimal shrinkage intensity lambda (correlation matrix): 0.5502 

[1] "Round 96"
Estimating optimal shrinkage intensity lambda.var (variance vector): 0.892 

Estimating optimal shrinkage intensity lambda (correlation matrix): 0.6232 

Estimating optimal shrinkage intensity lambda.var (variance vector): 0.9328 

Estimating optimal shrinkage intensity lambda (correlation matrix): 0.5311 

[1] "Round 98"
Estimating optimal shrinkage intensity lambda.var (variance vector): 0.9086 

Estimating optimal shrinkage intensity lambda (correlation matrix): 0.4746 

Estimating optimal shrinkage intensity lambda.var (variance vector): 0.7423 

Estimating optimal shrinkage intensity lambda (correlation matrix): 0.6278 

[1] "Round 100"
Estimating optimal shrinkage intensity lambda.var (variance vector): 0.9209 

Estimating optimal shrinkage intensity lambda (correlation matrix): 0.5852 

[1] "data/Debi+lognormal_n100_p200_tau0.5_rho0.5_sigma0.5_Nsim100"
                        lambda         SE         PE      linf         FPR
bootstrap_mean     0.125487831 3.29433873 1.25151172 0.7582336 0.047164948
bootstrap_mean_std 0.004030053 0.07359241 0.02556387 0.0139550 0.001213579
                          FNR        TPR     sum_beta
bootstrap_mean     0.16166667 0.83833333 7.604323e-19
bootstrap_mean_std 0.01195178 0.01195178 8.767819e-19
Time difference of 1.031215 mins
Estimating optimal shrinkage intensity lambda.var (variance vector): 0.9206 

Estimating optimal shrinkage intensity lambda (correlation matrix): 0.3495 

[1] "Round 2"
Estimating optimal shrinkage intensity lambda.var (variance vector): 0.8938 

Estimating optimal shrinkage intensity lambda (correlation matrix): 0.3064 

Estimating optimal shrinkage intensity lambda.var (variance vector): 0.8942 

Estimating optimal shrinkage intensity lambda (correlation matrix): 0.3431 

[1] "Round 4"
Estimating optimal shrinkage intensity lambda.var (variance vector): 0.9748 

Estimating optimal shrinkage intensity lambda (correlation matrix): 0.2806 

Estimating optimal shrinkage intensity lambda.var (variance vector): 0.9509 

Estimating optimal shrinkage intensity lambda (correlation matrix): 0.3455 

[1] "Round 6"
Estimating optimal shrinkage intensity lambda.var (variance vector): 0.8624 

Estimating optimal shrinkage intensity lambda (correlation matrix): 0.3834 

Estimating optimal shrinkage intensity lambda.var (variance vector): 0.8611 

Estimating optimal shrinkage intensity lambda (correlation matrix): 0.3187 

[1] "Round 8"
Estimating optimal shrinkage intensity lambda.var (variance vector): 0.8637 

Estimating optimal shrinkage intensity lambda (correlation matrix): 0.295 

Estimating optimal shrinkage intensity lambda.var (variance vector): 0.8376 

Estimating optimal shrinkage intensity lambda (correlation matrix): 0.296 

[1] "Round 10"
Estimating optimal shrinkage intensity lambda.var (variance vector): 0.9657 

Estimating optimal shrinkage intensity lambda (correlation matrix): 0.3233 

Estimating optimal shrinkage intensity lambda.var (variance vector): 0.9994 

Estimating optimal shrinkage intensity lambda (correlation matrix): 0.3387 

[1] "Round 12"
Estimating optimal shrinkage intensity lambda.var (variance vector): 0.8209 

Estimating optimal shrinkage intensity lambda (correlation matrix): 0.355 

Estimating optimal shrinkage intensity lambda.var (variance vector): 0.8789 

Estimating optimal shrinkage intensity lambda (correlation matrix): 0.359 

[1] "Round 14"
Estimating optimal shrinkage intensity lambda.var (variance vector): 0.7522 

Estimating optimal shrinkage intensity lambda (correlation matrix): 0.2806 

Estimating optimal shrinkage intensity lambda.var (variance vector): 0.9024 

Estimating optimal shrinkage intensity lambda (correlation matrix): 0.3486 

[1] "Round 16"
Estimating optimal shrinkage intensity lambda.var (variance vector): 0.8292 

Estimating optimal shrinkage intensity lambda (correlation matrix): 0.3077 

Estimating optimal shrinkage intensity lambda.var (variance vector): 0.9564 

Estimating optimal shrinkage intensity lambda (correlation matrix): 0.3265 

[1] "Round 18"
Estimating optimal shrinkage intensity lambda.var (variance vector): 0.8603 

Estimating optimal shrinkage intensity lambda (correlation matrix): 0.421 

Estimating optimal shrinkage intensity lambda.var (variance vector): 0.8384 

Estimating optimal shrinkage intensity lambda (correlation matrix): 0.4186 

[1] "Round 20"
Estimating optimal shrinkage intensity lambda.var (variance vector): 0.9158 

Estimating optimal shrinkage intensity lambda (correlation matrix): 0.4285 

Estimating optimal shrinkage intensity lambda.var (variance vector): 0.8468 

Estimating optimal shrinkage intensity lambda (correlation matrix): 0.2824 

[1] "Round 22"
Estimating optimal shrinkage intensity lambda.var (variance vector): 0.9317 

Estimating optimal shrinkage intensity lambda (correlation matrix): 0.3211 

Estimating optimal shrinkage intensity lambda.var (variance vector): 0.8631 

Estimating optimal shrinkage intensity lambda (correlation matrix): 0.3123 

[1] "Round 24"
Estimating optimal shrinkage intensity lambda.var (variance vector): 0.8696 

Estimating optimal shrinkage intensity lambda (correlation matrix): 0.3642 

Estimating optimal shrinkage intensity lambda.var (variance vector): 0.8449 

Estimating optimal shrinkage intensity lambda (correlation matrix): 0.2768 

[1] "Round 26"
Estimating optimal shrinkage intensity lambda.var (variance vector): 0.7782 

Estimating optimal shrinkage intensity lambda (correlation matrix): 0.3496 

Estimating optimal shrinkage intensity lambda.var (variance vector): 0.922 

Estimating optimal shrinkage intensity lambda (correlation matrix): 0.3549 

[1] "Round 28"
Estimating optimal shrinkage intensity lambda.var (variance vector): 0.9029 

Estimating optimal shrinkage intensity lambda (correlation matrix): 0.3832 

Estimating optimal shrinkage intensity lambda.var (variance vector): 0.9034 

Estimating optimal shrinkage intensity lambda (correlation matrix): 0.3904 

[1] "Round 30"
Estimating optimal shrinkage intensity lambda.var (variance vector): 0.8333 

Estimating optimal shrinkage intensity lambda (correlation matrix): 0.2921 

Estimating optimal shrinkage intensity lambda.var (variance vector): 0.9867 

Estimating optimal shrinkage intensity lambda (correlation matrix): 0.3313 

[1] "Round 32"
Estimating optimal shrinkage intensity lambda.var (variance vector): 0.7801 

Estimating optimal shrinkage intensity lambda (correlation matrix): 0.3592 

Estimating optimal shrinkage intensity lambda.var (variance vector): 0.8413 

Estimating optimal shrinkage intensity lambda (correlation matrix): 0.3039 

[1] "Round 34"
Estimating optimal shrinkage intensity lambda.var (variance vector): 0.9397 

Estimating optimal shrinkage intensity lambda (correlation matrix): 0.3445 

Estimating optimal shrinkage intensity lambda.var (variance vector): 0.9102 

Estimating optimal shrinkage intensity lambda (correlation matrix): 0.41 

[1] "Round 36"
Estimating optimal shrinkage intensity lambda.var (variance vector): 0.8951 

Estimating optimal shrinkage intensity lambda (correlation matrix): 0.2905 

Estimating optimal shrinkage intensity lambda.var (variance vector): 0.8994 

Estimating optimal shrinkage intensity lambda (correlation matrix): 0.3332 

[1] "Round 38"
Estimating optimal shrinkage intensity lambda.var (variance vector): 0.8331 

Estimating optimal shrinkage intensity lambda (correlation matrix): 0.3933 

Estimating optimal shrinkage intensity lambda.var (variance vector): 0.892 

Estimating optimal shrinkage intensity lambda (correlation matrix): 0.3622 

[1] "Round 40"
Estimating optimal shrinkage intensity lambda.var (variance vector): 0.785 

Estimating optimal shrinkage intensity lambda (correlation matrix): 0.3591 

Estimating optimal shrinkage intensity lambda.var (variance vector): 0.8319 

Estimating optimal shrinkage intensity lambda (correlation matrix): 0.328 

[1] "Round 42"
Estimating optimal shrinkage intensity lambda.var (variance vector): 0.9373 

Estimating optimal shrinkage intensity lambda (correlation matrix): 0.3489 

Estimating optimal shrinkage intensity lambda.var (variance vector): 0.8894 

Estimating optimal shrinkage intensity lambda (correlation matrix): 0.4061 

[1] "Round 44"
Estimating optimal shrinkage intensity lambda.var (variance vector): 0.8409 

Estimating optimal shrinkage intensity lambda (correlation matrix): 0.3241 

Estimating optimal shrinkage intensity lambda.var (variance vector): 0.8604 

Estimating optimal shrinkage intensity lambda (correlation matrix): 0.3195 

[1] "Round 46"
Estimating optimal shrinkage intensity lambda.var (variance vector): 0.8476 

Estimating optimal shrinkage intensity lambda (correlation matrix): 0.3066 

Estimating optimal shrinkage intensity lambda.var (variance vector): 0.9011 

Estimating optimal shrinkage intensity lambda (correlation matrix): 0.3339 

[1] "Round 48"
Estimating optimal shrinkage intensity lambda.var (variance vector): 0.8432 

Estimating optimal shrinkage intensity lambda (correlation matrix): 0.3282 

Estimating optimal shrinkage intensity lambda.var (variance vector): 0.9109 

Estimating optimal shrinkage intensity lambda (correlation matrix): 0.3868 

[1] "Round 50"
Estimating optimal shrinkage intensity lambda.var (variance vector): 0.8435 

Estimating optimal shrinkage intensity lambda (correlation matrix): 0.336 

Estimating optimal shrinkage intensity lambda.var (variance vector): 0.8509 

Estimating optimal shrinkage intensity lambda (correlation matrix): 0.3991 

[1] "Round 52"
Estimating optimal shrinkage intensity lambda.var (variance vector): 0.8376 

Estimating optimal shrinkage intensity lambda (correlation matrix): 0.4398 

Estimating optimal shrinkage intensity lambda.var (variance vector): 0.888 

Estimating optimal shrinkage intensity lambda (correlation matrix): 0.3593 

[1] "Round 54"
Estimating optimal shrinkage intensity lambda.var (variance vector): 0.8655 

Estimating optimal shrinkage intensity lambda (correlation matrix): 0.3701 

Estimating optimal shrinkage intensity lambda.var (variance vector): 0.7828 

Estimating optimal shrinkage intensity lambda (correlation matrix): 0.2852 

[1] "Round 56"
Estimating optimal shrinkage intensity lambda.var (variance vector): 0.8795 

Estimating optimal shrinkage intensity lambda (correlation matrix): 0.4392 

Estimating optimal shrinkage intensity lambda.var (variance vector): 0.9438 

Estimating optimal shrinkage intensity lambda (correlation matrix): 0.3705 

[1] "Round 58"
Estimating optimal shrinkage intensity lambda.var (variance vector): 0.8047 

Estimating optimal shrinkage intensity lambda (correlation matrix): 0.3639 

Estimating optimal shrinkage intensity lambda.var (variance vector): 0.9204 

Estimating optimal shrinkage intensity lambda (correlation matrix): 0.3437 

[1] "Round 60"
Estimating optimal shrinkage intensity lambda.var (variance vector): 0.7506 

Estimating optimal shrinkage intensity lambda (correlation matrix): 0.4122 

Estimating optimal shrinkage intensity lambda.var (variance vector): 0.8899 

Estimating optimal shrinkage intensity lambda (correlation matrix): 0.3293 

[1] "Round 62"
Estimating optimal shrinkage intensity lambda.var (variance vector): 0.9208 

Estimating optimal shrinkage intensity lambda (correlation matrix): 0.271 

Estimating optimal shrinkage intensity lambda.var (variance vector): 0.928 

Estimating optimal shrinkage intensity lambda (correlation matrix): 0.318 

[1] "Round 64"
Estimating optimal shrinkage intensity lambda.var (variance vector): 0.8988 

Estimating optimal shrinkage intensity lambda (correlation matrix): 0.3528 

Estimating optimal shrinkage intensity lambda.var (variance vector): 0.9074 

Estimating optimal shrinkage intensity lambda (correlation matrix): 0.325 

[1] "Round 66"
Estimating optimal shrinkage intensity lambda.var (variance vector): 0.8532 

Estimating optimal shrinkage intensity lambda (correlation matrix): 0.3465 

Estimating optimal shrinkage intensity lambda.var (variance vector): 0.9206 

Estimating optimal shrinkage intensity lambda (correlation matrix): 0.3612 

[1] "Round 68"
Estimating optimal shrinkage intensity lambda.var (variance vector): 0.7425 

Estimating optimal shrinkage intensity lambda (correlation matrix): 0.3346 

Estimating optimal shrinkage intensity lambda.var (variance vector): 0.8334 

Estimating optimal shrinkage intensity lambda (correlation matrix): 0.3254 

[1] "Round 70"
Estimating optimal shrinkage intensity lambda.var (variance vector): 0.8461 

Estimating optimal shrinkage intensity lambda (correlation matrix): 0.3606 

Estimating optimal shrinkage intensity lambda.var (variance vector): 0.8854 

Estimating optimal shrinkage intensity lambda (correlation matrix): 0.3939 

[1] "Round 72"
Estimating optimal shrinkage intensity lambda.var (variance vector): 0.8282 

Estimating optimal shrinkage intensity lambda (correlation matrix): 0.3289 

Estimating optimal shrinkage intensity lambda.var (variance vector): 0.9386 

Estimating optimal shrinkage intensity lambda (correlation matrix): 0.3358 

[1] "Round 74"
Estimating optimal shrinkage intensity lambda.var (variance vector): 0.8585 

Estimating optimal shrinkage intensity lambda (correlation matrix): 0.3028 

Estimating optimal shrinkage intensity lambda.var (variance vector): 0.7932 

Estimating optimal shrinkage intensity lambda (correlation matrix): 0.3808 

[1] "Round 76"
Estimating optimal shrinkage intensity lambda.var (variance vector): 1 

Estimating optimal shrinkage intensity lambda (correlation matrix): 0.3778 

Estimating optimal shrinkage intensity lambda.var (variance vector): 0.9233 

Estimating optimal shrinkage intensity lambda (correlation matrix): 0.3404 

[1] "Round 78"
Estimating optimal shrinkage intensity lambda.var (variance vector): 0.8818 

Estimating optimal shrinkage intensity lambda (correlation matrix): 0.3369 

Estimating optimal shrinkage intensity lambda.var (variance vector): 0.8816 

Estimating optimal shrinkage intensity lambda (correlation matrix): 0.2807 

[1] "Round 80"
Estimating optimal shrinkage intensity lambda.var (variance vector): 0.9223 

Estimating optimal shrinkage intensity lambda (correlation matrix): 0.3395 

Estimating optimal shrinkage intensity lambda.var (variance vector): 0.7856 

Estimating optimal shrinkage intensity lambda (correlation matrix): 0.4072 

[1] "Round 82"
Estimating optimal shrinkage intensity lambda.var (variance vector): 0.8463 

Estimating optimal shrinkage intensity lambda (correlation matrix): 0.3753 

Estimating optimal shrinkage intensity lambda.var (variance vector): 0.8554 

Estimating optimal shrinkage intensity lambda (correlation matrix): 0.2757 

[1] "Round 84"
Estimating optimal shrinkage intensity lambda.var (variance vector): 0.7444 

Estimating optimal shrinkage intensity lambda (correlation matrix): 0.3444 

Estimating optimal shrinkage intensity lambda.var (variance vector): 0.8299 

Estimating optimal shrinkage intensity lambda (correlation matrix): 0.3398 

[1] "Round 86"
Estimating optimal shrinkage intensity lambda.var (variance vector): 0.9082 

Estimating optimal shrinkage intensity lambda (correlation matrix): 0.3077 

Estimating optimal shrinkage intensity lambda.var (variance vector): 0.8659 

Estimating optimal shrinkage intensity lambda (correlation matrix): 0.3789 

[1] "Round 88"
Estimating optimal shrinkage intensity lambda.var (variance vector): 0.8661 

Estimating optimal shrinkage intensity lambda (correlation matrix): 0.292 

Estimating optimal shrinkage intensity lambda.var (variance vector): 0.8232 

Estimating optimal shrinkage intensity lambda (correlation matrix): 0.3368 

[1] "Round 90"
Estimating optimal shrinkage intensity lambda.var (variance vector): 0.8677 

Estimating optimal shrinkage intensity lambda (correlation matrix): 0.288 

Estimating optimal shrinkage intensity lambda.var (variance vector): 0.8458 

Estimating optimal shrinkage intensity lambda (correlation matrix): 0.3536 

[1] "Round 92"
Estimating optimal shrinkage intensity lambda.var (variance vector): 0.8278 

Estimating optimal shrinkage intensity lambda (correlation matrix): 0.3808 

Estimating optimal shrinkage intensity lambda.var (variance vector): 0.9001 

Estimating optimal shrinkage intensity lambda (correlation matrix): 0.311 

[1] "Round 94"
Estimating optimal shrinkage intensity lambda.var (variance vector): 0.904 

Estimating optimal shrinkage intensity lambda (correlation matrix): 0.3505 

Estimating optimal shrinkage intensity lambda.var (variance vector): 0.7998 

Estimating optimal shrinkage intensity lambda (correlation matrix): 0.2739 

[1] "Round 96"
Estimating optimal shrinkage intensity lambda.var (variance vector): 0.8084 

Estimating optimal shrinkage intensity lambda (correlation matrix): 0.3816 

Estimating optimal shrinkage intensity lambda.var (variance vector): 0.8995 

Estimating optimal shrinkage intensity lambda (correlation matrix): 0.3575 

[1] "Round 98"
Estimating optimal shrinkage intensity lambda.var (variance vector): 0.8396 

Estimating optimal shrinkage intensity lambda (correlation matrix): 0.3112 

Estimating optimal shrinkage intensity lambda.var (variance vector): 0.8753 

Estimating optimal shrinkage intensity lambda (correlation matrix): 0.2666 

[1] "Round 100"
Estimating optimal shrinkage intensity lambda.var (variance vector): 0.9267 

Estimating optimal shrinkage intensity lambda (correlation matrix): 0.3149 

[1] "data/Debi+lognormal_n250_p400_tau0.5_rho0.5_sigma0.5_Nsim100"
                        lambda         SE        PE       linf          FPR
bootstrap_mean     0.092847917 3.00997170 1.2355382 0.61726418 0.0415482234
bootstrap_mean_std 0.001756787 0.04664966 0.0154959 0.01014431 0.0008199767
                           FNR         TPR     sum_beta
bootstrap_mean     0.048333333 0.951666667 1.410818e-19
bootstrap_mean_std 0.008306354 0.008306354 4.609310e-19
Time difference of 5.49633 mins
Error: unexpected end of input
Execution halted
